Component: ARM Compiler 5.06 update 1 (build 61) Tool: armlink [4d35a8]

==============================================================================

Section Cross References

    main.o(i.assert_nrf_callback) refers to app_error.o(i.app_error_handler) for app_error_handler
    main.o(i.ble_evt_dispatch) refers to device_manager_peripheral.o(i.dm_ble_evt_handler) for dm_ble_evt_handler
    main.o(i.ble_evt_dispatch) refers to main.o(i.on_ble_evt) for on_ble_evt
    main.o(i.ble_evt_dispatch) refers to ble_advertising.o(i.ble_advertising_on_ble_evt) for ble_advertising_on_ble_evt
    main.o(i.ble_stack_init) refers to softdevice_handler.o(i.softdevice_handler_init) for softdevice_handler_init
    main.o(i.ble_stack_init) refers to app_error.o(i.app_error_handler_bare) for app_error_handler_bare
    main.o(i.ble_stack_init) refers to softdevice_handler.o(i.softdevice_enable_get_default_config) for softdevice_enable_get_default_config
    main.o(i.ble_stack_init) refers to softdevice_handler.o(i.sd_check_ram_start) for sd_check_ram_start
    main.o(i.ble_stack_init) refers to softdevice_handler.o(i.softdevice_enable) for softdevice_enable
    main.o(i.ble_stack_init) refers to softdevice_handler.o(i.softdevice_ble_evt_handler_set) for softdevice_ble_evt_handler_set
    main.o(i.ble_stack_init) refers to softdevice_handler.o(i.softdevice_sys_evt_handler_set) for softdevice_sys_evt_handler_set
    main.o(i.ble_stack_init) refers to main.o(.bss) for .bss
    main.o(i.ble_stack_init) refers to main.o(i.ble_evt_dispatch) for ble_evt_dispatch
    main.o(i.ble_stack_init) refers to main.o(i.sys_evt_dispatch) for sys_evt_dispatch
    main.o(i.buffers_init) refers to malloc.o(i.malloc) for malloc
    main.o(i.buffers_init) refers to printfa.o(i.__0printf) for __2printf
    main.o(i.buffers_init) refers to memseta.o(.text) for __aeabi_memclr
    main.o(i.buffers_init) refers to main.o(.data) for .data
    main.o(i.compress) refers to heatshrink_encoder.o(i.heatshrink_encoder_reset) for heatshrink_encoder_reset
    main.o(i.compress) refers to heatshrink_encoder.o(i.heatshrink_encoder_sink) for heatshrink_encoder_sink
    main.o(i.compress) refers to heatshrink_encoder.o(i.heatshrink_encoder_finish) for heatshrink_encoder_finish
    main.o(i.compress) refers to heatshrink_encoder.o(i.heatshrink_encoder_poll) for heatshrink_encoder_poll
    main.o(i.compress) refers to printfa.o(i.__0printf) for __2printf
    main.o(i.compress) refers to main.o(.bss) for .bss
    main.o(i.compress) refers to main.o(.data) for .data
    main.o(i.compress_task) refers to main.o(i.compress) for compress
    main.o(i.compress_task) refers to main.o(i.data_send) for data_send
    main.o(i.compress_task) refers to main.o(.data) for .data
    main.o(i.data_send) refers to main.o(i.ble_multi_data_send) for ble_multi_data_send
    main.o(i.data_send) refers to main.o(.data) for .data
    main.o(i.data_send) refers to main.o(.bss) for .bss
    main.o(i.device_manager_evt_handler) refers to main.o(.data) for .data
    main.o(i.device_manager_init) refers to pstorage.o(i.pstorage_init) for pstorage_init
    main.o(i.device_manager_init) refers to app_error.o(i.app_error_handler_bare) for app_error_handler_bare
    main.o(i.device_manager_init) refers to device_manager_peripheral.o(i.dm_init) for dm_init
    main.o(i.device_manager_init) refers to device_manager_peripheral.o(i.dm_register) for dm_register
    main.o(i.device_manager_init) refers to main.o(i.device_manager_evt_handler) for device_manager_evt_handler
    main.o(i.device_manager_init) refers to main.o(.data) for .data
    main.o(i.intan_setup) refers to memmovea.o(.text) for __aeabi_memcpy4
    main.o(i.intan_setup) refers to main.o(i.switch_state) for switch_state
    main.o(i.intan_setup) refers to nrf_delay.o(i.nrf_delay_ms) for nrf_delay_ms
    main.o(i.intan_setup) refers to main.o(.constdata) for .constdata
    main.o(i.intan_setup) refers to main.o(.data) for .data
    main.o(i.main) refers to app_uart_fifo.o(i.app_uart_init) for app_uart_init
    main.o(i.main) refers to app_error.o(i.app_error_handler_bare) for app_error_handler_bare
    main.o(i.main) refers to printfa.o(i.__0printf) for __2printf
    main.o(i.main) refers to main.o(i.ble_stack_init) for ble_stack_init
    main.o(i.main) refers to main.o(i.device_manager_init) for device_manager_init
    main.o(i.main) refers to memseta.o(.text) for __aeabi_memclr4
    main.o(i.main) refers to ble_advertising.o(i.ble_advertising_init) for ble_advertising_init
    main.o(i.main) refers to main.o(i.services_init) for services_init
    main.o(i.main) refers to main.o(i.intan_setup) for intan_setup
    main.o(i.main) refers to app_uart_fifo.o(i.app_uart_put) for app_uart_put
    main.o(i.main) refers to main.o(i.buffers_init) for buffers_init
    main.o(i.main) refers to tasks.o(i.xTaskGenericCreate) for xTaskGenericCreate
    main.o(i.main) refers to timers.o(i.xTimerCreate) for xTimerCreate
[...]
    state_erase_data_page_entry_run          0x0001ffb5   Thumb Code    12  pstorage.o(i.state_erase_data_page_entry_run)
    i.state_restore_head_entry_run           0x0001ffc4   Section        0  pstorage.o(i.state_restore_head_entry_run)
    state_restore_head_entry_run             0x0001ffc5   Thumb Code    36  pstorage.o(i.state_restore_head_entry_run)
    i.state_restore_tail_entry_run           0x0001ffec   Section        0  pstorage.o(i.state_restore_tail_entry_run)
    state_restore_tail_entry_run             0x0001ffed   Thumb Code    66  pstorage.o(i.state_restore_tail_entry_run)
    i.state_swap_erase_entry_run             0x00020038   Section        0  pstorage.o(i.state_swap_erase_entry_run)
    state_swap_erase_entry_run               0x00020039   Thumb Code    32  pstorage.o(i.state_swap_erase_entry_run)
    i.state_write_data_swap_entry_run        0x00020058   Section        0  pstorage.o(i.state_write_data_swap_entry_run)
    state_write_data_swap_entry_run          0x00020059   Thumb Code    42  pstorage.o(i.state_write_data_swap_entry_run)
    i.storage_operation_dummy_handler        0x00020088   Section        0  device_manager_peripheral.o(i.storage_operation_dummy_handler)
    storage_operation_dummy_handler          0x00020089   Thumb Code     4  device_manager_peripheral.o(i.storage_operation_dummy_handler)
    i.store_cmd_flash_write_execute          0x0002008c   Section        0  pstorage.o(i.store_cmd_flash_write_execute)
    store_cmd_flash_write_execute            0x0002008d   Thumb Code    82  pstorage.o(i.store_cmd_flash_write_execute)
    i.swap_erase_state_run                   0x000200e8   Section        0  pstorage.o(i.swap_erase_state_run)
    swap_erase_state_run                     0x000200e9   Thumb Code    24  pstorage.o(i.swap_erase_state_run)
    i.swap_sub_state_err_busy_process        0x00020104   Section        0  pstorage.o(i.swap_sub_state_err_busy_process)
    swap_sub_state_err_busy_process          0x00020105   Thumb Code    20  pstorage.o(i.swap_sub_state_err_busy_process)
    i.swap_sub_state_state_change            0x0002011c   Section        0  pstorage.o(i.swap_sub_state_state_change)
    swap_sub_state_state_change              0x0002011d   Thumb Code    12  pstorage.o(i.swap_sub_state_state_change)
    i.switch_state                           0x00020130   Section        0  main.o(i.switch_state)
    switch_state                             0x00020131   Thumb Code    72  main.o(i.switch_state)
    i.sys_evt_dispatch                       0x00020184   Section        0  main.o(i.sys_evt_dispatch)
    sys_evt_dispatch                         0x00020185   Thumb Code    16  main.o(i.sys_evt_dispatch)
    i.tail_restore_state_run                 0x00020194   Section        0  pstorage.o(i.tail_restore_state_run)
    tail_restore_state_run                   0x00020195   Thumb Code    22  pstorage.o(i.tail_restore_state_run)
    i.transfer_byte                          0x000201b0   Section        0  nrf_drv_spi.o(i.transfer_byte)
    transfer_byte                            0x000201b1   Thumb Code    80  nrf_drv_spi.o(i.transfer_byte)
    i.tx_byte                                0x00020200   Section        0  nrf_drv_uart.o(i.tx_byte)
    tx_byte                                  0x00020201   Thumb Code    30  nrf_drv_uart.o(i.tx_byte)
    i.tx_done_event                          0x0002022c   Section        0  nrf_drv_uart.o(i.tx_done_event)
    tx_done_event                            0x0002022d   Thumb Code    26  nrf_drv_uart.o(i.tx_done_event)
    i.uart_event_handle                      0x0002024c   Section        0  main.o(i.uart_event_handle)
    i.uart_event_handler                     0x00020280   Section        0  app_uart_fifo.o(i.uart_event_handler)
    uart_event_handler                       0x00020281   Thumb Code   166  app_uart_fifo.o(i.uart_event_handler)
    i.uart_irq_handler                       0x00020330   Section        0  nrf_drv_uart.o(i.uart_irq_handler)
    uart_irq_handler                         0x00020331   Thumb Code   278  nrf_drv_uart.o(i.uart_irq_handler)
    i.uint16_encode                          0x00020458   Section        0  ble_advdata.o(i.uint16_encode)
    uint16_encode                            0x00020459   Thumb Code    10  ble_advdata.o(i.uint16_encode)
    i.ulPortDisableISR                       0x00020464   Section        0  queue.o(i.ulPortDisableISR)
    ulPortDisableISR                         0x00020465   Thumb Code   126  queue.o(i.ulPortDisableISR)
    i.update_status_bit_reset                0x000204ec   Section        0  device_manager_peripheral.o(i.update_status_bit_reset)
    update_status_bit_reset                  0x000204ed   Thumb Code    14  device_manager_peripheral.o(i.update_status_bit_reset)
    i.uuid_list_encode                       0x00020500   Section        0  ble_advdata.o(i.uuid_list_encode)
    uuid_list_encode                         0x00020501   Thumb Code    48  ble_advdata.o(i.uuid_list_encode)
    i.uuid_list_sized_encode                 0x00020530   Section        0  ble_advdata.o(i.uuid_list_sized_encode)
    uuid_list_sized_encode                   0x00020531   Thumb Code   174  ble_advdata.o(i.uuid_list_sized_encode)
    i.uxListRemove                           0x000205de   Section        0  list.o(i.uxListRemove)
    i.vListInitialise                        0x00020602   Section        0  list.o(i.vListInitialise)
    i.vListInitialiseItem                    0x00020618   Section        0  list.o(i.vListInitialiseItem)
    i.vListInsert                            0x0002061e   Section        0  list.o(i.vListInsert)
    i.vListInsertEnd                         0x0002064e   Section        0  list.o(i.vListInsertEnd)
    i.vPortDisableISR                        0x00020666   Section        0  port_cmsis.o(i.vPortDisableISR)
    vPortDisableISR                          0x00020667   Thumb Code    50  port_cmsis.o(i.vPortDisableISR)
    i.vPortDisableISR                        0x00020698   Section        0  tasks.o(i.vPortDisableISR)
    vPortDisableISR                          0x00020699   Thumb Code    50  tasks.o(i.vPortDisableISR)
    i.vPortEnableISR                         0x000206ca   Section        0  port_cmsis_systick.o(i.vPortEnableISR)
    vPortEnableISR                           0x000206cb   Thumb Code    26  port_cmsis_systick.o(i.vPortEnableISR)
    i.vPortEnterCritical                     0x000206e4   Section        0  port_cmsis.o(i.vPortEnterCritical)
    i.vPortExitCritical                      0x000206f8   Section        0  port_cmsis.o(i.vPortExitCritical)
    i.vPortFree                              0x00020740   Section        0  heap_1.o(i.vPortFree)
    i.vPortRestoreISR                        0x00020742   Section        0  queue.o(i.vPortRestoreISR)
    vPortRestoreISR                          0x00020743   Thumb Code    32  queue.o(i.vPortRestoreISR)
    i.vPortSafeTaskSwitchContext             0x00020762   Section        0  port_cmsis.o(i.vPortSafeTaskSwitchContext)
    i.vPortSetupTimerInterrupt               0x000207d0   Section        0  port_cmsis_systick.o(i.vPortSetupTimerInterrupt)
    i.vPortSuppressTicksAndSleep             0x0002081c   Section        0  port_cmsis_systick.o(i.vPortSuppressTicksAndSleep)
    i.vPortTaskYield                         0x000208b0   Section        0  port_cmsis.o(i.vPortTaskYield)
    i.vQueueAddToRegistry                    0x000208dc   Section        0  queue.o(i.vQueueAddToRegistry)
    i.vQueueWaitForMessageRestricted         0x00020900   Section        0  queue.o(i.vQueueWaitForMessageRestricted)
    i.vTaskMissedYield                       0x00020938   Section        0  tasks.o(i.vTaskMissedYield)
    i.vTaskPlaceOnEventList                  0x00020944   Section        0  tasks.o(i.vTaskPlaceOnEventList)
    i.vTaskPlaceOnEventListRestricted        0x00020990   Section        0  tasks.o(i.vTaskPlaceOnEventListRestricted)
    i.vTaskPriorityInherit                   0x000209c8   Section        0  tasks.o(i.vTaskPriorityInherit)
    i.vTaskSetTimeOutState                   0x00020a48   Section        0  tasks.o(i.vTaskSetTimeOutState)
    i.vTaskStartScheduler                    0x00020a58   Section        0  tasks.o(i.vTaskStartScheduler)
    i.vTaskStepTick                          0x00020aa4   Section        0  tasks.o(i.vTaskStepTick)
    i.vTaskSuspendAll                        0x00020ab4   Section        0  tasks.o(i.vTaskSuspendAll)
    i.vTaskSwitchContext                     0x00020ac4   Section        0  tasks.o(i.vTaskSwitchContext)
    i.whitelist_has_entries                  0x00020b30   Section        0  ble_advertising.o(i.whitelist_has_entries)
    whitelist_has_entries                    0x00020b31   Thumb Code    16  ble_advertising.o(i.whitelist_has_entries)
    i.xPortStartScheduler                    0x00020b40   Section        0  port_cmsis.o(i.xPortStartScheduler)
    i.xQueueGenericCreate                    0x00020b78   Section        0  queue.o(i.xQueueGenericCreate)
    i.xQueueGenericReceive                   0x00020bb6   Section        0  queue.o(i.xQueueGenericReceive)
    i.xQueueGenericReset                     0x00020cc6   Section        0  queue.o(i.xQueueGenericReset)
    i.xQueueGenericSend                      0x00020d28   Section        0  queue.o(i.xQueueGenericSend)
    i.xQueueGenericSendFromISR               0x00020e06   Section        0  queue.o(i.xQueueGenericSendFromISR)
    i.xTaskCheckForTimeOut                   0x00020e68   Section        0  tasks.o(i.xTaskCheckForTimeOut)
    i.xTaskGenericCreate                     0x00020eb0   Section        0  tasks.o(i.xTaskGenericCreate)
    i.xTaskGetSchedulerState                 0x00021010   Section        0  tasks.o(i.xTaskGetSchedulerState)
    i.xTaskGetTickCount                      0x00021030   Section        0  tasks.o(i.xTaskGetTickCount)
    i.xTaskGetTickCountFromISR               0x0002103c   Section        0  tasks.o(i.xTaskGetTickCountFromISR)
    i.xTaskIncrementTick                     0x00021048   Section        0  tasks.o(i.xTaskIncrementTick)
    i.xTaskPriorityDisinherit                0x000210ec   Section        0  tasks.o(i.xTaskPriorityDisinherit)
    i.xTaskRemoveFromEventList               0x0002115c   Section        0  tasks.o(i.xTaskRemoveFromEventList)
    i.xTaskResumeAll                         0x000211c0   Section        0  tasks.o(i.xTaskResumeAll)
    i.xTimerCreate                           0x00021260   Section        0  timers.o(i.xTimerCreate)
    i.xTimerCreateTimerTask                  0x00021298   Section        0  timers.o(i.xTimerCreateTimerTask)
    i.xTimerGenericCommand                   0x000212dc   Section        0  timers.o(i.xTimerGenericCommand)
    .constdata                               0x00021328   Section      156  main.o(.constdata)
    m_spi_master_0                           0x00021328   Data           8  main.o(.constdata)
    .constdata                               0x000213c4   Section       48  device_manager_peripheral.o(.constdata)
    .constdata                               0x000213f4   Section       32  nrf_drv_uart.o(.constdata)
    m_default_config                         0x000213f4   Data          32  nrf_drv_uart.o(.constdata)
    .constdata                               0x00021414   Section       40  pstorage.o(.constdata)
    swap_sub_state_sm_lut                    0x00021414   Data          20  pstorage.o(.constdata)
    swap_sub_state_sm_lut                    0x00021428   Data          20  pstorage.o(.constdata)
    .constdata                               0x0002143c   Section       16  nrf_drv_spi.o(.constdata)
    m_default_config                         0x0002143c   Data          16  nrf_drv_spi.o(.constdata)
    .constdata                               0x0002144c   Section       32  app_uart_fifo.o(.constdata)
    .constdata                               0x0002146c   Section        4  port_cmsis.o(.constdata)
    <Data1>                                  0x0002146c   Data           4  port_cmsis.o(.constdata)
    .data                                    0x20001f00   Section      149  main.o(.data)
    clear_to_send                            0x20001f00   Data           1  main.o(.data)
    connected                                0x20001f01   Data           1  main.o(.data)
    rtos_running                             0x20001f02   Data           1  main.o(.data)
    ble_initialized                          0x20001f03   Data           1  main.o(.data)
    first_tx_successful                      0x20001f04   Data           1  main.o(.data)
    last_tx_buf                              0x20001f05   Data           1  main.o(.data)
    m_intan_function                         0x20001f06   Data           1  main.o(.data)
    m_transfer_completed                     0x20001f07   Data           1  main.o(.data)
    tx_in_progress                           0x20001f08   Data           1  main.o(.data)
    active_buffer                            0x20001f09   Data           1  main.o(.data)
    comp_index                               0x20001f0a   Data           1  main.o(.data)
    tx_index                                 0x20001f0b   Data           1  main.o(.data)
    multilink_peripheral_data                0x20001f0c   Data           1  main.o(.data)
    index                                    0x20001f0d   Data           1  main.o(.data)
    m_base_uuid_type                         0x20001f0e   Data           1  main.o(.data)
    m_app_handle                             0x20001f0f   Data           1  main.o(.data)
    m_conn_handle                            0x20001f10   Data           2  main.o(.data)
    ab_capacity                              0x20001f12   Data           2  main.o(.data)
    m_tx_data_spi                            0x20001f14   Data           2  main.o(.data)
    m_rx_data_spi                            0x20001f16   Data           2  main.o(.data)
    comp_buffers_ready                       0x20001f18   Data           2  main.o(.data)
    intan_convert_channel                    0x20001f44   Data           4  main.o(.data)
    curr_tx_size                             0x20001f48   Data           4  main.o(.data)
    m_char_handles                           0x20001f4c   Data           8  main.o(.data)
    transmission_buffers                     0x20001f54   Data           8  main.o(.data)
    data_buffers                             0x20001f5c   Data           8  main.o(.data)
    tx_buffers_pending                       0x20001f64   Data           8  main.o(.data)
    buf_delimiter                            0x20001f6c   Data          20  main.o(.data)
    multilink_peripheral_ud                  0x20001f80   Data          21  main.o(.data)
    .data                                    0x20001f98   Section       31  ble_advertising.o(.data)
    m_advertising_start_pending              0x20001f98   Data           1  ble_advertising.o(.data)
    m_whitelist_temporarily_disabled         0x20001f99   Data           1  ble_advertising.o(.data)
    m_whitelist_reply_expected               0x20001f9a   Data           1  ble_advertising.o(.data)
    m_peer_addr_reply_expected               0x20001f9b   Data           1  ble_advertising.o(.data)
    m_adv_evt                                0x20001f9c   Data           1  ble_advertising.o(.data)
    m_adv_mode_current                       0x20001f9d   Data           1  ble_advertising.o(.data)
    m_tx_power_level                         0x20001f9e   Data           1  ble_advertising.o(.data)
    current_slave_link_conn_handle           0x20001fa0   Data           2  ble_advertising.o(.data)
    m_evt_handler                            0x20001fa4   Data           4  ble_advertising.o(.data)
    m_error_handler                          0x20001fa8   Data           4  ble_advertising.o(.data)
    m_slave_conn_int                         0x20001fac   Data           4  ble_advertising.o(.data)
    m_peer_address                           0x20001fb0   Data           7  ble_advertising.o(.data)
    .data                                    0x20001fb8   Section       16  device_manager_peripheral.o(.data)
    m_module_initialized                     0x20001fb8   Data           1  device_manager_peripheral.o(.data)
    m_irk_index_table                        0x20001fb9   Data           2  device_manager_peripheral.o(.data)
    m_peer_addr_update                       0x20001fbc   Data           4  device_manager_peripheral.o(.data)
    m_storage_handle                         0x20001fc0   Data           8  device_manager_peripheral.o(.data)
    .data                                    0x20001fc8   Section       36  pstorage.o(.data)
    m_state                                  0x20001fc8   Data           1  pstorage.o(.data)
    m_swap_sub_state                         0x20001fc9   Data           1  pstorage.o(.data)
    m_next_app_instance                      0x20001fca   Data           2  pstorage.o(.data)
    m_flags                                  0x20001fcc   Data           4  pstorage.o(.data)
    m_next_page_addr                         0x20001fd0   Data           4  pstorage.o(.data)
    m_head_word_size                         0x20001fd4   Data           4  pstorage.o(.data)
    m_tail_word_size                         0x20001fd8   Data           4  pstorage.o(.data)
    m_current_page_id                        0x20001fdc   Data           4  pstorage.o(.data)
    m_num_of_command_retries                 0x20001fe0   Data           4  pstorage.o(.data)
    m_num_of_bytes_written                   0x20001fe4   Data           4  pstorage.o(.data)
    m_app_data_size                          0x20001fe8   Data           4  pstorage.o(.data)
    .data                                    0x20001fec   Section        8  app_uart_fifo.o(.data)
    tx_buffer                                0x20001fec   Data           1  app_uart_fifo.o(.data)
    tx_tmp                                   0x20001fed   Data           1  app_uart_fifo.o(.data)
    rx_buffer                                0x20001fee   Data           1  app_uart_fifo.o(.data)
    m_event_handler                          0x20001ff0   Data           4  app_uart_fifo.o(.data)
    .data                                    0x20001ff4   Section        4  retarget.o(.data)
    .data                                    0x20001ff8   Section       20  softdevice_handler.o(.data)
    m_softdevice_enabled                     0x20001ff8   Data           1  softdevice_handler.o(.data)
    m_ble_evt_buffer_size                    0x20001ffa   Data           2  softdevice_handler.o(.data)
    m_evt_schedule_func                      0x20001ffc   Data           4  softdevice_handler.o(.data)
    mp_ble_evt_buffer                        0x20002000   Data           4  softdevice_handler.o(.data)
    m_ble_evt_handler                        0x20002004   Data           4  softdevice_handler.o(.data)
    m_sys_evt_handler                        0x20002008   Data           4  softdevice_handler.o(.data)
    .data                                    0x2000200c   Section       20  timers.o(.data)
    xTimerQueue                              0x2000200c   Data           4  timers.o(.data)
    xTimerTaskHandle                         0x20002010   Data           4  timers.o(.data)
    xLastTime                                0x20002014   Data           4  timers.o(.data)
    pxCurrentTimerList                       0x20002018   Data           4  timers.o(.data)
    pxOverflowTimerList                      0x2000201c   Data           4  timers.o(.data)
    .data                                    0x20002020   Section        8  heap_1.o(.data)
    xNextFreeByte                            0x20002020   Data           4  heap_1.o(.data)
    pucAlignedHeap                           0x20002024   Data           4  heap_1.o(.data)
    .data                                    0x20002028   Section        8  port_cmsis.o(.data)
    uxCriticalNesting                        0x20002028   Data           4  port_cmsis.o(.data)
    uxYieldFlag                              0x2000202c   Data           4  port_cmsis.o(.data)
    .data                                    0x20002030   Section       60  tasks.o(.data)
    uxTasksDeleted                           0x20002034   Data           4  tasks.o(.data)
    xIdleTaskHandle                          0x20002038   Data           4  tasks.o(.data)
    uxCurrentNumberOfTasks                   0x2000203c   Data           4  tasks.o(.data)
    xTickCount                               0x20002040   Data           4  tasks.o(.data)
    uxTopReadyPriority                       0x20002044   Data           4  tasks.o(.data)
    xSchedulerRunning                        0x20002048   Data           4  tasks.o(.data)
    uxPendedTicks                            0x2000204c   Data           4  tasks.o(.data)
    xYieldPending                            0x20002050   Data           4  tasks.o(.data)
    xNumOfOverflows                          0x20002054   Data           4  tasks.o(.data)
    uxTaskNumber                             0x20002058   Data           4  tasks.o(.data)
    xNextTaskUnblockTime                     0x2000205c   Data           4  tasks.o(.data)
    uxSchedulerSuspended                     0x20002060   Data           4  tasks.o(.data)
    pxDelayedTaskList                        0x20002064   Data           4  tasks.o(.data)
    pxOverflowDelayedTaskList                0x20002068   Data           4  tasks.o(.data)
    .data                                    0x2000206c   Section        4  system_nrf51.o(.data)
    __tagsym$$used                           0x2000206c   Number         0  system_nrf51.o(.data)
    .data                                    0x20002070   Section        4  mvars.o(.data)
    .data                                    0x20002074   Section        4  mvars.o(.data)
    .bss                                     0x20002078   Section     2178  main.o(.bss)
    zeroes_packet                            0x20002078   Data          20  main.o(.bss)
    data_array                               0x2000208c   Data          20  main.o(.bss)
    rx_buf                                   0x200020a0   Data         256  main.o(.bss)
    tx_buf                                   0x200021a0   Data         256  main.o(.bss)
    BLE_EVT_BUFFER                           0x200022a0   Data          72  main.o(.bss)
    hse                                      0x200022e8   Data        1554  main.o(.bss)
    .bss                                     0x200028fc   Section      259  ble_advertising.o(.bss)
    m_advdata                                0x200028fc   Data          56  ble_advertising.o(.bss)
    m_adv_modes_config                       0x20002934   Data          36  ble_advertising.o(.bss)
    m_whitelist                              0x20002958   Data          16  ble_advertising.o(.bss)
    mp_whitelist_addr                        0x20002968   Data          32  ble_advertising.o(.bss)
    mp_whitelist_irk                         0x20002988   Data          32  ble_advertising.o(.bss)
    m_manuf_specific_data                    0x200029a8   Data          12  ble_advertising.o(.bss)
    m_manuf_data_array                       0x200029b4   Data          31  ble_advertising.o(.bss)
    m_service_data                           0x200029d4   Data          12  ble_advertising.o(.bss)
    m_service_data_array                     0x200029e0   Data          31  ble_advertising.o(.bss)
    .bss                                     0x20002a00   Section      159  device_manager_peripheral.o(.bss)
    m_peer_table                             0x20002a00   Data          56  device_manager_peripheral.o(.bss)
    m_bond_table                             0x20002a38   Data          28  device_manager_peripheral.o(.bss)
    m_gatts_table                            0x20002a54   Data          28  device_manager_peripheral.o(.bss)
    m_connection_table                       0x20002a70   Data          12  device_manager_peripheral.o(.bss)
    m_application_table                      0x20002a7c   Data          12  device_manager_peripheral.o(.bss)
    m_local_id_info                          0x20002a88   Data          23  device_manager_peripheral.o(.bss)
    .bss                                     0x20002aa0   Section       72  nrf_drv_gpiote.o(.bss)
    m_cb                                     0x20002aa0   Data          72  nrf_drv_gpiote.o(.bss)
    .bss                                     0x20002ae8   Section       28  nrf_drv_uart.o(.bss)
    m_cb                                     0x20002ae8   Data          28  nrf_drv_uart.o(.bss)
    .bss                                     0x20002b04   Section      216  pstorage.o(.bss)
    m_cmd_queue                              0x20002b04   Data         204  pstorage.o(.bss)
    m_app_table                              0x20002bd0   Data          12  pstorage.o(.bss)
    .bss                                     0x20002bdc   Section       32  nrf_drv_spi.o(.bss)
    m_cb                                     0x20002bdc   Data          32  nrf_drv_spi.o(.bss)
    .bss                                     0x20002bfc   Section       12  nrf_drv_clock.o(.bss)
    m_clock_cb                               0x20002bfc   Data          12  nrf_drv_clock.o(.bss)
    .bss                                     0x20002c08   Section       32  app_uart_fifo.o(.bss)
    m_rx_fifo                                0x20002c08   Data          16  app_uart_fifo.o(.bss)
    m_tx_fifo                                0x20002c18   Data          16  app_uart_fifo.o(.bss)
    .bss                                     0x20002c28   Section       16  queue.o(.bss)
    .bss                                     0x20002c38   Section       40  timers.o(.bss)
    xActiveTimerList1                        0x20002c38   Data          20  timers.o(.bss)
    xActiveTimerList2                        0x20002c4c   Data          20  timers.o(.bss)
    .bss                                     0x20002c60   Section     4096  heap_1.o(.bss)
    ucHeap                                   0x20002c60   Data        4096  heap_1.o(.bss)
    .bss                                     0x20003c60   Section      160  tasks.o(.bss)
    pxReadyTasksLists                        0x20003c60   Data          60  tasks.o(.bss)
    xDelayedTaskList1                        0x20003c9c   Data          20  tasks.o(.bss)
    xDelayedTaskList2                        0x20003cb0   Data          20  tasks.o(.bss)
    xPendingReadyList                        0x20003cc4   Data          20  tasks.o(.bss)
    xTasksWaitingTermination                 0x20003cd8   Data          20  tasks.o(.bss)
    xSuspendedTaskList                       0x20003cec   Data          20  tasks.o(.bss)
    HEAP                                     0x20003d00   Section     2048  arm_startup_nrf51.o(HEAP)
    STACK                                    0x20004500   Section     2048  arm_startup_nrf51.o(STACK)

    Global Symbols

    Symbol Name                              Value     Ov Type        Size  Object(Section)

    BuildAttributes$$THM_ISAv3M$S$PE$A:L22$X:L11$S22$IEEE1$IW$USESV6$~STKCKD$USESV7$~SHL$OSPACE$ROPI$EBA8$MICROLIB$REQ8$PRES8$EABIv2 0x00000000   Number         0  anon$$obj.o ABSOLUTE
    __ARM_use_no_argv                        0x00000000   Number         0  main.o ABSOLUTE
    _printf_a                                0x00000000   Number         0  stubs.o ABSOLUTE
    _printf_c                                0x00000000   Number         0  stubs.o ABSOLUTE
    _printf_charcount                        0x00000000   Number         0  stubs.o ABSOLUTE
    _printf_d                                0x00000000   Number         0  stubs.o ABSOLUTE
    _printf_e                                0x00000000   Number         0  stubs.o ABSOLUTE
    _printf_f                                0x00000000   Number         0  stubs.o ABSOLUTE
    _printf_flags                            0x00000000   Number         0  stubs.o ABSOLUTE
    _printf_fp_dec                           0x00000000   Number         0  stubs.o ABSOLUTE
    _printf_fp_hex                           0x00000000   Number         0  stubs.o ABSOLUTE
    _printf_g                                0x00000000   Number         0  stubs.o ABSOLUTE
    _printf_i                                0x00000000   Number         0  stubs.o ABSOLUTE
    _printf_int_dec                          0x00000000   Number         0  stubs.o ABSOLUTE
    _printf_l                                0x00000000   Number         0  stubs.o ABSOLUTE
    _printf_lc                               0x00000000   Number         0  stubs.o ABSOLUTE
    _printf_ll                               0x00000000   Number         0  stubs.o ABSOLUTE
    _printf_lld                              0x00000000   Number         0  stubs.o ABSOLUTE
    _printf_lli                              0x00000000   Number         0  stubs.o ABSOLUTE
    _printf_llo                              0x00000000   Number         0  stubs.o ABSOLUTE
    _printf_llu                              0x00000000   Number         0  stubs.o ABSOLUTE
    _printf_llx                              0x00000000   Number         0  stubs.o ABSOLUTE
    _printf_longlong_dec                     0x00000000   Number         0  stubs.o ABSOLUTE
    _printf_longlong_hex                     0x00000000   Number         0  stubs.o ABSOLUTE
    _printf_longlong_oct                     0x00000000   Number         0  stubs.o ABSOLUTE
    _printf_ls                               0x00000000   Number         0  stubs.o ABSOLUTE
    _printf_mbtowc                           0x00000000   Number         0  stubs.o ABSOLUTE
    _printf_n                                0x00000000   Number         0  stubs.o ABSOLUTE
    _printf_o                                0x00000000   Number         0  stubs.o ABSOLUTE
    _printf_p                                0x00000000   Number         0  stubs.o ABSOLUTE
    _printf_percent                          0x00000000   Number         0  stubs.o ABSOLUTE
    _printf_pre_padding                      0x00000000   Number         0  stubs.o ABSOLUTE
    _printf_return_value                     0x00000000   Number         0  stubs.o ABSOLUTE
    _printf_s                                0x00000000   Number         0  stubs.o ABSOLUTE
    _printf_sizespec                         0x00000000   Number         0  stubs.o ABSOLUTE
    _printf_str                              0x00000000   Number         0  stubs.o ABSOLUTE
    _printf_truncate_signed                  0x00000000   Number         0  stubs.o ABSOLUTE
    _printf_truncate_unsigned                0x00000000   Number         0  stubs.o ABSOLUTE
    _printf_u                                0x00000000   Number         0  stubs.o ABSOLUTE
    _printf_wc                               0x00000000   Number         0  stubs.o ABSOLUTE
    _printf_wctomb                           0x00000000   Number         0  stubs.o ABSOLUTE
    _printf_widthprec                        0x00000000   Number         0  stubs.o ABSOLUTE
    _printf_x                                0x00000000   Number         0  stubs.o ABSOLUTE
    __cpp_initialize__aeabi_                  - Undefined Weak Reference
    __cxa_finalize                            - Undefined Weak Reference
    _clock_init                               - Undefined Weak Reference
    _microlib_exit                            - Undefined Weak Reference
    __Vectors_Size                           0x000000c0   Number         0  arm_startup_nrf51.o ABSOLUTE
    __Vectors                                0x0001b000   Data           4  arm_startup_nrf51.o(RESET)
    __Vectors_End                            0x0001b0c0   Data           0  arm_startup_nrf51.o(RESET)
    __main                                   0x0001b0c1   Thumb Code     0  entry.o(.ARM.Collect$$$$00000000)
    _main_stk                                0x0001b0c1   Thumb Code     0  entry2.o(.ARM.Collect$$$$00000001)
    _main_scatterload                        0x0001b0c5   Thumb Code     0  entry5.o(.ARM.Collect$$$$00000004)
    __main_after_scatterload                 0x0001b0c9   Thumb Code     0  entry5.o(.ARM.Collect$$$$00000004)
    _main_clock                              0x0001b0c9   Thumb Code     0  entry7b.o(.ARM.Collect$$$$00000008)
    _main_cpp_init                           0x0001b0c9   Thumb Code     0  entry8b.o(.ARM.Collect$$$$0000000A)
    _main_init                               0x0001b0c9   Thumb Code     0  entry9a.o(.ARM.Collect$$$$0000000B)
    __rt_final_cpp                           0x0001b0d1   Thumb Code     0  entry10a.o(.ARM.Collect$$$$0000000D)
    __rt_final_exit                          0x0001b0d1   Thumb Code     0  entry11a.o(.ARM.Collect$$$$0000000F)
    __asm___11_nrf_delay_c_532987f3__nrf_delay_us 0x0001b0d5   Thumb Code    30  nrf_delay.o(.emb_text)
    SVC_Handler                              0x0001b0f5   Thumb Code     0  port.o(.emb_text)
    vPortStartFirstTask                      0x0001b0f5   Thumb Code    36  port.o(.emb_text)
    PendSV_Handler                           0x0001b121   Thumb Code    60  port.o(.emb_text)
    Reset_Handler                            0x0001b161   Thumb Code    26  arm_startup_nrf51.o(.text)
    NMI_Handler                              0x0001b17b   Thumb Code     2  arm_startup_nrf51.o(.text)
    HardFault_Handler                        0x0001b17d   Thumb Code     2  arm_startup_nrf51.o(.text)
    SysTick_Handler                          0x0001b183   Thumb Code     2  arm_startup_nrf51.o(.text)
    ADC_IRQHandler                           0x0001b185   Thumb Code     0  arm_startup_nrf51.o(.text)
    CCM_AAR_IRQHandler                       0x0001b185   Thumb Code     0  arm_startup_nrf51.o(.text)
    ECB_IRQHandler                           0x0001b185   Thumb Code     0  arm_startup_nrf51.o(.text)
    LPCOMP_IRQHandler                        0x0001b185   Thumb Code     0  arm_startup_nrf51.o(.text)
    POWER_CLOCK_IRQHandler                   0x0001b185   Thumb Code     0  arm_startup_nrf51.o(.text)
    QDEC_IRQHandler                          0x0001b185   Thumb Code     0  arm_startup_nrf51.o(.text)
    RADIO_IRQHandler                         0x0001b185   Thumb Code     0  arm_startup_nrf51.o(.text)
    RNG_IRQHandler                           0x0001b185   Thumb Code     0  arm_startup_nrf51.o(.text)
    RTC0_IRQHandler                          0x0001b185   Thumb Code     0  arm_startup_nrf51.o(.text)
    SPI1_TWI1_IRQHandler                     0x0001b185   Thumb Code     0  arm_startup_nrf51.o(.text)
    SWI0_IRQHandler                          0x0001b185   Thumb Code     0  arm_startup_nrf51.o(.text)
    SWI1_IRQHandler                          0x0001b185   Thumb Code     0  arm_startup_nrf51.o(.text)
    SWI3_IRQHandler                          0x0001b185   Thumb Code     0  arm_startup_nrf51.o(.text)
    SWI4_IRQHandler                          0x0001b185   Thumb Code     0  arm_startup_nrf51.o(.text)
    SWI5_IRQHandler                          0x0001b185   Thumb Code     0  arm_startup_nrf51.o(.text)
    TEMP_IRQHandler                          0x0001b185   Thumb Code     0  arm_startup_nrf51.o(.text)
    TIMER0_IRQHandler                        0x0001b185   Thumb Code     0  arm_startup_nrf51.o(.text)
    TIMER1_IRQHandler                        0x0001b185   Thumb Code     0  arm_startup_nrf51.o(.text)
    TIMER2_IRQHandler                        0x0001b185   Thumb Code     0  arm_startup_nrf51.o(.text)
    WDT_IRQHandler                           0x0001b185   Thumb Code     0  arm_startup_nrf51.o(.text)
    __aeabi_uidiv                            0x0001b199   Thumb Code     0  uidiv.o(.text)
    __aeabi_uidivmod                         0x0001b199   Thumb Code    44  uidiv.o(.text)
    __aeabi_idiv                             0x0001b1c5   Thumb Code     0  idiv.o(.text)
    __aeabi_idivmod                          0x0001b1c5   Thumb Code    40  idiv.o(.text)
    ___aeabi_memcpy8$move                    0x0001b1ed   Thumb Code     0  memmovea.o(.text)
    __aeabi_memcpy                           0x0001b1ed   Thumb Code    64  memmovea.o(.text)
    __aeabi_memcpy4                          0x0001b1ed   Thumb Code     0  memmovea.o(.text)
    __aeabi_memmove                          0x0001b1ed   Thumb Code     0  memmovea.o(.text)
    __aeabi_memmove4                         0x0001b1ed   Thumb Code     0  memmovea.o(.text)
    __aeabi_memmove8                         0x0001b1ed   Thumb Code     0  memmovea.o(.text)
    __aeabi_memset                           0x0001b22d   Thumb Code    14  memseta.o(.text)
    __aeabi_memset4                          0x0001b22d   Thumb Code     0  memseta.o(.text)
    __aeabi_memset8                          0x0001b22d   Thumb Code     0  memseta.o(.text)
    __aeabi_memclr                           0x0001b23b   Thumb Code     4  memseta.o(.text)
    __aeabi_memclr4                          0x0001b23b   Thumb Code     0  memseta.o(.text)
    __aeabi_memclr8                          0x0001b23b   Thumb Code     0  memseta.o(.text)
    _memset$wrapper                          0x0001b23f   Thumb Code    18  memseta.o(.text)
    strlen                                   0x0001b251   Thumb Code    14  strlen.o(.text)
    memcmp                                   0x0001b25f   Thumb Code    26  memcmp.o(.text)
    __aeabi_uldivmod                         0x0001b279   Thumb Code    96  uldiv.o(.text)
    __I$use$fp                               0x0001b2d9   Thumb Code     0  iusefp.o(.text)
    __aeabi_dadd                             0x0001b2d9   Thumb Code   328  dadd.o(.text)
    __aeabi_dsub                             0x0001b421   Thumb Code    12  dadd.o(.text)
    __aeabi_drsub                            0x0001b42d   Thumb Code    12  dadd.o(.text)
    __aeabi_dmul                             0x0001b43d   Thumb Code   202  dmul.o(.text)
    __aeabi_ddiv                             0x0001b50d   Thumb Code   234  ddiv.o(.text)
    __aeabi_d2ulz                            0x0001b5fd   Thumb Code    54  dfixul.o(.text)
    __aeabi_cdrcmple                         0x0001b63d   Thumb Code    38  cdrcmple.o(.text)
    __scatterload                            0x0001b665   Thumb Code    28  init.o(.text)
    __scatterload_rt2                        0x0001b665   Thumb Code     0  init.o(.text)
    __aeabi_llsl                             0x0001b689   Thumb Code    32  llshl.o(.text)
    _ll_shift_l                              0x0001b689   Thumb Code     0  llshl.o(.text)
    __aeabi_llsr                             0x0001b6a9   Thumb Code    34  llushr.o(.text)
    _ll_ushift_r                             0x0001b6a9   Thumb Code     0  llushr.o(.text)
    __aeabi_lasr                             0x0001b6cb   Thumb Code    38  llsshr.o(.text)
    _ll_sshift_r                             0x0001b6cb   Thumb Code     0  llsshr.o(.text)
    _double_round                            0x0001b6f1   Thumb Code    26  depilogue.o(.text)
    _double_epilogue                         0x0001b70b   Thumb Code   164  depilogue.o(.text)
    __decompress                             0x0001b7af   Thumb Code     0  __dczerorl2.o(.text)
    __decompress1                            0x0001b7af   Thumb Code    86  __dczerorl2.o(.text)
    GPIOTE_IRQHandler                        0x0001b805   Thumb Code   234  nrf_drv_gpiote.o(i.GPIOTE_IRQHandler)
    RTC1_IRQHandler                          0x0001b90d   Thumb Code   160  port_cmsis_systick.o(i.RTC1_IRQHandler)
    SPI0_TWI0_IRQHandler                     0x0001b9b9   Thumb Code    46  nrf_drv_spi.o(i.SPI0_TWI0_IRQHandler)
    SWI2_IRQHandler                          0x0001b9f1   Thumb Code    28  softdevice_handler.o(i.SWI2_IRQHandler)
    SystemInit                               0x0001ba11   Thumb Code    64  system_nrf51.o(i.SystemInit)
    UART0_IRQHandler                         0x0001ba65   Thumb Code     8  nrf_drv_uart.o(i.UART0_IRQHandler)
    __0printf                                0x0001ba6d   Thumb Code    24  printfa.o(i.__0printf)
    __1printf                                0x0001ba6d   Thumb Code     0  printfa.o(i.__0printf)
    __2printf                                0x0001ba6d   Thumb Code     0  printfa.o(i.__0printf)
    __c89printf                              0x0001ba6d   Thumb Code     0  printfa.o(i.__0printf)
    printf                                   0x0001ba6d   Thumb Code     0  printfa.o(i.__0printf)
    __ARM_clz                                0x0001ba8d   Thumb Code    46  depilogue.o(i.__ARM_clz)
    __ARM_common_switch8                     0x0001babb   Thumb Code    26  ble_srv_common.o(i.__ARM_common_switch8)
    __scatterload_copy                       0x0001bad5   Thumb Code    14  handlers.o(i.__scatterload_copy)
    __scatterload_null                       0x0001bae3   Thumb Code     2  handlers.o(i.__scatterload_null)
    __scatterload_zeroinit                   0x0001bae5   Thumb Code    14  handlers.o(i.__scatterload_zeroinit)
    adv_data_encode                          0x0001c391   Thumb Code   534  ble_advdata.o(i.adv_data_encode)
    app_error_fault_handler                  0x0001c5a9   Thumb Code    18  app_error.o(i.app_error_fault_handler)
    app_error_handler_bare                   0x0001c5c5   Thumb Code    18  app_error.o(i.app_error_handler_bare)
    app_fifo_get                             0x0001c5e9   Thumb Code    22  app_fifo.o(i.app_fifo_get)
    app_fifo_init                            0x0001c5ff   Thumb Code    36  app_fifo.o(i.app_fifo_init)
    app_fifo_put                             0x0001c623   Thumb Code    26  app_fifo.o(i.app_fifo_put)
    app_uart_get                             0x0001c689   Thumb Code    44  app_uart_fifo.o(i.app_uart_get)
    app_uart_init                            0x0001c6bd   Thumb Code   144  app_uart_fifo.o(i.app_uart_init)
    app_uart_put                             0x0001c75d   Thumb Code    30  app_uart_fifo.o(i.app_uart_put)
    ble_advdata_set                          0x0001c785   Thumb Code   104  ble_advdata.o(i.ble_advdata_set)
    ble_advertising_init                     0x0001c7ed   Thumb Code   284  ble_advertising.o(i.ble_advertising_init)
    ble_advertising_on_ble_evt               0x0001c911   Thumb Code   118  ble_advertising.o(i.ble_advertising_on_ble_evt)
    ble_advertising_on_sys_evt               0x0001c98d   Thumb Code    42  ble_advertising.o(i.ble_advertising_on_sys_evt)
    ble_advertising_start                    0x0001c9cd   Thumb Code   470  ble_advertising.o(i.ble_advertising_start)
    ble_multi_data_send                      0x0001cc21   Thumb Code    70  main.o(i.ble_multi_data_send)
    bond_data_load                           0x0001cce5   Thumb Code    58  device_manager_peripheral.o(i.bond_data_load)
    buffers_init                             0x0001cd2d   Thumb Code   108  main.o(i.buffers_init)
    compress                                 0x0001d01d   Thumb Code   132  main.o(i.compress)
    dm_ble_evt_handler                       0x0001d5cd   Thumb Code   968  device_manager_peripheral.o(i.dm_ble_evt_handler)
    dm_handle_initialize                     0x0001d9a5   Thumb Code    22  device_manager_peripheral.o(i.dm_handle_initialize)
    dm_init                                  0x0001d9c1   Thumb Code   176  device_manager_peripheral.o(i.dm_init)
    dm_register                              0x0001dbe1   Thumb Code   104  device_manager_peripheral.o(i.dm_register)
    eTaskConfirmSleepModeStatus              0x0001dc55   Thumb Code    24  tasks.o(i.eTaskConfirmSleepModeStatus)
    fputc                                    0x0001ddd9   Thumb Code    14  retarget.o(i.fputc)
    heatshrink_encoder_finish                0x0001e011   Thumb Code    40  heatshrink_encoder.o(i.heatshrink_encoder_finish)
    heatshrink_encoder_poll                  0x0001e039   Thumb Code   446  heatshrink_encoder.o(i.heatshrink_encoder_poll)
    heatshrink_encoder_reset                 0x0001e1fd   Thumb Code    40  heatshrink_encoder.o(i.heatshrink_encoder_reset)
    heatshrink_encoder_sink                  0x0001e229   Thumb Code    90  heatshrink_encoder.o(i.heatshrink_encoder_sink)
    intan_setup                              0x0001e28d   Thumb Code   190  main.o(i.intan_setup)
    intern_softdevice_events_execute         0x0001e355   Thumb Code   110  softdevice_handler.o(i.intern_softdevice_events_execute)
    main                                     0x0001e4b5   Thumb Code   474  main.o(i.main)
    malloc                                   0x0001e7dd   Thumb Code    92  malloc.o(i.malloc)
    nrf_delay_ms                             0x0001e95d   Thumb Code    24  nrf_delay.o(i.nrf_delay_ms)
    nrf_drv_clock_lfclk_request              0x0001e979   Thumb Code    12  nrf_drv_clock.o(i.nrf_drv_clock_lfclk_request)
    nrf_drv_clock_on_soc_event               0x0001e985   Thumb Code    30  nrf_drv_clock.o(i.nrf_drv_clock_on_soc_event)
    nrf_drv_common_irq_enable                0x0001e9a9   Thumb Code    78  nrf_drv_common.o(i.nrf_drv_common_irq_enable)
    nrf_drv_spi_init                         0x0001ea09   Thumb Code   270  nrf_drv_spi.o(i.nrf_drv_spi_init)
    nrf_drv_spi_transfer                     0x0001eb29   Thumb Code    24  nrf_drv_spi.o(i.nrf_drv_spi_transfer)
    nrf_drv_spi_uninit                       0x0001eb41   Thumb Code    62  nrf_drv_spi.o(i.nrf_drv_spi_uninit)
    nrf_drv_spi_xfer                         0x0001eb89   Thumb Code    98  nrf_drv_spi.o(i.nrf_drv_spi_xfer)
    nrf_drv_uart_init                        0x0001ebf5   Thumb Code   170  nrf_drv_uart.o(i.nrf_drv_uart_init)
    nrf_drv_uart_rx                          0x0001ecbd   Thumb Code    66  nrf_drv_uart.o(i.nrf_drv_uart_rx)
    nrf_drv_uart_rx_enable                   0x0001ed09   Thumb Code    20  nrf_drv_uart.o(i.nrf_drv_uart_rx_enable)
    nrf_drv_uart_tx                          0x0001edbd   Thumb Code    28  nrf_drv_uart.o(i.nrf_drv_uart_tx)
    pstorage_access_status_get               0x0001f505   Thumb Code    30  pstorage.o(i.pstorage_access_status_get)
    pstorage_block_identifier_get            0x0001f52d   Thumb Code    74  pstorage.o(i.pstorage_block_identifier_get)
    pstorage_clear                           0x0001f581   Thumb Code   156  pstorage.o(i.pstorage_clear)
    pstorage_init                            0x0001f655   Thumb Code    68  pstorage.o(i.pstorage_init)
    pstorage_load                            0x0001f6a1   Thumb Code   158  pstorage.o(i.pstorage_load)
    pstorage_register                        0x0001f749   Thumb Code   180  pstorage.o(i.pstorage_register)
    pstorage_store                           0x0001f805   Thumb Code   134  pstorage.o(i.pstorage_store)
    pstorage_sys_event_handler               0x0001f895   Thumb Code    72  pstorage.o(i.pstorage_sys_event_handler)
    pstorage_update                          0x0001f8e1   Thumb Code   134  pstorage.o(i.pstorage_update)
    pvPortMalloc                             0x0001f9fd   Thumb Code    68  heap_1.o(i.pvPortMalloc)
    pvTaskIncrementMutexHeldCount            0x0001fa4d   Thumb Code    20  tasks.o(i.pvTaskIncrementMutexHeldCount)
    pxPortInitialiseStack                    0x0001fa65   Thumb Code    28  port_cmsis.o(i.pxPortInitialiseStack)
    sample_data                              0x0001faf9   Thumb Code    60  main.o(i.sample_data)
    sd_check_ram_start                       0x0001fb39   Thumb Code    10  softdevice_handler.o(i.sd_check_ram_start)
    softdevice_ble_evt_handler_set           0x0001fd3d   Thumb Code    16  softdevice_handler.o(i.softdevice_ble_evt_handler_set)
    softdevice_enable                        0x0001fd51   Thumb Code    14  softdevice_handler.o(i.softdevice_enable)
    softdevice_enable_get_default_config     0x0001fd65   Thumb Code    40  softdevice_handler.o(i.softdevice_enable_get_default_config)
    softdevice_fault_handler                 0x0001fd8d   Thumb Code     8  softdevice_handler.o(i.softdevice_fault_handler)
    softdevice_handler_init                  0x0001fd95   Thumb Code    40  softdevice_handler.o(i.softdevice_handler_init)
    softdevice_handler_isEnabled             0x0001fdc5   Thumb Code     6  softdevice_handler.o(i.softdevice_handler_isEnabled)
    softdevice_sys_evt_handler_set           0x0001fdd1   Thumb Code    16  softdevice_handler.o(i.softdevice_sys_evt_handler_set)
    spi_master_0_event_handler               0x0001fded   Thumb Code   120  main.o(i.spi_master_0_event_handler)
    uart_event_handle                        0x0002024d   Thumb Code    44  main.o(i.uart_event_handle)
    uxListRemove                             0x000205df   Thumb Code    36  list.o(i.uxListRemove)
    vListInitialise                          0x00020603   Thumb Code    22  list.o(i.vListInitialise)
    vListInitialiseItem                      0x00020619   Thumb Code     6  list.o(i.vListInitialiseItem)
    vListInsert                              0x0002061f   Thumb Code    48  list.o(i.vListInsert)
    vListInsertEnd                           0x0002064f   Thumb Code    24  list.o(i.vListInsertEnd)
    vPortEnterCritical                       0x000206e5   Thumb Code    16  port_cmsis.o(i.vPortEnterCritical)
    vPortExitCritical                        0x000206f9   Thumb Code    64  port_cmsis.o(i.vPortExitCritical)
    vPortFree                                0x00020741   Thumb Code     2  heap_1.o(i.vPortFree)
    vPortSafeTaskSwitchContext               0x00020763   Thumb Code   108  port_cmsis.o(i.vPortSafeTaskSwitchContext)
    vPortSetupTimerInterrupt                 0x000207d1   Thumb Code    54  port_cmsis_systick.o(i.vPortSetupTimerInterrupt)
    vPortSuppressTicksAndSleep               0x0002081d   Thumb Code   126  port_cmsis_systick.o(i.vPortSuppressTicksAndSleep)
    vPortTaskYield                           0x000208b1   Thumb Code    34  port_cmsis.o(i.vPortTaskYield)
    vQueueAddToRegistry                      0x000208dd   Thumb Code    32  queue.o(i.vQueueAddToRegistry)
    vQueueWaitForMessageRestricted           0x00020901   Thumb Code    56  queue.o(i.vQueueWaitForMessageRestricted)
    vTaskMissedYield                         0x00020939   Thumb Code     8  tasks.o(i.vTaskMissedYield)
    vTaskPlaceOnEventList                    0x00020945   Thumb Code    66  tasks.o(i.vTaskPlaceOnEventList)
    vTaskPlaceOnEventListRestricted          0x00020991   Thumb Code    50  tasks.o(i.vTaskPlaceOnEventListRestricted)
    vTaskPriorityInherit                     0x000209c9   Thumb Code   120  tasks.o(i.vTaskPriorityInherit)
    vTaskSetTimeOutState                     0x00020a49   Thumb Code    12  tasks.o(i.vTaskSetTimeOutState)
    vTaskStartScheduler                      0x00020a59   Thumb Code    58  tasks.o(i.vTaskStartScheduler)
    vTaskStepTick                            0x00020aa5   Thumb Code    10  tasks.o(i.vTaskStepTick)
    vTaskSuspendAll                          0x00020ab5   Thumb Code    10  tasks.o(i.vTaskSuspendAll)
    vTaskSwitchContext                       0x00020ac5   Thumb Code   100  tasks.o(i.vTaskSwitchContext)
    xPortStartScheduler                      0x00020b41   Thumb Code    48  port_cmsis.o(i.xPortStartScheduler)
    xQueueGenericCreate                      0x00020b79   Thumb Code    62  queue.o(i.xQueueGenericCreate)
    xQueueGenericReceive                     0x00020bb7   Thumb Code   272  queue.o(i.xQueueGenericReceive)
    xQueueGenericReset                       0x00020cc7   Thumb Code    98  queue.o(i.xQueueGenericReset)
    xQueueGenericSend                        0x00020d29   Thumb Code   222  queue.o(i.xQueueGenericSend)
    xQueueGenericSendFromISR                 0x00020e07   Thumb Code    96  queue.o(i.xQueueGenericSendFromISR)
    xTaskCheckForTimeOut                     0x00020e69   Thumb Code    66  tasks.o(i.xTaskCheckForTimeOut)
    xTaskGenericCreate                       0x00020eb1   Thumb Code   342  tasks.o(i.xTaskGenericCreate)
    xTaskGetSchedulerState                   0x00021011   Thumb Code    26  tasks.o(i.xTaskGetSchedulerState)
    xTaskGetTickCount                        0x00021031   Thumb Code     6  tasks.o(i.xTaskGetTickCount)
    xTaskGetTickCountFromISR                 0x0002103d   Thumb Code     6  tasks.o(i.xTaskGetTickCountFromISR)
    xTaskIncrementTick                       0x00021049   Thumb Code   156  tasks.o(i.xTaskIncrementTick)
    xTaskPriorityDisinherit                  0x000210ed   Thumb Code   104  tasks.o(i.xTaskPriorityDisinherit)
    xTaskRemoveFromEventList                 0x0002115d   Thumb Code    92  tasks.o(i.xTaskRemoveFromEventList)
    xTaskResumeAll                           0x000211c1   Thumb Code   150  tasks.o(i.xTaskResumeAll)
    xTimerCreate                             0x00021261   Thumb Code    56  timers.o(i.xTimerCreate)
    xTimerCreateTimerTask                    0x00021299   Thumb Code    52  timers.o(i.xTimerCreateTimerTask)
    xTimerGenericCommand                     0x000212dd   Thumb Code    72  timers.o(i.xTimerGenericCommand)
    m_service_context_store                  0x000213c4   Data          16  device_manager_peripheral.o(.constdata)
    m_service_context_load                   0x000213d4   Data          16  device_manager_peripheral.o(.constdata)
    m_service_context_apply                  0x000213e4   Data          16  device_manager_peripheral.o(.constdata)
    Region$$Table$$Base                      0x00021470   Number         0  anon$$obj.o(Region$$Table)
    Region$$Table$$Limit                     0x00021490   Number         0  anon$$obj.o(Region$$Table)
    Image$$RW_IRAM1$$Base                    0x20001f00   Number         0  anon$$obj.o ABSOLUTE
    ADC_bias                                 0x20001f1c   Data           4  main.o(.data)
    MUX_bias                                 0x20001f20   Data           4  main.o(.data)
    ADC_twoscomp                             0x20001f24   Data           4  main.o(.data)
    RH1_DAC1                                 0x20001f28   Data           4  main.o(.data)
    RH1_DAC2                                 0x20001f2c   Data           4  main.o(.data)
    RH2_DAC1                                 0x20001f30   Data           4  main.o(.data)
    RH2_DAC2                                 0x20001f34   Data           4  main.o(.data)
    RL_DAC1                                  0x20001f38   Data           4  main.o(.data)
    RL_DAC2                                  0x20001f3c   Data           4  main.o(.data)
    RL_DAC3                                  0x20001f40   Data           4  main.o(.data)
    __stdout                                 0x20001ff4   Data           4  retarget.o(.data)
    pxCurrentTCB                             0x20002030   Data           4  tasks.o(.data)
    SystemCoreClock                          0x2000206c   Data           4  system_nrf51.o(.data)
    __microlib_freelist                      0x20002070   Data           4  mvars.o(.data)
    __microlib_freelist_initialised          0x20002074   Data           4  mvars.o(.data)
    xQueueRegistry                           0x20002c28   Data          16  queue.o(.bss)
    __heap_base                              0x20003d00   Data           0  arm_startup_nrf51.o(HEAP)
    __heap_limit                             0x20004500   Data           0  arm_startup_nrf51.o(HEAP)
    __initial_sp                             0x20004d00   Data           0  arm_startup_nrf51.o(STACK)



==============================================================================

Memory Map of the image

  Image Entry point : 0x0001b0c1

  Load Region LR_IROM1 (Base: 0x0001b000, Size: 0x00006608, Max: 0x00025000, ABSOLUTE, COMPRESSED[0x000064d8])

    Execution Region ER_IROM1 (Base: 0x0001b000, Size: 0x00006490, Max: 0x00025000, ABSOLUTE)

    Base Addr    Size         Type   Attr      Idx    E Section Name        Object

    0x0001b000   0x000000c0   Data   RO         3663    RESET               arm_startup_nrf51.o
    0x0001b0c0   0x00000000   Code   RO         3705  * .ARM.Collect$$$$00000000  mc_p.l(entry.o)
    0x0001b0c0   0x00000004   Code   RO         4017    .ARM.Collect$$$$00000001  mc_p.l(entry2.o)
    0x0001b0c4   0x00000004   Code   RO         4020    .ARM.Collect$$$$00000004  mc_p.l(entry5.o)
    0x0001b0c8   0x00000000   Code   RO         4022    .ARM.Collect$$$$00000008  mc_p.l(entry7b.o)
    0x0001b0c8   0x00000000   Code   RO         4024    .ARM.Collect$$$$0000000A  mc_p.l(entry8b.o)
    0x0001b0c8   0x00000008   Code   RO         4025    .ARM.Collect$$$$0000000B  mc_p.l(entry9a.o)
    0x0001b0d0   0x00000000   Code   RO         4027    .ARM.Collect$$$$0000000D  mc_p.l(entry10a.o)
    0x0001b0d0   0x00000000   Code   RO         4029    .ARM.Collect$$$$0000000F  mc_p.l(entry11a.o)
    0x0001b0d0   0x00000004   Code   RO         4018    .ARM.Collect$$$$00002712  mc_p.l(entry2.o)
    0x0001b0d4   0x0000001e   Code   RO          978    .emb_text           nrf_delay.o
    0x0001b0f2   0x00000002   PAD
    0x0001b0f4   0x0000006c   Code   RO         3302    .emb_text           port.o
    0x0001b160   0x00000038   Code   RO         3664    .text               arm_startup_nrf51.o
    0x0001b198   0x0000002c   Code   RO         3708    .text               mc_p.l(uidiv.o)
    0x0001b1c4   0x00000028   Code   RO         3710    .text               mc_p.l(idiv.o)
    0x0001b1ec   0x00000040   Code   RO         3714    .text               mc_p.l(memmovea.o)
    0x0001b22c   0x00000024   Code   RO         3716    .text               mc_p.l(memseta.o)
    0x0001b250   0x0000000e   Code   RO         3718    .text               mc_p.l(strlen.o)
    0x0001b25e   0x0000001a   Code   RO         3720    .text               mc_p.l(memcmp.o)
    0x0001b278   0x00000060   Code   RO         4031    .text               mc_p.l(uldiv.o)
    0x0001b2d8   0x00000000   Code   RO         4035    .text               mc_p.l(iusefp.o)
    0x0001b2d8   0x00000164   Code   RO         4036    .text               mf_p.l(dadd.o)
    0x0001b43c   0x000000d0   Code   RO         4038    .text               mf_p.l(dmul.o)
    0x0001b50c   0x000000f0   Code   RO         4040    .text               mf_p.l(ddiv.o)
    0x0001b5fc   0x00000040   Code   RO         4042    .text               mf_p.l(dfixul.o)
    0x0001b63c   0x00000028   Code   RO         4044    .text               mf_p.l(cdrcmple.o)
    0x0001b664   0x00000024   Code   RO         4046    .text               mc_p.l(init.o)
    0x0001b688   0x00000020   Code   RO         4048    .text               mc_p.l(llshl.o)
    0x0001b6a8   0x00000022   Code   RO         4050    .text               mc_p.l(llushr.o)
    0x0001b6ca   0x00000026   Code   RO         4052    .text               mc_p.l(llsshr.o)
    0x0001b6f0   0x000000be   Code   RO         4054    .text               mf_p.l(depilogue.o)
    0x0001b7ae   0x00000056   Code   RO         4066    .text               mc_p.l(__dczerorl2.o)
    0x0001b804   0x00000108   Code   RO         1036    i.GPIOTE_IRQHandler  nrf_drv_gpiote.o
    0x0001b90c   0x000000ac   Code   RO         3245    i.RTC1_IRQHandler   port_cmsis_systick.o
    0x0001b9b8   0x00000038   Code   RO         1633    i.SPI0_TWI0_IRQHandler  nrf_drv_spi.o
    0x0001b9f0   0x00000020   Code   RO         2471    i.SWI2_IRQHandler   softdevice_handler.o
    0x0001ba10   0x00000054   Code   RO         3671    i.SystemInit        system_nrf51.o
    0x0001ba64   0x00000008   Code   RO         1226    i.UART0_IRQHandler  nrf_drv_uart.o
    0x0001ba6c   0x00000020   Code   RO         3961    i.__0printf         mc_p.l(printfa.o)
    0x0001ba8c   0x0000002e   Code   RO         4056    i.__ARM_clz         mf_p.l(depilogue.o)
    0x0001baba   0x0000001a   Code   RO          701    i.__ARM_common_switch8  ble_srv_common.o
    0x0001bad4   0x0000000e   Code   RO         4060    i.__scatterload_copy  mc_p.l(handlers.o)
    0x0001bae2   0x00000002   Code   RO         4061    i.__scatterload_null  mc_p.l(handlers.o)
    0x0001bae4   0x0000000e   Code   RO         4062    i.__scatterload_zeroinit  mc_p.l(handlers.o)
    0x0001baf2   0x00000002   PAD
    0x0001baf4   0x00000158   Code   RO         3968    i._fp_digits        mc_p.l(printfa.o)
    0x0001bc4c   0x000006ec   Code   RO         3969    i._printf_core      mc_p.l(printfa.o)
    0x0001c338   0x00000020   Code   RO         3970    i._printf_post_padding  mc_p.l(printfa.o)
    0x0001c358   0x0000002c   Code   RO         3971    i._printf_pre_padding  mc_p.l(printfa.o)
    0x0001c384   0x0000000c   Code   RO         2604    i.add_tag_bit       heatshrink_encoder.o
    0x0001c390   0x00000216   Code   RO          511    i.adv_data_encode   ble_advdata.o
    0x0001c5a6   0x00000002   PAD
    0x0001c5a8   0x0000001c   Code   RO         2125    i.app_error_fault_handler  app_error.o
    0x0001c5c4   0x00000018   Code   RO         2127    i.app_error_handler_bare  app_error.o
    0x0001c5dc   0x0000000c   Code   RO          708    i.app_evt_notify    device_manager_peripheral.o
    0x0001c5e8   0x00000016   Code   RO         2412    i.app_fifo_get      app_fifo.o
    0x0001c5fe   0x00000024   Code   RO         2413    i.app_fifo_init     app_fifo.o
    0x0001c622   0x0000001a   Code   RO         2414    i.app_fifo_put      app_fifo.o
    0x0001c63c   0x0000002c   Code   RO         1388    i.app_notify        pstorage.o
    0x0001c668   0x00000020   Code   RO         1389    i.app_notify_error_state_transit  pstorage.o
    0x0001c688   0x00000034   Code   RO         1909    i.app_uart_get      app_uart_fifo.o
    0x0001c6bc   0x000000a0   Code   RO         1910    i.app_uart_init     app_uart_fifo.o
    0x0001c75c   0x00000028   Code   RO         1911    i.app_uart_put      app_uart_fifo.o
    0x0001c784   0x00000068   Code   RO          512    i.ble_advdata_set   ble_advdata.o
    0x0001c7ec   0x00000124   Code   RO          431    i.ble_advertising_init  ble_advertising.o
    0x0001c910   0x0000007c   Code   RO          432    i.ble_advertising_on_ble_evt  ble_advertising.o
    0x0001c98c   0x00000030   Code   RO          433    i.ble_advertising_on_sys_evt  ble_advertising.o
    0x0001c9bc   0x00000010   Code   RO          435    i.ble_advertising_peer_address_clear  ble_advertising.o
    0x0001c9cc   0x000001e0   Code   RO          437    i.ble_advertising_start  ble_advertising.o
    0x0001cbac   0x0000005e   Code   RO          513    i.ble_device_addr_encode  ble_advdata.o
    0x0001cc0a   0x00000016   Code   RO            8    i.ble_evt_dispatch  main.o
    0x0001cc20   0x0000004c   Code   RO            9    i.ble_multi_data_send  main.o
    0x0001cc6c   0x00000078   Code   RO           10    i.ble_stack_init    main.o
    0x0001cce4   0x00000048   Code   RO          709    i.bond_data_load    device_manager_peripheral.o
    0x0001cd2c   0x000000c4   Code   RO           12    i.buffers_init      main.o
    0x0001cdf0   0x00000012   Code   RO         2605    i.can_take_byte     heatshrink_encoder.o
    0x0001ce02   0x00000002   PAD
    0x0001ce04   0x00000010   Code   RO         1039    i.channel_port_get  nrf_drv_gpiote.o
    0x0001ce14   0x00000104   Code   RO         1390    i.clear_operation_execute  pstorage.o
    0x0001cf18   0x00000024   Code   RO         1391    i.clear_post_processing_run  pstorage.o
    0x0001cf3c   0x00000038   Code   RO         1392    i.cmd_process       pstorage.o
    0x0001cf74   0x00000020   Code   RO         1393    i.cmd_queue_element_init  pstorage.o
    0x0001cf94   0x0000004c   Code   RO         1394    i.cmd_queue_enqueue  pstorage.o
    0x0001cfe0   0x0000003c   Code   RO         1395    i.command_end_procedure_run  pstorage.o
    0x0001d01c   0x000000bc   Code   RO           13    i.compress          main.o
    0x0001d0d8   0x00000064   Code   RO           14    i.compress_task     main.o
    0x0001d13c   0x00000088   Code   RO          514    i.conn_int_encode   ble_advdata.o
    0x0001d1c4   0x00000030   Code   RO          710    i.connection_instance_find  device_manager_peripheral.o
    0x0001d1f4   0x00000024   Code   RO          711    i.connection_instance_init  device_manager_peripheral.o
    0x0001d218   0x00000044   Code   RO         3159    i.current_int_priority_get  port_cmsis.o
    0x0001d25c   0x00000044   Code   RO         3246    i.current_int_priority_get  port_cmsis_systick.o
    0x0001d2a0   0x00000044   Code   RO         3320    i.current_int_priority_get  tasks.o
    0x0001d2e4   0x00000054   Code   RO         1396    i.data_page_erase_state_run  pstorage.o
    0x0001d338   0x00000074   Code   RO           15    i.data_send         main.o
    0x0001d3ac   0x00000028   Code   RO         1397    i.data_to_swap_write_state_run  pstorage.o
    0x0001d3d4   0x000000b0   Code   RO          712    i.device_context_store  device_manager_peripheral.o
    0x0001d484   0x00000054   Code   RO          713    i.device_instance_allocate  device_manager_peripheral.o
    0x0001d4d8   0x00000048   Code   RO          714    i.device_instance_find  device_manager_peripheral.o
    0x0001d520   0x0000002c   Code   RO          715    i.device_instance_free  device_manager_peripheral.o
    0x0001d54c   0x00000024   Code   RO           16    i.device_manager_evt_handler  main.o
    0x0001d570   0x0000005c   Code   RO           17    i.device_manager_init  main.o
    0x0001d5cc   0x000003d8   Code   RO          720    i.dm_ble_evt_handler  device_manager_peripheral.o
    0x0001d9a4   0x0000001c   Code   RO          726    i.dm_handle_initialize  device_manager_peripheral.o
    0x0001d9c0   0x000000c0   Code   RO          727    i.dm_init           device_manager_peripheral.o
    0x0001da80   0x00000160   Code   RO          730    i.dm_pstorage_cb_handler  device_manager_peripheral.o
    0x0001dbe0   0x00000074   Code   RO          731    i.dm_register       device_manager_peripheral.o
    0x0001dc54   0x00000020   Code   RO         3321    i.eTaskConfirmSleepModeStatus  tasks.o
    0x0001dc74   0x00000014   Code   RO         2417    i.fifo_get          app_fifo.o
    0x0001dc88   0x00000012   Code   RO         2418    i.fifo_put          app_fifo.o
    0x0001dc9a   0x00000002   PAD
    0x0001dc9c   0x00000088   Code   RO         2606    i.find_longest_match  heatshrink_encoder.o
    0x0001dd24   0x00000020   Code   RO         1398    i.flash_api_err_code_process  pstorage.o
    0x0001dd44   0x00000080   Code   RO         1399    i.flash_operation_success_run  pstorage.o
    0x0001ddc4   0x0000000a   Code   RO         1400    i.flash_page_erase  pstorage.o
    0x0001ddce   0x0000000a   Code   RO         1401    i.flash_write       pstorage.o
    0x0001ddd8   0x0000000e   Code   RO         2293    i.fputc             retarget.o
    0x0001dde6   0x00000004   Code   RO          738    i.gattc_context_apply  device_manager_peripheral.o
    0x0001ddea   0x00000004   Code   RO          739    i.gattc_context_load  device_manager_peripheral.o
    0x0001ddee   0x00000004   Code   RO          740    i.gattc_context_store  device_manager_peripheral.o
    0x0001ddf2   0x00000002   PAD
    0x0001ddf4   0x000000b0   Code   RO          741    i.gatts_context_apply  device_manager_peripheral.o
    0x0001dea4   0x00000030   Code   RO          742    i.gatts_context_load  device_manager_peripheral.o
    0x0001ded4   0x000000ac   Code   RO          743    i.gatts_context_store  device_manager_peripheral.o
    0x0001df80   0x00000008   Code   RO          744    i.gattsc_context_apply  device_manager_peripheral.o
    0x0001df88   0x00000008   Code   RO          745    i.gattsc_context_load  device_manager_peripheral.o
    0x0001df90   0x00000008   Code   RO          746    i.gattsc_context_store  device_manager_peripheral.o
    0x0001df98   0x00000078   Code   RO         1402    i.head_restore_state_run  pstorage.o
    0x0001e010   0x00000028   Code   RO         2607    i.heatshrink_encoder_finish  heatshrink_encoder.o
    0x0001e038   0x000001c4   Code   RO         2608    i.heatshrink_encoder_poll  heatshrink_encoder.o
    0x0001e1fc   0x0000002c   Code   RO         2609    i.heatshrink_encoder_reset  heatshrink_encoder.o
    0x0001e228   0x00000064   Code   RO         2610    i.heatshrink_encoder_sink  heatshrink_encoder.o
    0x0001e28c   0x000000c8   Code   RO           18    i.intan_setup       main.o
    0x0001e354   0x00000074   Code   RO         2472    i.intern_softdevice_events_execute  softdevice_handler.o
    0x0001e3c8   0x00000048   Code   RO         3672    i.is_manual_peripheral_setup_needed  system_nrf51.o
    0x0001e410   0x00000044   Code   RO         1403    i.is_page_erase_required  pstorage.o
    0x0001e454   0x0000000c   Code   RO         1404    i.is_word_aligned   pstorage.o
    0x0001e460   0x00000054   Code   RO          515    i.le_role_encode    ble_advdata.o
    0x0001e4b4   0x00000310   Code   RO           19    i.main              main.o
    0x0001e7c4   0x00000018   Code   RO         1405    i.main_state_err_busy_process  pstorage.o
    0x0001e7dc   0x0000006c   Code   RO         3990    i.malloc            mc_p.l(malloc.o)
    0x0001e848   0x00000068   Code   RO          516    i.manuf_specific_data_encode  ble_advdata.o
    0x0001e8b0   0x0000009e   Code   RO          517    i.name_encode       ble_advdata.o
    0x0001e94e   0x00000004   Code   RO          747    i.no_service_context_apply  device_manager_peripheral.o
    0x0001e952   0x00000004   Code   RO          748    i.no_service_context_load  device_manager_peripheral.o
    0x0001e956   0x00000004   Code   RO          749    i.no_service_context_store  device_manager_peripheral.o
    0x0001e95a   0x00000002   PAD
    0x0001e95c   0x0000001c   Code   RO          979    i.nrf_delay_ms      nrf_delay.o
    0x0001e978   0x0000000c   Code   RO         1724    i.nrf_drv_clock_lfclk_request  nrf_drv_clock.o
    0x0001e984   0x00000024   Code   RO         1725    i.nrf_drv_clock_on_soc_event  nrf_drv_clock.o
    0x0001e9a8   0x00000060   Code   RO         1006    i.nrf_drv_common_irq_enable  nrf_drv_common.o
    0x0001ea08   0x00000120   Code   RO         1634    i.nrf_drv_spi_init  nrf_drv_spi.o
    0x0001eb28   0x00000018   Code   RO         1635    i.nrf_drv_spi_transfer  nrf_drv_spi.o
    0x0001eb40   0x00000048   Code   RO         1636    i.nrf_drv_spi_uninit  nrf_drv_spi.o
    0x0001eb88   0x0000006c   Code   RO         1637    i.nrf_drv_spi_xfer  nrf_drv_spi.o
    0x0001ebf4   0x000000c8   Code   RO         1228    i.nrf_drv_uart_init  nrf_drv_uart.o
    0x0001ecbc   0x0000004c   Code   RO         1229    i.nrf_drv_uart_rx   nrf_drv_uart.o
    0x0001ed08   0x00000018   Code   RO         1232    i.nrf_drv_uart_rx_enable  nrf_drv_uart.o
    0x0001ed20   0x0000009c   Code   RO         1233    i.nrf_drv_uart_rx_for_uart  nrf_drv_uart.o
    0x0001edbc   0x00000020   Code   RO         1234    i.nrf_drv_uart_tx   nrf_drv_uart.o
    0x0001eddc   0x00000074   Code   RO         1236    i.nrf_drv_uart_tx_for_uart  nrf_drv_uart.o
    0x0001ee50   0x00000024   Code   RO         1238    i.nrf_gpio_cfg      nrf_drv_uart.o
    0x0001ee74   0x00000024   Code   RO         1638    i.nrf_gpio_cfg      nrf_drv_spi.o
    0x0001ee98   0x00000012   Code   RO         1240    i.nrf_gpio_cfg_input  nrf_drv_uart.o
    0x0001eeaa   0x00000014   Code   RO         1241    i.nrf_gpio_cfg_output  nrf_drv_uart.o
    0x0001eebe   0x00000014   Code   RO         1639    i.nrf_gpio_cfg_output  nrf_drv_spi.o
    0x0001eed2   0x00000002   PAD
    0x0001eed4   0x00000020   Code   RO         1061    i.nrf_gpio_cfg_sense_set  nrf_drv_gpiote.o
    0x0001eef4   0x00000010   Code   RO         1640    i.nrf_gpio_pin_set  nrf_drv_spi.o
    0x0001ef04   0x00000014   Code   RO         1062    i.nrf_gpiote_event_is_set  nrf_drv_gpiote.o
    0x0001ef18   0x0000000a   Code   RO         1242    i.nrf_uart_event_check  nrf_drv_uart.o
    0x0001ef22   0x00000010   Code   RO         1243    i.nrf_uart_int_enable_check  nrf_drv_uart.o
    0x0001ef32   0x00000012   Code   RO           20    i.on_adv_evt        main.o
    0x0001ef44   0x00000100   Code   RO           21    i.on_ble_evt        main.o
    0x0001f044   0x00000016   Code   RO          439    i.peer_address_exists  ble_advertising.o
    0x0001f05a   0x00000002   PAD
    0x0001f05c   0x00000038   Code   RO          750    i.peer_instance_init  device_manager_peripheral.o
    0x0001f094   0x00000034   Code   RO         3324    i.prvAddCurrentTaskToDelayedList  tasks.o
    0x0001f0c8   0x00000050   Code   RO         3007    i.prvCheckForValidListAndQueue  timers.o
    0x0001f118   0x00000058   Code   RO         3325    i.prvCheckTasksWaitingTermination  tasks.o
    0x0001f170   0x00000026   Code   RO         2826    i.prvCopyDataFromQueue  queue.o
    0x0001f196   0x00000076   Code   RO         2827    i.prvCopyDataToQueue  queue.o
    0x0001f20c   0x00000028   Code   RO         3326    i.prvGetExpectedIdleTime  tasks.o
    0x0001f234   0x00000034   Code   RO         3327    i.prvIdleTask       tasks.o
    0x0001f268   0x00000038   Code   RO         3008    i.prvInsertTimerInActiveList  timers.o
    0x0001f2a0   0x000000a8   Code   RO         3009    i.prvProcessReceivedCommands  timers.o
    0x0001f348   0x00000084   Code   RO         3010    i.prvProcessTimerOrBlockTask  timers.o
    0x0001f3cc   0x00000020   Code   RO         3328    i.prvResetNextTaskUnblockTime  tasks.o
    0x0001f3ec   0x00000028   Code   RO         3011    i.prvSampleTimeNow  timers.o
    0x0001f414   0x00000058   Code   RO         3012    i.prvSwitchTimerLists  timers.o
    0x0001f46c   0x00000006   Code   RO         3160    i.prvTaskExitError  port_cmsis.o
    0x0001f472   0x00000002   PAD
    0x0001f474   0x00000024   Code   RO         3013    i.prvTimerTask      timers.o
    0x0001f498   0x0000006a   Code   RO         2828    i.prvUnlockQueue    queue.o
    0x0001f502   0x00000002   PAD
    0x0001f504   0x00000028   Code   RO         1406    i.pstorage_access_status_get  pstorage.o
    0x0001f52c   0x00000054   Code   RO         1407    i.pstorage_block_identifier_get  pstorage.o
    0x0001f580   0x000000a4   Code   RO         1408    i.pstorage_clear    pstorage.o
    0x0001f624   0x00000024   Code   RO         1409    i.pstorage_flash_page_end  pstorage.o
    0x0001f648   0x0000000a   Code   RO         1410    i.pstorage_flash_page_size  pstorage.o
    0x0001f652   0x00000002   PAD
    0x0001f654   0x0000004c   Code   RO         1411    i.pstorage_init     pstorage.o
    0x0001f6a0   0x000000a8   Code   RO         1412    i.pstorage_load     pstorage.o
    0x0001f748   0x000000bc   Code   RO         1413    i.pstorage_register  pstorage.o
    0x0001f804   0x00000090   Code   RO         1414    i.pstorage_store    pstorage.o
    0x0001f894   0x0000004c   Code   RO         1415    i.pstorage_sys_event_handler  pstorage.o
    0x0001f8e0   0x00000090   Code   RO         1416    i.pstorage_update   pstorage.o
    0x0001f970   0x00000058   Code   RO         2611    i.push_bits         heatshrink_encoder.o
    0x0001f9c8   0x00000032   Code   RO         2612    i.push_outgoing_bits  heatshrink_encoder.o
    0x0001f9fa   0x00000002   PAD
    0x0001f9fc   0x00000050   Code   RO         3118    i.pvPortMalloc      heap_1.o
    0x0001fa4c   0x00000018   Code   RO         3330    i.pvTaskIncrementMutexHeldCount  tasks.o
    0x0001fa64   0x00000024   Code   RO         3161    i.pxPortInitialiseStack  port_cmsis.o
    0x0001fa88   0x00000038   Code   RO         1244    i.rx_byte           nrf_drv_uart.o
    0x0001fac0   0x0000001c   Code   RO         1245    i.rx_done_event     nrf_drv_uart.o
    0x0001fadc   0x0000001c   Code   RO         1246    i.rx_enable         nrf_drv_uart.o
    0x0001faf8   0x00000040   Code   RO           22    i.sample_data       main.o
    0x0001fb38   0x00000010   Code   RO         2473    i.sd_check_ram_start  softdevice_handler.o
    0x0001fb48   0x0000008e   Code   RO          518    i.service_data_encode  ble_advdata.o
    0x0001fbd6   0x00000002   PAD
    0x0001fbd8   0x0000011c   Code   RO           23    i.services_init     main.o
    0x0001fcf4   0x00000048   Code   RO         1417    i.sm_state_change   pstorage.o
    0x0001fd3c   0x00000014   Code   RO         2474    i.softdevice_ble_evt_handler_set  softdevice_handler.o
    0x0001fd50   0x00000014   Code   RO         2475    i.softdevice_enable  softdevice_handler.o
    0x0001fd64   0x00000028   Code   RO         2476    i.softdevice_enable_get_default_config  softdevice_handler.o
    0x0001fd8c   0x00000008   Code   RO         2477    i.softdevice_fault_handler  softdevice_handler.o
    0x0001fd94   0x00000030   Code   RO         2478    i.softdevice_handler_init  softdevice_handler.o
    0x0001fdc4   0x0000000c   Code   RO         2479    i.softdevice_handler_isEnabled  softdevice_handler.o
    0x0001fdd0   0x00000014   Code   RO         2481    i.softdevice_sys_evt_handler_set  softdevice_handler.o
    0x0001fde4   0x00000008   Code   RO           24    i.spi_data_collection_evt_handler  main.o
    0x0001fdec   0x00000080   Code   RO           26    i.spi_master_0_event_handler  main.o
    0x0001fe6c   0x00000072   Code   RO         1641    i.spi_xfer          nrf_drv_spi.o
    0x0001fede   0x00000002   PAD
    0x0001fee0   0x00000070   Code   RO         2613    i.st_step_search    heatshrink_encoder.o
    0x0001ff50   0x00000064   Code   RO         1418    i.state_data_erase_swap_entry_run  pstorage.o
    0x0001ffb4   0x00000010   Code   RO         1419    i.state_erase_data_page_entry_run  pstorage.o
    0x0001ffc4   0x00000028   Code   RO         1420    i.state_restore_head_entry_run  pstorage.o
    0x0001ffec   0x0000004c   Code   RO         1421    i.state_restore_tail_entry_run  pstorage.o
    0x00020038   0x00000020   Code   RO         1422    i.state_swap_erase_entry_run  pstorage.o
    0x00020058   0x00000030   Code   RO         1423    i.state_write_data_swap_entry_run  pstorage.o
    0x00020088   0x00000004   Code   RO          751    i.storage_operation_dummy_handler  device_manager_peripheral.o
    0x0002008c   0x0000005c   Code   RO         1424    i.store_cmd_flash_write_execute  pstorage.o
    0x000200e8   0x0000001c   Code   RO         1425    i.swap_erase_state_run  pstorage.o
    0x00020104   0x00000018   Code   RO         1426    i.swap_sub_state_err_busy_process  pstorage.o
    0x0002011c   0x00000014   Code   RO         1427    i.swap_sub_state_state_change  pstorage.o
    0x00020130   0x00000054   Code   RO           27    i.switch_state      main.o
    0x00020184   0x00000010   Code   RO           28    i.sys_evt_dispatch  main.o
    0x00020194   0x0000001c   Code   RO         1428    i.tail_restore_state_run  pstorage.o
    0x000201b0   0x00000050   Code   RO         1642    i.transfer_byte     nrf_drv_spi.o
    0x00020200   0x0000002c   Code   RO         1247    i.tx_byte           nrf_drv_uart.o
    0x0002022c   0x00000020   Code   RO         1248    i.tx_done_event     nrf_drv_uart.o
    0x0002024c   0x00000034   Code   RO           30    i.uart_event_handle  main.o
    0x00020280   0x000000b0   Code   RO         1912    i.uart_event_handler  app_uart_fifo.o
    0x00020330   0x00000128   Code   RO         1249    i.uart_irq_handler  nrf_drv_uart.o
    0x00020458   0x0000000a   Code   RO          519    i.uint16_encode     ble_advdata.o
    0x00020462   0x00000002   PAD
    0x00020464   0x00000088   Code   RO         2829    i.ulPortDisableISR  queue.o
    0x000204ec   0x00000014   Code   RO          752    i.update_status_bit_reset  device_manager_peripheral.o
    0x00020500   0x00000030   Code   RO          520    i.uuid_list_encode  ble_advdata.o
    0x00020530   0x000000ae   Code   RO          521    i.uuid_list_sized_encode  ble_advdata.o
    0x000205de   0x00000024   Code   RO         2782    i.uxListRemove      list.o
    0x00020602   0x00000016   Code   RO         2783    i.vListInitialise   list.o
    0x00020618   0x00000006   Code   RO         2784    i.vListInitialiseItem  list.o
    0x0002061e   0x00000030   Code   RO         2785    i.vListInsert       list.o
    0x0002064e   0x00000018   Code   RO         2786    i.vListInsertEnd    list.o
    0x00020666   0x00000032   Code   RO         3162    i.vPortDisableISR   port_cmsis.o
    0x00020698   0x00000032   Code   RO         3338    i.vPortDisableISR   tasks.o
    0x000206ca   0x0000001a   Code   RO         3247    i.vPortEnableISR    port_cmsis_systick.o
    0x000206e4   0x00000014   Code   RO         3164    i.vPortEnterCritical  port_cmsis.o
    0x000206f8   0x00000048   Code   RO         3165    i.vPortExitCritical  port_cmsis.o
    0x00020740   0x00000002   Code   RO         3119    i.vPortFree         heap_1.o
    0x00020742   0x00000020   Code   RO         2833    i.vPortRestoreISR   queue.o
    0x00020762   0x0000006c   Code   RO         3166    i.vPortSafeTaskSwitchContext  port_cmsis.o
    0x000207ce   0x00000002   PAD
    0x000207d0   0x0000004c   Code   RO         3248    i.vPortSetupTimerInterrupt  port_cmsis_systick.o
    0x0002081c   0x00000094   Code   RO         3249    i.vPortSuppressTicksAndSleep  port_cmsis_systick.o
    0x000208b0   0x0000002c   Code   RO         3167    i.vPortTaskYield    port_cmsis.o
    0x000208dc   0x00000024   Code   RO         2834    i.vQueueAddToRegistry  queue.o
    0x00020900   0x00000038   Code   RO         2837    i.vQueueWaitForMessageRestricted  queue.o
    0x00020938   0x0000000c   Code   RO         3344    i.vTaskMissedYield  tasks.o
    0x00020944   0x0000004c   Code   RO         3346    i.vTaskPlaceOnEventList  tasks.o
    0x00020990   0x00000038   Code   RO         3347    i.vTaskPlaceOnEventListRestricted  tasks.o
    0x000209c8   0x00000080   Code   RO         3349    i.vTaskPriorityInherit  tasks.o
    0x00020a48   0x00000010   Code   RO         3352    i.vTaskSetTimeOutState  tasks.o
    0x00020a58   0x0000004c   Code   RO         3353    i.vTaskStartScheduler  tasks.o
    0x00020aa4   0x00000010   Code   RO         3354    i.vTaskStepTick     tasks.o
    0x00020ab4   0x00000010   Code   RO         3356    i.vTaskSuspendAll   tasks.o
    0x00020ac4   0x0000006c   Code   RO         3357    i.vTaskSwitchContext  tasks.o
    0x00020b30   0x00000010   Code   RO          440    i.whitelist_has_entries  ble_advertising.o
    0x00020b40   0x00000038   Code   RO         3168    i.xPortStartScheduler  port_cmsis.o
    0x00020b78   0x0000003e   Code   RO         2840    i.xQueueGenericCreate  queue.o
    0x00020bb6   0x00000110   Code   RO         2841    i.xQueueGenericReceive  queue.o
    0x00020cc6   0x00000062   Code   RO         2842    i.xQueueGenericReset  queue.o
    0x00020d28   0x000000de   Code   RO         2843    i.xQueueGenericSend  queue.o
    0x00020e06   0x00000060   Code   RO         2844    i.xQueueGenericSendFromISR  queue.o
    0x00020e66   0x00000002   PAD
    0x00020e68   0x00000048   Code   RO         3358    i.xTaskCheckForTimeOut  tasks.o
    0x00020eb0   0x00000160   Code   RO         3359    i.xTaskGenericCreate  tasks.o
    0x00021010   0x00000020   Code   RO         3363    i.xTaskGetSchedulerState  tasks.o
    0x00021030   0x0000000c   Code   RO         3364    i.xTaskGetTickCount  tasks.o
    0x0002103c   0x0000000c   Code   RO         3365    i.xTaskGetTickCountFromISR  tasks.o
    0x00021048   0x000000a4   Code   RO         3366    i.xTaskIncrementTick  tasks.o
    0x000210ec   0x00000070   Code   RO         3369    i.xTaskPriorityDisinherit  tasks.o
    0x0002115c   0x00000064   Code   RO         3370    i.xTaskRemoveFromEventList  tasks.o
    0x000211c0   0x000000a0   Code   RO         3372    i.xTaskResumeAll    tasks.o
    0x00021260   0x00000038   Code   RO         3016    i.xTimerCreate      timers.o
    0x00021298   0x00000044   Code   RO         3017    i.xTimerCreateTimerTask  timers.o
    0x000212dc   0x0000004c   Code   RO         3018    i.xTimerGenericCommand  timers.o
    0x00021328   0x0000009c   Data   RO           32    .constdata          main.o
    0x000213c4   0x00000030   Data   RO          754    .constdata          device_manager_peripheral.o
    0x000213f4   0x00000020   Data   RO         1251    .constdata          nrf_drv_uart.o
    0x00021414   0x00000028   Data   RO         1430    .constdata          pstorage.o
    0x0002143c   0x00000010   Data   RO         1644    .constdata          nrf_drv_spi.o
    0x0002144c   0x00000020   Data   RO         1914    .constdata          app_uart_fifo.o
    0x0002146c   0x00000004   Data   RO         3169    .constdata          port_cmsis.o
    0x00021470   0x00000020   Data   RO         4058    Region$$Table       anon$$obj.o


    Execution Region RW_IRAM1 (Base: 0x20001f00, Size: 0x00002e00, Max: 0x00006100, ABSOLUTE, COMPRESSED[0x00000048])

    Base Addr    Size         Type   Attr      Idx    E Section Name        Object

    0x20001f00   0x00000095   Data   RW           33    .data               main.o
    0x20001f95   0x00000003   PAD
    0x20001f98   0x0000001f   Data   RW          442    .data               ble_advertising.o
    0x20001fb7   0x00000001   PAD
    0x20001fb8   0x00000010   Data   RW          756    .data               device_manager_peripheral.o
    0x20001fc8   0x00000024   Data   RW         1431    .data               pstorage.o
    0x20001fec   0x00000008   Data   RW         1915    .data               app_uart_fifo.o
    0x20001ff4   0x00000004   Data   RW         2294    .data               retarget.o
    0x20001ff8   0x00000014   Data   RW         2482    .data               softdevice_handler.o
    0x2000200c   0x00000014   Data   RW         3024    .data               timers.o
    0x20002020   0x00000008   Data   RW         3123    .data               heap_1.o
    0x20002028   0x00000008   Data   RW         3170    .data               port_cmsis.o
    0x20002030   0x0000003c   Data   RW         3375    .data               tasks.o
    0x2000206c   0x00000004   Data   RW         3673    .data               system_nrf51.o
    0x20002070   0x00000004   Data   RW         4033    .data               mc_p.l(mvars.o)
    0x20002074   0x00000004   Data   RW         4034    .data               mc_p.l(mvars.o)
    0x20002078   0x00000882   Zero   RW           31    .bss                main.o
    0x200028fa   0x00000002   PAD
    0x200028fc   0x00000103   Zero   RW          441    .bss                ble_advertising.o
    0x200029ff   0x00000001   PAD
    0x20002a00   0x0000009f   Zero   RW          753    .bss                device_manager_peripheral.o
    0x20002a9f   0x00000001   PAD
    0x20002aa0   0x00000048   Zero   RW         1065    .bss                nrf_drv_gpiote.o
    0x20002ae8   0x0000001c   Zero   RW         1250    .bss                nrf_drv_uart.o
    0x20002b04   0x000000d8   Zero   RW         1429    .bss                pstorage.o
    0x20002bdc   0x00000020   Zero   RW         1643    .bss                nrf_drv_spi.o
    0x20002bfc   0x0000000c   Zero   RW         1727    .bss                nrf_drv_clock.o
    0x20002c08   0x00000020   Zero   RW         1913    .bss                app_uart_fifo.o
    0x20002c28   0x00000010   Zero   RW         2852    .bss                queue.o
    0x20002c38   0x00000028   Zero   RW         3023    .bss                timers.o
    0x20002c60   0x00001000   Zero   RW         3122    .bss                heap_1.o
    0x20003c60   0x000000a0   Zero   RW         3374    .bss                tasks.o
    0x20003d00   0x00000800   Zero   RW         3662    HEAP                arm_startup_nrf51.o
    0x20004500   0x00000800   Zero   RW         3661    STACK               arm_startup_nrf51.o


==============================================================================

Image component sizes


      Code (inc. data)   RO Data    RW Data    ZI Data      Debug   Object Name

        52         16          0          0          0       9267   app_error.o
       122          0          0          0          0       4286   app_fifo.o
       428         44         32          8         32      10546   app_uart_fifo.o
        56         18        192          0       4096        732   arm_startup_nrf51.o
      1588          6          0          0          0      19764   ble_advdata.o
       998         34          0         31        259       8153   ble_advertising.o
         0          0          0          0          0       1472   ble_conn_params.o
        26          0          0          0          0         72   ble_srv_common.o
      2740        182         48         16        159      33009   device_manager_peripheral.o
         0          0          0          0          0       3048   event_groups.o
        82         12          0          8       4096       2483   heap_1.o
      1052         46          0          0          0      12059   heatshrink_encoder.o
       136          0          0          0          0       3838   list.o
      2840        634        156        149       2178     121723   main.o
        58          4          0          0          0       1843   nrf_delay.o
        48          6          0          0         12       9723   nrf_drv_clock.o
        96         18          0          0          0       7332   nrf_drv_common.o
       332         48          0          0         72      13608   nrf_drv_gpiote.o
       814         58         16          0         32      19769   nrf_drv_spi.o
      1196        136         32          0         28      32508   nrf_drv_uart.o
       108         16          0          0          0        628   port.o
       460         46          4          8          0      17617   port_cmsis.o
       490         64          0          0          0      17214   port_cmsis_systick.o
      2830        262         40         36        216      39262   pstorage.o
      1272         14          0          0         16      25629   queue.o
        14          0          0          4          0       2886   retarget.o
       332         44          0         20          0      10655   softdevice_handler.o
       156         26          0          4          0       2287   system_nrf51.o
      1958        194          0         60        160      33030   tasks.o
       800         72          0         20         40      10390   timers.o

    ----------------------------------------------------------------------
     21118       2000        552        368      11400     474833   Object Totals
         0          0         32          0          0          0   (incl. Generated)
        34          0          0          4          4          0   (incl. Padding)

    ----------------------------------------------------------------------

      Code (inc. data)   RO Data    RW Data    ZI Data      Debug   Library Member Name

        86          0          0          0          0          0   __dczerorl2.o
         0          0          0          0          0          0   entry.o
         0          0          0          0          0          0   entry10a.o
         0          0          0          0          0          0   entry11a.o
         8          4          0          0          0          0   entry2.o
         4          0          0          0          0          0   entry5.o
         0          0          0          0          0          0   entry7b.o
         0          0          0          0          0          0   entry8b.o
         8          4          0          0          0          0   entry9a.o
        30          0          0          0          0          0   handlers.o
        40          0          0          0          0         72   idiv.o
        36          8          0          0          0         68   init.o
         0          0          0          0          0          0   iusefp.o
        32          0          0          0          0         68   llshl.o
        38          0          0          0          0         68   llsshr.o
        34          0          0          0          0         68   llushr.o
       108         16          0          0          0         76   malloc.o
        26          0          0          0          0         72   memcmp.o
        64          0          0          0          0         68   memmovea.o
        36          0          0          0          0        100   memseta.o
         0          0          0          8          0          0   mvars.o
      2224         98          0          0          0        412   printfa.o
        14          0          0          0          0         60   strlen.o
        44          0          0          0          0         72   uidiv.o
        96          0          0          0          0         84   uldiv.o
        40          2          0          0          0         68   cdrcmple.o
       356          4          0          0          0        140   dadd.o
       240          6          0          0          0         84   ddiv.o
       236          0          0          0          0        216   depilogue.o
        64         10          0          0          0         68   dfixul.o
       208          6          0          0          0         88   dmul.o

    ----------------------------------------------------------------------
      4074        158          0          8          0       1952   Library Totals
         2          0          0          0          0          0   (incl. Padding)

    ----------------------------------------------------------------------

      Code (inc. data)   RO Data    RW Data    ZI Data      Debug   Library Name

      2928        130          0          8          0       1288   mc_p.l
      1144         28          0          0          0        664   mf_p.l

    ----------------------------------------------------------------------
      4074        158          0          8          0       1952   Library Totals

    ----------------------------------------------------------------------

==============================================================================


      Code (inc. data)   RO Data    RW Data    ZI Data      Debug   

     25192       2158        552        376      11400     465193   Grand Totals
     25192       2158        552         72      11400     465193   ELF Image Totals (compressed)
     25192       2158        552         72          0          0   ROM Totals

==============================================================================

    Total RO  Size (Code + RO Data)                25744 (  25.14kB)
    Total RW  Size (RW Data + ZI Data)             11776 (  11.50kB)
    Total ROM Size (Code + RO Data + RW Data)      25816 (  25.21kB)

==============================================================================

