<html>
<body>
<pre>
<h1>µVision Build Log</h1>
<h2>Tool Versions:</h2>
IDE-Version: µVision V5.17.0.0
Copyright (C) 2015 ARM Ltd and ARM Germany GmbH. All rights reserved.
License Information: Stephen Xia, student, LIC=----
 
Tool Versions:
Toolchain:       MDK-Lite  Version: 5.17
Toolchain Path:  C:\Keil_v5\ARM\ARMCC\Bin
C Compiler:      Armcc.exe V5.06 update 1 (build 61)
Assembler:       Armasm.exe V5.06 update 1 (build 61)
Linker/Locator:  ArmLink.exe V5.06 update 1 (build 61)
Library Manager: ArmAr.exe V5.06 update 1 (build 61)
Hex Converter:   FromElf.exe V5.06 update 1 (build 61)
CPU DLL:         
Dialog DLL:      
Target DLL:      Segger\JL2CM3.dll V2.99.16.0
Dialog DLL:      TARMCM1.DLL V1.9.0.0
 
<h2>Project:</h2>
C:\Users\stephen\Desktop\spring_2016\senior_design\ble\WNR\nRF5_complete\examples\ble_central\complete_peripheral\pca10028\s130\arm5_no_packs\ble_app_multilink_peripheral_s130_pca10028.uvprojx
Project File Date:  04/12/2016

<h2>Output:</h2>
*** Using Compiler 'V5.06 update 1 (build 61)', folder: 'C:\Keil_v5\ARM\ARMCC\Bin'
Rebuild target 'nrf51422_xxac_s130'
compiling ble_advertising.c...
compiling ble_advdata.c...
compiling main.c...
..\..\..\main.c(101): warning:  #68-D: integer conversion resulted in a change of sign
  static uint8_t last_tx_buf = -1;
..\..\..\main.c(354): warning:  #177-D: variable "err_code" was declared but never referenced
      uint32_t err_code = NRF_SUCCESS;
..\..\..\main.c(453): warning:  #177-D: variable "err_code" was declared but never referenced
      uint32_t err_code = NRF_SUCCESS;
..\..\..\main.c(571): warning:  #167-D: argument of type "void (*)(nrf_drv_spi_evt_type_t *)" is incompatible with parameter of type "nrf_drv_spi_handler_t"
  				spi_master_0_event_handler);    // EDIT: data collection spi handler
..\..\..\main.c(615): warning:  #177-D: variable "err_code" was declared but never referenced
      uint32_t err_code = NRF_SUCCESS;
..\..\..\main.c(669): warning:  #1294-D: Old-style function ASSERTC
  int ASSERTC(COND){
..\..\..\main.c(669): warning:  #1079-D: standard requires that parameter "COND" be given a type by a subsequent declaration ("int" assumed)
  int ASSERTC(COND){
..\..\..\main.c(671): warning:  #940-D: missing return statement at end of non-void function "ASSERTC"
  }
..\..\..\main.c(673): warning:  #1294-D: Old-style function ASSERT_EQ
  int ASSERT_EQ(COND1,COND2){
..\..\..\main.c(673): warning:  #1079-D: standard requires that parameter "COND1" be given a type by a subsequent declaration ("int" assumed)
  int ASSERT_EQ(COND1,COND2){
..\..\..\main.c(673): warning:  #1079-D: standard requires that parameter "COND2" be given a type by a subsequent declaration ("int" assumed)
  int ASSERT_EQ(COND1,COND2){
..\..\..\main.c(675): warning:  #940-D: missing return statement at end of non-void function "ASSERT_EQ"
  }
..\..\..\main.c(1199): warning:  #177-D: variable "err_code" was declared but never referenced
  	uint32_t err_code;
..\..\..\main.c(1200): warning:  #177-D: variable "counter" was declared but never referenced
  	uint32_t counter = 0;
..\..\..\main.c(1280): warning:  #177-D: variable "err_code" was declared but never referenced
      uint32_t err_code;
..\..\..\main.c(1554): warning:  #177-D: variable "err_code" was declared but never referenced
  {   uint32_t err_code;
..\..\..\main.c(1744): warning:  #111-D: statement is unreachable
  		power_manage();
..\..\..\main.c(95): warning:  #550-D: variable "clear_to_send" was set but never used
  static bool clear_to_send = false;
..\..\..\main.c(146): warning:  #550-D: variable "m_intan_function" was set but never used
  static intan_function m_intan_function = DUMMY; //initialize state for DUMMY
..\..\..\main.c(153): warning:  #177-D: variable "m_spi_master_ex_state" was declared but never referenced
  static spi_master_ex_state_t m_spi_master_ex_state = (spi_master_ex_state_t)0;
..\..\..\main.c(187): warning:  #177-D: variable "t_length" was declared but never referenced
  static char t_length[4];
..\..\..\main.c(188): warning:  #177-D: variable "data_to_send" was declared but never referenced
  static uint8_t data_to_send = 65;
..\..\..\main.c(257): warning:  #177-D: function "intan_calibrate" was declared but never referenced
  static void intan_calibrate(uint8_t * const p_tx_buf,
..\..\..\main.c(268): warning:  #177-D: function "intan_clear" was declared but never referenced
  static void intan_clear(uint8_t * const p_tx_buf,
..\..\..\main.c(791): warning:  #177-D: function "spi_intan_id_handler" was declared but never referenced
  static void spi_intan_id_handler(void *pvParameter)
..\..\..\main.c(902): warning:  #177-D: function "test_callback" was declared but never referenced
  static void test_callback (void *pvParameter)
..\..\..\main.c(1625): warning:  #177-D: function "ble_init_handler" was declared but never referenced
  static void ble_init_handler(void* p_context)
..\..\..\main.c: 27 warnings, 0 errors
compiling ble_conn_params.c...
compiling ble_srv_common.c...
compiling nrf_delay.c...
compiling nrf_drv_common.c...
compiling device_manager_peripheral.c...
compiling nrf_drv_gpiote.c...
compiling nrf_drv_uart.c...
compiling pstorage.c...
compiling nrf_drv_spi.c...
compiling nrf_drv_clock.c...
compiling RTT_Syscalls_KEIL.c...
compiling nrf_soc.c...
compiling SEGGER_RTT.c...
compiling SEGGER_RTT_printf.c...
compiling app_uart_fifo.c...
compiling app_trace.c...
compiling app_error.c...
compiling nrf_assert.c...
compiling nrf_log.c...
compiling retarget.c...
compiling app_timer_freertos.c...
compiling app_util_platform.c...
compiling heatshrink_decoder.c...
compiling app_fifo.c...
compiling heatshrink_encoder.c...
..\..\..\heatshrink\heatshrink_encoder.c(394): warning:  #111-D: statement is unreachable
      (void)hse;
..\..\..\heatshrink\heatshrink_encoder.c(399): warning:  #111-D: statement is unreachable
      (void)hse;
..\..\..\heatshrink\heatshrink_encoder.c: 2 warnings, 0 errors
compiling softdevice_handler.c...
compiling croutine.c...
compiling event_groups.c...
compiling list.c...
compiling queue.c...
compiling heap_1.c...
compiling timers.c...
compiling port_cmsis.c...
compiling port.c...
compiling port_cmsis_systick.c...
assembling arm_startup_nrf51.s...
compiling system_nrf51.c...
compiling tasks.c...
linking...
Program Size: Code=25192 RO-data=552 RW-data=376 ZI-data=11400  
FromELF: creating hex file...
".\_build\nrf51422_xxac_s130.axf" - 0 Error(s), 29 Warning(s).

<h2>Software Packages used:</h2>

Package Vendor: ARM
                http://www.keil.com/pack/ARM.CMSIS.4.5.0.pack
                ARM::CMSIS:CORE:4.3.0
                CMSIS (Cortex Microcontroller Software Interface Standard)
   * Component: CORE Version: 4.3.0

Package Vendor: NordicSemiconductor
                http://developer.nordicsemi.com/nRF51_SDK/pieces/nRF_DeviceFamilyPack/NordicSemiconductor.nRF_DeviceFamilyPack.8.3.1.pack
                NordicSemiconductor::Device:Startup:8.3.1
                Nordic Semiconductor nRF ARM devices Device Family Pack.
   * Component: Startup Version: 8.3.1

<h2>Collection of Component include folders:</h2>
  C:\Users\stephen\Desktop\spring_2016\senior_design\ble\WNR\nRF5_complete\examples\ble_central\complete_peripheral\pca10028\s130\arm5_no_packs\RTE
  C:\Keil_v5\ARM\PACK\ARM\CMSIS\4.5.0\CMSIS\Include
  C:\Keil_v5\ARM\PACK\NordicSemiconductor\nRF_DeviceFamilyPack\8.3.1\Device\Include
  C:\Keil_v5\ARM\PACK\NordicSemiconductor\nRF_DeviceFamilyPack\8.3.2\Device\Include

<h2>Collection of Component Files used:</h2>

   * Component: ARM::CMSIS:CORE:4.3.0

   * Component: NordicSemiconductor::Device:Startup:8.3.1
      Source file:   Device\Source\system_nrf51.c
      Source file:   Device\Source\arm\arm_startup_nrf51.s
      Include file:  Device\Include\system_nrf51.h
Build Time Elapsed:  00:00:36
</pre>
</body>
</html>
