<!doctype html public "-//w3c//dtd html 4.0 transitional//en">
<html><head>
<title>Static Call Graph - [.\_build\nrf52832_xxaa_s132.axf]</title></head>
<body><HR>
<H1>Static Call Graph for image .\_build\nrf52832_xxaa_s132.axf</H1><HR>
<BR><P>#&#060CALLGRAPH&#062# ARM Linker, 5060061: Last Updated: Sat Apr 02 17:19:57 2016
<BR><P>
<H3>Maximum Stack Usage =        384 bytes + Unknown(Cycles, Untraceable Function Pointers)</H3><H3>
Call chain for Maximum Stack Depth:</H3>
ble_stack_thread &rArr; ble_advertising_start &rArr; ble_advdata_set &rArr; adv_data_encode &rArr; uuid_list_encode &rArr; uuid_list_sized_encode
<P>
<H3>
Mutually Recursive functions
</H3> <LI><a href="#[1]">NMI_Handler</a>&nbsp;&nbsp;&nbsp;&rArr;&nbsp;&nbsp;&nbsp;<a href="#[1]">NMI_Handler</a><BR>
 <LI><a href="#[2]">HardFault_Handler</a>&nbsp;&nbsp;&nbsp;&rArr;&nbsp;&nbsp;&nbsp;<a href="#[2]">HardFault_Handler</a><BR>
 <LI><a href="#[3]">MemoryManagement_Handler</a>&nbsp;&nbsp;&nbsp;&rArr;&nbsp;&nbsp;&nbsp;<a href="#[3]">MemoryManagement_Handler</a><BR>
 <LI><a href="#[4]">BusFault_Handler</a>&nbsp;&nbsp;&nbsp;&rArr;&nbsp;&nbsp;&nbsp;<a href="#[4]">BusFault_Handler</a><BR>
 <LI><a href="#[5]">UsageFault_Handler</a>&nbsp;&nbsp;&nbsp;&rArr;&nbsp;&nbsp;&nbsp;<a href="#[5]">UsageFault_Handler</a><BR>
 <LI><a href="#[8]">SysTick_Handler</a>&nbsp;&nbsp;&nbsp;&rArr;&nbsp;&nbsp;&nbsp;<a href="#[8]">SysTick_Handler</a><BR>
 <LI><a href="#[18]">CCM_AAR_IRQHandler</a>&nbsp;&nbsp;&nbsp;&rArr;&nbsp;&nbsp;&nbsp;<a href="#[18]">CCM_AAR_IRQHandler</a><BR>
 <LI><a href="#[88]">app_notify_error_state_transit</a>&nbsp;&nbsp;&nbsp;&rArr;&nbsp;&nbsp;&nbsp;<a href="#[8a]">sm_state_change</a><BR>
 <LI><a href="#[8a]">sm_state_change</a>&nbsp;&nbsp;&nbsp;&rArr;&nbsp;&nbsp;&nbsp;<a href="#[d5]">cmd_process</a><BR>
</UL>
<P>
<H3>
Function Pointers
</H3><UL>
 <LI><a href="#[4]">BusFault_Handler</a> from arm_startup_nrf52.o(.text) referenced from arm_startup_nrf52.o(RESET)
 <LI><a href="#[18]">CCM_AAR_IRQHandler</a> from arm_startup_nrf52.o(.text) referenced from arm_startup_nrf52.o(RESET)
 <LI><a href="#[1c]">COMP_LPCOMP_IRQHandler</a> from arm_startup_nrf52.o(.text) referenced from arm_startup_nrf52.o(RESET)
 <LI><a href="#[17]">ECB_IRQHandler</a> from arm_startup_nrf52.o(.text) referenced from arm_startup_nrf52.o(RESET)
 <LI><a href="#[f]">GPIOTE_IRQHandler</a> from nrf_drv_gpiote.o(i.GPIOTE_IRQHandler) referenced from arm_startup_nrf52.o(RESET)
 <LI><a href="#[2]">HardFault_Handler</a> from arm_startup_nrf52.o(.text) referenced from arm_startup_nrf52.o(RESET)
 <LI><a href="#[2c]">I2S_IRQHandler</a> from arm_startup_nrf52.o(.text) referenced from arm_startup_nrf52.o(RESET)
 <LI><a href="#[27]">MWU_IRQHandler</a> from arm_startup_nrf52.o(.text) referenced from arm_startup_nrf52.o(RESET)
 <LI><a href="#[3]">MemoryManagement_Handler</a> from arm_startup_nrf52.o(.text) referenced from arm_startup_nrf52.o(RESET)
 <LI><a href="#[e]">NFCT_IRQHandler</a> from arm_startup_nrf52.o(.text) referenced from arm_startup_nrf52.o(RESET)
 <LI><a href="#[1]">NMI_Handler</a> from arm_startup_nrf52.o(.text) referenced from arm_startup_nrf52.o(RESET)
 <LI><a href="#[26]">PDM_IRQHandler</a> from arm_startup_nrf52.o(.text) referenced from arm_startup_nrf52.o(RESET)
 <LI><a href="#[9]">POWER_CLOCK_IRQHandler</a> from arm_startup_nrf52.o(.text) referenced from arm_startup_nrf52.o(RESET)
 <LI><a href="#[25]">PWM0_IRQHandler</a> from arm_startup_nrf52.o(.text) referenced from arm_startup_nrf52.o(RESET)
 <LI><a href="#[28]">PWM1_IRQHandler</a> from arm_startup_nrf52.o(.text) referenced from arm_startup_nrf52.o(RESET)
 <LI><a href="#[29]">PWM2_IRQHandler</a> from arm_startup_nrf52.o(.text) referenced from arm_startup_nrf52.o(RESET)
 <LI><a href="#[7]">PendSV_Handler</a> from port.o(.emb_text) referenced from arm_startup_nrf52.o(RESET)
 <LI><a href="#[1b]">QDEC_IRQHandler</a> from arm_startup_nrf52.o(.text) referenced from arm_startup_nrf52.o(RESET)
 <LI><a href="#[a]">RADIO_IRQHandler</a> from arm_startup_nrf52.o(.text) referenced from arm_startup_nrf52.o(RESET)
 <LI><a href="#[16]">RNG_IRQHandler</a> from arm_startup_nrf52.o(.text) referenced from arm_startup_nrf52.o(RESET)
 <LI><a href="#[14]">RTC0_IRQHandler</a> from arm_startup_nrf52.o(.text) referenced from arm_startup_nrf52.o(RESET)
 <LI><a href="#[1a]">RTC1_IRQHandler</a> from port_cmsis_systick.o(i.RTC1_IRQHandler) referenced from arm_startup_nrf52.o(RESET)
 <LI><a href="#[2b]">RTC2_IRQHandler</a> from arm_startup_nrf52.o(.text) referenced from arm_startup_nrf52.o(RESET)
 <LI><a href="#[0]">Reset_Handler</a> from arm_startup_nrf52.o(.text) referenced from arm_startup_nrf52.o(RESET)
 <LI><a href="#[10]">SAADC_IRQHandler</a> from arm_startup_nrf52.o(.text) referenced from arm_startup_nrf52.o(RESET)
 <LI><a href="#[c]">SPIM0_SPIS0_TWIM0_TWIS0_SPI0_TWI0_IRQHandler</a> from arm_startup_nrf52.o(.text) referenced from arm_startup_nrf52.o(RESET)
 <LI><a href="#[d]">SPIM1_SPIS1_TWIM1_TWIS1_SPI1_TWI1_IRQHandler</a> from arm_startup_nrf52.o(.text) referenced from arm_startup_nrf52.o(RESET)
 <LI><a href="#[2a]">SPIM2_SPIS2_SPI2_IRQHandler</a> from arm_startup_nrf52.o(.text) referenced from arm_startup_nrf52.o(RESET)
 <LI><a href="#[6]">SVC_Handler</a> from port.o(.emb_text) referenced from arm_startup_nrf52.o(RESET)
 <LI><a href="#[1d]">SWI0_EGU0_IRQHandler</a> from arm_startup_nrf52.o(.text) referenced from arm_startup_nrf52.o(RESET)
 <LI><a href="#[1e]">SWI1_EGU1_IRQHandler</a> from arm_startup_nrf52.o(.text) referenced from arm_startup_nrf52.o(RESET)
 <LI><a href="#[1f]">SWI2_EGU2_IRQHandler</a> from softdevice_handler.o(i.SWI2_EGU2_IRQHandler) referenced from arm_startup_nrf52.o(RESET)
 <LI><a href="#[20]">SWI3_EGU3_IRQHandler</a> from arm_startup_nrf52.o(.text) referenced from arm_startup_nrf52.o(RESET)
 <LI><a href="#[21]">SWI4_EGU4_IRQHandler</a> from arm_startup_nrf52.o(.text) referenced from arm_startup_nrf52.o(RESET)
 <LI><a href="#[22]">SWI5_EGU5_IRQHandler</a> from arm_startup_nrf52.o(.text) referenced from arm_startup_nrf52.o(RESET)
 <LI><a href="#[8]">SysTick_Handler</a> from arm_startup_nrf52.o(.text) referenced from arm_startup_nrf52.o(RESET)
 <LI><a href="#[2e]">SystemInit</a> from system_nrf52.o(i.SystemInit) referenced from arm_startup_nrf52.o(.text)
 <LI><a href="#[15]">TEMP_IRQHandler</a> from arm_startup_nrf52.o(.text) referenced from arm_startup_nrf52.o(RESET)
 <LI><a href="#[11]">TIMER0_IRQHandler</a> from arm_startup_nrf52.o(.text) referenced from arm_startup_nrf52.o(RESET)
 <LI><a href="#[12]">TIMER1_IRQHandler</a> from arm_startup_nrf52.o(.text) referenced from arm_startup_nrf52.o(RESET)
 <LI><a href="#[13]">TIMER2_IRQHandler</a> from arm_startup_nrf52.o(.text) referenced from arm_startup_nrf52.o(RESET)
 <LI><a href="#[23]">TIMER3_IRQHandler</a> from arm_startup_nrf52.o(.text) referenced from arm_startup_nrf52.o(RESET)
 <LI><a href="#[24]">TIMER4_IRQHandler</a> from arm_startup_nrf52.o(.text) referenced from arm_startup_nrf52.o(RESET)
 <LI><a href="#[b]">UARTE0_UART0_IRQHandler</a> from nrf_drv_uart.o(i.UARTE0_UART0_IRQHandler) referenced from arm_startup_nrf52.o(RESET)
 <LI><a href="#[5]">UsageFault_Handler</a> from arm_startup_nrf52.o(.text) referenced from arm_startup_nrf52.o(RESET)
 <LI><a href="#[19]">WDT_IRQHandler</a> from arm_startup_nrf52.o(.text) referenced from arm_startup_nrf52.o(RESET)
 <LI><a href="#[2f]">__main</a> from entry.o(.ARM.Collect$$$$00000000) referenced from arm_startup_nrf52.o(.text)
 <LI><a href="#[3d]">alert_timer_handler</a> from bsp.o(i.alert_timer_handler) referenced from bsp.o(i.bsp_init)
 <LI><a href="#[32]">app_timer_callback</a> from app_timer_freertos.o(i.app_timer_callback) referenced from app_timer_freertos.o(i.app_timer_create)
 <LI><a href="#[46]">battery_level_meas_timeout_handler</a> from main.o(i.battery_level_meas_timeout_handler) referenced from main.o(i.timers_init)
 <LI><a href="#[35]">ble_evt_dispatch</a> from main.o(i.ble_evt_dispatch) referenced from main.o(i.ble_stack_init)
 <LI><a href="#[34]">ble_new_event_handler</a> from main.o(i.ble_new_event_handler) referenced from main.o(i.ble_stack_init)
 <LI><a href="#[43]">ble_stack_thread</a> from main.o(i.ble_stack_thread) referenced from main.o(i.main)
 <LI><a href="#[4c]">bsp_button_event_handler</a> from bsp.o(i.bsp_button_event_handler) referenced 4 times from bsp.o(.constdata)
 <LI><a href="#[37]">bsp_event_handler</a> from main.o(i.bsp_event_handler) referenced from main.o(i.ble_stack_thread)
 <LI><a href="#[3b]">button_timer_handler</a> from bsp.o(i.button_timer_handler) referenced from bsp.o(i.bsp_init)
 <LI><a href="#[3a]">conn_params_error_handler</a> from main.o(i.conn_params_error_handler) referenced from main.o(i.ble_stack_thread)
 <LI><a href="#[60]">data_page_erase_state_run</a> from pstorage.o(i.data_page_erase_state_run) referenced from pstorage.o(.constdata)
 <LI><a href="#[5f]">data_to_swap_write_state_run</a> from pstorage.o(i.data_to_swap_write_state_run) referenced from pstorage.o(.constdata)
 <LI><a href="#[31]">detection_delay_timeout_handler</a> from app_button.o(i.detection_delay_timeout_handler) referenced from app_button.o(i.app_button_init)
 <LI><a href="#[41]">device_manager_evt_handler</a> from main.o(i.device_manager_evt_handler) referenced from main.o(i.device_manager_init)
 <LI><a href="#[42]">dm_pstorage_cb_handler</a> from device_manager_peripheral.o(i.dm_pstorage_cb_handler) referenced from device_manager_peripheral.o(i.dm_init)
 <LI><a href="#[57]">gattc_context_apply</a> from device_manager_peripheral.o(i.gattc_context_apply) referenced from device_manager_peripheral.o(.constdata)
 <LI><a href="#[53]">gattc_context_load</a> from device_manager_peripheral.o(i.gattc_context_load) referenced from device_manager_peripheral.o(.constdata)
 <LI><a href="#[4f]">gattc_context_store</a> from device_manager_peripheral.o(i.gattc_context_store) referenced from device_manager_peripheral.o(.constdata)
 <LI><a href="#[56]">gatts_context_apply</a> from device_manager_peripheral.o(i.gatts_context_apply) referenced from device_manager_peripheral.o(.constdata)
 <LI><a href="#[52]">gatts_context_load</a> from device_manager_peripheral.o(i.gatts_context_load) referenced from device_manager_peripheral.o(.constdata)
 <LI><a href="#[4e]">gatts_context_store</a> from device_manager_peripheral.o(i.gatts_context_store) referenced from device_manager_peripheral.o(.constdata)
 <LI><a href="#[58]">gattsc_context_apply</a> from device_manager_peripheral.o(i.gattsc_context_apply) referenced from device_manager_peripheral.o(.constdata)
 <LI><a href="#[54]">gattsc_context_load</a> from device_manager_peripheral.o(i.gattsc_context_load) referenced from device_manager_peripheral.o(.constdata)
 <LI><a href="#[50]">gattsc_context_store</a> from device_manager_peripheral.o(i.gattsc_context_store) referenced from device_manager_peripheral.o(.constdata)
 <LI><a href="#[30]">gpiote_event_handler</a> from app_button.o(i.gpiote_event_handler) referenced from app_button.o(i.app_button_init)
 <LI><a href="#[62]">head_restore_state_run</a> from pstorage.o(i.head_restore_state_run) referenced from pstorage.o(.constdata)
 <LI><a href="#[47]">heart_rate_meas_timeout_handler</a> from main.o(i.heart_rate_meas_timeout_handler) referenced from main.o(i.timers_init)
 <LI><a href="#[3c]">leds_timer_handler</a> from bsp.o(i.leds_timer_handler) referenced from bsp.o(i.bsp_init)
 <LI><a href="#[2d]">main</a> from main.o(i.main) referenced from entry9a.o(.ARM.Collect$$$$0000000B)
 <LI><a href="#[55]">no_service_context_apply</a> from device_manager_peripheral.o(i.no_service_context_apply) referenced from device_manager_peripheral.o(.constdata)
 <LI><a href="#[51]">no_service_context_load</a> from device_manager_peripheral.o(i.no_service_context_load) referenced from device_manager_peripheral.o(.constdata)
 <LI><a href="#[4d]">no_service_context_store</a> from device_manager_peripheral.o(i.no_service_context_store) referenced from device_manager_peripheral.o(.constdata)
 <LI><a href="#[38]">on_adv_evt</a> from main.o(i.on_adv_evt) referenced from main.o(i.ble_stack_thread)
 <LI><a href="#[39]">on_conn_params_evt</a> from main.o(i.on_conn_params_evt) referenced from main.o(i.ble_stack_thread)
 <LI><a href="#[4a]">prvIdleTask</a> from tasks.o(i.prvIdleTask) referenced from tasks.o(i.vTaskStartScheduler)
 <LI><a href="#[44]">prvTaskExitError</a> from port_cmsis.o(i.prvTaskExitError) referenced from port_cmsis.o(i.pxPortInitialiseStack)
 <LI><a href="#[4b]">prvTimerTask</a> from timers.o(i.prvTimerTask) referenced from timers.o(i.xTimerCreateTimerTask)
 <LI><a href="#[40]">pstorage_store</a> from pstorage.o(i.pstorage_store) referenced from device_manager_peripheral.o(i.device_context_store)
 <LI><a href="#[40]">pstorage_store</a> from pstorage.o(i.pstorage_store) referenced from device_manager_peripheral.o(i.gatts_context_store)
 <LI><a href="#[3f]">pstorage_update</a> from pstorage.o(i.pstorage_update) referenced from device_manager_peripheral.o(i.device_context_store)
 <LI><a href="#[3f]">pstorage_update</a> from pstorage.o(i.pstorage_update) referenced from device_manager_peripheral.o(i.gatts_context_store)
 <LI><a href="#[48]">rr_interval_timeout_handler</a> from main.o(i.rr_interval_timeout_handler) referenced from main.o(i.timers_init)
 <LI><a href="#[49]">sensor_contact_detected_timeout_handler</a> from main.o(i.sensor_contact_detected_timeout_handler) referenced from main.o(i.timers_init)
 <LI><a href="#[45]">softdevice_fault_handler</a> from softdevice_handler.o(i.softdevice_fault_handler) referenced from softdevice_handler.o(i.softdevice_handler_init)
 <LI><a href="#[5b]">state_erase_data_page_entry_run</a> from pstorage.o(i.state_erase_data_page_entry_run) referenced from pstorage.o(.constdata)
 <LI><a href="#[5d]">state_restore_head_entry_run</a> from pstorage.o(i.state_restore_head_entry_run) referenced from pstorage.o(.constdata)
 <LI><a href="#[5c]">state_restore_tail_entry_run</a> from pstorage.o(i.state_restore_tail_entry_run) referenced from pstorage.o(.constdata)
 <LI><a href="#[59]">state_swap_erase_entry_run</a> from pstorage.o(i.state_swap_erase_entry_run) referenced from pstorage.o(.constdata)
 <LI><a href="#[5a]">state_write_data_swap_entry_run</a> from pstorage.o(i.state_write_data_swap_entry_run) referenced from pstorage.o(.constdata)
 <LI><a href="#[3e]">storage_operation_dummy_handler</a> from device_manager_peripheral.o(i.storage_operation_dummy_handler) referenced from device_manager_peripheral.o(i.device_context_store)
 <LI><a href="#[5e]">swap_erase_state_run</a> from pstorage.o(i.swap_erase_state_run) referenced from pstorage.o(.constdata)
 <LI><a href="#[36]">sys_evt_dispatch</a> from main.o(i.sys_evt_dispatch) referenced from main.o(i.ble_stack_init)
 <LI><a href="#[61]">tail_restore_state_run</a> from pstorage.o(i.tail_restore_state_run) referenced from pstorage.o(.constdata)
 <LI><a href="#[33]">update_timeout_handler</a> from ble_conn_params.o(i.update_timeout_handler) referenced from ble_conn_params.o(i.ble_conn_params_init)
</UL>
<P>
<H3>
Global Symbols
</H3>
<P><STRONG><a name="[2f]"></a>__main</STRONG> (Thumb, 0 bytes, Stack size unknown bytes, entry.o(.ARM.Collect$$$$00000000))
<BR>[Address Reference Count : 1]<UL><LI> arm_startup_nrf52.o(.text)
</UL>
<P><STRONG><a name="[13e]"></a>_main_stk</STRONG> (Thumb, 0 bytes, Stack size unknown bytes, entry2.o(.ARM.Collect$$$$00000001))

<P><STRONG><a name="[63]"></a>_main_scatterload</STRONG> (Thumb, 0 bytes, Stack size unknown bytes, entry5.o(.ARM.Collect$$$$00000004))
<BR><BR>[Calls]<UL><LI><a href="#[64]">&gt;&gt;</a>&nbsp;&nbsp;&nbsp;__scatterload
</UL>

<P><STRONG><a name="[69]"></a>__main_after_scatterload</STRONG> (Thumb, 0 bytes, Stack size unknown bytes, entry5.o(.ARM.Collect$$$$00000004))
<BR><BR>[Called By]<UL><LI><a href="#[64]">&gt;&gt;</a>&nbsp;&nbsp;&nbsp;__scatterload
</UL>

<P><STRONG><a name="[13f]"></a>_main_clock</STRONG> (Thumb, 0 bytes, Stack size unknown bytes, entry7b.o(.ARM.Collect$$$$00000008))

<P><STRONG><a name="[140]"></a>_main_cpp_init</STRONG> (Thumb, 0 bytes, Stack size unknown bytes, entry8b.o(.ARM.Collect$$$$0000000A))

<P><STRONG><a name="[141]"></a>_main_init</STRONG> (Thumb, 0 bytes, Stack size unknown bytes, entry9a.o(.ARM.Collect$$$$0000000B))

<P><STRONG><a name="[142]"></a>__rt_final_cpp</STRONG> (Thumb, 0 bytes, Stack size unknown bytes, entry10a.o(.ARM.Collect$$$$0000000D))

<P><STRONG><a name="[143]"></a>__rt_final_exit</STRONG> (Thumb, 0 bytes, Stack size unknown bytes, entry11a.o(.ARM.Collect$$$$0000000F))

<P><STRONG><a name="[6]"></a>SVC_Handler</STRONG> (Thumb, 28 bytes, Stack size 0 bytes, port.o(.emb_text))
<BR>[Address Reference Count : 1]<UL><LI> arm_startup_nrf52.o(RESET)
</UL>
<P><STRONG><a name="[132]"></a>vPortStartFirstTask</STRONG> (Thumb, 32 bytes, Stack size 0 bytes, port.o(.emb_text))
<BR><BR>[Called By]<UL><LI><a href="#[131]">&gt;&gt;</a>&nbsp;&nbsp;&nbsp;xPortStartScheduler
</UL>

<P><STRONG><a name="[7]"></a>PendSV_Handler</STRONG> (Thumb, 88 bytes, Stack size 0 bytes, port.o(.emb_text))
<BR><BR>[Calls]<UL><LI><a href="#[65]">&gt;&gt;</a>&nbsp;&nbsp;&nbsp;vTaskSwitchContext
</UL>
<BR>[Address Reference Count : 1]<UL><LI> arm_startup_nrf52.o(RESET)
</UL>
<P><STRONG><a name="[0]"></a>Reset_Handler</STRONG> (Thumb, 8 bytes, Stack size 0 bytes, arm_startup_nrf52.o(.text))
<BR>[Address Reference Count : 1]<UL><LI> arm_startup_nrf52.o(RESET)
</UL>
<P><STRONG><a name="[1]"></a>NMI_Handler</STRONG> (Thumb, 2 bytes, Stack size 0 bytes, arm_startup_nrf52.o(.text))
<BR><BR>[Calls]<UL><LI><a href="#[1]">&gt;&gt;</a>&nbsp;&nbsp;&nbsp;NMI_Handler
</UL>
<BR>[Called By]<UL><LI><a href="#[1]">&gt;&gt;</a>&nbsp;&nbsp;&nbsp;NMI_Handler
</UL>
<BR>[Address Reference Count : 1]<UL><LI> arm_startup_nrf52.o(RESET)
</UL>
<P><STRONG><a name="[2]"></a>HardFault_Handler</STRONG> (Thumb, 2 bytes, Stack size 0 bytes, arm_startup_nrf52.o(.text))
<BR><BR>[Calls]<UL><LI><a href="#[2]">&gt;&gt;</a>&nbsp;&nbsp;&nbsp;HardFault_Handler
</UL>
<BR>[Called By]<UL><LI><a href="#[2]">&gt;&gt;</a>&nbsp;&nbsp;&nbsp;HardFault_Handler
</UL>
<BR>[Address Reference Count : 1]<UL><LI> arm_startup_nrf52.o(RESET)
</UL>
<P><STRONG><a name="[3]"></a>MemoryManagement_Handler</STRONG> (Thumb, 2 bytes, Stack size 0 bytes, arm_startup_nrf52.o(.text))
<BR><BR>[Calls]<UL><LI><a href="#[3]">&gt;&gt;</a>&nbsp;&nbsp;&nbsp;MemoryManagement_Handler
</UL>
<BR>[Called By]<UL><LI><a href="#[3]">&gt;&gt;</a>&nbsp;&nbsp;&nbsp;MemoryManagement_Handler
</UL>
<BR>[Address Reference Count : 1]<UL><LI> arm_startup_nrf52.o(RESET)
</UL>
<P><STRONG><a name="[4]"></a>BusFault_Handler</STRONG> (Thumb, 2 bytes, Stack size 0 bytes, arm_startup_nrf52.o(.text))
<BR><BR>[Calls]<UL><LI><a href="#[4]">&gt;&gt;</a>&nbsp;&nbsp;&nbsp;BusFault_Handler
</UL>
<BR>[Called By]<UL><LI><a href="#[4]">&gt;&gt;</a>&nbsp;&nbsp;&nbsp;BusFault_Handler
</UL>
<BR>[Address Reference Count : 1]<UL><LI> arm_startup_nrf52.o(RESET)
</UL>
<P><STRONG><a name="[5]"></a>UsageFault_Handler</STRONG> (Thumb, 2 bytes, Stack size 0 bytes, arm_startup_nrf52.o(.text))
<BR><BR>[Calls]<UL><LI><a href="#[5]">&gt;&gt;</a>&nbsp;&nbsp;&nbsp;UsageFault_Handler
</UL>
<BR>[Called By]<UL><LI><a href="#[5]">&gt;&gt;</a>&nbsp;&nbsp;&nbsp;UsageFault_Handler
</UL>
<BR>[Address Reference Count : 1]<UL><LI> arm_startup_nrf52.o(RESET)
</UL>
<P><STRONG><a name="[8]"></a>SysTick_Handler</STRONG> (Thumb, 2 bytes, Stack size 0 bytes, arm_startup_nrf52.o(.text))
<BR><BR>[Calls]<UL><LI><a href="#[8]">&gt;&gt;</a>&nbsp;&nbsp;&nbsp;SysTick_Handler
</UL>
<BR>[Called By]<UL><LI><a href="#[8]">&gt;&gt;</a>&nbsp;&nbsp;&nbsp;SysTick_Handler
</UL>
<BR>[Address Reference Count : 1]<UL><LI> arm_startup_nrf52.o(RESET)
</UL>
<P><STRONG><a name="[18]"></a>CCM_AAR_IRQHandler</STRONG> (Thumb, 0 bytes, Stack size 0 bytes, arm_startup_nrf52.o(.text))
<BR><BR>[Calls]<UL><LI><a href="#[18]">&gt;&gt;</a>&nbsp;&nbsp;&nbsp;CCM_AAR_IRQHandler
</UL>
<BR>[Called By]<UL><LI><a href="#[18]">&gt;&gt;</a>&nbsp;&nbsp;&nbsp;CCM_AAR_IRQHandler
</UL>
<BR>[Address Reference Count : 1]<UL><LI> arm_startup_nrf52.o(RESET)
</UL>
<P><STRONG><a name="[1c]"></a>COMP_LPCOMP_IRQHandler</STRONG> (Thumb, 0 bytes, Stack size 0 bytes, arm_startup_nrf52.o(.text))
<BR>[Address Reference Count : 1]<UL><LI> arm_startup_nrf52.o(RESET)
</UL>
<P><STRONG><a name="[17]"></a>ECB_IRQHandler</STRONG> (Thumb, 0 bytes, Stack size 0 bytes, arm_startup_nrf52.o(.text))
<BR>[Address Reference Count : 1]<UL><LI> arm_startup_nrf52.o(RESET)
</UL>
<P><STRONG><a name="[2c]"></a>I2S_IRQHandler</STRONG> (Thumb, 0 bytes, Stack size 0 bytes, arm_startup_nrf52.o(.text))
<BR>[Address Reference Count : 1]<UL><LI> arm_startup_nrf52.o(RESET)
</UL>
<P><STRONG><a name="[27]"></a>MWU_IRQHandler</STRONG> (Thumb, 0 bytes, Stack size 0 bytes, arm_startup_nrf52.o(.text))
<BR>[Address Reference Count : 1]<UL><LI> arm_startup_nrf52.o(RESET)
</UL>
<P><STRONG><a name="[e]"></a>NFCT_IRQHandler</STRONG> (Thumb, 0 bytes, Stack size 0 bytes, arm_startup_nrf52.o(.text))
<BR>[Address Reference Count : 1]<UL><LI> arm_startup_nrf52.o(RESET)
</UL>
<P><STRONG><a name="[26]"></a>PDM_IRQHandler</STRONG> (Thumb, 0 bytes, Stack size 0 bytes, arm_startup_nrf52.o(.text))
<BR>[Address Reference Count : 1]<UL><LI> arm_startup_nrf52.o(RESET)
</UL>
<P><STRONG><a name="[9]"></a>POWER_CLOCK_IRQHandler</STRONG> (Thumb, 0 bytes, Stack size 0 bytes, arm_startup_nrf52.o(.text))
<BR>[Address Reference Count : 1]<UL><LI> arm_startup_nrf52.o(RESET)
</UL>
<P><STRONG><a name="[25]"></a>PWM0_IRQHandler</STRONG> (Thumb, 0 bytes, Stack size 0 bytes, arm_startup_nrf52.o(.text))
<BR>[Address Reference Count : 1]<UL><LI> arm_startup_nrf52.o(RESET)
</UL>
<P><STRONG><a name="[28]"></a>PWM1_IRQHandler</STRONG> (Thumb, 0 bytes, Stack size 0 bytes, arm_startup_nrf52.o(.text))
<BR>[Address Reference Count : 1]<UL><LI> arm_startup_nrf52.o(RESET)
</UL>
<P><STRONG><a name="[29]"></a>PWM2_IRQHandler</STRONG> (Thumb, 0 bytes, Stack size 0 bytes, arm_startup_nrf52.o(.text))
<BR>[Address Reference Count : 1]<UL><LI> arm_startup_nrf52.o(RESET)
</UL>
<P><STRONG><a name="[1b]"></a>QDEC_IRQHandler</STRONG> (Thumb, 0 bytes, Stack size 0 bytes, arm_startup_nrf52.o(.text))
<BR>[Address Reference Count : 1]<UL><LI> arm_startup_nrf52.o(RESET)
</UL>
<P><STRONG><a name="[a]"></a>RADIO_IRQHandler</STRONG> (Thumb, 0 bytes, Stack size 0 bytes, arm_startup_nrf52.o(.text))
<BR>[Address Reference Count : 1]<UL><LI> arm_startup_nrf52.o(RESET)
</UL>
<P><STRONG><a name="[16]"></a>RNG_IRQHandler</STRONG> (Thumb, 0 bytes, Stack size 0 bytes, arm_startup_nrf52.o(.text))
<BR>[Address Reference Count : 1]<UL><LI> arm_startup_nrf52.o(RESET)
</UL>
<P><STRONG><a name="[14]"></a>RTC0_IRQHandler</STRONG> (Thumb, 0 bytes, Stack size 0 bytes, arm_startup_nrf52.o(.text))
<BR>[Address Reference Count : 1]<UL><LI> arm_startup_nrf52.o(RESET)
</UL>
<P><STRONG><a name="[2b]"></a>RTC2_IRQHandler</STRONG> (Thumb, 0 bytes, Stack size 0 bytes, arm_startup_nrf52.o(.text))
<BR>[Address Reference Count : 1]<UL><LI> arm_startup_nrf52.o(RESET)
</UL>
<P><STRONG><a name="[10]"></a>SAADC_IRQHandler</STRONG> (Thumb, 0 bytes, Stack size 0 bytes, arm_startup_nrf52.o(.text))
<BR>[Address Reference Count : 1]<UL><LI> arm_startup_nrf52.o(RESET)
</UL>
<P><STRONG><a name="[c]"></a>SPIM0_SPIS0_TWIM0_TWIS0_SPI0_TWI0_IRQHandler</STRONG> (Thumb, 0 bytes, Stack size 0 bytes, arm_startup_nrf52.o(.text))
<BR>[Address Reference Count : 1]<UL><LI> arm_startup_nrf52.o(RESET)
</UL>
<P><STRONG><a name="[d]"></a>SPIM1_SPIS1_TWIM1_TWIS1_SPI1_TWI1_IRQHandler</STRONG> (Thumb, 0 bytes, Stack size 0 bytes, arm_startup_nrf52.o(.text))
<BR>[Address Reference Count : 1]<UL><LI> arm_startup_nrf52.o(RESET)
</UL>
<P><STRONG><a name="[2a]"></a>SPIM2_SPIS2_SPI2_IRQHandler</STRONG> (Thumb, 0 bytes, Stack size 0 bytes, arm_startup_nrf52.o(.text))
<BR>[Address Reference Count : 1]<UL><LI> arm_startup_nrf52.o(RESET)
</UL>
<P><STRONG><a name="[1d]"></a>SWI0_EGU0_IRQHandler</STRONG> (Thumb, 0 bytes, Stack size 0 bytes, arm_startup_nrf52.o(.text))
<BR>[Address Reference Count : 1]<UL><LI> arm_startup_nrf52.o(RESET)
</UL>
<P><STRONG><a name="[1e]"></a>SWI1_EGU1_IRQHandler</STRONG> (Thumb, 0 bytes, Stack size 0 bytes, arm_startup_nrf52.o(.text))
<BR>[Address Reference Count : 1]<UL><LI> arm_startup_nrf52.o(RESET)
</UL>
<P><STRONG><a name="[20]"></a>SWI3_EGU3_IRQHandler</STRONG> (Thumb, 0 bytes, Stack size 0 bytes, arm_startup_nrf52.o(.text))
<BR>[Address Reference Count : 1]<UL><LI> arm_startup_nrf52.o(RESET)
</UL>
<P><STRONG><a name="[21]"></a>SWI4_EGU4_IRQHandler</STRONG> (Thumb, 0 bytes, Stack size 0 bytes, arm_startup_nrf52.o(.text))
<BR>[Address Reference Count : 1]<UL><LI> arm_startup_nrf52.o(RESET)
</UL>
<P><STRONG><a name="[22]"></a>SWI5_EGU5_IRQHandler</STRONG> (Thumb, 0 bytes, Stack size 0 bytes, arm_startup_nrf52.o(.text))
<BR>[Address Reference Count : 1]<UL><LI> arm_startup_nrf52.o(RESET)
</UL>
<P><STRONG><a name="[15]"></a>TEMP_IRQHandler</STRONG> (Thumb, 0 bytes, Stack size 0 bytes, arm_startup_nrf52.o(.text))
<BR>[Address Reference Count : 1]<UL><LI> arm_startup_nrf52.o(RESET)
</UL>
<P><STRONG><a name="[11]"></a>TIMER0_IRQHandler</STRONG> (Thumb, 0 bytes, Stack size 0 bytes, arm_startup_nrf52.o(.text))
<BR>[Address Reference Count : 1]<UL><LI> arm_startup_nrf52.o(RESET)
</UL>
<P><STRONG><a name="[12]"></a>TIMER1_IRQHandler</STRONG> (Thumb, 0 bytes, Stack size 0 bytes, arm_startup_nrf52.o(.text))
<BR>[Address Reference Count : 1]<UL><LI> arm_startup_nrf52.o(RESET)
</UL>
<P><STRONG><a name="[13]"></a>TIMER2_IRQHandler</STRONG> (Thumb, 0 bytes, Stack size 0 bytes, arm_startup_nrf52.o(.text))
<BR>[Address Reference Count : 1]<UL><LI> arm_startup_nrf52.o(RESET)
</UL>
<P><STRONG><a name="[23]"></a>TIMER3_IRQHandler</STRONG> (Thumb, 0 bytes, Stack size 0 bytes, arm_startup_nrf52.o(.text))
<BR>[Address Reference Count : 1]<UL><LI> arm_startup_nrf52.o(RESET)
</UL>
<P><STRONG><a name="[24]"></a>TIMER4_IRQHandler</STRONG> (Thumb, 0 bytes, Stack size 0 bytes, arm_startup_nrf52.o(.text))
<BR>[Address Reference Count : 1]<UL><LI> arm_startup_nrf52.o(RESET)
</UL>
<P><STRONG><a name="[19]"></a>WDT_IRQHandler</STRONG> (Thumb, 0 bytes, Stack size 0 bytes, arm_startup_nrf52.o(.text))
<BR>[Address Reference Count : 1]<UL><LI> arm_startup_nrf52.o(RESET)
</UL>
<P><STRONG><a name="[144]"></a>___aeabi_memcpy8$move</STRONG> (Thumb, 0 bytes, Stack size 8 bytes, memmovea.o(.text), UNUSED)

<P><STRONG><a name="[f6]"></a>__aeabi_memcpy</STRONG> (Thumb, 64 bytes, Stack size 8 bytes, memmovea.o(.text))
<BR><BR>[Stack]<UL><LI>Max Depth = 8<LI>Call Chain = __aeabi_memcpy
</UL>
<BR>[Called By]<UL><LI><a href="#[10a]">&gt;&gt;</a>&nbsp;&nbsp;&nbsp;prvCopyDataToQueue
<LI><a href="#[109]">&gt;&gt;</a>&nbsp;&nbsp;&nbsp;prvCopyDataFromQueue
<LI><a href="#[cb]">&gt;&gt;</a>&nbsp;&nbsp;&nbsp;pstorage_load
<LI><a href="#[7c]">&gt;&gt;</a>&nbsp;&nbsp;&nbsp;service_data_encode
<LI><a href="#[7b]">&gt;&gt;</a>&nbsp;&nbsp;&nbsp;manuf_specific_data_encode
</UL>

<P><STRONG><a name="[9a]"></a>__aeabi_memcpy4</STRONG> (Thumb, 0 bytes, Stack size 8 bytes, memmovea.o(.text))
<BR><BR>[Stack]<UL><LI>Max Depth = 8<LI>Call Chain = __aeabi_memcpy4
</UL>
<BR>[Called By]<UL><LI><a href="#[a4]">&gt;&gt;</a>&nbsp;&nbsp;&nbsp;ble_conn_params_init
<LI><a href="#[99]">&gt;&gt;</a>&nbsp;&nbsp;&nbsp;ble_advertising_init
<LI><a href="#[4e]">&gt;&gt;</a>&nbsp;&nbsp;&nbsp;gatts_context_store
</UL>

<P><STRONG><a name="[b6]"></a>__aeabi_memmove</STRONG> (Thumb, 0 bytes, Stack size 8 bytes, memmovea.o(.text))
<BR><BR>[Stack]<UL><LI>Max Depth = 8<LI>Call Chain = __aeabi_memmove
</UL>
<BR>[Called By]<UL><LI><a href="#[b5]">&gt;&gt;</a>&nbsp;&nbsp;&nbsp;ble_hrs_rr_interval_add
<LI><a href="#[b1]">&gt;&gt;</a>&nbsp;&nbsp;&nbsp;hrm_encode
</UL>

<P><STRONG><a name="[145]"></a>__aeabi_memmove4</STRONG> (Thumb, 0 bytes, Stack size 8 bytes, memmovea.o(.text), UNUSED)

<P><STRONG><a name="[146]"></a>__aeabi_memmove8</STRONG> (Thumb, 0 bytes, Stack size 8 bytes, memmovea.o(.text), UNUSED)

<P><STRONG><a name="[67]"></a>__aeabi_memset</STRONG> (Thumb, 14 bytes, Stack size 0 bytes, memseta.o(.text))
<BR><BR>[Called By]<UL><LI><a href="#[f4]">&gt;&gt;</a>&nbsp;&nbsp;&nbsp;xTaskGenericCreate
<LI><a href="#[68]">&gt;&gt;</a>&nbsp;&nbsp;&nbsp;_memset$wrapper
<LI><a href="#[66]">&gt;&gt;</a>&nbsp;&nbsp;&nbsp;__aeabi_memclr
</UL>

<P><STRONG><a name="[147]"></a>__aeabi_memset4</STRONG> (Thumb, 0 bytes, Stack size 0 bytes, memseta.o(.text), UNUSED)

<P><STRONG><a name="[148]"></a>__aeabi_memset8</STRONG> (Thumb, 0 bytes, Stack size 0 bytes, memseta.o(.text), UNUSED)

<P><STRONG><a name="[66]"></a>__aeabi_memclr</STRONG> (Thumb, 4 bytes, Stack size 0 bytes, memseta.o(.text))
<BR><BR>[Calls]<UL><LI><a href="#[67]">&gt;&gt;</a>&nbsp;&nbsp;&nbsp;__aeabi_memset
</UL>
<BR>[Called By]<UL><LI><a href="#[e2]">&gt;&gt;</a>&nbsp;&nbsp;&nbsp;peer_instance_init
</UL>

<P><STRONG><a name="[94]"></a>__aeabi_memclr4</STRONG> (Thumb, 0 bytes, Stack size 0 bytes, memseta.o(.text))
<BR><BR>[Called By]<UL><LI><a href="#[bc]">&gt;&gt;</a>&nbsp;&nbsp;&nbsp;softdevice_enable_get_default_config
<LI><a href="#[e4]">&gt;&gt;</a>&nbsp;&nbsp;&nbsp;dm_init
<LI><a href="#[ab]">&gt;&gt;</a>&nbsp;&nbsp;&nbsp;dm_ble_evt_handler
<LI><a href="#[9d]">&gt;&gt;</a>&nbsp;&nbsp;&nbsp;ble_advertising_start
<LI><a href="#[99]">&gt;&gt;</a>&nbsp;&nbsp;&nbsp;ble_advertising_init
<LI><a href="#[c6]">&gt;&gt;</a>&nbsp;&nbsp;&nbsp;services_init
<LI><a href="#[43]">&gt;&gt;</a>&nbsp;&nbsp;&nbsp;ble_stack_thread
<LI><a href="#[4e]">&gt;&gt;</a>&nbsp;&nbsp;&nbsp;gatts_context_store
<LI><a href="#[42]">&gt;&gt;</a>&nbsp;&nbsp;&nbsp;dm_pstorage_cb_handler
<LI><a href="#[b3]">&gt;&gt;</a>&nbsp;&nbsp;&nbsp;heart_rate_measurement_char_add
<LI><a href="#[b4]">&gt;&gt;</a>&nbsp;&nbsp;&nbsp;body_sensor_location_char_add
<LI><a href="#[a8]">&gt;&gt;</a>&nbsp;&nbsp;&nbsp;char_add
<LI><a href="#[93]">&gt;&gt;</a>&nbsp;&nbsp;&nbsp;battery_level_char_add
</UL>

<P><STRONG><a name="[149]"></a>__aeabi_memclr8</STRONG> (Thumb, 0 bytes, Stack size 0 bytes, memseta.o(.text), UNUSED)

<P><STRONG><a name="[68]"></a>_memset$wrapper</STRONG> (Thumb, 18 bytes, Stack size 8 bytes, memseta.o(.text), UNUSED)
<BR><BR>[Calls]<UL><LI><a href="#[67]">&gt;&gt;</a>&nbsp;&nbsp;&nbsp;__aeabi_memset
</UL>

<P><STRONG><a name="[b9]"></a>strlen</STRONG> (Thumb, 14 bytes, Stack size 0 bytes, strlen.o(.text))
<BR><BR>[Called By]<UL><LI><a href="#[b8]">&gt;&gt;</a>&nbsp;&nbsp;&nbsp;ble_srv_ascii_to_utf8
</UL>

<P><STRONG><a name="[df]"></a>memcmp</STRONG> (Thumb, 26 bytes, Stack size 12 bytes, memcmp.o(.text))
<BR><BR>[Stack]<UL><LI>Max Depth = 12<LI>Call Chain = memcmp
</UL>
<BR>[Called By]<UL><LI><a href="#[4e]">&gt;&gt;</a>&nbsp;&nbsp;&nbsp;gatts_context_store
<LI><a href="#[42]">&gt;&gt;</a>&nbsp;&nbsp;&nbsp;dm_pstorage_cb_handler
<LI><a href="#[de]">&gt;&gt;</a>&nbsp;&nbsp;&nbsp;device_instance_find
</UL>

<P><STRONG><a name="[64]"></a>__scatterload</STRONG> (Thumb, 28 bytes, Stack size 0 bytes, init.o(.text))
<BR><BR>[Calls]<UL><LI><a href="#[69]">&gt;&gt;</a>&nbsp;&nbsp;&nbsp;__main_after_scatterload
</UL>
<BR>[Called By]<UL><LI><a href="#[63]">&gt;&gt;</a>&nbsp;&nbsp;&nbsp;_main_scatterload
</UL>

<P><STRONG><a name="[14a]"></a>__scatterload_rt2</STRONG> (Thumb, 0 bytes, Stack size 0 bytes, init.o(.text), UNUSED)

<P><STRONG><a name="[14b]"></a>__decompress</STRONG> (Thumb, 0 bytes, Stack size unknown bytes, __dczerorl2.o(.text), UNUSED)

<P><STRONG><a name="[14c]"></a>__decompress1</STRONG> (Thumb, 86 bytes, Stack size unknown bytes, __dczerorl2.o(.text), UNUSED)

<P><STRONG><a name="[f]"></a>GPIOTE_IRQHandler</STRONG> (Thumb, 248 bytes, Stack size 32 bytes, nrf_drv_gpiote.o(i.GPIOTE_IRQHandler))
<BR><BR>[Stack]<UL><LI>Max Depth = 40<LI>Call Chain = GPIOTE_IRQHandler &rArr; nrf_gpiote_event_clear
</UL>
<BR>[Calls]<UL><LI><a href="#[6a]">&gt;&gt;</a>&nbsp;&nbsp;&nbsp;nrf_gpiote_event_is_set
<LI><a href="#[6b]">&gt;&gt;</a>&nbsp;&nbsp;&nbsp;nrf_gpiote_event_clear
<LI><a href="#[6d]">&gt;&gt;</a>&nbsp;&nbsp;&nbsp;nrf_gpio_cfg_sense_set
<LI><a href="#[6c]">&gt;&gt;</a>&nbsp;&nbsp;&nbsp;channel_port_get
</UL>
<BR>[Address Reference Count : 1]<UL><LI> arm_startup_nrf52.o(RESET)
</UL>
<P><STRONG><a name="[1a]"></a>RTC1_IRQHandler</STRONG> (Thumb, 84 bytes, Stack size 16 bytes, port_cmsis_systick.o(i.RTC1_IRQHandler))
<BR><BR>[Stack]<UL><LI>Max Depth = 40<LI>Call Chain = RTC1_IRQHandler &rArr; xTaskIncrementTick
</UL>
<BR>[Calls]<UL><LI><a href="#[70]">&gt;&gt;</a>&nbsp;&nbsp;&nbsp;xTaskIncrementTick
<LI><a href="#[6e]">&gt;&gt;</a>&nbsp;&nbsp;&nbsp;xTaskGetTickCountFromISR
<LI><a href="#[6f]">&gt;&gt;</a>&nbsp;&nbsp;&nbsp;vTaskStepTick
</UL>
<BR>[Address Reference Count : 1]<UL><LI> arm_startup_nrf52.o(RESET)
</UL>
<P><STRONG><a name="[1f]"></a>SWI2_EGU2_IRQHandler</STRONG> (Thumb, 32 bytes, Stack size 8 bytes, softdevice_handler.o(i.SWI2_EGU2_IRQHandler))
<BR><BR>[Stack]<UL><LI>Max Depth = 48<LI>Call Chain = SWI2_EGU2_IRQHandler &rArr; intern_softdevice_events_execute &rArr; app_error_handler_bare
</UL>
<BR>[Calls]<UL><LI><a href="#[72]">&gt;&gt;</a>&nbsp;&nbsp;&nbsp;intern_softdevice_events_execute
<LI><a href="#[71]">&gt;&gt;</a>&nbsp;&nbsp;&nbsp;app_error_handler_bare
</UL>
<BR>[Address Reference Count : 1]<UL><LI> arm_startup_nrf52.o(RESET)
</UL>
<P><STRONG><a name="[2e]"></a>SystemInit</STRONG> (Thumb, 562 bytes, Stack size 20 bytes, system_nrf52.o(i.SystemInit))
<BR><BR>[Stack]<UL><LI>Max Depth = 20<LI>Call Chain = SystemInit
</UL>
<BR>[Address Reference Count : 1]<UL><LI> arm_startup_nrf52.o(.text)
</UL>
<P><STRONG><a name="[b]"></a>UARTE0_UART0_IRQHandler</STRONG> (Thumb, 14 bytes, Stack size 0 bytes, nrf_drv_uart.o(i.UARTE0_UART0_IRQHandler))
<BR><BR>[Stack]<UL><LI>Max Depth = 64<LI>Call Chain = UARTE0_UART0_IRQHandler &rArr; uart_irq_handler &rArr; tx_done_event
</UL>
<BR>[Calls]<UL><LI><a href="#[73]">&gt;&gt;</a>&nbsp;&nbsp;&nbsp;uarte_irq_handler
<LI><a href="#[74]">&gt;&gt;</a>&nbsp;&nbsp;&nbsp;uart_irq_handler
</UL>
<BR>[Address Reference Count : 1]<UL><LI> arm_startup_nrf52.o(RESET)
</UL>
<P><STRONG><a name="[14d]"></a>__scatterload_copy</STRONG> (Thumb, 14 bytes, Stack size unknown bytes, handlers.o(i.__scatterload_copy), UNUSED)

<P><STRONG><a name="[14e]"></a>__scatterload_null</STRONG> (Thumb, 2 bytes, Stack size unknown bytes, handlers.o(i.__scatterload_null), UNUSED)

<P><STRONG><a name="[14f]"></a>__scatterload_zeroinit</STRONG> (Thumb, 14 bytes, Stack size unknown bytes, handlers.o(i.__scatterload_zeroinit), UNUSED)

<P><STRONG><a name="[75]"></a>adv_data_encode</STRONG> (Thumb, 514 bytes, Stack size 48 bytes, ble_advdata.o(i.adv_data_encode))
<BR><BR>[Stack]<UL><LI>Max Depth = 128<LI>Call Chain = adv_data_encode &rArr; uuid_list_encode &rArr; uuid_list_sized_encode
</UL>
<BR>[Calls]<UL><LI><a href="#[79]">&gt;&gt;</a>&nbsp;&nbsp;&nbsp;uuid_list_encode
<LI><a href="#[78]">&gt;&gt;</a>&nbsp;&nbsp;&nbsp;uint16_encode
<LI><a href="#[7c]">&gt;&gt;</a>&nbsp;&nbsp;&nbsp;service_data_encode
<LI><a href="#[7d]">&gt;&gt;</a>&nbsp;&nbsp;&nbsp;name_encode
<LI><a href="#[7b]">&gt;&gt;</a>&nbsp;&nbsp;&nbsp;manuf_specific_data_encode
<LI><a href="#[76]">&gt;&gt;</a>&nbsp;&nbsp;&nbsp;le_role_encode
<LI><a href="#[7a]">&gt;&gt;</a>&nbsp;&nbsp;&nbsp;conn_int_encode
<LI><a href="#[77]">&gt;&gt;</a>&nbsp;&nbsp;&nbsp;ble_device_addr_encode
</UL>
<BR>[Called By]<UL><LI><a href="#[98]">&gt;&gt;</a>&nbsp;&nbsp;&nbsp;ble_advdata_set
</UL>

<P><STRONG><a name="[80]"></a>app_button_enable</STRONG> (Thumb, 32 bytes, Stack size 16 bytes, app_button.o(i.app_button_enable))
<BR><BR>[Stack]<UL><LI>Max Depth = 56<LI>Call Chain = app_button_enable &rArr; nrf_drv_gpiote_in_event_enable &rArr; nrf_gpiote_event_clear
</UL>
<BR>[Calls]<UL><LI><a href="#[81]">&gt;&gt;</a>&nbsp;&nbsp;&nbsp;nrf_drv_gpiote_in_event_enable
</UL>
<BR>[Called By]<UL><LI><a href="#[c2]">&gt;&gt;</a>&nbsp;&nbsp;&nbsp;bsp_init
</UL>

<P><STRONG><a name="[82]"></a>app_button_init</STRONG> (Thumb, 96 bytes, Stack size 24 bytes, app_button.o(i.app_button_init))
<BR><BR>[Stack]<UL><LI>Max Depth = 168<LI>Call Chain = app_button_init &rArr; app_timer_create &rArr; xTimerCreate &rArr; prvCheckForValidListAndQueue &rArr; xQueueGenericCreate &rArr; pvPortMalloc &rArr; xTaskResumeAll &rArr; xTaskIncrementTick
</UL>
<BR>[Calls]<UL><LI><a href="#[86]">&gt;&gt;</a>&nbsp;&nbsp;&nbsp;app_timer_create
<LI><a href="#[83]">&gt;&gt;</a>&nbsp;&nbsp;&nbsp;nrf_drv_gpiote_is_init
<LI><a href="#[84]">&gt;&gt;</a>&nbsp;&nbsp;&nbsp;nrf_drv_gpiote_init
<LI><a href="#[85]">&gt;&gt;</a>&nbsp;&nbsp;&nbsp;nrf_drv_gpiote_in_init
</UL>
<BR>[Called By]<UL><LI><a href="#[c2]">&gt;&gt;</a>&nbsp;&nbsp;&nbsp;bsp_init
</UL>

<P><STRONG><a name="[87]"></a>app_error_fault_handler</STRONG> (Thumb, 26 bytes, Stack size 0 bytes, app_error.o(i.app_error_fault_handler))
<BR><BR>[Called By]<UL><LI><a href="#[71]">&gt;&gt;</a>&nbsp;&nbsp;&nbsp;app_error_handler_bare
<LI><a href="#[45]">&gt;&gt;</a>&nbsp;&nbsp;&nbsp;softdevice_fault_handler
</UL>

<P><STRONG><a name="[71]"></a>app_error_handler_bare</STRONG> (Thumb, 20 bytes, Stack size 16 bytes, app_error.o(i.app_error_handler_bare))
<BR><BR>[Stack]<UL><LI>Max Depth = 16<LI>Call Chain = app_error_handler_bare
</UL>
<BR>[Calls]<UL><LI><a href="#[87]">&gt;&gt;</a>&nbsp;&nbsp;&nbsp;app_error_fault_handler
</UL>
<BR>[Called By]<UL><LI><a href="#[72]">&gt;&gt;</a>&nbsp;&nbsp;&nbsp;intern_softdevice_events_execute
<LI><a href="#[ab]">&gt;&gt;</a>&nbsp;&nbsp;&nbsp;dm_ble_evt_handler
<LI><a href="#[2d]">&gt;&gt;</a>&nbsp;&nbsp;&nbsp;main
<LI><a href="#[c1]">&gt;&gt;</a>&nbsp;&nbsp;&nbsp;timers_init
<LI><a href="#[cf]">&gt;&gt;</a>&nbsp;&nbsp;&nbsp;sleep_mode_enter
<LI><a href="#[c6]">&gt;&gt;</a>&nbsp;&nbsp;&nbsp;services_init
<LI><a href="#[39]">&gt;&gt;</a>&nbsp;&nbsp;&nbsp;on_conn_params_evt
<LI><a href="#[38]">&gt;&gt;</a>&nbsp;&nbsp;&nbsp;on_adv_evt
<LI><a href="#[47]">&gt;&gt;</a>&nbsp;&nbsp;&nbsp;heart_rate_meas_timeout_handler
<LI><a href="#[c5]">&gt;&gt;</a>&nbsp;&nbsp;&nbsp;gap_params_init
<LI><a href="#[c4]">&gt;&gt;</a>&nbsp;&nbsp;&nbsp;device_manager_init
<LI><a href="#[41]">&gt;&gt;</a>&nbsp;&nbsp;&nbsp;device_manager_evt_handler
<LI><a href="#[3a]">&gt;&gt;</a>&nbsp;&nbsp;&nbsp;conn_params_error_handler
<LI><a href="#[37]">&gt;&gt;</a>&nbsp;&nbsp;&nbsp;bsp_event_handler
<LI><a href="#[43]">&gt;&gt;</a>&nbsp;&nbsp;&nbsp;ble_stack_thread
<LI><a href="#[ba]">&gt;&gt;</a>&nbsp;&nbsp;&nbsp;ble_stack_init
<LI><a href="#[35]">&gt;&gt;</a>&nbsp;&nbsp;&nbsp;ble_evt_dispatch
<LI><a href="#[46]">&gt;&gt;</a>&nbsp;&nbsp;&nbsp;battery_level_meas_timeout_handler
<LI><a href="#[92]">&gt;&gt;</a>&nbsp;&nbsp;&nbsp;application_timers_start
<LI><a href="#[42]">&gt;&gt;</a>&nbsp;&nbsp;&nbsp;dm_pstorage_cb_handler
<LI><a href="#[a9]">&gt;&gt;</a>&nbsp;&nbsp;&nbsp;sys_id_encode
<LI><a href="#[aa]">&gt;&gt;</a>&nbsp;&nbsp;&nbsp;pnp_id_encode
<LI><a href="#[a8]">&gt;&gt;</a>&nbsp;&nbsp;&nbsp;char_add
<LI><a href="#[1f]">&gt;&gt;</a>&nbsp;&nbsp;&nbsp;SWI2_EGU2_IRQHandler
</UL>

<P><STRONG><a name="[86]"></a>app_timer_create</STRONG> (Thumb, 72 bytes, Stack size 16 bytes, app_timer_freertos.o(i.app_timer_create))
<BR><BR>[Stack]<UL><LI>Max Depth = 144<LI>Call Chain = app_timer_create &rArr; xTimerCreate &rArr; prvCheckForValidListAndQueue &rArr; xQueueGenericCreate &rArr; pvPortMalloc &rArr; xTaskResumeAll &rArr; xTaskIncrementTick
</UL>
<BR>[Calls]<UL><LI><a href="#[8c]">&gt;&gt;</a>&nbsp;&nbsp;&nbsp;xTimerCreate
</UL>
<BR>[Called By]<UL><LI><a href="#[82]">&gt;&gt;</a>&nbsp;&nbsp;&nbsp;app_button_init
<LI><a href="#[c2]">&gt;&gt;</a>&nbsp;&nbsp;&nbsp;bsp_init
<LI><a href="#[a4]">&gt;&gt;</a>&nbsp;&nbsp;&nbsp;ble_conn_params_init
</UL>

<P><STRONG><a name="[120]"></a>app_timer_init</STRONG> (Thumb, 10 bytes, Stack size 0 bytes, app_timer_freertos.o(i.app_timer_init))
<BR><BR>[Called By]<UL><LI><a href="#[c1]">&gt;&gt;</a>&nbsp;&nbsp;&nbsp;timers_init
</UL>

<P><STRONG><a name="[8d]"></a>app_timer_start</STRONG> (Thumb, 186 bytes, Stack size 32 bytes, app_timer_freertos.o(i.app_timer_start))
<BR><BR>[Stack]<UL><LI>Max Depth = 184<LI>Call Chain = app_timer_start &rArr; xTimerGenericCommand &rArr; xQueueGenericSend &rArr; xTaskResumeAll &rArr; xTaskIncrementTick
</UL>
<BR>[Calls]<UL><LI><a href="#[6e]">&gt;&gt;</a>&nbsp;&nbsp;&nbsp;xTaskGetTickCountFromISR
<LI><a href="#[8f]">&gt;&gt;</a>&nbsp;&nbsp;&nbsp;xTimerGenericCommand
<LI><a href="#[90]">&gt;&gt;</a>&nbsp;&nbsp;&nbsp;xTaskGetTickCount
<LI><a href="#[8e]">&gt;&gt;</a>&nbsp;&nbsp;&nbsp;xTimerIsTimerActive
</UL>
<BR>[Called By]<UL><LI><a href="#[d0]">&gt;&gt;</a>&nbsp;&nbsp;&nbsp;bsp_led_indication
<LI><a href="#[4c]">&gt;&gt;</a>&nbsp;&nbsp;&nbsp;bsp_button_event_handler
<LI><a href="#[a6]">&gt;&gt;</a>&nbsp;&nbsp;&nbsp;conn_params_negotiation
<LI><a href="#[30]">&gt;&gt;</a>&nbsp;&nbsp;&nbsp;gpiote_event_handler
</UL>

<P><STRONG><a name="[91]"></a>app_timer_stop</STRONG> (Thumb, 94 bytes, Stack size 24 bytes, app_timer_freertos.o(i.app_timer_stop))
<BR><BR>[Stack]<UL><LI>Max Depth = 176<LI>Call Chain = app_timer_stop &rArr; xTimerGenericCommand &rArr; xQueueGenericSend &rArr; xTaskResumeAll &rArr; xTaskIncrementTick
</UL>
<BR>[Calls]<UL><LI><a href="#[8f]">&gt;&gt;</a>&nbsp;&nbsp;&nbsp;xTimerGenericCommand
</UL>
<BR>[Called By]<UL><LI><a href="#[d0]">&gt;&gt;</a>&nbsp;&nbsp;&nbsp;bsp_led_indication
<LI><a href="#[4c]">&gt;&gt;</a>&nbsp;&nbsp;&nbsp;bsp_button_event_handler
<LI><a href="#[a5]">&gt;&gt;</a>&nbsp;&nbsp;&nbsp;ble_conn_params_on_ble_evt
<LI><a href="#[30]">&gt;&gt;</a>&nbsp;&nbsp;&nbsp;gpiote_event_handler
</UL>

<P><STRONG><a name="[98]"></a>ble_advdata_set</STRONG> (Thumb, 104 bytes, Stack size 96 bytes, ble_advdata.o(i.ble_advdata_set))
<BR><BR>[Stack]<UL><LI>Max Depth = 224<LI>Call Chain = ble_advdata_set &rArr; adv_data_encode &rArr; uuid_list_encode &rArr; uuid_list_sized_encode
</UL>
<BR>[Calls]<UL><LI><a href="#[75]">&gt;&gt;</a>&nbsp;&nbsp;&nbsp;adv_data_encode
</UL>
<BR>[Called By]<UL><LI><a href="#[9d]">&gt;&gt;</a>&nbsp;&nbsp;&nbsp;ble_advertising_start
<LI><a href="#[99]">&gt;&gt;</a>&nbsp;&nbsp;&nbsp;ble_advertising_init
</UL>

<P><STRONG><a name="[99]"></a>ble_advertising_init</STRONG> (Thumb, 274 bytes, Stack size 16 bytes, ble_advertising.o(i.ble_advertising_init))
<BR><BR>[Stack]<UL><LI>Max Depth = 240<LI>Call Chain = ble_advertising_init &rArr; ble_advdata_set &rArr; adv_data_encode &rArr; uuid_list_encode &rArr; uuid_list_sized_encode
</UL>
<BR>[Calls]<UL><LI><a href="#[9b]">&gt;&gt;</a>&nbsp;&nbsp;&nbsp;ble_advertising_peer_address_clear
<LI><a href="#[98]">&gt;&gt;</a>&nbsp;&nbsp;&nbsp;ble_advdata_set
<LI><a href="#[94]">&gt;&gt;</a>&nbsp;&nbsp;&nbsp;__aeabi_memclr4
<LI><a href="#[9a]">&gt;&gt;</a>&nbsp;&nbsp;&nbsp;__aeabi_memcpy4
</UL>
<BR>[Called By]<UL><LI><a href="#[43]">&gt;&gt;</a>&nbsp;&nbsp;&nbsp;ble_stack_thread
</UL>

<P><STRONG><a name="[9c]"></a>ble_advertising_on_ble_evt</STRONG> (Thumb, 122 bytes, Stack size 8 bytes, ble_advertising.o(i.ble_advertising_on_ble_evt))
<BR><BR>[Stack]<UL><LI>Max Depth = 296<LI>Call Chain = ble_advertising_on_ble_evt &rArr; ble_advertising_start &rArr; ble_advdata_set &rArr; adv_data_encode &rArr; uuid_list_encode &rArr; uuid_list_sized_encode
</UL>
<BR>[Calls]<UL><LI><a href="#[9d]">&gt;&gt;</a>&nbsp;&nbsp;&nbsp;ble_advertising_start
</UL>
<BR>[Called By]<UL><LI><a href="#[35]">&gt;&gt;</a>&nbsp;&nbsp;&nbsp;ble_evt_dispatch
</UL>

<P><STRONG><a name="[9e]"></a>ble_advertising_on_sys_evt</STRONG> (Thumb, 46 bytes, Stack size 8 bytes, ble_advertising.o(i.ble_advertising_on_sys_evt))
<BR><BR>[Stack]<UL><LI>Max Depth = 296<LI>Call Chain = ble_advertising_on_sys_evt &rArr; ble_advertising_start &rArr; ble_advdata_set &rArr; adv_data_encode &rArr; uuid_list_encode &rArr; uuid_list_sized_encode
</UL>
<BR>[Calls]<UL><LI><a href="#[9d]">&gt;&gt;</a>&nbsp;&nbsp;&nbsp;ble_advertising_start
</UL>
<BR>[Called By]<UL><LI><a href="#[36]">&gt;&gt;</a>&nbsp;&nbsp;&nbsp;sys_evt_dispatch
</UL>

<P><STRONG><a name="[9f]"></a>ble_advertising_restart_without_whitelist</STRONG> (Thumb, 48 bytes, Stack size 8 bytes, ble_advertising.o(i.ble_advertising_restart_without_whitelist))
<BR><BR>[Stack]<UL><LI>Max Depth = 296<LI>Call Chain = ble_advertising_restart_without_whitelist &rArr; ble_advertising_start &rArr; ble_advdata_set &rArr; adv_data_encode &rArr; uuid_list_encode &rArr; uuid_list_sized_encode
</UL>
<BR>[Calls]<UL><LI><a href="#[9d]">&gt;&gt;</a>&nbsp;&nbsp;&nbsp;ble_advertising_start
</UL>
<BR>[Called By]<UL><LI><a href="#[37]">&gt;&gt;</a>&nbsp;&nbsp;&nbsp;bsp_event_handler
</UL>

<P><STRONG><a name="[9d]"></a>ble_advertising_start</STRONG> (Thumb, 462 bytes, Stack size 64 bytes, ble_advertising.o(i.ble_advertising_start))
<BR><BR>[Stack]<UL><LI>Max Depth = 288<LI>Call Chain = ble_advertising_start &rArr; ble_advdata_set &rArr; adv_data_encode &rArr; uuid_list_encode &rArr; uuid_list_sized_encode
</UL>
<BR>[Calls]<UL><LI><a href="#[a0]">&gt;&gt;</a>&nbsp;&nbsp;&nbsp;pstorage_access_status_get
<LI><a href="#[a2]">&gt;&gt;</a>&nbsp;&nbsp;&nbsp;whitelist_has_entries
<LI><a href="#[a1]">&gt;&gt;</a>&nbsp;&nbsp;&nbsp;peer_address_exists
<LI><a href="#[9b]">&gt;&gt;</a>&nbsp;&nbsp;&nbsp;ble_advertising_peer_address_clear
<LI><a href="#[98]">&gt;&gt;</a>&nbsp;&nbsp;&nbsp;ble_advdata_set
<LI><a href="#[94]">&gt;&gt;</a>&nbsp;&nbsp;&nbsp;__aeabi_memclr4
</UL>
<BR>[Called By]<UL><LI><a href="#[9f]">&gt;&gt;</a>&nbsp;&nbsp;&nbsp;ble_advertising_restart_without_whitelist
<LI><a href="#[9e]">&gt;&gt;</a>&nbsp;&nbsp;&nbsp;ble_advertising_on_sys_evt
<LI><a href="#[9c]">&gt;&gt;</a>&nbsp;&nbsp;&nbsp;ble_advertising_on_ble_evt
<LI><a href="#[43]">&gt;&gt;</a>&nbsp;&nbsp;&nbsp;ble_stack_thread
</UL>

<P><STRONG><a name="[97]"></a>ble_bas_battery_level_update</STRONG> (Thumb, 122 bytes, Stack size 48 bytes, ble_bas.o(i.ble_bas_battery_level_update))
<BR><BR>[Stack]<UL><LI>Max Depth = 48<LI>Call Chain = ble_bas_battery_level_update
</UL>
<BR>[Called By]<UL><LI><a href="#[46]">&gt;&gt;</a>&nbsp;&nbsp;&nbsp;battery_level_meas_timeout_handler
</UL>

<P><STRONG><a name="[a3]"></a>ble_bas_init</STRONG> (Thumb, 68 bytes, Stack size 16 bytes, ble_bas.o(i.ble_bas_init))
<BR><BR>[Stack]<UL><LI>Max Depth = 120<LI>Call Chain = ble_bas_init &rArr; battery_level_char_add
</UL>
<BR>[Calls]<UL><LI><a href="#[93]">&gt;&gt;</a>&nbsp;&nbsp;&nbsp;battery_level_char_add
</UL>
<BR>[Called By]<UL><LI><a href="#[c6]">&gt;&gt;</a>&nbsp;&nbsp;&nbsp;services_init
</UL>

<P><STRONG><a name="[ad]"></a>ble_bas_on_ble_evt</STRONG> (Thumb, 88 bytes, Stack size 8 bytes, ble_bas.o(i.ble_bas_on_ble_evt))
<BR><BR>[Stack]<UL><LI>Max Depth = 8<LI>Call Chain = ble_bas_on_ble_evt
</UL>
<BR>[Called By]<UL><LI><a href="#[35]">&gt;&gt;</a>&nbsp;&nbsp;&nbsp;ble_evt_dispatch
</UL>

<P><STRONG><a name="[a4]"></a>ble_conn_params_init</STRONG> (Thumb, 72 bytes, Stack size 16 bytes, ble_conn_params.o(i.ble_conn_params_init))
<BR><BR>[Stack]<UL><LI>Max Depth = 160<LI>Call Chain = ble_conn_params_init &rArr; app_timer_create &rArr; xTimerCreate &rArr; prvCheckForValidListAndQueue &rArr; xQueueGenericCreate &rArr; pvPortMalloc &rArr; xTaskResumeAll &rArr; xTaskIncrementTick
</UL>
<BR>[Calls]<UL><LI><a href="#[86]">&gt;&gt;</a>&nbsp;&nbsp;&nbsp;app_timer_create
<LI><a href="#[9a]">&gt;&gt;</a>&nbsp;&nbsp;&nbsp;__aeabi_memcpy4
</UL>
<BR>[Called By]<UL><LI><a href="#[43]">&gt;&gt;</a>&nbsp;&nbsp;&nbsp;ble_stack_thread
</UL>

<P><STRONG><a name="[a5]"></a>ble_conn_params_on_ble_evt</STRONG> (Thumb, 126 bytes, Stack size 16 bytes, ble_conn_params.o(i.ble_conn_params_on_ble_evt))
<BR><BR>[Stack]<UL><LI>Max Depth = 224<LI>Call Chain = ble_conn_params_on_ble_evt &rArr; conn_params_negotiation &rArr; app_timer_start &rArr; xTimerGenericCommand &rArr; xQueueGenericSend &rArr; xTaskResumeAll &rArr; xTaskIncrementTick
</UL>
<BR>[Calls]<UL><LI><a href="#[91]">&gt;&gt;</a>&nbsp;&nbsp;&nbsp;app_timer_stop
<LI><a href="#[a6]">&gt;&gt;</a>&nbsp;&nbsp;&nbsp;conn_params_negotiation
</UL>
<BR>[Called By]<UL><LI><a href="#[35]">&gt;&gt;</a>&nbsp;&nbsp;&nbsp;ble_evt_dispatch
</UL>

<P><STRONG><a name="[a7]"></a>ble_dis_init</STRONG> (Thumb, 296 bytes, Stack size 32 bytes, ble_dis.o(i.ble_dis_init))
<BR><BR>[Stack]<UL><LI>Max Depth = 136<LI>Call Chain = ble_dis_init &rArr; char_add &rArr; app_error_handler_bare
</UL>
<BR>[Calls]<UL><LI><a href="#[a9]">&gt;&gt;</a>&nbsp;&nbsp;&nbsp;sys_id_encode
<LI><a href="#[aa]">&gt;&gt;</a>&nbsp;&nbsp;&nbsp;pnp_id_encode
<LI><a href="#[a8]">&gt;&gt;</a>&nbsp;&nbsp;&nbsp;char_add
</UL>
<BR>[Called By]<UL><LI><a href="#[c6]">&gt;&gt;</a>&nbsp;&nbsp;&nbsp;services_init
</UL>

<P><STRONG><a name="[b0]"></a>ble_hrs_heart_rate_measurement_send</STRONG> (Thumb, 92 bytes, Stack size 56 bytes, ble_hrs.o(i.ble_hrs_heart_rate_measurement_send))
<BR><BR>[Stack]<UL><LI>Max Depth = 88<LI>Call Chain = ble_hrs_heart_rate_measurement_send &rArr; hrm_encode &rArr; __aeabi_memmove
</UL>
<BR>[Calls]<UL><LI><a href="#[b1]">&gt;&gt;</a>&nbsp;&nbsp;&nbsp;hrm_encode
</UL>
<BR>[Called By]<UL><LI><a href="#[47]">&gt;&gt;</a>&nbsp;&nbsp;&nbsp;heart_rate_meas_timeout_handler
</UL>

<P><STRONG><a name="[b2]"></a>ble_hrs_init</STRONG> (Thumb, 88 bytes, Stack size 16 bytes, ble_hrs.o(i.ble_hrs_init))
<BR><BR>[Stack]<UL><LI>Max Depth = 144<LI>Call Chain = ble_hrs_init &rArr; heart_rate_measurement_char_add &rArr; hrm_encode &rArr; __aeabi_memmove
</UL>
<BR>[Calls]<UL><LI><a href="#[b3]">&gt;&gt;</a>&nbsp;&nbsp;&nbsp;heart_rate_measurement_char_add
<LI><a href="#[b4]">&gt;&gt;</a>&nbsp;&nbsp;&nbsp;body_sensor_location_char_add
</UL>
<BR>[Called By]<UL><LI><a href="#[c6]">&gt;&gt;</a>&nbsp;&nbsp;&nbsp;services_init
</UL>

<P><STRONG><a name="[ac]"></a>ble_hrs_on_ble_evt</STRONG> (Thumb, 74 bytes, Stack size 8 bytes, ble_hrs.o(i.ble_hrs_on_ble_evt))
<BR><BR>[Stack]<UL><LI>Max Depth = 8<LI>Call Chain = ble_hrs_on_ble_evt
</UL>
<BR>[Called By]<UL><LI><a href="#[35]">&gt;&gt;</a>&nbsp;&nbsp;&nbsp;ble_evt_dispatch
</UL>

<P><STRONG><a name="[b5]"></a>ble_hrs_rr_interval_add</STRONG> (Thumb, 54 bytes, Stack size 16 bytes, ble_hrs.o(i.ble_hrs_rr_interval_add))
<BR><BR>[Stack]<UL><LI>Max Depth = 24<LI>Call Chain = ble_hrs_rr_interval_add &rArr; __aeabi_memmove
</UL>
<BR>[Calls]<UL><LI><a href="#[b6]">&gt;&gt;</a>&nbsp;&nbsp;&nbsp;__aeabi_memmove
</UL>
<BR>[Called By]<UL><LI><a href="#[48]">&gt;&gt;</a>&nbsp;&nbsp;&nbsp;rr_interval_timeout_handler
</UL>

<P><STRONG><a name="[11b]"></a>ble_hrs_sensor_contact_detected_update</STRONG> (Thumb, 6 bytes, Stack size 0 bytes, ble_hrs.o(i.ble_hrs_sensor_contact_detected_update))
<BR><BR>[Called By]<UL><LI><a href="#[49]">&gt;&gt;</a>&nbsp;&nbsp;&nbsp;sensor_contact_detected_timeout_handler
</UL>

<P><STRONG><a name="[b8]"></a>ble_srv_ascii_to_utf8</STRONG> (Thumb, 18 bytes, Stack size 16 bytes, ble_srv_common.o(i.ble_srv_ascii_to_utf8))
<BR><BR>[Stack]<UL><LI>Max Depth = 16<LI>Call Chain = ble_srv_ascii_to_utf8
</UL>
<BR>[Calls]<UL><LI><a href="#[b9]">&gt;&gt;</a>&nbsp;&nbsp;&nbsp;strlen
</UL>
<BR>[Called By]<UL><LI><a href="#[c6]">&gt;&gt;</a>&nbsp;&nbsp;&nbsp;services_init
</UL>

<P><STRONG><a name="[95]"></a>ble_srv_report_ref_encode</STRONG> (Thumb, 12 bytes, Stack size 0 bytes, ble_srv_common.o(i.ble_srv_report_ref_encode))
<BR><BR>[Called By]<UL><LI><a href="#[93]">&gt;&gt;</a>&nbsp;&nbsp;&nbsp;battery_level_char_add
</UL>

<P><STRONG><a name="[c9]"></a>bond_data_load</STRONG> (Thumb, 60 bytes, Stack size 16 bytes, device_manager_peripheral.o(i.bond_data_load))
<BR><BR>[Stack]<UL><LI>Max Depth = 56<LI>Call Chain = bond_data_load &rArr; pstorage_load &rArr; __aeabi_memcpy
</UL>
<BR>[Calls]<UL><LI><a href="#[cb]">&gt;&gt;</a>&nbsp;&nbsp;&nbsp;pstorage_load
<LI><a href="#[ca]">&gt;&gt;</a>&nbsp;&nbsp;&nbsp;pstorage_block_identifier_get
</UL>
<BR>[Called By]<UL><LI><a href="#[ab]">&gt;&gt;</a>&nbsp;&nbsp;&nbsp;dm_ble_evt_handler
</UL>

<P><STRONG><a name="[c3]"></a>bsp_btn_ble_init</STRONG> (Thumb, 72 bytes, Stack size 24 bytes, bsp_btn_ble.o(i.bsp_btn_ble_init))
<BR><BR>[Stack]<UL><LI>Max Depth = 48<LI>Call Chain = bsp_btn_ble_init &rArr; advertising_buttons_configure &rArr; bsp_event_to_button_action_assign
</UL>
<BR>[Calls]<UL><LI><a href="#[7e]">&gt;&gt;</a>&nbsp;&nbsp;&nbsp;advertising_buttons_configure
<LI><a href="#[cc]">&gt;&gt;</a>&nbsp;&nbsp;&nbsp;bsp_button_is_pressed
</UL>
<BR>[Called By]<UL><LI><a href="#[43]">&gt;&gt;</a>&nbsp;&nbsp;&nbsp;ble_stack_thread
</UL>

<P><STRONG><a name="[ae]"></a>bsp_btn_ble_on_ble_evt</STRONG> (Thumb, 106 bytes, Stack size 8 bytes, bsp_btn_ble.o(i.bsp_btn_ble_on_ble_evt))
<BR><BR>[Stack]<UL><LI>Max Depth = 32<LI>Call Chain = bsp_btn_ble_on_ble_evt &rArr; advertising_buttons_configure &rArr; bsp_event_to_button_action_assign
</UL>
<BR>[Calls]<UL><LI><a href="#[7e]">&gt;&gt;</a>&nbsp;&nbsp;&nbsp;advertising_buttons_configure
<LI><a href="#[7f]">&gt;&gt;</a>&nbsp;&nbsp;&nbsp;bsp_event_to_button_action_assign
</UL>
<BR>[Called By]<UL><LI><a href="#[35]">&gt;&gt;</a>&nbsp;&nbsp;&nbsp;ble_evt_dispatch
</UL>

<P><STRONG><a name="[cd]"></a>bsp_btn_ble_sleep_mode_prepare</STRONG> (Thumb, 18 bytes, Stack size 8 bytes, bsp_btn_ble.o(i.bsp_btn_ble_sleep_mode_prepare))
<BR><BR>[Stack]<UL><LI>Max Depth = 24<LI>Call Chain = bsp_btn_ble_sleep_mode_prepare &rArr; bsp_wakeup_buttons_set
</UL>
<BR>[Calls]<UL><LI><a href="#[ce]">&gt;&gt;</a>&nbsp;&nbsp;&nbsp;bsp_wakeup_buttons_set
</UL>
<BR>[Called By]<UL><LI><a href="#[cf]">&gt;&gt;</a>&nbsp;&nbsp;&nbsp;sleep_mode_enter
</UL>

<P><STRONG><a name="[cc]"></a>bsp_button_is_pressed</STRONG> (Thumb, 34 bytes, Stack size 0 bytes, bsp.o(i.bsp_button_is_pressed))
<BR><BR>[Called By]<UL><LI><a href="#[c3]">&gt;&gt;</a>&nbsp;&nbsp;&nbsp;bsp_btn_ble_init
</UL>

<P><STRONG><a name="[7f]"></a>bsp_event_to_button_action_assign</STRONG> (Thumb, 64 bytes, Stack size 16 bytes, bsp.o(i.bsp_event_to_button_action_assign))
<BR><BR>[Stack]<UL><LI>Max Depth = 16<LI>Call Chain = bsp_event_to_button_action_assign
</UL>
<BR>[Called By]<UL><LI><a href="#[7e]">&gt;&gt;</a>&nbsp;&nbsp;&nbsp;advertising_buttons_configure
<LI><a href="#[c2]">&gt;&gt;</a>&nbsp;&nbsp;&nbsp;bsp_init
<LI><a href="#[ae]">&gt;&gt;</a>&nbsp;&nbsp;&nbsp;bsp_btn_ble_on_ble_evt
</UL>

<P><STRONG><a name="[af]"></a>bsp_indication_set</STRONG> (Thumb, 20 bytes, Stack size 0 bytes, bsp.o(i.bsp_indication_set))
<BR><BR>[Stack]<UL><LI>Max Depth = 224<LI>Call Chain = bsp_indication_set &rArr; bsp_led_indication &rArr; app_timer_start &rArr; xTimerGenericCommand &rArr; xQueueGenericSend &rArr; xTaskResumeAll &rArr; xTaskIncrementTick
</UL>
<BR>[Calls]<UL><LI><a href="#[d0]">&gt;&gt;</a>&nbsp;&nbsp;&nbsp;bsp_led_indication
</UL>
<BR>[Called By]<UL><LI><a href="#[cf]">&gt;&gt;</a>&nbsp;&nbsp;&nbsp;sleep_mode_enter
<LI><a href="#[38]">&gt;&gt;</a>&nbsp;&nbsp;&nbsp;on_adv_evt
<LI><a href="#[35]">&gt;&gt;</a>&nbsp;&nbsp;&nbsp;ble_evt_dispatch
</UL>

<P><STRONG><a name="[c2]"></a>bsp_init</STRONG> (Thumb, 140 bytes, Stack size 16 bytes, bsp.o(i.bsp_init))
<BR><BR>[Stack]<UL><LI>Max Depth = 184<LI>Call Chain = bsp_init &rArr; app_button_init &rArr; app_timer_create &rArr; xTimerCreate &rArr; prvCheckForValidListAndQueue &rArr; xQueueGenericCreate &rArr; pvPortMalloc &rArr; xTaskResumeAll &rArr; xTaskIncrementTick
</UL>
<BR>[Calls]<UL><LI><a href="#[86]">&gt;&gt;</a>&nbsp;&nbsp;&nbsp;app_timer_create
<LI><a href="#[82]">&gt;&gt;</a>&nbsp;&nbsp;&nbsp;app_button_init
<LI><a href="#[80]">&gt;&gt;</a>&nbsp;&nbsp;&nbsp;app_button_enable
<LI><a href="#[7f]">&gt;&gt;</a>&nbsp;&nbsp;&nbsp;bsp_event_to_button_action_assign
</UL>
<BR>[Called By]<UL><LI><a href="#[43]">&gt;&gt;</a>&nbsp;&nbsp;&nbsp;ble_stack_thread
</UL>

<P><STRONG><a name="[ce]"></a>bsp_wakeup_buttons_set</STRONG> (Thumb, 54 bytes, Stack size 16 bytes, bsp.o(i.bsp_wakeup_buttons_set))
<BR><BR>[Stack]<UL><LI>Max Depth = 16<LI>Call Chain = bsp_wakeup_buttons_set
</UL>
<BR>[Called By]<UL><LI><a href="#[cd]">&gt;&gt;</a>&nbsp;&nbsp;&nbsp;bsp_btn_ble_sleep_mode_prepare
</UL>

<P><STRONG><a name="[ab]"></a>dm_ble_evt_handler</STRONG> (Thumb, 1112 bytes, Stack size 112 bytes, device_manager_peripheral.o(i.dm_ble_evt_handler))
<BR><BR>[Stack]<UL><LI>Max Depth = 248<LI>Call Chain = dm_ble_evt_handler &rArr; device_instance_free &rArr; pstorage_clear &rArr; cmd_queue_enqueue &rArr; cmd_process &rArr; clear_operation_execute &rArr; sm_state_change &rArr;  cmd_process (Cycle)
</UL>
<BR>[Calls]<UL><LI><a href="#[71]">&gt;&gt;</a>&nbsp;&nbsp;&nbsp;app_error_handler_bare
<LI><a href="#[e6]">&gt;&gt;</a>&nbsp;&nbsp;&nbsp;dm_handle_initialize
<LI><a href="#[c9]">&gt;&gt;</a>&nbsp;&nbsp;&nbsp;bond_data_load
<LI><a href="#[e2]">&gt;&gt;</a>&nbsp;&nbsp;&nbsp;peer_instance_init
<LI><a href="#[e0]">&gt;&gt;</a>&nbsp;&nbsp;&nbsp;device_instance_free
<LI><a href="#[de]">&gt;&gt;</a>&nbsp;&nbsp;&nbsp;device_instance_find
<LI><a href="#[dd]">&gt;&gt;</a>&nbsp;&nbsp;&nbsp;device_context_store
<LI><a href="#[e9]">&gt;&gt;</a>&nbsp;&nbsp;&nbsp;connection_instance_init
<LI><a href="#[e7]">&gt;&gt;</a>&nbsp;&nbsp;&nbsp;connection_instance_find
<LI><a href="#[e8]">&gt;&gt;</a>&nbsp;&nbsp;&nbsp;app_evt_notify
<LI><a href="#[94]">&gt;&gt;</a>&nbsp;&nbsp;&nbsp;__aeabi_memclr4
</UL>
<BR>[Called By]<UL><LI><a href="#[35]">&gt;&gt;</a>&nbsp;&nbsp;&nbsp;ble_evt_dispatch
</UL>

<P><STRONG><a name="[e6]"></a>dm_handle_initialize</STRONG> (Thumb, 22 bytes, Stack size 0 bytes, device_manager_peripheral.o(i.dm_handle_initialize))
<BR><BR>[Called By]<UL><LI><a href="#[ab]">&gt;&gt;</a>&nbsp;&nbsp;&nbsp;dm_ble_evt_handler
<LI><a href="#[42]">&gt;&gt;</a>&nbsp;&nbsp;&nbsp;dm_pstorage_cb_handler
</UL>

<P><STRONG><a name="[e4]"></a>dm_init</STRONG> (Thumb, 182 bytes, Stack size 40 bytes, device_manager_peripheral.o(i.dm_init))
<BR><BR>[Stack]<UL><LI>Max Depth = 152<LI>Call Chain = dm_init &rArr; pstorage_clear &rArr; cmd_queue_enqueue &rArr; cmd_process &rArr; clear_operation_execute &rArr; sm_state_change &rArr;  cmd_process (Cycle)
</UL>
<BR>[Calls]<UL><LI><a href="#[ea]">&gt;&gt;</a>&nbsp;&nbsp;&nbsp;pstorage_register
<LI><a href="#[cb]">&gt;&gt;</a>&nbsp;&nbsp;&nbsp;pstorage_load
<LI><a href="#[e1]">&gt;&gt;</a>&nbsp;&nbsp;&nbsp;pstorage_clear
<LI><a href="#[ca]">&gt;&gt;</a>&nbsp;&nbsp;&nbsp;pstorage_block_identifier_get
<LI><a href="#[e2]">&gt;&gt;</a>&nbsp;&nbsp;&nbsp;peer_instance_init
<LI><a href="#[e9]">&gt;&gt;</a>&nbsp;&nbsp;&nbsp;connection_instance_init
<LI><a href="#[94]">&gt;&gt;</a>&nbsp;&nbsp;&nbsp;__aeabi_memclr4
</UL>
<BR>[Called By]<UL><LI><a href="#[c4]">&gt;&gt;</a>&nbsp;&nbsp;&nbsp;device_manager_init
</UL>

<P><STRONG><a name="[e5]"></a>dm_register</STRONG> (Thumb, 92 bytes, Stack size 8 bytes, device_manager_peripheral.o(i.dm_register))
<BR><BR>[Stack]<UL><LI>Max Depth = 8<LI>Call Chain = dm_register
</UL>
<BR>[Called By]<UL><LI><a href="#[c4]">&gt;&gt;</a>&nbsp;&nbsp;&nbsp;device_manager_init
</UL>

<P><STRONG><a name="[12b]"></a>eTaskConfirmSleepModeStatus</STRONG> (Thumb, 22 bytes, Stack size 0 bytes, tasks.o(i.eTaskConfirmSleepModeStatus))
<BR><BR>[Called By]<UL><LI><a href="#[10d]">&gt;&gt;</a>&nbsp;&nbsp;&nbsp;vPortSuppressTicksAndSleep
</UL>

<P><STRONG><a name="[72]"></a>intern_softdevice_events_execute</STRONG> (Thumb, 102 bytes, Stack size 24 bytes, softdevice_handler.o(i.intern_softdevice_events_execute))
<BR><BR>[Stack]<UL><LI>Max Depth = 40<LI>Call Chain = intern_softdevice_events_execute &rArr; app_error_handler_bare
</UL>
<BR>[Calls]<UL><LI><a href="#[71]">&gt;&gt;</a>&nbsp;&nbsp;&nbsp;app_error_handler_bare
<LI><a href="#[f2]">&gt;&gt;</a>&nbsp;&nbsp;&nbsp;nrf_drv_clock_on_soc_event
</UL>
<BR>[Called By]<UL><LI><a href="#[43]">&gt;&gt;</a>&nbsp;&nbsp;&nbsp;ble_stack_thread
<LI><a href="#[1f]">&gt;&gt;</a>&nbsp;&nbsp;&nbsp;SWI2_EGU2_IRQHandler
</UL>

<P><STRONG><a name="[2d]"></a>main</STRONG> (Thumb, 84 bytes, Stack size 24 bytes, main.o(i.main))
<BR><BR>[Stack]<UL><LI>Max Depth = 200<LI>Call Chain = main &rArr; vTaskStartScheduler &rArr; xTimerCreateTimerTask &rArr; xTaskGenericCreate &rArr; pvPortMalloc &rArr; xTaskResumeAll &rArr; xTaskIncrementTick
</UL>
<BR>[Calls]<UL><LI><a href="#[f4]">&gt;&gt;</a>&nbsp;&nbsp;&nbsp;xTaskGenericCreate
<LI><a href="#[f3]">&gt;&gt;</a>&nbsp;&nbsp;&nbsp;xQueueGenericCreate
<LI><a href="#[f5]">&gt;&gt;</a>&nbsp;&nbsp;&nbsp;vTaskStartScheduler
<LI><a href="#[71]">&gt;&gt;</a>&nbsp;&nbsp;&nbsp;app_error_handler_bare
</UL>
<BR>[Address Reference Count : 1]<UL><LI> entry9a.o(.ARM.Collect$$$$0000000B)
</UL>
<P><STRONG><a name="[12a]"></a>nrf_drv_clock_lfclk_request</STRONG> (Thumb, 12 bytes, Stack size 0 bytes, nrf_drv_clock.o(i.nrf_drv_clock_lfclk_request))
<BR><BR>[Called By]<UL><LI><a href="#[129]">&gt;&gt;</a>&nbsp;&nbsp;&nbsp;vPortSetupTimerInterrupt
</UL>

<P><STRONG><a name="[f2]"></a>nrf_drv_clock_on_soc_event</STRONG> (Thumb, 30 bytes, Stack size 16 bytes, nrf_drv_clock.o(i.nrf_drv_clock_on_soc_event))
<BR><BR>[Stack]<UL><LI>Max Depth = 16<LI>Call Chain = nrf_drv_clock_on_soc_event
</UL>
<BR>[Called By]<UL><LI><a href="#[72]">&gt;&gt;</a>&nbsp;&nbsp;&nbsp;intern_softdevice_events_execute
</UL>

<P><STRONG><a name="[fc]"></a>nrf_drv_common_irq_enable</STRONG> (Thumb, 56 bytes, Stack size 0 bytes, nrf_drv_common.o(i.nrf_drv_common_irq_enable))
<BR><BR>[Called By]<UL><LI><a href="#[84]">&gt;&gt;</a>&nbsp;&nbsp;&nbsp;nrf_drv_gpiote_init
</UL>

<P><STRONG><a name="[81]"></a>nrf_drv_gpiote_in_event_enable</STRONG> (Thumb, 150 bytes, Stack size 32 bytes, nrf_drv_gpiote.o(i.nrf_drv_gpiote_in_event_enable))
<BR><BR>[Stack]<UL><LI>Max Depth = 40<LI>Call Chain = nrf_drv_gpiote_in_event_enable &rArr; nrf_gpiote_event_clear
</UL>
<BR>[Calls]<UL><LI><a href="#[f8]">&gt;&gt;</a>&nbsp;&nbsp;&nbsp;pin_in_use_by_te
<LI><a href="#[f7]">&gt;&gt;</a>&nbsp;&nbsp;&nbsp;pin_in_use_by_port
<LI><a href="#[6b]">&gt;&gt;</a>&nbsp;&nbsp;&nbsp;nrf_gpiote_event_clear
<LI><a href="#[6d]">&gt;&gt;</a>&nbsp;&nbsp;&nbsp;nrf_gpio_cfg_sense_set
<LI><a href="#[6c]">&gt;&gt;</a>&nbsp;&nbsp;&nbsp;channel_port_get
</UL>
<BR>[Called By]<UL><LI><a href="#[80]">&gt;&gt;</a>&nbsp;&nbsp;&nbsp;app_button_enable
</UL>

<P><STRONG><a name="[85]"></a>nrf_drv_gpiote_in_init</STRONG> (Thumb, 170 bytes, Stack size 32 bytes, nrf_drv_gpiote.o(i.nrf_drv_gpiote_in_init))
<BR><BR>[Stack]<UL><LI>Max Depth = 52<LI>Call Chain = nrf_drv_gpiote_in_init &rArr; channel_port_alloc
</UL>
<BR>[Calls]<UL><LI><a href="#[fa]">&gt;&gt;</a>&nbsp;&nbsp;&nbsp;nrf_gpio_cfg
<LI><a href="#[f9]">&gt;&gt;</a>&nbsp;&nbsp;&nbsp;channel_port_alloc
</UL>
<BR>[Called By]<UL><LI><a href="#[82]">&gt;&gt;</a>&nbsp;&nbsp;&nbsp;app_button_init
</UL>

<P><STRONG><a name="[dc]"></a>nrf_drv_gpiote_in_is_set</STRONG> (Thumb, 16 bytes, Stack size 0 bytes, nrf_drv_gpiote.o(i.nrf_drv_gpiote_in_is_set))
<BR><BR>[Called By]<UL><LI><a href="#[30]">&gt;&gt;</a>&nbsp;&nbsp;&nbsp;gpiote_event_handler
<LI><a href="#[31]">&gt;&gt;</a>&nbsp;&nbsp;&nbsp;detection_delay_timeout_handler
</UL>

<P><STRONG><a name="[84]"></a>nrf_drv_gpiote_init</STRONG> (Thumb, 76 bytes, Stack size 16 bytes, nrf_drv_gpiote.o(i.nrf_drv_gpiote_init))
<BR><BR>[Stack]<UL><LI>Max Depth = 16<LI>Call Chain = nrf_drv_gpiote_init
</UL>
<BR>[Calls]<UL><LI><a href="#[fb]">&gt;&gt;</a>&nbsp;&nbsp;&nbsp;channel_free
<LI><a href="#[fc]">&gt;&gt;</a>&nbsp;&nbsp;&nbsp;nrf_drv_common_irq_enable
</UL>
<BR>[Called By]<UL><LI><a href="#[82]">&gt;&gt;</a>&nbsp;&nbsp;&nbsp;app_button_init
</UL>

<P><STRONG><a name="[83]"></a>nrf_drv_gpiote_is_init</STRONG> (Thumb, 14 bytes, Stack size 0 bytes, nrf_drv_gpiote.o(i.nrf_drv_gpiote_is_init))
<BR><BR>[Called By]<UL><LI><a href="#[82]">&gt;&gt;</a>&nbsp;&nbsp;&nbsp;app_button_init
</UL>

<P><STRONG><a name="[a0]"></a>pstorage_access_status_get</STRONG> (Thumb, 28 bytes, Stack size 0 bytes, pstorage.o(i.pstorage_access_status_get))
<BR><BR>[Called By]<UL><LI><a href="#[9d]">&gt;&gt;</a>&nbsp;&nbsp;&nbsp;ble_advertising_start
</UL>

<P><STRONG><a name="[ca]"></a>pstorage_block_identifier_get</STRONG> (Thumb, 66 bytes, Stack size 12 bytes, pstorage.o(i.pstorage_block_identifier_get))
<BR><BR>[Stack]<UL><LI>Max Depth = 12<LI>Call Chain = pstorage_block_identifier_get
</UL>
<BR>[Called By]<UL><LI><a href="#[e4]">&gt;&gt;</a>&nbsp;&nbsp;&nbsp;dm_init
<LI><a href="#[c9]">&gt;&gt;</a>&nbsp;&nbsp;&nbsp;bond_data_load
<LI><a href="#[42]">&gt;&gt;</a>&nbsp;&nbsp;&nbsp;dm_pstorage_cb_handler
<LI><a href="#[e0]">&gt;&gt;</a>&nbsp;&nbsp;&nbsp;device_instance_free
<LI><a href="#[dd]">&gt;&gt;</a>&nbsp;&nbsp;&nbsp;device_context_store
</UL>

<P><STRONG><a name="[e1]"></a>pstorage_clear</STRONG> (Thumb, 138 bytes, Stack size 24 bytes, pstorage.o(i.pstorage_clear))
<BR><BR>[Stack]<UL><LI>Max Depth = 112<LI>Call Chain = pstorage_clear &rArr; cmd_queue_enqueue &rArr; cmd_process &rArr; clear_operation_execute &rArr; sm_state_change &rArr;  cmd_process (Cycle)
</UL>
<BR>[Calls]<UL><LI><a href="#[117]">&gt;&gt;</a>&nbsp;&nbsp;&nbsp;is_word_aligned
<LI><a href="#[d6]">&gt;&gt;</a>&nbsp;&nbsp;&nbsp;cmd_queue_enqueue
</UL>
<BR>[Called By]<UL><LI><a href="#[e4]">&gt;&gt;</a>&nbsp;&nbsp;&nbsp;dm_init
<LI><a href="#[e0]">&gt;&gt;</a>&nbsp;&nbsp;&nbsp;device_instance_free
</UL>

<P><STRONG><a name="[e3]"></a>pstorage_init</STRONG> (Thumb, 68 bytes, Stack size 16 bytes, pstorage.o(i.pstorage_init))
<BR><BR>[Stack]<UL><LI>Max Depth = 24<LI>Call Chain = pstorage_init &rArr; pstorage_flash_page_end
</UL>
<BR>[Calls]<UL><LI><a href="#[d2]">&gt;&gt;</a>&nbsp;&nbsp;&nbsp;pstorage_flash_page_size
<LI><a href="#[118]">&gt;&gt;</a>&nbsp;&nbsp;&nbsp;pstorage_flash_page_end
<LI><a href="#[d7]">&gt;&gt;</a>&nbsp;&nbsp;&nbsp;cmd_queue_element_init
</UL>
<BR>[Called By]<UL><LI><a href="#[c4]">&gt;&gt;</a>&nbsp;&nbsp;&nbsp;device_manager_init
</UL>

<P><STRONG><a name="[cb]"></a>pstorage_load</STRONG> (Thumb, 148 bytes, Stack size 32 bytes, pstorage.o(i.pstorage_load))
<BR><BR>[Stack]<UL><LI>Max Depth = 40<LI>Call Chain = pstorage_load &rArr; __aeabi_memcpy
</UL>
<BR>[Calls]<UL><LI><a href="#[117]">&gt;&gt;</a>&nbsp;&nbsp;&nbsp;is_word_aligned
<LI><a href="#[f6]">&gt;&gt;</a>&nbsp;&nbsp;&nbsp;__aeabi_memcpy
</UL>
<BR>[Called By]<UL><LI><a href="#[e4]">&gt;&gt;</a>&nbsp;&nbsp;&nbsp;dm_init
<LI><a href="#[c9]">&gt;&gt;</a>&nbsp;&nbsp;&nbsp;bond_data_load
<LI><a href="#[52]">&gt;&gt;</a>&nbsp;&nbsp;&nbsp;gatts_context_load
</UL>

<P><STRONG><a name="[ea]"></a>pstorage_register</STRONG> (Thumb, 172 bytes, Stack size 24 bytes, pstorage.o(i.pstorage_register))
<BR><BR>[Stack]<UL><LI>Max Depth = 32<LI>Call Chain = pstorage_register &rArr; pstorage_flash_page_end
</UL>
<BR>[Calls]<UL><LI><a href="#[d2]">&gt;&gt;</a>&nbsp;&nbsp;&nbsp;pstorage_flash_page_size
<LI><a href="#[118]">&gt;&gt;</a>&nbsp;&nbsp;&nbsp;pstorage_flash_page_end
</UL>
<BR>[Called By]<UL><LI><a href="#[e4]">&gt;&gt;</a>&nbsp;&nbsp;&nbsp;dm_init
</UL>

<P><STRONG><a name="[40]"></a>pstorage_store</STRONG> (Thumb, 118 bytes, Stack size 24 bytes, pstorage.o(i.pstorage_store))
<BR><BR>[Stack]<UL><LI>Max Depth = 112<LI>Call Chain = pstorage_store &rArr; cmd_queue_enqueue &rArr; cmd_process &rArr; clear_operation_execute &rArr; sm_state_change &rArr;  cmd_process (Cycle)
</UL>
<BR>[Calls]<UL><LI><a href="#[117]">&gt;&gt;</a>&nbsp;&nbsp;&nbsp;is_word_aligned
<LI><a href="#[d6]">&gt;&gt;</a>&nbsp;&nbsp;&nbsp;cmd_queue_enqueue
</UL>
<BR>[Address Reference Count : 2]<UL><LI> device_manager_peripheral.o(i.device_context_store)
<LI> device_manager_peripheral.o(i.gatts_context_store)
</UL>
<P><STRONG><a name="[119]"></a>pstorage_sys_event_handler</STRONG> (Thumb, 66 bytes, Stack size 0 bytes, pstorage.o(i.pstorage_sys_event_handler))
<BR><BR>[Stack]<UL><LI>Max Depth = 56<LI>Call Chain = pstorage_sys_event_handler &rArr; flash_operation_success_run &rArr; command_end_procedure_run &rArr; sm_state_change &rArr;  cmd_process (Cycle)
</UL>
<BR>[Calls]<UL><LI><a href="#[da]">&gt;&gt;</a>&nbsp;&nbsp;&nbsp;swap_sub_state_state_change
<LI><a href="#[8a]">&gt;&gt;</a>&nbsp;&nbsp;&nbsp;sm_state_change
<LI><a href="#[ed]">&gt;&gt;</a>&nbsp;&nbsp;&nbsp;flash_operation_success_run
<LI><a href="#[88]">&gt;&gt;</a>&nbsp;&nbsp;&nbsp;app_notify_error_state_transit
</UL>
<BR>[Called By]<UL><LI><a href="#[36]">&gt;&gt;</a>&nbsp;&nbsp;&nbsp;sys_evt_dispatch
</UL>

<P><STRONG><a name="[3f]"></a>pstorage_update</STRONG> (Thumb, 118 bytes, Stack size 24 bytes, pstorage.o(i.pstorage_update))
<BR><BR>[Stack]<UL><LI>Max Depth = 112<LI>Call Chain = pstorage_update &rArr; cmd_queue_enqueue &rArr; cmd_process &rArr; clear_operation_execute &rArr; sm_state_change &rArr;  cmd_process (Cycle)
</UL>
<BR>[Calls]<UL><LI><a href="#[117]">&gt;&gt;</a>&nbsp;&nbsp;&nbsp;is_word_aligned
<LI><a href="#[d6]">&gt;&gt;</a>&nbsp;&nbsp;&nbsp;cmd_queue_enqueue
</UL>
<BR>[Address Reference Count : 2]<UL><LI> device_manager_peripheral.o(i.device_context_store)
<LI> device_manager_peripheral.o(i.gatts_context_store)
</UL>
<P><STRONG><a name="[11a]"></a>pvPortMalloc</STRONG> (Thumb, 68 bytes, Stack size 16 bytes, heap_1.o(i.pvPortMalloc))
<BR><BR>[Stack]<UL><LI>Max Depth = 72<LI>Call Chain = pvPortMalloc &rArr; xTaskResumeAll &rArr; xTaskIncrementTick
</UL>
<BR>[Calls]<UL><LI><a href="#[106]">&gt;&gt;</a>&nbsp;&nbsp;&nbsp;xTaskResumeAll
<LI><a href="#[105]">&gt;&gt;</a>&nbsp;&nbsp;&nbsp;vTaskSuspendAll
</UL>
<BR>[Called By]<UL><LI><a href="#[8c]">&gt;&gt;</a>&nbsp;&nbsp;&nbsp;xTimerCreate
<LI><a href="#[f4]">&gt;&gt;</a>&nbsp;&nbsp;&nbsp;xTaskGenericCreate
<LI><a href="#[f3]">&gt;&gt;</a>&nbsp;&nbsp;&nbsp;xQueueGenericCreate
</UL>

<P><STRONG><a name="[134]"></a>pvTaskIncrementMutexHeldCount</STRONG> (Thumb, 18 bytes, Stack size 0 bytes, tasks.o(i.pvTaskIncrementMutexHeldCount))
<BR><BR>[Called By]<UL><LI><a href="#[c8]">&gt;&gt;</a>&nbsp;&nbsp;&nbsp;xQueueGenericReceive
</UL>

<P><STRONG><a name="[8b]"></a>pvTimerGetTimerID</STRONG> (Thumb, 18 bytes, Stack size 8 bytes, timers.o(i.pvTimerGetTimerID))
<BR><BR>[Stack]<UL><LI>Max Depth = 8<LI>Call Chain = pvTimerGetTimerID
</UL>
<BR>[Calls]<UL><LI><a href="#[103]">&gt;&gt;</a>&nbsp;&nbsp;&nbsp;vPortExitCritical
<LI><a href="#[100]">&gt;&gt;</a>&nbsp;&nbsp;&nbsp;vPortEnterCritical
</UL>
<BR>[Called By]<UL><LI><a href="#[32]">&gt;&gt;</a>&nbsp;&nbsp;&nbsp;app_timer_callback
</UL>

<P><STRONG><a name="[13b]"></a>pxPortInitialiseStack</STRONG> (Thumb, 36 bytes, Stack size 8 bytes, port_cmsis.o(i.pxPortInitialiseStack))
<BR><BR>[Stack]<UL><LI>Max Depth = 8<LI>Call Chain = pxPortInitialiseStack
</UL>
<BR>[Called By]<UL><LI><a href="#[f4]">&gt;&gt;</a>&nbsp;&nbsp;&nbsp;xTaskGenericCreate
</UL>

<P><STRONG><a name="[bd]"></a>sd_check_ram_start</STRONG> (Thumb, 10 bytes, Stack size 8 bytes, softdevice_handler.o(i.sd_check_ram_start))
<BR><BR>[Stack]<UL><LI>Max Depth = 8<LI>Call Chain = sd_check_ram_start
</UL>
<BR>[Called By]<UL><LI><a href="#[ba]">&gt;&gt;</a>&nbsp;&nbsp;&nbsp;ble_stack_init
</UL>

<P><STRONG><a name="[11e]"></a>sensorsim_decrement</STRONG> (Thumb, 28 bytes, Stack size 8 bytes, sensorsim.o(i.sensorsim_decrement))
<BR><BR>[Stack]<UL><LI>Max Depth = 8<LI>Call Chain = sensorsim_decrement
</UL>
<BR>[Called By]<UL><LI><a href="#[96]">&gt;&gt;</a>&nbsp;&nbsp;&nbsp;sensorsim_measure
</UL>

<P><STRONG><a name="[11d]"></a>sensorsim_increment</STRONG> (Thumb, 28 bytes, Stack size 8 bytes, sensorsim.o(i.sensorsim_increment))
<BR><BR>[Stack]<UL><LI>Max Depth = 8<LI>Call Chain = sensorsim_increment
</UL>
<BR>[Called By]<UL><LI><a href="#[96]">&gt;&gt;</a>&nbsp;&nbsp;&nbsp;sensorsim_measure
</UL>

<P><STRONG><a name="[11c]"></a>sensorsim_init</STRONG> (Thumb, 22 bytes, Stack size 0 bytes, sensorsim.o(i.sensorsim_init))
<BR><BR>[Called By]<UL><LI><a href="#[c7]">&gt;&gt;</a>&nbsp;&nbsp;&nbsp;sensor_simulator_init
</UL>

<P><STRONG><a name="[96]"></a>sensorsim_measure</STRONG> (Thumb, 26 bytes, Stack size 8 bytes, sensorsim.o(i.sensorsim_measure))
<BR><BR>[Stack]<UL><LI>Max Depth = 16<LI>Call Chain = sensorsim_measure &rArr; sensorsim_increment
</UL>
<BR>[Calls]<UL><LI><a href="#[11d]">&gt;&gt;</a>&nbsp;&nbsp;&nbsp;sensorsim_increment
<LI><a href="#[11e]">&gt;&gt;</a>&nbsp;&nbsp;&nbsp;sensorsim_decrement
</UL>
<BR>[Called By]<UL><LI><a href="#[48]">&gt;&gt;</a>&nbsp;&nbsp;&nbsp;rr_interval_timeout_handler
<LI><a href="#[47]">&gt;&gt;</a>&nbsp;&nbsp;&nbsp;heart_rate_meas_timeout_handler
<LI><a href="#[46]">&gt;&gt;</a>&nbsp;&nbsp;&nbsp;battery_level_meas_timeout_handler
</UL>

<P><STRONG><a name="[bf]"></a>softdevice_ble_evt_handler_set</STRONG> (Thumb, 14 bytes, Stack size 0 bytes, softdevice_handler.o(i.softdevice_ble_evt_handler_set))
<BR><BR>[Called By]<UL><LI><a href="#[ba]">&gt;&gt;</a>&nbsp;&nbsp;&nbsp;ble_stack_init
</UL>

<P><STRONG><a name="[be]"></a>softdevice_enable</STRONG> (Thumb, 14 bytes, Stack size 16 bytes, softdevice_handler.o(i.softdevice_enable))
<BR><BR>[Stack]<UL><LI>Max Depth = 16<LI>Call Chain = softdevice_enable
</UL>
<BR>[Called By]<UL><LI><a href="#[ba]">&gt;&gt;</a>&nbsp;&nbsp;&nbsp;ble_stack_init
</UL>

<P><STRONG><a name="[bc]"></a>softdevice_enable_get_default_config</STRONG> (Thumb, 38 bytes, Stack size 16 bytes, softdevice_handler.o(i.softdevice_enable_get_default_config))
<BR><BR>[Stack]<UL><LI>Max Depth = 16<LI>Call Chain = softdevice_enable_get_default_config
</UL>
<BR>[Calls]<UL><LI><a href="#[94]">&gt;&gt;</a>&nbsp;&nbsp;&nbsp;__aeabi_memclr4
</UL>
<BR>[Called By]<UL><LI><a href="#[ba]">&gt;&gt;</a>&nbsp;&nbsp;&nbsp;ble_stack_init
</UL>

<P><STRONG><a name="[45]"></a>softdevice_fault_handler</STRONG> (Thumb, 4 bytes, Stack size 0 bytes, softdevice_handler.o(i.softdevice_fault_handler))
<BR><BR>[Calls]<UL><LI><a href="#[87]">&gt;&gt;</a>&nbsp;&nbsp;&nbsp;app_error_fault_handler
</UL>
<BR>[Address Reference Count : 1]<UL><LI> softdevice_handler.o(i.softdevice_handler_init)
</UL>
<P><STRONG><a name="[bb]"></a>softdevice_handler_init</STRONG> (Thumb, 38 bytes, Stack size 16 bytes, softdevice_handler.o(i.softdevice_handler_init))
<BR><BR>[Stack]<UL><LI>Max Depth = 16<LI>Call Chain = softdevice_handler_init
</UL>
<BR>[Called By]<UL><LI><a href="#[ba]">&gt;&gt;</a>&nbsp;&nbsp;&nbsp;ble_stack_init
</UL>

<P><STRONG><a name="[c0]"></a>softdevice_sys_evt_handler_set</STRONG> (Thumb, 14 bytes, Stack size 0 bytes, softdevice_handler.o(i.softdevice_sys_evt_handler_set))
<BR><BR>[Called By]<UL><LI><a href="#[ba]">&gt;&gt;</a>&nbsp;&nbsp;&nbsp;ble_stack_init
</UL>

<P><STRONG><a name="[107]"></a>uxListRemove</STRONG> (Thumb, 36 bytes, Stack size 0 bytes, list.o(i.uxListRemove))
<BR><BR>[Called By]<UL><LI><a href="#[113]">&gt;&gt;</a>&nbsp;&nbsp;&nbsp;prvSwitchTimerLists
<LI><a href="#[111]">&gt;&gt;</a>&nbsp;&nbsp;&nbsp;prvProcessTimerOrBlockTask
<LI><a href="#[10f]">&gt;&gt;</a>&nbsp;&nbsp;&nbsp;prvProcessReceivedCommands
<LI><a href="#[104]">&gt;&gt;</a>&nbsp;&nbsp;&nbsp;prvCheckTasksWaitingTermination
<LI><a href="#[115]">&gt;&gt;</a>&nbsp;&nbsp;&nbsp;xTaskRemoveFromEventList
<LI><a href="#[10b]">&gt;&gt;</a>&nbsp;&nbsp;&nbsp;xTaskPriorityDisinherit
<LI><a href="#[12f]">&gt;&gt;</a>&nbsp;&nbsp;&nbsp;vTaskPriorityInherit
<LI><a href="#[12c]">&gt;&gt;</a>&nbsp;&nbsp;&nbsp;vTaskPlaceOnEventListRestricted
<LI><a href="#[12d]">&gt;&gt;</a>&nbsp;&nbsp;&nbsp;vTaskPlaceOnEventList
<LI><a href="#[70]">&gt;&gt;</a>&nbsp;&nbsp;&nbsp;xTaskIncrementTick
<LI><a href="#[106]">&gt;&gt;</a>&nbsp;&nbsp;&nbsp;xTaskResumeAll
</UL>

<P><STRONG><a name="[101]"></a>vListInitialise</STRONG> (Thumb, 22 bytes, Stack size 0 bytes, list.o(i.vListInitialise))
<BR><BR>[Called By]<UL><LI><a href="#[ff]">&gt;&gt;</a>&nbsp;&nbsp;&nbsp;prvCheckForValidListAndQueue
<LI><a href="#[133]">&gt;&gt;</a>&nbsp;&nbsp;&nbsp;xQueueGenericReset
<LI><a href="#[f4]">&gt;&gt;</a>&nbsp;&nbsp;&nbsp;xTaskGenericCreate
</UL>

<P><STRONG><a name="[13a]"></a>vListInitialiseItem</STRONG> (Thumb, 6 bytes, Stack size 0 bytes, list.o(i.vListInitialiseItem))
<BR><BR>[Called By]<UL><LI><a href="#[8c]">&gt;&gt;</a>&nbsp;&nbsp;&nbsp;xTimerCreate
<LI><a href="#[f4]">&gt;&gt;</a>&nbsp;&nbsp;&nbsp;xTaskGenericCreate
</UL>

<P><STRONG><a name="[fe]"></a>vListInsert</STRONG> (Thumb, 48 bytes, Stack size 12 bytes, list.o(i.vListInsert))
<BR><BR>[Stack]<UL><LI>Max Depth = 12<LI>Call Chain = vListInsert
</UL>
<BR>[Called By]<UL><LI><a href="#[113]">&gt;&gt;</a>&nbsp;&nbsp;&nbsp;prvSwitchTimerLists
<LI><a href="#[10e]">&gt;&gt;</a>&nbsp;&nbsp;&nbsp;prvInsertTimerInActiveList
<LI><a href="#[fd]">&gt;&gt;</a>&nbsp;&nbsp;&nbsp;prvAddCurrentTaskToDelayedList
<LI><a href="#[12d]">&gt;&gt;</a>&nbsp;&nbsp;&nbsp;vTaskPlaceOnEventList
</UL>

<P><STRONG><a name="[12e]"></a>vListInsertEnd</STRONG> (Thumb, 24 bytes, Stack size 0 bytes, list.o(i.vListInsertEnd))
<BR><BR>[Called By]<UL><LI><a href="#[115]">&gt;&gt;</a>&nbsp;&nbsp;&nbsp;xTaskRemoveFromEventList
<LI><a href="#[10b]">&gt;&gt;</a>&nbsp;&nbsp;&nbsp;xTaskPriorityDisinherit
<LI><a href="#[12f]">&gt;&gt;</a>&nbsp;&nbsp;&nbsp;vTaskPriorityInherit
<LI><a href="#[12c]">&gt;&gt;</a>&nbsp;&nbsp;&nbsp;vTaskPlaceOnEventListRestricted
<LI><a href="#[12d]">&gt;&gt;</a>&nbsp;&nbsp;&nbsp;vTaskPlaceOnEventList
<LI><a href="#[70]">&gt;&gt;</a>&nbsp;&nbsp;&nbsp;xTaskIncrementTick
<LI><a href="#[106]">&gt;&gt;</a>&nbsp;&nbsp;&nbsp;xTaskResumeAll
<LI><a href="#[f4]">&gt;&gt;</a>&nbsp;&nbsp;&nbsp;xTaskGenericCreate
</UL>

<P><STRONG><a name="[100]"></a>vPortEnterCritical</STRONG> (Thumb, 16 bytes, Stack size 0 bytes, port_cmsis.o(i.vPortEnterCritical))
<BR><BR>[Called By]<UL><LI><a href="#[ff]">&gt;&gt;</a>&nbsp;&nbsp;&nbsp;prvCheckForValidListAndQueue
<LI><a href="#[104]">&gt;&gt;</a>&nbsp;&nbsp;&nbsp;prvCheckTasksWaitingTermination
<LI><a href="#[136]">&gt;&gt;</a>&nbsp;&nbsp;&nbsp;xTaskCheckForTimeOut
<LI><a href="#[137]">&gt;&gt;</a>&nbsp;&nbsp;&nbsp;xQueueGenericSend
<LI><a href="#[133]">&gt;&gt;</a>&nbsp;&nbsp;&nbsp;xQueueGenericReset
<LI><a href="#[112]">&gt;&gt;</a>&nbsp;&nbsp;&nbsp;vQueueWaitForMessageRestricted
<LI><a href="#[114]">&gt;&gt;</a>&nbsp;&nbsp;&nbsp;prvUnlockQueue
<LI><a href="#[106]">&gt;&gt;</a>&nbsp;&nbsp;&nbsp;xTaskResumeAll
<LI><a href="#[f4]">&gt;&gt;</a>&nbsp;&nbsp;&nbsp;xTaskGenericCreate
<LI><a href="#[c8]">&gt;&gt;</a>&nbsp;&nbsp;&nbsp;xQueueGenericReceive
<LI><a href="#[8e]">&gt;&gt;</a>&nbsp;&nbsp;&nbsp;xTimerIsTimerActive
<LI><a href="#[8b]">&gt;&gt;</a>&nbsp;&nbsp;&nbsp;pvTimerGetTimerID
</UL>

<P><STRONG><a name="[103]"></a>vPortExitCritical</STRONG> (Thumb, 16 bytes, Stack size 0 bytes, port_cmsis.o(i.vPortExitCritical))
<BR><BR>[Called By]<UL><LI><a href="#[ff]">&gt;&gt;</a>&nbsp;&nbsp;&nbsp;prvCheckForValidListAndQueue
<LI><a href="#[104]">&gt;&gt;</a>&nbsp;&nbsp;&nbsp;prvCheckTasksWaitingTermination
<LI><a href="#[136]">&gt;&gt;</a>&nbsp;&nbsp;&nbsp;xTaskCheckForTimeOut
<LI><a href="#[137]">&gt;&gt;</a>&nbsp;&nbsp;&nbsp;xQueueGenericSend
<LI><a href="#[133]">&gt;&gt;</a>&nbsp;&nbsp;&nbsp;xQueueGenericReset
<LI><a href="#[112]">&gt;&gt;</a>&nbsp;&nbsp;&nbsp;vQueueWaitForMessageRestricted
<LI><a href="#[114]">&gt;&gt;</a>&nbsp;&nbsp;&nbsp;prvUnlockQueue
<LI><a href="#[106]">&gt;&gt;</a>&nbsp;&nbsp;&nbsp;xTaskResumeAll
<LI><a href="#[f4]">&gt;&gt;</a>&nbsp;&nbsp;&nbsp;xTaskGenericCreate
<LI><a href="#[c8]">&gt;&gt;</a>&nbsp;&nbsp;&nbsp;xQueueGenericReceive
<LI><a href="#[8e]">&gt;&gt;</a>&nbsp;&nbsp;&nbsp;xTimerIsTimerActive
<LI><a href="#[8b]">&gt;&gt;</a>&nbsp;&nbsp;&nbsp;pvTimerGetTimerID
</UL>

<P><STRONG><a name="[108]"></a>vPortFree</STRONG> (Thumb, 2 bytes, Stack size 0 bytes, heap_1.o(i.vPortFree))
<BR><BR>[Called By]<UL><LI><a href="#[10f]">&gt;&gt;</a>&nbsp;&nbsp;&nbsp;prvProcessReceivedCommands
<LI><a href="#[104]">&gt;&gt;</a>&nbsp;&nbsp;&nbsp;prvCheckTasksWaitingTermination
<LI><a href="#[f4]">&gt;&gt;</a>&nbsp;&nbsp;&nbsp;xTaskGenericCreate
</UL>

<P><STRONG><a name="[129]"></a>vPortSetupTimerInterrupt</STRONG> (Thumb, 48 bytes, Stack size 8 bytes, port_cmsis_systick.o(i.vPortSetupTimerInterrupt))
<BR><BR>[Stack]<UL><LI>Max Depth = 8<LI>Call Chain = vPortSetupTimerInterrupt
</UL>
<BR>[Calls]<UL><LI><a href="#[12a]">&gt;&gt;</a>&nbsp;&nbsp;&nbsp;nrf_drv_clock_lfclk_request
</UL>
<BR>[Called By]<UL><LI><a href="#[131]">&gt;&gt;</a>&nbsp;&nbsp;&nbsp;xPortStartScheduler
</UL>

<P><STRONG><a name="[10d]"></a>vPortSuppressTicksAndSleep</STRONG> (Thumb, 94 bytes, Stack size 24 bytes, port_cmsis_systick.o(i.vPortSuppressTicksAndSleep))
<BR><BR>[Stack]<UL><LI>Max Depth = 24<LI>Call Chain = vPortSuppressTicksAndSleep
</UL>
<BR>[Calls]<UL><LI><a href="#[12b]">&gt;&gt;</a>&nbsp;&nbsp;&nbsp;eTaskConfirmSleepModeStatus
</UL>
[...]
<LI><a href="#[60]">&gt;&gt;</a>&nbsp;&nbsp;&nbsp;data_page_erase_state_run
</UL>

<P><STRONG><a name="[d5]"></a>cmd_process</STRONG> (Thumb, 44 bytes, Stack size 0 bytes, pstorage.o(i.cmd_process))
<BR><BR>[Stack]<UL><LI>Max Depth = 64<LI>Call Chain = cmd_process &rArr; clear_operation_execute &rArr; sm_state_change &rArr;  cmd_process (Cycle)
</UL>
<BR>[Calls]<UL><LI><a href="#[8a]">&gt;&gt;</a>&nbsp;&nbsp;&nbsp;sm_state_change
<LI><a href="#[d1]">&gt;&gt;</a>&nbsp;&nbsp;&nbsp;clear_operation_execute
</UL>
<BR>[Called By]<UL><LI><a href="#[8a]">&gt;&gt;</a>&nbsp;&nbsp;&nbsp;sm_state_change
<LI><a href="#[d6]">&gt;&gt;</a>&nbsp;&nbsp;&nbsp;cmd_queue_enqueue
</UL>

<P><STRONG><a name="[d7]"></a>cmd_queue_element_init</STRONG> (Thumb, 28 bytes, Stack size 0 bytes, pstorage.o(i.cmd_queue_element_init))
<BR><BR>[Called By]<UL><LI><a href="#[e3]">&gt;&gt;</a>&nbsp;&nbsp;&nbsp;pstorage_init
<LI><a href="#[d4]">&gt;&gt;</a>&nbsp;&nbsp;&nbsp;command_end_procedure_run
</UL>

<P><STRONG><a name="[d6]"></a>cmd_queue_enqueue</STRONG> (Thumb, 74 bytes, Stack size 24 bytes, pstorage.o(i.cmd_queue_enqueue))
<BR><BR>[Stack]<UL><LI>Max Depth = 88<LI>Call Chain = cmd_queue_enqueue &rArr; cmd_process &rArr; clear_operation_execute &rArr; sm_state_change &rArr;  cmd_process (Cycle)
</UL>
<BR>[Calls]<UL><LI><a href="#[d5]">&gt;&gt;</a>&nbsp;&nbsp;&nbsp;cmd_process
</UL>
<BR>[Called By]<UL><LI><a href="#[3f]">&gt;&gt;</a>&nbsp;&nbsp;&nbsp;pstorage_update
<LI><a href="#[40]">&gt;&gt;</a>&nbsp;&nbsp;&nbsp;pstorage_store
<LI><a href="#[e1]">&gt;&gt;</a>&nbsp;&nbsp;&nbsp;pstorage_clear
</UL>

<P><STRONG><a name="[d4]"></a>command_end_procedure_run</STRONG> (Thumb, 60 bytes, Stack size 8 bytes, pstorage.o(i.command_end_procedure_run))
<BR><BR>[Stack]<UL><LI>Max Depth = 48<LI>Call Chain = command_end_procedure_run &rArr; sm_state_change &rArr;  cmd_process (Cycle)
</UL>
<BR>[Calls]<UL><LI><a href="#[8a]">&gt;&gt;</a>&nbsp;&nbsp;&nbsp;sm_state_change
<LI><a href="#[d7]">&gt;&gt;</a>&nbsp;&nbsp;&nbsp;cmd_queue_element_init
<LI><a href="#[89]">&gt;&gt;</a>&nbsp;&nbsp;&nbsp;app_notify
</UL>
<BR>[Called By]<UL><LI><a href="#[ed]">&gt;&gt;</a>&nbsp;&nbsp;&nbsp;flash_operation_success_run
<LI><a href="#[d3]">&gt;&gt;</a>&nbsp;&nbsp;&nbsp;clear_post_processing_run
</UL>

<P><STRONG><a name="[60]"></a>data_page_erase_state_run</STRONG> (Thumb, 80 bytes, Stack size 8 bytes, pstorage.o(i.data_page_erase_state_run))
<BR><BR>[Stack]<UL><LI>Max Depth = 56<LI>Call Chain = data_page_erase_state_run &rArr; clear_post_processing_run &rArr; command_end_procedure_run &rArr; sm_state_change &rArr;  cmd_process (Cycle)
</UL>
<BR>[Calls]<UL><LI><a href="#[da]">&gt;&gt;</a>&nbsp;&nbsp;&nbsp;swap_sub_state_state_change
<LI><a href="#[db]">&gt;&gt;</a>&nbsp;&nbsp;&nbsp;swap_sub_state_err_busy_process
<LI><a href="#[d9]">&gt;&gt;</a>&nbsp;&nbsp;&nbsp;is_page_erase_required
<LI><a href="#[d3]">&gt;&gt;</a>&nbsp;&nbsp;&nbsp;clear_post_processing_run
</UL>
<BR>[Address Reference Count : 1]<UL><LI> pstorage.o(.constdata)
</UL>
<P><STRONG><a name="[5f]"></a>data_to_swap_write_state_run</STRONG> (Thumb, 28 bytes, Stack size 0 bytes, pstorage.o(i.data_to_swap_write_state_run))
<BR><BR>[Calls]<UL><LI><a href="#[da]">&gt;&gt;</a>&nbsp;&nbsp;&nbsp;swap_sub_state_state_change
<LI><a href="#[db]">&gt;&gt;</a>&nbsp;&nbsp;&nbsp;swap_sub_state_err_busy_process
</UL>
<BR>[Address Reference Count : 1]<UL><LI> pstorage.o(.constdata)
</UL>
<P><STRONG><a name="[ec]"></a>flash_api_err_code_process</STRONG> (Thumb, 24 bytes, Stack size 0 bytes, pstorage.o(i.flash_api_err_code_process))
<BR><BR>[Stack]<UL><LI>Max Depth = 24<LI>Call Chain = flash_api_err_code_process &rArr; app_notify_error_state_transit &rArr;  sm_state_change (Cycle)
</UL>
<BR>[Calls]<UL><LI><a href="#[88]">&gt;&gt;</a>&nbsp;&nbsp;&nbsp;app_notify_error_state_transit
</UL>
<BR>[Called By]<UL><LI><a href="#[f1]">&gt;&gt;</a>&nbsp;&nbsp;&nbsp;flash_write
<LI><a href="#[f0]">&gt;&gt;</a>&nbsp;&nbsp;&nbsp;flash_page_erase
</UL>

<P><STRONG><a name="[ed]"></a>flash_operation_success_run</STRONG> (Thumb, 126 bytes, Stack size 8 bytes, pstorage.o(i.flash_operation_success_run))
<BR><BR>[Stack]<UL><LI>Max Depth = 56<LI>Call Chain = flash_operation_success_run &rArr; command_end_procedure_run &rArr; sm_state_change &rArr;  cmd_process (Cycle)
</UL>
<BR>[Calls]<UL><LI><a href="#[ee]">&gt;&gt;</a>&nbsp;&nbsp;&nbsp;store_cmd_flash_write_execute
<LI><a href="#[8a]">&gt;&gt;</a>&nbsp;&nbsp;&nbsp;sm_state_change
<LI><a href="#[ef]">&gt;&gt;</a>&nbsp;&nbsp;&nbsp;main_state_err_busy_process
<LI><a href="#[d9]">&gt;&gt;</a>&nbsp;&nbsp;&nbsp;is_page_erase_required
<LI><a href="#[d4]">&gt;&gt;</a>&nbsp;&nbsp;&nbsp;command_end_procedure_run
<LI><a href="#[d3]">&gt;&gt;</a>&nbsp;&nbsp;&nbsp;clear_post_processing_run
</UL>
<BR>[Called By]<UL><LI><a href="#[119]">&gt;&gt;</a>&nbsp;&nbsp;&nbsp;pstorage_sys_event_handler
</UL>

<P><STRONG><a name="[f0]"></a>flash_page_erase</STRONG> (Thumb, 6 bytes, Stack size 0 bytes, pstorage.o(i.flash_page_erase))
<BR><BR>[Stack]<UL><LI>Max Depth = 24<LI>Call Chain = flash_page_erase &rArr; flash_api_err_code_process &rArr; app_notify_error_state_transit &rArr;  sm_state_change (Cycle)
</UL>
<BR>[Calls]<UL><LI><a href="#[ec]">&gt;&gt;</a>&nbsp;&nbsp;&nbsp;flash_api_err_code_process
</UL>
<BR>[Called By]<UL><LI><a href="#[59]">&gt;&gt;</a>&nbsp;&nbsp;&nbsp;state_swap_erase_entry_run
<LI><a href="#[5b]">&gt;&gt;</a>&nbsp;&nbsp;&nbsp;state_erase_data_page_entry_run
<LI><a href="#[8a]">&gt;&gt;</a>&nbsp;&nbsp;&nbsp;sm_state_change
</UL>

<P><STRONG><a name="[f1]"></a>flash_write</STRONG> (Thumb, 6 bytes, Stack size 0 bytes, pstorage.o(i.flash_write))
<BR><BR>[Stack]<UL><LI>Max Depth = 24<LI>Call Chain = flash_write &rArr; flash_api_err_code_process &rArr; app_notify_error_state_transit &rArr;  sm_state_change (Cycle)
</UL>
<BR>[Calls]<UL><LI><a href="#[ec]">&gt;&gt;</a>&nbsp;&nbsp;&nbsp;flash_api_err_code_process
</UL>
<BR>[Called By]<UL><LI><a href="#[ee]">&gt;&gt;</a>&nbsp;&nbsp;&nbsp;store_cmd_flash_write_execute
<LI><a href="#[5a]">&gt;&gt;</a>&nbsp;&nbsp;&nbsp;state_write_data_swap_entry_run
<LI><a href="#[5c]">&gt;&gt;</a>&nbsp;&nbsp;&nbsp;state_restore_tail_entry_run
<LI><a href="#[5d]">&gt;&gt;</a>&nbsp;&nbsp;&nbsp;state_restore_head_entry_run
</UL>

<P><STRONG><a name="[62]"></a>head_restore_state_run</STRONG> (Thumb, 110 bytes, Stack size 16 bytes, pstorage.o(i.head_restore_state_run))
<BR><BR>[Stack]<UL><LI>Max Depth = 64<LI>Call Chain = head_restore_state_run &rArr; clear_post_processing_run &rArr; command_end_procedure_run &rArr; sm_state_change &rArr;  cmd_process (Cycle)
</UL>
<BR>[Calls]<UL><LI><a href="#[da]">&gt;&gt;</a>&nbsp;&nbsp;&nbsp;swap_sub_state_state_change
<LI><a href="#[db]">&gt;&gt;</a>&nbsp;&nbsp;&nbsp;swap_sub_state_err_busy_process
<LI><a href="#[d2]">&gt;&gt;</a>&nbsp;&nbsp;&nbsp;pstorage_flash_page_size
<LI><a href="#[d9]">&gt;&gt;</a>&nbsp;&nbsp;&nbsp;is_page_erase_required
<LI><a href="#[d3]">&gt;&gt;</a>&nbsp;&nbsp;&nbsp;clear_post_processing_run
</UL>
<BR>[Address Reference Count : 1]<UL><LI> pstorage.o(.constdata)
</UL>
<P><STRONG><a name="[d9]"></a>is_page_erase_required</STRONG> (Thumb, 60 bytes, Stack size 16 bytes, pstorage.o(i.is_page_erase_required))
<BR><BR>[Stack]<UL><LI>Max Depth = 16<LI>Call Chain = is_page_erase_required
</UL>
<BR>[Calls]<UL><LI><a href="#[d2]">&gt;&gt;</a>&nbsp;&nbsp;&nbsp;pstorage_flash_page_size
</UL>
<BR>[Called By]<UL><LI><a href="#[62]">&gt;&gt;</a>&nbsp;&nbsp;&nbsp;head_restore_state_run
<LI><a href="#[ed]">&gt;&gt;</a>&nbsp;&nbsp;&nbsp;flash_operation_success_run
<LI><a href="#[60]">&gt;&gt;</a>&nbsp;&nbsp;&nbsp;data_page_erase_state_run
</UL>

<P><STRONG><a name="[117]"></a>is_word_aligned</STRONG> (Thumb, 12 bytes, Stack size 0 bytes, pstorage.o(i.is_word_aligned))
<BR><BR>[Called By]<UL><LI><a href="#[3f]">&gt;&gt;</a>&nbsp;&nbsp;&nbsp;pstorage_update
<LI><a href="#[40]">&gt;&gt;</a>&nbsp;&nbsp;&nbsp;pstorage_store
<LI><a href="#[cb]">&gt;&gt;</a>&nbsp;&nbsp;&nbsp;pstorage_load
<LI><a href="#[e1]">&gt;&gt;</a>&nbsp;&nbsp;&nbsp;pstorage_clear
</UL>

<P><STRONG><a name="[ef]"></a>main_state_err_busy_process</STRONG> (Thumb, 16 bytes, Stack size 0 bytes, pstorage.o(i.main_state_err_busy_process))
<BR><BR>[Stack]<UL><LI>Max Depth = 40<LI>Call Chain = main_state_err_busy_process &rArr; sm_state_change &rArr;  cmd_process (Cycle)
</UL>
<BR>[Calls]<UL><LI><a href="#[8a]">&gt;&gt;</a>&nbsp;&nbsp;&nbsp;sm_state_change
</UL>
<BR>[Called By]<UL><LI><a href="#[ed]">&gt;&gt;</a>&nbsp;&nbsp;&nbsp;flash_operation_success_run
</UL>

<P><STRONG><a name="[118]"></a>pstorage_flash_page_end</STRONG> (Thumb, 30 bytes, Stack size 8 bytes, pstorage.o(i.pstorage_flash_page_end))
<BR><BR>[Stack]<UL><LI>Max Depth = 8<LI>Call Chain = pstorage_flash_page_end
</UL>
<BR>[Calls]<UL><LI><a href="#[d2]">&gt;&gt;</a>&nbsp;&nbsp;&nbsp;pstorage_flash_page_size
</UL>
<BR>[Called By]<UL><LI><a href="#[e3]">&gt;&gt;</a>&nbsp;&nbsp;&nbsp;pstorage_init
<LI><a href="#[ea]">&gt;&gt;</a>&nbsp;&nbsp;&nbsp;pstorage_register
<LI><a href="#[5a]">&gt;&gt;</a>&nbsp;&nbsp;&nbsp;state_write_data_swap_entry_run
<LI><a href="#[59]">&gt;&gt;</a>&nbsp;&nbsp;&nbsp;state_swap_erase_entry_run
<LI><a href="#[5c]">&gt;&gt;</a>&nbsp;&nbsp;&nbsp;state_restore_tail_entry_run
<LI><a href="#[5d]">&gt;&gt;</a>&nbsp;&nbsp;&nbsp;state_restore_head_entry_run
</UL>

<P><STRONG><a name="[d2]"></a>pstorage_flash_page_size</STRONG> (Thumb, 10 bytes, Stack size 0 bytes, pstorage.o(i.pstorage_flash_page_size))
<BR><BR>[Called By]<UL><LI><a href="#[e3]">&gt;&gt;</a>&nbsp;&nbsp;&nbsp;pstorage_init
<LI><a href="#[ea]">&gt;&gt;</a>&nbsp;&nbsp;&nbsp;pstorage_register
<LI><a href="#[ee]">&gt;&gt;</a>&nbsp;&nbsp;&nbsp;store_cmd_flash_write_execute
<LI><a href="#[5a]">&gt;&gt;</a>&nbsp;&nbsp;&nbsp;state_write_data_swap_entry_run
<LI><a href="#[59]">&gt;&gt;</a>&nbsp;&nbsp;&nbsp;state_swap_erase_entry_run
<LI><a href="#[5c]">&gt;&gt;</a>&nbsp;&nbsp;&nbsp;state_restore_tail_entry_run
<LI><a href="#[5d]">&gt;&gt;</a>&nbsp;&nbsp;&nbsp;state_restore_head_entry_run
<LI><a href="#[11f]">&gt;&gt;</a>&nbsp;&nbsp;&nbsp;state_data_erase_swap_entry_run
<LI><a href="#[118]">&gt;&gt;</a>&nbsp;&nbsp;&nbsp;pstorage_flash_page_end
<LI><a href="#[d9]">&gt;&gt;</a>&nbsp;&nbsp;&nbsp;is_page_erase_required
<LI><a href="#[62]">&gt;&gt;</a>&nbsp;&nbsp;&nbsp;head_restore_state_run
<LI><a href="#[d1]">&gt;&gt;</a>&nbsp;&nbsp;&nbsp;clear_operation_execute
</UL>

<P><STRONG><a name="[8a]"></a>sm_state_change</STRONG> (Thumb, 52 bytes, Stack size 0 bytes, pstorage.o(i.sm_state_change))
<BR><BR>[Stack]<UL><LI>Max Depth = 40 + In Cycle
<LI>Call Chain = sm_state_change &rArr;  cmd_process (Cycle)
</UL>
<BR>[Calls]<UL><LI><a href="#[ee]">&gt;&gt;</a>&nbsp;&nbsp;&nbsp;store_cmd_flash_write_execute
<LI><a href="#[11f]">&gt;&gt;</a>&nbsp;&nbsp;&nbsp;state_data_erase_swap_entry_run
<LI><a href="#[f0]">&gt;&gt;</a>&nbsp;&nbsp;&nbsp;flash_page_erase
<LI><a href="#[d5]">&gt;&gt;</a>&nbsp;&nbsp;&nbsp;cmd_process
</UL>
<BR>[Called By]<UL><LI><a href="#[119]">&gt;&gt;</a>&nbsp;&nbsp;&nbsp;pstorage_sys_event_handler
<LI><a href="#[ef]">&gt;&gt;</a>&nbsp;&nbsp;&nbsp;main_state_err_busy_process
<LI><a href="#[ed]">&gt;&gt;</a>&nbsp;&nbsp;&nbsp;flash_operation_success_run
<LI><a href="#[d4]">&gt;&gt;</a>&nbsp;&nbsp;&nbsp;command_end_procedure_run
<LI><a href="#[d5]">&gt;&gt;</a>&nbsp;&nbsp;&nbsp;cmd_process
<LI><a href="#[d3]">&gt;&gt;</a>&nbsp;&nbsp;&nbsp;clear_post_processing_run
<LI><a href="#[d1]">&gt;&gt;</a>&nbsp;&nbsp;&nbsp;clear_operation_execute
<LI><a href="#[88]">&gt;&gt;</a>&nbsp;&nbsp;&nbsp;app_notify_error_state_transit
</UL>

<P><STRONG><a name="[11f]"></a>state_data_erase_swap_entry_run</STRONG> (Thumb, 96 bytes, Stack size 24 bytes, pstorage.o(i.state_data_erase_swap_entry_run))
<BR><BR>[Stack]<UL><LI>Max Depth = 24<LI>Call Chain = state_data_erase_swap_entry_run
</UL>
<BR>[Calls]<UL><LI><a href="#[da]">&gt;&gt;</a>&nbsp;&nbsp;&nbsp;swap_sub_state_state_change
<LI><a href="#[d2]">&gt;&gt;</a>&nbsp;&nbsp;&nbsp;pstorage_flash_page_size
</UL>
<BR>[Called By]<UL><LI><a href="#[8a]">&gt;&gt;</a>&nbsp;&nbsp;&nbsp;sm_state_change
</UL>

<P><STRONG><a name="[5b]"></a>state_erase_data_page_entry_run</STRONG> (Thumb, 8 bytes, Stack size 0 bytes, pstorage.o(i.state_erase_data_page_entry_run))
<BR><BR>[Stack]<UL><LI>Max Depth = 24<LI>Call Chain = state_erase_data_page_entry_run &rArr; flash_page_erase &rArr; flash_api_err_code_process &rArr; app_notify_error_state_transit &rArr;  sm_state_change (Cycle)
</UL>
<BR>[Calls]<UL><LI><a href="#[f0]">&gt;&gt;</a>&nbsp;&nbsp;&nbsp;flash_page_erase
</UL>
<BR>[Address Reference Count : 1]<UL><LI> pstorage.o(.constdata)
</UL>
<P><STRONG><a name="[5d]"></a>state_restore_head_entry_run</STRONG> (Thumb, 38 bytes, Stack size 8 bytes, pstorage.o(i.state_restore_head_entry_run))
<BR><BR>[Stack]<UL><LI>Max Depth = 32<LI>Call Chain = state_restore_head_entry_run &rArr; flash_write &rArr; flash_api_err_code_process &rArr; app_notify_error_state_transit &rArr;  sm_state_change (Cycle)
</UL>
<BR>[Calls]<UL><LI><a href="#[d2]">&gt;&gt;</a>&nbsp;&nbsp;&nbsp;pstorage_flash_page_size
<LI><a href="#[118]">&gt;&gt;</a>&nbsp;&nbsp;&nbsp;pstorage_flash_page_end
<LI><a href="#[f1]">&gt;&gt;</a>&nbsp;&nbsp;&nbsp;flash_write
</UL>
<BR>[Address Reference Count : 1]<UL><LI> pstorage.o(.constdata)
</UL>
<P><STRONG><a name="[5c]"></a>state_restore_tail_entry_run</STRONG> (Thumb, 72 bytes, Stack size 24 bytes, pstorage.o(i.state_restore_tail_entry_run))
<BR><BR>[Stack]<UL><LI>Max Depth = 48<LI>Call Chain = state_restore_tail_entry_run &rArr; flash_write &rArr; flash_api_err_code_process &rArr; app_notify_error_state_transit &rArr;  sm_state_change (Cycle)
</UL>
<BR>[Calls]<UL><LI><a href="#[d2]">&gt;&gt;</a>&nbsp;&nbsp;&nbsp;pstorage_flash_page_size
<LI><a href="#[118]">&gt;&gt;</a>&nbsp;&nbsp;&nbsp;pstorage_flash_page_end
<LI><a href="#[f1]">&gt;&gt;</a>&nbsp;&nbsp;&nbsp;flash_write
</UL>
<BR>[Address Reference Count : 1]<UL><LI> pstorage.o(.constdata)
</UL>
<P><STRONG><a name="[59]"></a>state_swap_erase_entry_run</STRONG> (Thumb, 30 bytes, Stack size 8 bytes, pstorage.o(i.state_swap_erase_entry_run))
<BR><BR>[Stack]<UL><LI>Max Depth = 32<LI>Call Chain = state_swap_erase_entry_run &rArr; flash_page_erase &rArr; flash_api_err_code_process &rArr; app_notify_error_state_transit &rArr;  sm_state_change (Cycle)
</UL>
<BR>[Calls]<UL><LI><a href="#[d2]">&gt;&gt;</a>&nbsp;&nbsp;&nbsp;pstorage_flash_page_size
<LI><a href="#[118]">&gt;&gt;</a>&nbsp;&nbsp;&nbsp;pstorage_flash_page_end
<LI><a href="#[f0]">&gt;&gt;</a>&nbsp;&nbsp;&nbsp;flash_page_erase
</UL>
<BR>[Address Reference Count : 1]<UL><LI> pstorage.o(.constdata)
</UL>
<P><STRONG><a name="[5a]"></a>state_write_data_swap_entry_run</STRONG> (Thumb, 44 bytes, Stack size 16 bytes, pstorage.o(i.state_write_data_swap_entry_run))
<BR><BR>[Stack]<UL><LI>Max Depth = 40<LI>Call Chain = state_write_data_swap_entry_run &rArr; flash_write &rArr; flash_api_err_code_process &rArr; app_notify_error_state_transit &rArr;  sm_state_change (Cycle)
</UL>
<BR>[Calls]<UL><LI><a href="#[d2]">&gt;&gt;</a>&nbsp;&nbsp;&nbsp;pstorage_flash_page_size
<LI><a href="#[118]">&gt;&gt;</a>&nbsp;&nbsp;&nbsp;pstorage_flash_page_end
<LI><a href="#[f1]">&gt;&gt;</a>&nbsp;&nbsp;&nbsp;flash_write
</UL>
<BR>[Address Reference Count : 1]<UL><LI> pstorage.o(.constdata)
</UL>
<P><STRONG><a name="[ee]"></a>store_cmd_flash_write_execute</STRONG> (Thumb, 84 bytes, Stack size 16 bytes, pstorage.o(i.store_cmd_flash_write_execute))
<BR><BR>[Stack]<UL><LI>Max Depth = 40<LI>Call Chain = store_cmd_flash_write_execute &rArr; flash_write &rArr; flash_api_err_code_process &rArr; app_notify_error_state_transit &rArr;  sm_state_change (Cycle)
</UL>
<BR>[Calls]<UL><LI><a href="#[d2]">&gt;&gt;</a>&nbsp;&nbsp;&nbsp;pstorage_flash_page_size
<LI><a href="#[f1]">&gt;&gt;</a>&nbsp;&nbsp;&nbsp;flash_write
</UL>
<BR>[Called By]<UL><LI><a href="#[8a]">&gt;&gt;</a>&nbsp;&nbsp;&nbsp;sm_state_change
<LI><a href="#[ed]">&gt;&gt;</a>&nbsp;&nbsp;&nbsp;flash_operation_success_run
</UL>

<P><STRONG><a name="[5e]"></a>swap_erase_state_run</STRONG> (Thumb, 18 bytes, Stack size 0 bytes, pstorage.o(i.swap_erase_state_run))
<BR><BR>[Calls]<UL><LI><a href="#[da]">&gt;&gt;</a>&nbsp;&nbsp;&nbsp;swap_sub_state_state_change
<LI><a href="#[db]">&gt;&gt;</a>&nbsp;&nbsp;&nbsp;swap_sub_state_err_busy_process
</UL>
<BR>[Address Reference Count : 1]<UL><LI> pstorage.o(.constdata)
</UL>
<P><STRONG><a name="[db]"></a>swap_sub_state_err_busy_process</STRONG> (Thumb, 16 bytes, Stack size 0 bytes, pstorage.o(i.swap_sub_state_err_busy_process))
<BR><BR>[Calls]<UL><LI><a href="#[da]">&gt;&gt;</a>&nbsp;&nbsp;&nbsp;swap_sub_state_state_change
</UL>
<BR>[Called By]<UL><LI><a href="#[61]">&gt;&gt;</a>&nbsp;&nbsp;&nbsp;tail_restore_state_run
<LI><a href="#[5e]">&gt;&gt;</a>&nbsp;&nbsp;&nbsp;swap_erase_state_run
<LI><a href="#[62]">&gt;&gt;</a>&nbsp;&nbsp;&nbsp;head_restore_state_run
<LI><a href="#[5f]">&gt;&gt;</a>&nbsp;&nbsp;&nbsp;data_to_swap_write_state_run
<LI><a href="#[60]">&gt;&gt;</a>&nbsp;&nbsp;&nbsp;data_page_erase_state_run
</UL>

<P><STRONG><a name="[da]"></a>swap_sub_state_state_change</STRONG> (Thumb, 12 bytes, Stack size 0 bytes, pstorage.o(i.swap_sub_state_state_change))
<BR><BR>[Called By]<UL><LI><a href="#[119]">&gt;&gt;</a>&nbsp;&nbsp;&nbsp;pstorage_sys_event_handler
<LI><a href="#[db]">&gt;&gt;</a>&nbsp;&nbsp;&nbsp;swap_sub_state_err_busy_process
<LI><a href="#[5e]">&gt;&gt;</a>&nbsp;&nbsp;&nbsp;swap_erase_state_run
<LI><a href="#[11f]">&gt;&gt;</a>&nbsp;&nbsp;&nbsp;state_data_erase_swap_entry_run
<LI><a href="#[62]">&gt;&gt;</a>&nbsp;&nbsp;&nbsp;head_restore_state_run
<LI><a href="#[5f]">&gt;&gt;</a>&nbsp;&nbsp;&nbsp;data_to_swap_write_state_run
<LI><a href="#[60]">&gt;&gt;</a>&nbsp;&nbsp;&nbsp;data_page_erase_state_run
</UL>

<P><STRONG><a name="[61]"></a>tail_restore_state_run</STRONG> (Thumb, 16 bytes, Stack size 0 bytes, pstorage.o(i.tail_restore_state_run))
<BR><BR>[Stack]<UL><LI>Max Depth = 48<LI>Call Chain = tail_restore_state_run &rArr; clear_post_processing_run &rArr; command_end_procedure_run &rArr; sm_state_change &rArr;  cmd_process (Cycle)
</UL>
<BR>[Calls]<UL><LI><a href="#[db]">&gt;&gt;</a>&nbsp;&nbsp;&nbsp;swap_sub_state_err_busy_process
<LI><a href="#[d3]">&gt;&gt;</a>&nbsp;&nbsp;&nbsp;clear_post_processing_run
</UL>
<BR>[Address Reference Count : 1]<UL><LI> pstorage.o(.constdata)
</UL>
<P><STRONG><a name="[31]"></a>detection_delay_timeout_handler</STRONG> (Thumb, 92 bytes, Stack size 24 bytes, app_button.o(i.detection_delay_timeout_handler))
<BR><BR>[Stack]<UL><LI>Max Depth = 24<LI>Call Chain = detection_delay_timeout_handler
</UL>
<BR>[Calls]<UL><LI><a href="#[dc]">&gt;&gt;</a>&nbsp;&nbsp;&nbsp;nrf_drv_gpiote_in_is_set
</UL>
<BR>[Address Reference Count : 1]<UL><LI> app_button.o(i.app_button_init)
</UL>
<P><STRONG><a name="[30]"></a>gpiote_event_handler</STRONG> (Thumb, 78 bytes, Stack size 24 bytes, app_button.o(i.gpiote_event_handler))
<BR><BR>[Stack]<UL><LI>Max Depth = 208<LI>Call Chain = gpiote_event_handler &rArr; app_timer_start &rArr; xTimerGenericCommand &rArr; xQueueGenericSend &rArr; xTaskResumeAll &rArr; xTaskIncrementTick
</UL>
<BR>[Calls]<UL><LI><a href="#[91]">&gt;&gt;</a>&nbsp;&nbsp;&nbsp;app_timer_stop
<LI><a href="#[8d]">&gt;&gt;</a>&nbsp;&nbsp;&nbsp;app_timer_start
<LI><a href="#[dc]">&gt;&gt;</a>&nbsp;&nbsp;&nbsp;nrf_drv_gpiote_in_is_set
</UL>
<BR>[Address Reference Count : 1]<UL><LI> app_button.o(i.app_button_init)
</UL>
<P><STRONG><a name="[32]"></a>app_timer_callback</STRONG> (Thumb, 26 bytes, Stack size 8 bytes, app_timer_freertos.o(i.app_timer_callback))
<BR><BR>[Stack]<UL><LI>Max Depth = 16<LI>Call Chain = app_timer_callback &rArr; pvTimerGetTimerID
</UL>
<BR>[Calls]<UL><LI><a href="#[8b]">&gt;&gt;</a>&nbsp;&nbsp;&nbsp;pvTimerGetTimerID
</UL>
<BR>[Address Reference Count : 1]<UL><LI> app_timer_freertos.o(i.app_timer_create)
</UL><P>
<H3>
Undefined Global Symbols
</H3><HR></body></html>
