Component: ARM Compiler 5.06 update 1 (build 61) Tool: armlink [4d35a8]

==============================================================================

Section Cross References

    main.o(i.assert_nrf_callback) refers to app_error.o(i.app_error_handler) for app_error_handler
    main.o(i.ble_evt_dispatch) refers to ble_conn_params.o(i.ble_conn_params_on_ble_evt) for ble_conn_params_on_ble_evt
    main.o(i.ble_evt_dispatch) refers to ble_nus.o(i.ble_nus_on_ble_evt) for ble_nus_on_ble_evt
    main.o(i.ble_evt_dispatch) refers to main.o(i.on_ble_evt) for on_ble_evt
    main.o(i.ble_evt_dispatch) refers to ble_advertising.o(i.ble_advertising_on_ble_evt) for ble_advertising_on_ble_evt
    main.o(i.ble_evt_dispatch) refers to bsp_btn_ble.o(i.bsp_btn_ble_on_ble_evt) for bsp_btn_ble_on_ble_evt
    main.o(i.ble_evt_dispatch) refers to main.o(.bss) for .bss
    main.o(i.ble_stack_init) refers to softdevice_handler.o(i.softdevice_handler_init) for softdevice_handler_init
    main.o(i.ble_stack_init) refers to app_error.o(i.app_error_handler_bare) for app_error_handler_bare
    main.o(i.ble_stack_init) refers to softdevice_handler.o(i.softdevice_enable_get_default_config) for softdevice_enable_get_default_config
    main.o(i.ble_stack_init) refers to softdevice_handler.o(i.sd_check_ram_start) for sd_check_ram_start
    main.o(i.ble_stack_init) refers to softdevice_handler.o(i.softdevice_enable) for softdevice_enable
    main.o(i.ble_stack_init) refers to softdevice_handler.o(i.softdevice_ble_evt_handler_set) for softdevice_ble_evt_handler_set
    main.o(i.ble_stack_init) refers to main.o(.bss) for .bss
    main.o(i.ble_stack_init) refers to main.o(i.ble_evt_dispatch) for ble_evt_dispatch
    main.o(i.bsp_event_handler) refers to main.o(i.sleep_mode_enter) for sleep_mode_enter
    main.o(i.bsp_event_handler) refers to app_error.o(i.app_error_handler_bare) for app_error_handler_bare
    main.o(i.bsp_event_handler) refers to ble_advertising.o(i.ble_advertising_restart_without_whitelist) for ble_advertising_restart_without_whitelist
    main.o(i.bsp_event_handler) refers to main.o(.data) for .data
    main.o(i.conn_params_error_handler) refers to app_error.o(i.app_error_handler_bare) for app_error_handler_bare
    main.o(i.main) refers to app_timer.o(i.app_timer_init) for app_timer_init
    main.o(i.main) refers to app_error.o(i.app_error_handler_bare) for app_error_handler_bare
    main.o(i.main) refers to app_uart_fifo.o(i.app_uart_init) for app_uart_init
    main.o(i.main) refers to bsp.o(i.bsp_init) for bsp_init
    main.o(i.main) refers to bsp_btn_ble.o(i.bsp_btn_ble_init) for bsp_btn_ble_init
    main.o(i.main) refers to main.o(i.ble_stack_init) for ble_stack_init
    main.o(i.main) refers to ble_nus.o(i.ble_nus_init) for ble_nus_init
    main.o(i.main) refers to memseta.o(.text) for __aeabi_memclr4
    main.o(i.main) refers to ble_advertising.o(i.ble_advertising_init) for ble_advertising_init
    main.o(i.main) refers to ble_conn_params.o(i.ble_conn_params_init) for ble_conn_params_init
    main.o(i.main) refers to printfa.o(i.__0printf) for __2printf
    main.o(i.main) refers to ble_advertising.o(i.ble_advertising_start) for ble_advertising_start
    main.o(i.main) refers to main.o(.bss) for .bss
    main.o(i.main) refers to main.o(.constdata) for .constdata
    main.o(i.main) refers to main.o(i.uart_event_handle) for uart_event_handle
    main.o(i.main) refers to main.o(i.bsp_event_handler) for bsp_event_handler
    main.o(i.main) refers to main.o(i.nus_data_handler) for nus_data_handler
    main.o(i.main) refers to main.o(.data) for .data
    main.o(i.main) refers to main.o(i.on_adv_evt) for on_adv_evt
    main.o(i.main) refers to main.o(i.on_conn_params_evt) for on_conn_params_evt
    main.o(i.main) refers to main.o(i.conn_params_error_handler) for conn_params_error_handler
    main.o(i.nus_data_handler) refers to app_uart_fifo.o(i.app_uart_put) for app_uart_put
    main.o(i.on_adv_evt) refers to bsp.o(i.bsp_indication_set) for bsp_indication_set
    main.o(i.on_adv_evt) refers to app_error.o(i.app_error_handler_bare) for app_error_handler_bare
    main.o(i.on_adv_evt) refers to main.o(i.sleep_mode_enter) for sleep_mode_enter
    main.o(i.on_ble_evt) refers to app_error.o(i.app_error_handler_bare) for app_error_handler_bare
    main.o(i.on_ble_evt) refers to bsp.o(i.bsp_indication_set) for bsp_indication_set
    main.o(i.on_ble_evt) refers to main.o(.data) for .data
    main.o(i.on_conn_params_evt) refers to app_error.o(i.app_error_handler_bare) for app_error_handler_bare
    main.o(i.on_conn_params_evt) refers to main.o(.data) for .data
    main.o(i.sleep_mode_enter) refers to bsp.o(i.bsp_indication_set) for bsp_indication_set
    main.o(i.sleep_mode_enter) refers to app_error.o(i.app_error_handler_bare) for app_error_handler_bare
    main.o(i.sleep_mode_enter) refers to bsp_btn_ble.o(i.bsp_btn_ble_sleep_mode_prepare) for bsp_btn_ble_sleep_mode_prepare
[...]
    ../fplib/microlib/fpmul.c                0x00000000   Number         0  dmul.o ABSOLUTE
    ..\..\..\..\..\..\components\ble\ble_advertising\ble_advertising.c 0x00000000   Number         0  ble_advertising.o ABSOLUTE
    ..\..\..\..\..\..\components\ble\ble_services\ble_nus\ble_nus.c 0x00000000   Number         0  ble_nus.o ABSOLUTE
    ..\..\..\..\..\..\components\ble\common\ble_advdata.c 0x00000000   Number         0  ble_advdata.o ABSOLUTE
    ..\..\..\..\..\..\components\ble\common\ble_conn_params.c 0x00000000   Number         0  ble_conn_params.o ABSOLUTE
    ..\..\..\..\..\..\components\ble\common\ble_srv_common.c 0x00000000   Number         0  ble_srv_common.o ABSOLUTE
    ..\..\..\..\..\..\components\drivers_ext\segger_rtt\RTT_Syscalls_KEIL.c 0x00000000   Number         0  rtt_syscalls_keil.o ABSOLUTE
    ..\..\..\..\..\..\components\drivers_ext\segger_rtt\SEGGER_RTT.c 0x00000000   Number         0  segger_rtt.o ABSOLUTE
    ..\..\..\..\..\..\components\drivers_ext\segger_rtt\SEGGER_RTT_printf.c 0x00000000   Number         0  segger_rtt_printf.o ABSOLUTE
    ..\..\..\..\..\..\components\drivers_nrf\common\nrf_drv_common.c 0x00000000   Number         0  nrf_drv_common.o ABSOLUTE
    ..\..\..\..\..\..\components\drivers_nrf\delay\nrf_delay.c 0x00000000   Number         0  nrf_delay.o ABSOLUTE
    ..\..\..\..\..\..\components\drivers_nrf\gpiote\nrf_drv_gpiote.c 0x00000000   Number         0  nrf_drv_gpiote.o ABSOLUTE
    ..\..\..\..\..\..\components\drivers_nrf\pstorage\pstorage.c 0x00000000   Number         0  pstorage.o ABSOLUTE
    ..\..\..\..\..\..\components\drivers_nrf\uart\nrf_drv_uart.c 0x00000000   Number         0  nrf_drv_uart.o ABSOLUTE
    ..\..\..\..\..\..\components\libraries\button\app_button.c 0x00000000   Number         0  app_button.o ABSOLUTE
    ..\..\..\..\..\..\components\libraries\fifo\app_fifo.c 0x00000000   Number         0  app_fifo.o ABSOLUTE
    ..\..\..\..\..\..\components\libraries\timer\app_timer.c 0x00000000   Number         0  app_timer.o ABSOLUTE
    ..\..\..\..\..\..\components\libraries\trace\app_trace.c 0x00000000   Number         0  app_trace.o ABSOLUTE
    ..\..\..\..\..\..\components\libraries\uart\app_uart_fifo.c 0x00000000   Number         0  app_uart_fifo.o ABSOLUTE
    ..\..\..\..\..\..\components\libraries\uart\retarget.c 0x00000000   Number         0  retarget.o ABSOLUTE
    ..\..\..\..\..\..\components\libraries\util\app_error.c 0x00000000   Number         0  app_error.o ABSOLUTE
    ..\..\..\..\..\..\components\libraries\util\nrf_assert.c 0x00000000   Number         0  nrf_assert.o ABSOLUTE
    ..\..\..\..\..\..\components\libraries\util\nrf_log.c 0x00000000   Number         0  nrf_log.o ABSOLUTE
    ..\..\..\..\..\..\components\softdevice\common\softdevice_handler\softdevice_handler.c 0x00000000   Number         0  softdevice_handler.o ABSOLUTE
    ..\..\..\..\..\bsp\bsp.c                 0x00000000   Number         0  bsp.o ABSOLUTE
    ..\..\..\..\..\bsp\bsp_btn_ble.c         0x00000000   Number         0  bsp_btn_ble.o ABSOLUTE
    ..\..\..\main.c                          0x00000000   Number         0  main.o ABSOLUTE
    ..\\..\\..\\..\\..\\..\\components\\ble\\ble_advertising\\ble_advertising.c 0x00000000   Number         0  ble_advertising.o ABSOLUTE
    ..\\..\\..\\..\\..\\..\\components\\ble\\ble_services\\ble_nus\\ble_nus.c 0x00000000   Number         0  ble_nus.o ABSOLUTE
    ..\\..\\..\\..\\..\\..\\components\\ble\\common\\ble_advdata.c 0x00000000   Number         0  ble_advdata.o ABSOLUTE
    ..\\..\\..\\..\\..\\..\\components\\ble\\common\\ble_conn_params.c 0x00000000   Number         0  ble_conn_params.o ABSOLUTE
    ..\\..\\..\\..\\..\\..\\components\\ble\\common\\ble_srv_common.c 0x00000000   Number         0  ble_srv_common.o ABSOLUTE
    ..\\..\\..\\..\\..\\..\\components\\drivers_nrf\\common\\nrf_drv_common.c 0x00000000   Number         0  nrf_drv_common.o ABSOLUTE
    ..\\..\\..\\..\\..\\..\\components\\drivers_nrf\\delay\\nrf_delay.c 0x00000000   Number         0  nrf_delay.o ABSOLUTE
    ..\\..\\..\\..\\..\\..\\components\\drivers_nrf\\gpiote\\nrf_drv_gpiote.c 0x00000000   Number         0  nrf_drv_gpiote.o ABSOLUTE
    ..\\..\\..\\..\\..\\..\\components\\drivers_nrf\\pstorage\\pstorage.c 0x00000000   Number         0  pstorage.o ABSOLUTE
    ..\\..\\..\\..\\..\\..\\components\\drivers_nrf\\uart\\nrf_drv_uart.c 0x00000000   Number         0  nrf_drv_uart.o ABSOLUTE
    ..\\..\\..\\..\\..\\..\\components\\libraries\\button\\app_button.c 0x00000000   Number         0  app_button.o ABSOLUTE
    ..\\..\\..\\..\\..\\..\\components\\libraries\\fifo\\app_fifo.c 0x00000000   Number         0  app_fifo.o ABSOLUTE
    ..\\..\\..\\..\\..\\..\\components\\libraries\\timer\\app_timer.c 0x00000000   Number         0  app_timer.o ABSOLUTE
    ..\\..\\..\\..\\..\\..\\components\\libraries\\uart\\app_uart_fifo.c 0x00000000   Number         0  app_uart_fifo.o ABSOLUTE
    ..\\..\\..\\..\\..\\..\\components\\libraries\\uart\\retarget.c 0x00000000   Number         0  retarget.o ABSOLUTE
    ..\\..\\..\\..\\..\\..\\components\\libraries\\util\\app_error.c 0x00000000   Number         0  app_error.o ABSOLUTE
    ..\\..\\..\\..\\..\\..\\components\\libraries\\util\\nrf_assert.c 0x00000000   Number         0  nrf_assert.o ABSOLUTE
    ..\\..\\..\\..\\..\\..\\components\\libraries\\util\\nrf_log.c 0x00000000   Number         0  nrf_log.o ABSOLUTE
    ..\\..\\..\\..\\..\\..\\components\\softdevice\\common\\softdevice_handler\\softdevice_handler.c 0x00000000   Number         0  softdevice_handler.o ABSOLUTE
    ..\\..\\..\\..\\..\\bsp\\bsp.c           0x00000000   Number         0  bsp.o ABSOLUTE
    ..\\..\\..\\..\\..\\bsp\\bsp_btn_ble.c   0x00000000   Number         0  bsp_btn_ble.o ABSOLUTE
    ..\\..\\..\\main.c                       0x00000000   Number         0  main.o ABSOLUTE
    RTE\Device\nRF52832_xxAA\arm_startup_nrf52.s 0x00000000   Number         0  arm_startup_nrf52.o ABSOLUTE
    RTE\Device\nRF52832_xxAA\system_nrf52.c  0x00000000   Number         0  system_nrf52.o ABSOLUTE
    RTE\\Device\\nRF52832_xxAA\\system_nrf52.c 0x00000000   Number         0  system_nrf52.o ABSOLUTE
    cdrcmple.s                               0x00000000   Number         0  cdrcmple.o ABSOLUTE
    dc.s                                     0x00000000   Number         0  dc.o ABSOLUTE
    handlers.s                               0x00000000   Number         0  handlers.o ABSOLUTE
    init.s                                   0x00000000   Number         0  init.o ABSOLUTE
    RESET                                    0x0001b000   Section     1024  arm_startup_nrf52.o(RESET)
    .ARM.Collect$$$$00000000                 0x0001b400   Section        0  entry.o(.ARM.Collect$$$$00000000)
    .ARM.Collect$$$$00000001                 0x0001b400   Section        4  entry2.o(.ARM.Collect$$$$00000001)
    .ARM.Collect$$$$00000004                 0x0001b404   Section        4  entry5.o(.ARM.Collect$$$$00000004)
    .ARM.Collect$$$$00000008                 0x0001b408   Section        0  entry7b.o(.ARM.Collect$$$$00000008)
    .ARM.Collect$$$$0000000A                 0x0001b408   Section        0  entry8b.o(.ARM.Collect$$$$0000000A)
    .ARM.Collect$$$$0000000B                 0x0001b408   Section        8  entry9a.o(.ARM.Collect$$$$0000000B)
    .ARM.Collect$$$$0000000D                 0x0001b410   Section        0  entry10a.o(.ARM.Collect$$$$0000000D)
    .ARM.Collect$$$$0000000F                 0x0001b410   Section        0  entry11a.o(.ARM.Collect$$$$0000000F)
    .ARM.Collect$$$$00002712                 0x0001b410   Section        4  entry2.o(.ARM.Collect$$$$00002712)
    __lit__00000000                          0x0001b410   Data           4  entry2.o(.ARM.Collect$$$$00002712)
    .emb_text                                0x0001b414   Section      118  app_timer.o(.emb_text)
    $v0                                      0x0001b414   Number         0  app_timer.o(.emb_text)
    .text                                    0x0001b48c   Section       36  arm_startup_nrf52.o(.text)
    $v0                                      0x0001b48c   Number         0  arm_startup_nrf52.o(.text)
    .text                                    0x0001b4b0   Section        0  memcpya.o(.text)
    .text                                    0x0001b4d4   Section        0  memseta.o(.text)
    .text                                    0x0001b4f8   Section        0  uidiv.o(.text)
    .text                                    0x0001b524   Section        0  uldiv.o(.text)
    .text                                    0x0001b586   Section        0  iusefp.o(.text)
    .text                                    0x0001b586   Section        0  dadd.o(.text)
    .text                                    0x0001b6d4   Section        0  dmul.o(.text)
    .text                                    0x0001b7b8   Section        0  ddiv.o(.text)
    .text                                    0x0001b896   Section        0  dfixul.o(.text)
    .text                                    0x0001b8c8   Section       48  cdrcmple.o(.text)
    .text                                    0x0001b8f8   Section       36  init.o(.text)
    .text                                    0x0001b91c   Section        0  llshl.o(.text)
    .text                                    0x0001b93a   Section        0  llushr.o(.text)
    .text                                    0x0001b95a   Section        0  llsshr.o(.text)
    .text                                    0x0001b97e   Section        0  depilogue.o(.text)
    i.GPIOTE_IRQHandler                      0x0001ba38   Section        0  nrf_drv_gpiote.o(i.GPIOTE_IRQHandler)
    i.NVIC_ClearPendingIRQ                   0x0001bb3c   Section        0  app_timer.o(i.NVIC_ClearPendingIRQ)
    NVIC_ClearPendingIRQ                     0x0001bb3d   Thumb Code    22  app_timer.o(i.NVIC_ClearPendingIRQ)
    i.NVIC_EnableIRQ                         0x0001bb52   Section        0  app_timer.o(i.NVIC_EnableIRQ)
    NVIC_EnableIRQ                           0x0001bb53   Thumb Code    22  app_timer.o(i.NVIC_EnableIRQ)
    i.NVIC_SetPendingIRQ                     0x0001bb68   Section        0  app_timer.o(i.NVIC_SetPendingIRQ)
    NVIC_SetPendingIRQ                       0x0001bb69   Thumb Code    22  app_timer.o(i.NVIC_SetPendingIRQ)
    i.NVIC_SetPriority                       0x0001bb7e   Section        0  app_timer.o(i.NVIC_SetPriority)
    NVIC_SetPriority                         0x0001bb7f   Thumb Code    32  app_timer.o(i.NVIC_SetPriority)
    i.RTC1_IRQHandler                        0x0001bba0   Section        0  app_timer.o(i.RTC1_IRQHandler)
    i.SWI0_EGU0_IRQHandler                   0x0001bbc4   Section        0  app_timer.o(i.SWI0_EGU0_IRQHandler)
    i.SWI2_EGU2_IRQHandler                   0x0001bbc8   Section        0  softdevice_handler.o(i.SWI2_EGU2_IRQHandler)
    i.SystemInit                             0x0001bbec   Section        0  system_nrf52.o(i.SystemInit)
    i.UARTE0_UART0_IRQHandler                0x0001be48   Section        0  nrf_drv_uart.o(i.UARTE0_UART0_IRQHandler)
    i.__0printf                              0x0001be5c   Section        0  printfa.o(i.__0printf)
    i.__scatterload_copy                     0x0001be7c   Section       14  handlers.o(i.__scatterload_copy)
    i.__scatterload_null                     0x0001be8a   Section        2  handlers.o(i.__scatterload_null)
    i.__scatterload_zeroinit                 0x0001be8c   Section       14  handlers.o(i.__scatterload_zeroinit)
    i._fp_digits                             0x0001be9c   Section        0  printfa.o(i._fp_digits)
    _fp_digits                               0x0001be9d   Thumb Code   334  printfa.o(i._fp_digits)
    i._printf_core                           0x0001c000   Section        0  printfa.o(i._printf_core)
    _printf_core                             0x0001c001   Thumb Code  1744  printfa.o(i._printf_core)
    i._printf_post_padding                   0x0001c6dc   Section        0  printfa.o(i._printf_post_padding)
    _printf_post_padding                     0x0001c6dd   Thumb Code    36  printfa.o(i._printf_post_padding)
    i._printf_pre_padding                    0x0001c700   Section        0  printfa.o(i._printf_pre_padding)
    _printf_pre_padding                      0x0001c701   Thumb Code    46  printfa.o(i._printf_pre_padding)
    i.adv_data_encode                        0x0001c72e   Section        0  ble_advdata.o(i.adv_data_encode)
    i.advertising_buttons_configure          0x0001c930   Section        0  bsp_btn_ble.o(i.advertising_buttons_configure)
    advertising_buttons_configure            0x0001c931   Thumb Code    54  bsp_btn_ble.o(i.advertising_buttons_configure)
    i.alert_timer_handler                    0x0001c968   Section        0  bsp.o(i.alert_timer_handler)
    alert_timer_handler                      0x0001c969   Thumb Code    26  bsp.o(i.alert_timer_handler)
    i.app_button_enable                      0x0001c988   Section        0  app_button.o(i.app_button_enable)
    i.app_button_init                        0x0001c9ac   Section        0  app_button.o(i.app_button_init)
    i.app_error_fault_handler                0x0001ca1c   Section        0  app_error.o(i.app_error_fault_handler)
    i.app_error_handler_bare                 0x0001ca40   Section        0  app_error.o(i.app_error_handler_bare)
    i.app_fifo_get                           0x0001ca54   Section        0  app_fifo.o(i.app_fifo_get)
    i.app_fifo_init                          0x0001ca6a   Section        0  app_fifo.o(i.app_fifo_init)
    i.app_fifo_put                           0x0001ca8a   Section        0  app_fifo.o(i.app_fifo_put)
    i.app_timer_create                       0x0001caa4   Section        0  app_timer.o(i.app_timer_create)
    i.app_timer_init                         0x0001cac8   Section        0  app_timer.o(i.app_timer_init)
    i.app_timer_start                        0x0001cb58   Section        0  app_timer.o(i.app_timer_start)
    i.app_timer_stop                         0x0001cbd8   Section        0  app_timer.o(i.app_timer_stop)
    i.app_uart_get                           0x0001cc28   Section        0  app_uart_fifo.o(i.app_uart_get)
    i.app_uart_init                          0x0001cc5c   Section        0  app_uart_fifo.o(i.app_uart_init)
    i.app_uart_put                           0x0001cd00   Section        0  app_uart_fifo.o(i.app_uart_put)
    i.apply_config                           0x0001cd2c   Section        0  nrf_drv_uart.o(i.apply_config)
    apply_config                             0x0001cd2d   Thumb Code   108  nrf_drv_uart.o(i.apply_config)
    i.ble_advdata_set                        0x0001cda4   Section        0  ble_advdata.o(i.ble_advdata_set)
    i.ble_advertising_init                   0x0001ce0c   Section        0  ble_advertising.o(i.ble_advertising_init)
    i.ble_advertising_on_ble_evt             0x0001cf28   Section        0  ble_advertising.o(i.ble_advertising_on_ble_evt)
    i.ble_advertising_peer_address_clear     0x0001cfa8   Section        0  ble_advertising.o(i.ble_advertising_peer_address_clear)
    ble_advertising_peer_address_clear       0x0001cfa9   Thumb Code    12  ble_advertising.o(i.ble_advertising_peer_address_clear)
    i.ble_advertising_restart_without_whitelist 0x0001cfb8   Section        0  ble_advertising.o(i.ble_advertising_restart_without_whitelist)
    i.ble_advertising_start                  0x0001cff0   Section        0  ble_advertising.o(i.ble_advertising_start)
    i.ble_conn_params_init                   0x0001d1c8   Section        0  ble_conn_params.o(i.ble_conn_params_init)
    i.ble_conn_params_on_ble_evt             0x0001d220   Section        0  ble_conn_params.o(i.ble_conn_params_on_ble_evt)
    i.ble_device_addr_encode                 0x0001d2ac   Section        0  ble_advdata.o(i.ble_device_addr_encode)
    ble_device_addr_encode                   0x0001d2ad   Thumb Code    94  ble_advdata.o(i.ble_device_addr_encode)
    i.ble_evt_dispatch                       0x0001d30c   Section        0  main.o(i.ble_evt_dispatch)
    ble_evt_dispatch                         0x0001d30d   Thumb Code    38  main.o(i.ble_evt_dispatch)
    i.ble_nus_init                           0x0001d338   Section        0  ble_nus.o(i.ble_nus_init)
    i.ble_nus_on_ble_evt                     0x0001d39c   Section        0  ble_nus.o(i.ble_nus_on_ble_evt)
    i.ble_nus_string_send                    0x0001d3ee   Section        0  ble_nus.o(i.ble_nus_string_send)
    i.ble_stack_init                         0x0001d43c   Section        0  main.o(i.ble_stack_init)
    ble_stack_init                           0x0001d43d   Thumb Code    80  main.o(i.ble_stack_init)
    i.bsp_btn_ble_init                       0x0001d498   Section        0  bsp_btn_ble.o(i.bsp_btn_ble_init)
    i.bsp_btn_ble_on_ble_evt                 0x0001d4e4   Section        0  bsp_btn_ble.o(i.bsp_btn_ble_on_ble_evt)
    i.bsp_btn_ble_sleep_mode_prepare         0x0001d554   Section        0  bsp_btn_ble.o(i.bsp_btn_ble_sleep_mode_prepare)
    i.bsp_button_event_handler               0x0001d568   Section        0  bsp.o(i.bsp_button_event_handler)
    bsp_button_event_handler                 0x0001d569   Thumb Code   154  bsp.o(i.bsp_button_event_handler)
    i.bsp_button_is_pressed                  0x0001d610   Section        0  bsp.o(i.bsp_button_is_pressed)
    i.bsp_event_handler                      0x0001d63c   Section        0  main.o(i.bsp_event_handler)
    i.bsp_event_to_button_action_assign      0x0001d678   Section        0  bsp.o(i.bsp_event_to_button_action_assign)
    i.bsp_indication_set                     0x0001d6bc   Section        0  bsp.o(i.bsp_indication_set)
    i.bsp_init                               0x0001d6d4   Section        0  bsp.o(i.bsp_init)
    i.bsp_led_indication                     0x0001d778   Section        0  bsp.o(i.bsp_led_indication)
    bsp_led_indication                       0x0001d779   Thumb Code   536  bsp.o(i.bsp_led_indication)
    i.bsp_wakeup_buttons_set                 0x0001d99c   Section        0  bsp.o(i.bsp_wakeup_buttons_set)
    i.button_timer_handler                   0x0001d9d8   Section        0  bsp.o(i.button_timer_handler)
    button_timer_handler                     0x0001d9d9   Thumb Code     8  bsp.o(i.button_timer_handler)
    i.channel_free                           0x0001d9e0   Section        0  nrf_drv_gpiote.o(i.channel_free)
    channel_free                             0x0001d9e1   Thumb Code    22  nrf_drv_gpiote.o(i.channel_free)
    i.channel_port_alloc                     0x0001d9fc   Section        0  nrf_drv_gpiote.o(i.channel_port_alloc)
    channel_port_alloc                       0x0001d9fd   Thumb Code    66  nrf_drv_gpiote.o(i.channel_port_alloc)
    i.channel_port_get                       0x0001da44   Section        0  nrf_drv_gpiote.o(i.channel_port_get)
    channel_port_get                         0x0001da45   Thumb Code    10  nrf_drv_gpiote.o(i.channel_port_get)
    i.compare_reg_update                     0x0001da54   Section        0  app_timer.o(i.compare_reg_update)
    compare_reg_update                       0x0001da55   Thumb Code   160  app_timer.o(i.compare_reg_update)
    i.conn_int_encode                        0x0001db00   Section        0  ble_advdata.o(i.conn_int_encode)
    conn_int_encode                          0x0001db01   Thumb Code   136  ble_advdata.o(i.conn_int_encode)
    i.conn_params_error_handler              0x0001db88   Section        0  main.o(i.conn_params_error_handler)
    conn_params_error_handler                0x0001db89   Thumb Code     4  main.o(i.conn_params_error_handler)
    i.conn_params_negotiation                0x0001db8c   Section        0  ble_conn_params.o(i.conn_params_negotiation)
    conn_params_negotiation                  0x0001db8d   Thumb Code    78  ble_conn_params.o(i.conn_params_negotiation)
    i.detection_delay_timeout_handler        0x0001dbe8   Section        0  app_button.o(i.detection_delay_timeout_handler)
    detection_delay_timeout_handler          0x0001dbe9   Thumb Code    92  app_button.o(i.detection_delay_timeout_handler)
    i.elapsed_ticks_acquire                  0x0001dc48   Section        0  app_timer.o(i.elapsed_ticks_acquire)
    elapsed_ticks_acquire                    0x0001dc49   Thumb Code    58  app_timer.o(i.elapsed_ticks_acquire)
    i.fifo_get                               0x0001dc88   Section        0  app_fifo.o(i.fifo_get)
    fifo_get                                 0x0001dc89   Thumb Code    20  app_fifo.o(i.fifo_get)
    i.fifo_put                               0x0001dc9c   Section        0  app_fifo.o(i.fifo_put)
    fifo_put                                 0x0001dc9d   Thumb Code    18  app_fifo.o(i.fifo_put)
    i.fputc                                  0x0001dcae   Section        0  retarget.o(i.fputc)
    i.gpiote_event_handler                   0x0001dcbc   Section        0  app_button.o(i.gpiote_event_handler)
    gpiote_event_handler                     0x0001dcbd   Thumb Code    78  app_button.o(i.gpiote_event_handler)
    i.intern_softdevice_events_execute       0x0001dd14   Section        0  softdevice_handler.o(i.intern_softdevice_events_execute)
    i.is_conn_params_ok                      0x0001dd84   Section        0  ble_conn_params.o(i.is_conn_params_ok)
    is_conn_params_ok                        0x0001dd85   Thumb Code    24  ble_conn_params.o(i.is_conn_params_ok)
    i.le_role_encode                         0x0001dda0   Section        0  ble_advdata.o(i.le_role_encode)
    le_role_encode                           0x0001dda1   Thumb Code    84  ble_advdata.o(i.le_role_encode)
    i.leds_timer_handler                     0x0001ddf4   Section        0  bsp.o(i.leds_timer_handler)
    leds_timer_handler                       0x0001ddf5   Thumb Code    16  bsp.o(i.leds_timer_handler)
    i.list_deletions_handler                 0x0001de08   Section        0  app_timer.o(i.list_deletions_handler)
    list_deletions_handler                   0x0001de09   Thumb Code   178  app_timer.o(i.list_deletions_handler)
    i.list_insertions_handler                0x0001dec4   Section        0  app_timer.o(i.list_insertions_handler)
    list_insertions_handler                  0x0001dec5   Thumb Code   196  app_timer.o(i.list_insertions_handler)
    i.main                                   0x0001df90   Section        0  main.o(i.main)
    i.manuf_specific_data_encode             0x0001e150   Section        0  ble_advdata.o(i.manuf_specific_data_encode)
    manuf_specific_data_encode               0x0001e151   Thumb Code   100  ble_advdata.o(i.manuf_specific_data_encode)
    i.name_encode                            0x0001e1b4   Section        0  ble_advdata.o(i.name_encode)
    name_encode                              0x0001e1b5   Thumb Code   156  ble_advdata.o(i.name_encode)
    i.nrf_drv_common_irq_enable              0x0001e250   Section        0  nrf_drv_common.o(i.nrf_drv_common_irq_enable)
    i.nrf_drv_gpiote_in_event_enable         0x0001e288   Section        0  nrf_drv_gpiote.o(i.nrf_drv_gpiote_in_event_enable)
    i.nrf_drv_gpiote_in_init                 0x0001e32c   Section        0  nrf_drv_gpiote.o(i.nrf_drv_gpiote_in_init)
    i.nrf_drv_gpiote_in_is_set               0x0001e3e4   Section        0  nrf_drv_gpiote.o(i.nrf_drv_gpiote_in_is_set)
    i.nrf_drv_gpiote_init                    0x0001e3f8   Section        0  nrf_drv_gpiote.o(i.nrf_drv_gpiote_init)
    i.nrf_drv_gpiote_is_init                 0x0001e44c   Section        0  nrf_drv_gpiote.o(i.nrf_drv_gpiote_is_init)
    i.nrf_drv_uart_init                      0x0001e460   Section        0  nrf_drv_uart.o(i.nrf_drv_uart_init)
    i.nrf_drv_uart_rx                        0x0001e4f4   Section        0  nrf_drv_uart.o(i.nrf_drv_uart_rx)
    i.nrf_drv_uart_rx_enable                 0x0001e580   Section        0  nrf_drv_uart.o(i.nrf_drv_uart_rx_enable)
    i.nrf_drv_uart_rx_for_uart               0x0001e5a0   Section        0  nrf_drv_uart.o(i.nrf_drv_uart_rx_for_uart)
    nrf_drv_uart_rx_for_uart                 0x0001e5a1   Thumb Code   148  nrf_drv_uart.o(i.nrf_drv_uart_rx_for_uart)
    i.nrf_drv_uart_rx_for_uarte              0x0001e63c   Section        0  nrf_drv_uart.o(i.nrf_drv_uart_rx_for_uarte)
    nrf_drv_uart_rx_for_uarte                0x0001e63d   Thumb Code   136  nrf_drv_uart.o(i.nrf_drv_uart_rx_for_uarte)
    i.nrf_drv_uart_tx                        0x0001e6cc   Section        0  nrf_drv_uart.o(i.nrf_drv_uart_tx)
    i.nrf_drv_uart_tx_for_uart               0x0001e754   Section        0  nrf_drv_uart.o(i.nrf_drv_uart_tx_for_uart)
    nrf_drv_uart_tx_for_uart                 0x0001e755   Thumb Code   118  nrf_drv_uart.o(i.nrf_drv_uart_tx_for_uart)
    i.nrf_gpio_cfg                           0x0001e7d4   Section        0  nrf_drv_gpiote.o(i.nrf_gpio_cfg)
    nrf_gpio_cfg                             0x0001e7d5   Thumb Code    34  nrf_drv_gpiote.o(i.nrf_gpio_cfg)
    i.nrf_gpio_cfg                           0x0001e7f6   Section        0  nrf_drv_uart.o(i.nrf_gpio_cfg)
    nrf_gpio_cfg                             0x0001e7f7   Thumb Code    34  nrf_drv_uart.o(i.nrf_gpio_cfg)
    i.nrf_gpio_cfg_input                     0x0001e818   Section        0  nrf_drv_uart.o(i.nrf_gpio_cfg_input)
    nrf_gpio_cfg_input                       0x0001e819   Thumb Code    18  nrf_drv_uart.o(i.nrf_gpio_cfg_input)
    i.nrf_gpio_cfg_output                    0x0001e82a   Section        0  nrf_drv_uart.o(i.nrf_gpio_cfg_output)
    nrf_gpio_cfg_output                      0x0001e82b   Thumb Code    20  nrf_drv_uart.o(i.nrf_gpio_cfg_output)
    i.nrf_gpio_cfg_sense_set                 0x0001e83e   Section        0  nrf_drv_gpiote.o(i.nrf_gpio_cfg_sense_set)
    nrf_gpio_cfg_sense_set                   0x0001e83f   Thumb Code    28  nrf_drv_gpiote.o(i.nrf_gpio_cfg_sense_set)
    i.nrf_gpiote_event_clear                 0x0001e85c   Section        0  nrf_drv_gpiote.o(i.nrf_gpiote_event_clear)
    nrf_gpiote_event_clear                   0x0001e85d   Thumb Code    16  nrf_drv_gpiote.o(i.nrf_gpiote_event_clear)
    i.nrf_gpiote_event_is_set                0x0001e870   Section        0  nrf_drv_gpiote.o(i.nrf_gpiote_event_is_set)
    nrf_gpiote_event_is_set                  0x0001e871   Thumb Code    12  nrf_drv_gpiote.o(i.nrf_gpiote_event_is_set)
    i.nrf_uart_event_check                   0x0001e880   Section        0  nrf_drv_uart.o(i.nrf_uart_event_check)
    nrf_uart_event_check                     0x0001e881   Thumb Code    10  nrf_drv_uart.o(i.nrf_uart_event_check)
    i.nrf_uart_int_enable_check              0x0001e88a   Section        0  nrf_drv_uart.o(i.nrf_uart_int_enable_check)
    nrf_uart_int_enable_check                0x0001e88b   Thumb Code    12  nrf_drv_uart.o(i.nrf_uart_int_enable_check)
    i.nrf_uarte_event_check                  0x0001e896   Section        0  nrf_drv_uart.o(i.nrf_uarte_event_check)
    nrf_uarte_event_check                    0x0001e897   Thumb Code    10  nrf_drv_uart.o(i.nrf_uarte_event_check)
    i.nus_data_handler                       0x0001e8a0   Section        0  main.o(i.nus_data_handler)
    nus_data_handler                         0x0001e8a1   Thumb Code    38  main.o(i.nus_data_handler)
    i.on_adv_evt                             0x0001e8c6   Section        0  main.o(i.on_adv_evt)
    on_adv_evt                               0x0001e8c7   Thumb Code    36  main.o(i.on_adv_evt)
    i.on_ble_evt                             0x0001e8ec   Section        0  main.o(i.on_ble_evt)
    on_ble_evt                               0x0001e8ed   Thumb Code    94  main.o(i.on_ble_evt)
    i.on_conn_params_evt                     0x0001e950   Section        0  main.o(i.on_conn_params_evt)
    on_conn_params_evt                       0x0001e951   Thumb Code    24  main.o(i.on_conn_params_evt)
    i.peer_address_exists                    0x0001e96c   Section        0  ble_advertising.o(i.peer_address_exists)
    peer_address_exists                      0x0001e96d   Thumb Code    20  ble_advertising.o(i.peer_address_exists)
    i.pin_in_use_by_port                     0x0001e980   Section        0  nrf_drv_gpiote.o(i.pin_in_use_by_port)
    pin_in_use_by_port                       0x0001e981   Thumb Code    20  nrf_drv_gpiote.o(i.pin_in_use_by_port)
    i.pin_in_use_by_te                       0x0001e998   Section        0  nrf_drv_gpiote.o(i.pin_in_use_by_te)
    pin_in_use_by_te                         0x0001e999   Thumb Code    20  nrf_drv_gpiote.o(i.pin_in_use_by_te)
    i.pstorage_access_status_get             0x0001e9b0   Section        0  pstorage.o(i.pstorage_access_status_get)
    i.rtc1_stop                              0x0001e9d4   Section        0  app_timer.o(i.rtc1_stop)
    rtc1_stop                                0x0001e9d5   Thumb Code    52  app_timer.o(i.rtc1_stop)
    i.rx_byte                                0x0001ea10   Section        0  nrf_drv_uart.o(i.rx_byte)
    rx_byte                                  0x0001ea11   Thumb Code    38  nrf_drv_uart.o(i.rx_byte)
    i.rx_char_add                            0x0001ea40   Section        0  ble_nus.o(i.rx_char_add)
    rx_char_add                              0x0001ea41   Thumb Code   220  ble_nus.o(i.rx_char_add)
    i.rx_done_event                          0x0001eb1c   Section        0  nrf_drv_uart.o(i.rx_done_event)
    rx_done_event                            0x0001eb1d   Thumb Code    26  nrf_drv_uart.o(i.rx_done_event)
    i.rx_enable                              0x0001eb3c   Section        0  nrf_drv_uart.o(i.rx_enable)
    rx_enable                                0x0001eb3d   Thumb Code    18  nrf_drv_uart.o(i.rx_enable)
    i.sd_check_ram_start                     0x0001eb54   Section        0  softdevice_handler.o(i.sd_check_ram_start)
    i.service_data_encode                    0x0001eb64   Section        0  ble_advdata.o(i.service_data_encode)
    service_data_encode                      0x0001eb65   Thumb Code   136  ble_advdata.o(i.service_data_encode)
    i.sleep_mode_enter                       0x0001ebec   Section        0  main.o(i.sleep_mode_enter)
    sleep_mode_enter                         0x0001ebed   Thumb Code    40  main.o(i.sleep_mode_enter)
    i.softdevice_ble_evt_handler_set         0x0001ec14   Section        0  softdevice_handler.o(i.softdevice_ble_evt_handler_set)
    i.softdevice_enable                      0x0001ec28   Section        0  softdevice_handler.o(i.softdevice_enable)
    i.softdevice_enable_get_default_config   0x0001ec3c   Section        0  softdevice_handler.o(i.softdevice_enable_get_default_config)
    i.softdevice_fault_handler               0x0001ec62   Section        0  softdevice_handler.o(i.softdevice_fault_handler)
    i.softdevice_handler_init                0x0001ec68   Section        0  softdevice_handler.o(i.softdevice_handler_init)
    i.timer_list_handler                     0x0001ec98   Section        0  app_timer.o(i.timer_list_handler)
    timer_list_handler                       0x0001ec99   Thumb Code   134  app_timer.o(i.timer_list_handler)
    i.timer_list_insert                      0x0001ed24   Section        0  app_timer.o(i.timer_list_insert)
    timer_list_insert                        0x0001ed25   Thumb Code    56  app_timer.o(i.timer_list_insert)
    i.timer_timeouts_check                   0x0001ed60   Section        0  app_timer.o(i.timer_timeouts_check)
    timer_timeouts_check                     0x0001ed61   Thumb Code   124  app_timer.o(i.timer_timeouts_check)
    i.tx_byte                                0x0001ede4   Section        0  nrf_drv_uart.o(i.tx_byte)
    tx_byte                                  0x0001ede5   Thumb Code    28  nrf_drv_uart.o(i.tx_byte)
    i.tx_char_add                            0x0001ee08   Section        0  ble_nus.o(i.tx_char_add)
    tx_char_add                              0x0001ee09   Thumb Code   160  ble_nus.o(i.tx_char_add)
    i.tx_done_event                          0x0001eea8   Section        0  nrf_drv_uart.o(i.tx_done_event)
    tx_done_event                            0x0001eea9   Thumb Code    30  nrf_drv_uart.o(i.tx_done_event)
    i.uart_event_handle                      0x0001eecc   Section        0  main.o(i.uart_event_handle)
    i.uart_event_handler                     0x0001ef28   Section        0  app_uart_fifo.o(i.uart_event_handler)
    uart_event_handler                       0x0001ef29   Thumb Code   160  app_uart_fifo.o(i.uart_event_handler)
    i.uart_irq_handler                       0x0001efd0   Section        0  nrf_drv_uart.o(i.uart_irq_handler)
    uart_irq_handler                         0x0001efd1   Thumb Code   254  nrf_drv_uart.o(i.uart_irq_handler)
    i.uarte_irq_handler                      0x0001f0d8   Section        0  nrf_drv_uart.o(i.uarte_irq_handler)
    uarte_irq_handler                        0x0001f0d9   Thumb Code   206  nrf_drv_uart.o(i.uarte_irq_handler)
    i.uint16_encode                          0x0001f1b0   Section        0  ble_advdata.o(i.uint16_encode)
    uint16_encode                            0x0001f1b1   Thumb Code    10  ble_advdata.o(i.uint16_encode)
    i.update_timeout_handler                 0x0001f1bc   Section        0  ble_conn_params.o(i.update_timeout_handler)
    update_timeout_handler                   0x0001f1bd   Thumb Code    88  ble_conn_params.o(i.update_timeout_handler)
    i.user_id_get                            0x0001f21c   Section        0  app_timer.o(i.user_id_get)
    user_id_get                              0x0001f21d   Thumb Code    62  app_timer.o(i.user_id_get)
    i.user_op_alloc                          0x0001f260   Section        0  app_timer.o(i.user_op_alloc)
    user_op_alloc                            0x0001f261   Thumb Code    40  app_timer.o(i.user_op_alloc)
    i.uuid_list_encode                       0x0001f288   Section        0  ble_advdata.o(i.uuid_list_encode)
    uuid_list_encode                         0x0001f289   Thumb Code    48  ble_advdata.o(i.uuid_list_encode)
    i.uuid_list_sized_encode                 0x0001f2b8   Section        0  ble_advdata.o(i.uuid_list_sized_encode)
    uuid_list_sized_encode                   0x0001f2b9   Thumb Code   158  ble_advdata.o(i.uuid_list_sized_encode)
    i.whitelist_has_entries                  0x0001f356   Section        0  ble_advertising.o(i.whitelist_has_entries)
    whitelist_has_entries                    0x0001f357   Thumb Code    14  ble_advertising.o(i.whitelist_has_entries)
    .constdata                               0x0001f364   Section       12  main.o(.constdata)
    .constdata                               0x0001f370   Section       60  bsp.o(.constdata)
    m_leds_timer_id                          0x0001f370   Data           4  bsp.o(.constdata)
    m_alert_timer_id                         0x0001f374   Data           4  bsp.o(.constdata)
    m_button_timer_id                        0x0001f378   Data           4  bsp.o(.constdata)
    m_buttons_list                           0x0001f37c   Data          16  bsp.o(.constdata)
    app_buttons                              0x0001f38c   Data          32  bsp.o(.constdata)
    .constdata                               0x0001f3ac   Section        4  ble_conn_params.o(.constdata)
    m_conn_params_timer_id                   0x0001f3ac   Data           4  ble_conn_params.o(.constdata)
    .constdata                               0x0001f3b0   Section       16  ble_nus.o(.constdata)
    .constdata                               0x0001f3c0   Section       32  app_uart_fifo.o(.constdata)
    .constdata                               0x0001f3e0   Section       32  nrf_drv_uart.o(.constdata)
    m_default_config                         0x0001f3e0   Data          32  nrf_drv_uart.o(.constdata)
    .constdata                               0x0001f400   Section        8  app_button.o(.constdata)
    m_detection_delay_timer_id               0x0001f400   Data           4  app_button.o(.constdata)
    .data                                    0x20001f00   Section        8  main.o(.data)
    index                                    0x20001f00   Data           1  main.o(.data)
    m_conn_handle                            0x20001f02   Data           2  main.o(.data)
    m_adv_uuids                              0x20001f04   Data           4  main.o(.data)
    .data                                    0x20001f08   Section       24  bsp.o(.data)
    m_stable_state                           0x20001f08   Data           1  bsp.o(.data)
    current_long_push_pin_no                 0x20001f09   Data           1  bsp.o(.data)
    m_app_ticks_per_100ms                    0x20001f0c   Data           4  bsp.o(.data)
    m_indication_type                        0x20001f10   Data           4  bsp.o(.data)
    m_alert_mask                             0x20001f14   Data           4  bsp.o(.data)
    m_registered_callback                    0x20001f18   Data           4  bsp.o(.data)
    release_event_at_push                    0x20001f1c   Data           4  bsp.o(.data)
    .data                                    0x20001f20   Section        8  bsp_btn_ble.o(.data)
    m_error_handler                          0x20001f20   Data           4  bsp_btn_ble.o(.data)
    m_num_connections                        0x20001f24   Data           4  bsp_btn_ble.o(.data)
    .data                                    0x20001f28   Section       31  ble_advertising.o(.data)
    m_advertising_start_pending              0x20001f28   Data           1  ble_advertising.o(.data)
    m_whitelist_temporarily_disabled         0x20001f29   Data           1  ble_advertising.o(.data)
    m_whitelist_reply_expected               0x20001f2a   Data           1  ble_advertising.o(.data)
    m_peer_addr_reply_expected               0x20001f2b   Data           1  ble_advertising.o(.data)
    m_adv_evt                                0x20001f2c   Data           1  ble_advertising.o(.data)
    m_adv_mode_current                       0x20001f2d   Data           1  ble_advertising.o(.data)
    m_tx_power_level                         0x20001f2e   Data           1  ble_advertising.o(.data)
    current_slave_link_conn_handle           0x20001f30   Data           2  ble_advertising.o(.data)
    m_evt_handler                            0x20001f34   Data           4  ble_advertising.o(.data)
    m_error_handler                          0x20001f38   Data           4  ble_advertising.o(.data)
    m_slave_conn_int                         0x20001f3c   Data           4  ble_advertising.o(.data)
    m_peer_address                           0x20001f40   Data           7  ble_advertising.o(.data)
    .data                                    0x20001f48   Section       20  ble_conn_params.o(.data)
    m_change_param                           0x20001f48   Data           1  ble_conn_params.o(.data)
    m_update_count                           0x20001f49   Data           1  ble_conn_params.o(.data)
    m_conn_handle                            0x20001f4a   Data           2  ble_conn_params.o(.data)
    m_preferred_conn_params                  0x20001f4c   Data           8  ble_conn_params.o(.data)
    m_current_conn_params                    0x20001f54   Data           8  ble_conn_params.o(.data)
    .data                                    0x20001f5c   Section        8  app_uart_fifo.o(.data)
    tx_buffer                                0x20001f5c   Data           1  app_uart_fifo.o(.data)
    tx_tmp                                   0x20001f5d   Data           1  app_uart_fifo.o(.data)
    rx_buffer                                0x20001f5e   Data           1  app_uart_fifo.o(.data)
    m_event_handler                          0x20001f60   Data           4  app_uart_fifo.o(.data)
    .data                                    0x20001f64   Section       36  pstorage.o(.data)
    m_state                                  0x20001f64   Data           1  pstorage.o(.data)
    m_swap_sub_state                         0x20001f65   Data           1  pstorage.o(.data)
    m_next_app_instance                      0x20001f66   Data           2  pstorage.o(.data)
    m_flags                                  0x20001f68   Data           4  pstorage.o(.data)
    m_next_page_addr                         0x20001f6c   Data           4  pstorage.o(.data)
    m_head_word_size                         0x20001f70   Data           4  pstorage.o(.data)
    m_tail_word_size                         0x20001f74   Data           4  pstorage.o(.data)
    m_current_page_id                        0x20001f78   Data           4  pstorage.o(.data)
    m_num_of_command_retries                 0x20001f7c   Data           4  pstorage.o(.data)
    m_num_of_bytes_written                   0x20001f80   Data           4  pstorage.o(.data)
    m_app_data_size                          0x20001f84   Data           4  pstorage.o(.data)
    .data                                    0x20001f88   Section       20  app_button.o(.data)
    m_button_count                           0x20001f88   Data           1  app_button.o(.data)
    mp_buttons                               0x20001f8c   Data           4  app_button.o(.data)
    m_detection_delay                        0x20001f90   Data           4  app_button.o(.data)
    m_pin_state                              0x20001f94   Data           4  app_button.o(.data)
    m_pin_transition                         0x20001f98   Data           4  app_button.o(.data)
    .data                                    0x20001f9c   Section       32  app_timer.o(.data)
    m_user_array_size                        0x20001f9c   Data           1  app_timer.o(.data)
    m_ticks_elapsed_q_read_ind               0x20001f9d   Data           1  app_timer.o(.data)
    m_ticks_elapsed_q_write_ind              0x20001f9e   Data           1  app_timer.o(.data)
    m_rtc1_running                           0x20001f9f   Data           1  app_timer.o(.data)
    m_rtc1_reset                             0x20001fa0   Data           1  app_timer.o(.data)
    mp_users                                 0x20001fa4   Data           4  app_timer.o(.data)
    mp_timer_id_head                         0x20001fa8   Data           4  app_timer.o(.data)
    m_ticks_latest                           0x20001fac   Data           4  app_timer.o(.data)
    m_evt_schedule_func                      0x20001fb0   Data           4  app_timer.o(.data)
    m_ticks_elapsed                          0x20001fb4   Data           8  app_timer.o(.data)
    .data                                    0x20001fbc   Section        4  retarget.o(.data)
    .data                                    0x20001fc0   Section       20  softdevice_handler.o(.data)
    m_softdevice_enabled                     0x20001fc0   Data           1  softdevice_handler.o(.data)
    m_ble_evt_buffer_size                    0x20001fc2   Data           2  softdevice_handler.o(.data)
    m_evt_schedule_func                      0x20001fc4   Data           4  softdevice_handler.o(.data)
    mp_ble_evt_buffer                        0x20001fc8   Data           4  softdevice_handler.o(.data)
    m_ble_evt_handler                        0x20001fcc   Data           4  softdevice_handler.o(.data)
    m_sys_evt_handler                        0x20001fd0   Data           4  softdevice_handler.o(.data)
    .data                                    0x20001fd4   Section        4  system_nrf52.o(.data)
    __tagsym$$used                           0x20001fd4   Number         0  system_nrf52.o(.data)
    .bss                                     0x20001fd8   Section     1088  main.o(.bss)
    BLE_EVT_BUFFER                           0x20001fd8   Data          72  main.o(.bss)
    data_array                               0x20002020   Data          20  main.o(.bss)
    rx_buf                                   0x20002034   Data         256  main.o(.bss)
    tx_buf                                   0x20002134   Data         256  main.o(.bss)
    APP_TIMER_BUF                            0x20002234   Data         456  main.o(.bss)
    m_nus                                    0x200023fc   Data          28  main.o(.bss)
    .bss                                     0x20002418   Section       32  bsp.o(.bss)
    m_leds_timer_id_data                     0x20002418   Data          32  bsp.o(.bss)
    .bss                                     0x20002438   Section       32  bsp.o(.bss)
    m_alert_timer_id_data                    0x20002438   Data          32  bsp.o(.bss)
    .bss                                     0x20002458   Section       12  bsp.o(.bss)
    m_events_list                            0x20002458   Data          12  bsp.o(.bss)
    .bss                                     0x20002464   Section       32  bsp.o(.bss)
    m_button_timer_id_data                   0x20002464   Data          32  bsp.o(.bss)
    .bss                                     0x20002484   Section      259  ble_advertising.o(.bss)
    m_advdata                                0x20002484   Data          56  ble_advertising.o(.bss)
    m_adv_modes_config                       0x200024bc   Data          36  ble_advertising.o(.bss)
    m_whitelist                              0x200024e0   Data          16  ble_advertising.o(.bss)
    mp_whitelist_addr                        0x200024f0   Data          32  ble_advertising.o(.bss)
    mp_whitelist_irk                         0x20002510   Data          32  ble_advertising.o(.bss)
    m_manuf_specific_data                    0x20002530   Data          12  ble_advertising.o(.bss)
    m_manuf_data_array                       0x2000253c   Data          31  ble_advertising.o(.bss)
    m_service_data                           0x2000255c   Data          12  ble_advertising.o(.bss)
    m_service_data_array                     0x20002568   Data          31  ble_advertising.o(.bss)
    .bss                                     0x20002588   Section       32  ble_conn_params.o(.bss)
    m_conn_params_timer_id_data              0x20002588   Data          32  ble_conn_params.o(.bss)
    .bss                                     0x200025a8   Section       28  ble_conn_params.o(.bss)
    m_conn_params_config                     0x200025a8   Data          28  ble_conn_params.o(.bss)
    .bss                                     0x200025c4   Section       32  app_uart_fifo.o(.bss)
    m_rx_fifo                                0x200025c4   Data          16  app_uart_fifo.o(.bss)
    m_tx_fifo                                0x200025d4   Data          16  app_uart_fifo.o(.bss)
    .bss                                     0x200025e4   Section       88  nrf_drv_gpiote.o(.bss)
    m_cb                                     0x200025e4   Data          88  nrf_drv_gpiote.o(.bss)
    .bss                                     0x2000263c   Section       32  nrf_drv_uart.o(.bss)
    m_cb                                     0x2000263c   Data          32  nrf_drv_uart.o(.bss)
    .bss                                     0x2000265c   Section      216  pstorage.o(.bss)
    m_cmd_queue                              0x2000265c   Data         204  pstorage.o(.bss)
    m_app_table                              0x20002728   Data          12  pstorage.o(.bss)
    .bss                                     0x20002734   Section       32  app_button.o(.bss)
    m_detection_delay_timer_id_data          0x20002734   Data          32  app_button.o(.bss)
    STACK                                    0x20002758   Section     8192  arm_startup_nrf52.o(STACK)

    Global Symbols

    Symbol Name                              Value     Ov Type        Size  Object(Section)

    BuildAttributes$$THM_ISAv4$E$P$D$K$B$S$7EM$VFPi3$EXTD16$VFPS$VFMA$PE$A:L22UL41UL21$X:L11$S22US41US21$IEEE1$IW$USESV6$~STKCKD$USESV7$~SHL$OSPACE$ROPI$EBA8$MICROLIB$REQ8$PRES8$EABIv2 0x00000000   Number         0  anon$$obj.o ABSOLUTE
    __ARM_use_no_argv                        0x00000000   Number         0  main.o ABSOLUTE
    _printf_a                                0x00000000   Number         0  stubs.o ABSOLUTE
    _printf_c                                0x00000000   Number         0  stubs.o ABSOLUTE
    _printf_charcount                        0x00000000   Number         0  stubs.o ABSOLUTE
    _printf_d                                0x00000000   Number         0  stubs.o ABSOLUTE
    _printf_e                                0x00000000   Number         0  stubs.o ABSOLUTE
    _printf_f                                0x00000000   Number         0  stubs.o ABSOLUTE
    _printf_flags                            0x00000000   Number         0  stubs.o ABSOLUTE
    _printf_fp_dec                           0x00000000   Number         0  stubs.o ABSOLUTE
    _printf_fp_hex                           0x00000000   Number         0  stubs.o ABSOLUTE
    _printf_g                                0x00000000   Number         0  stubs.o ABSOLUTE
    _printf_i                                0x00000000   Number         0  stubs.o ABSOLUTE
    _printf_int_dec                          0x00000000   Number         0  stubs.o ABSOLUTE
    _printf_l                                0x00000000   Number         0  stubs.o ABSOLUTE
    _printf_lc                               0x00000000   Number         0  stubs.o ABSOLUTE
    _printf_ll                               0x00000000   Number         0  stubs.o ABSOLUTE
    _printf_lld                              0x00000000   Number         0  stubs.o ABSOLUTE
    _printf_lli                              0x00000000   Number         0  stubs.o ABSOLUTE
    _printf_llo                              0x00000000   Number         0  stubs.o ABSOLUTE
    _printf_llu                              0x00000000   Number         0  stubs.o ABSOLUTE
    _printf_llx                              0x00000000   Number         0  stubs.o ABSOLUTE
    _printf_longlong_dec                     0x00000000   Number         0  stubs.o ABSOLUTE
    _printf_longlong_hex                     0x00000000   Number         0  stubs.o ABSOLUTE
    _printf_longlong_oct                     0x00000000   Number         0  stubs.o ABSOLUTE
    _printf_ls                               0x00000000   Number         0  stubs.o ABSOLUTE
    _printf_mbtowc                           0x00000000   Number         0  stubs.o ABSOLUTE
    _printf_n                                0x00000000   Number         0  stubs.o ABSOLUTE
    _printf_o                                0x00000000   Number         0  stubs.o ABSOLUTE
    _printf_p                                0x00000000   Number         0  stubs.o ABSOLUTE
    _printf_percent                          0x00000000   Number         0  stubs.o ABSOLUTE
    _printf_pre_padding                      0x00000000   Number         0  stubs.o ABSOLUTE
    _printf_return_value                     0x00000000   Number         0  stubs.o ABSOLUTE
    _printf_s                                0x00000000   Number         0  stubs.o ABSOLUTE
    _printf_sizespec                         0x00000000   Number         0  stubs.o ABSOLUTE
    _printf_str                              0x00000000   Number         0  stubs.o ABSOLUTE
    _printf_truncate_signed                  0x00000000   Number         0  stubs.o ABSOLUTE
    _printf_truncate_unsigned                0x00000000   Number         0  stubs.o ABSOLUTE
    _printf_u                                0x00000000   Number         0  stubs.o ABSOLUTE
    _printf_wc                               0x00000000   Number         0  stubs.o ABSOLUTE
    _printf_wctomb                           0x00000000   Number         0  stubs.o ABSOLUTE
    _printf_widthprec                        0x00000000   Number         0  stubs.o ABSOLUTE
    _printf_x                                0x00000000   Number         0  stubs.o ABSOLUTE
    __cpp_initialize__aeabi_                  - Undefined Weak Reference
    __cxa_finalize                            - Undefined Weak Reference
    __decompress                              - Undefined Weak Reference
    _clock_init                               - Undefined Weak Reference
    _microlib_exit                            - Undefined Weak Reference
    __Vectors_Size                           0x00000400   Number         0  arm_startup_nrf52.o ABSOLUTE
    __Vectors                                0x0001b000   Data           4  arm_startup_nrf52.o(RESET)
    __Vectors_End                            0x0001b400   Data           0  arm_startup_nrf52.o(RESET)
    __main                                   0x0001b401   Thumb Code     0  entry.o(.ARM.Collect$$$$00000000)
    _main_stk                                0x0001b401   Thumb Code     0  entry2.o(.ARM.Collect$$$$00000001)
    _main_scatterload                        0x0001b405   Thumb Code     0  entry5.o(.ARM.Collect$$$$00000004)
    __main_after_scatterload                 0x0001b409   Thumb Code     0  entry5.o(.ARM.Collect$$$$00000004)
    _main_clock                              0x0001b409   Thumb Code     0  entry7b.o(.ARM.Collect$$$$00000008)
    _main_cpp_init                           0x0001b409   Thumb Code     0  entry8b.o(.ARM.Collect$$$$0000000A)
    _main_init                               0x0001b409   Thumb Code     0  entry9a.o(.ARM.Collect$$$$0000000B)
    __rt_final_cpp                           0x0001b411   Thumb Code     0  entry10a.o(.ARM.Collect$$$$0000000D)
    __rt_final_exit                          0x0001b411   Thumb Code     0  entry11a.o(.ARM.Collect$$$$0000000F)
    __asm___11_app_timer_c_cd27f9c3__nrf_delay_us 0x0001b415   Thumb Code   118  app_timer.o(.emb_text)
    Reset_Handler                            0x0001b48d   Thumb Code     8  arm_startup_nrf52.o(.text)
    NMI_Handler                              0x0001b495   Thumb Code     2  arm_startup_nrf52.o(.text)
    HardFault_Handler                        0x0001b497   Thumb Code     2  arm_startup_nrf52.o(.text)
    MemoryManagement_Handler                 0x0001b499   Thumb Code     2  arm_startup_nrf52.o(.text)
    BusFault_Handler                         0x0001b49b   Thumb Code     2  arm_startup_nrf52.o(.text)
    UsageFault_Handler                       0x0001b49d   Thumb Code     2  arm_startup_nrf52.o(.text)
    SVC_Handler                              0x0001b49f   Thumb Code     2  arm_startup_nrf52.o(.text)
    PendSV_Handler                           0x0001b4a1   Thumb Code     2  arm_startup_nrf52.o(.text)
    SysTick_Handler                          0x0001b4a3   Thumb Code     2  arm_startup_nrf52.o(.text)
    CCM_AAR_IRQHandler                       0x0001b4a5   Thumb Code     0  arm_startup_nrf52.o(.text)
    COMP_LPCOMP_IRQHandler                   0x0001b4a5   Thumb Code     0  arm_startup_nrf52.o(.text)
    ECB_IRQHandler                           0x0001b4a5   Thumb Code     0  arm_startup_nrf52.o(.text)
    I2S_IRQHandler                           0x0001b4a5   Thumb Code     0  arm_startup_nrf52.o(.text)
    MWU_IRQHandler                           0x0001b4a5   Thumb Code     0  arm_startup_nrf52.o(.text)
    NFCT_IRQHandler                          0x0001b4a5   Thumb Code     0  arm_startup_nrf52.o(.text)
    PDM_IRQHandler                           0x0001b4a5   Thumb Code     0  arm_startup_nrf52.o(.text)
    POWER_CLOCK_IRQHandler                   0x0001b4a5   Thumb Code     0  arm_startup_nrf52.o(.text)
    PWM0_IRQHandler                          0x0001b4a5   Thumb Code     0  arm_startup_nrf52.o(.text)
    PWM1_IRQHandler                          0x0001b4a5   Thumb Code     0  arm_startup_nrf52.o(.text)
    PWM2_IRQHandler                          0x0001b4a5   Thumb Code     0  arm_startup_nrf52.o(.text)
    QDEC_IRQHandler                          0x0001b4a5   Thumb Code     0  arm_startup_nrf52.o(.text)
    RADIO_IRQHandler                         0x0001b4a5   Thumb Code     0  arm_startup_nrf52.o(.text)
    RNG_IRQHandler                           0x0001b4a5   Thumb Code     0  arm_startup_nrf52.o(.text)
    RTC0_IRQHandler                          0x0001b4a5   Thumb Code     0  arm_startup_nrf52.o(.text)
    RTC2_IRQHandler                          0x0001b4a5   Thumb Code     0  arm_startup_nrf52.o(.text)
    SAADC_IRQHandler                         0x0001b4a5   Thumb Code     0  arm_startup_nrf52.o(.text)
    SPIM0_SPIS0_TWIM0_TWIS0_SPI0_TWI0_IRQHandler 0x0001b4a5   Thumb Code     0  arm_startup_nrf52.o(.text)
    SPIM1_SPIS1_TWIM1_TWIS1_SPI1_TWI1_IRQHandler 0x0001b4a5   Thumb Code     0  arm_startup_nrf52.o(.text)
    SPIM2_SPIS2_SPI2_IRQHandler              0x0001b4a5   Thumb Code     0  arm_startup_nrf52.o(.text)
    SWI1_EGU1_IRQHandler                     0x0001b4a5   Thumb Code     0  arm_startup_nrf52.o(.text)
    SWI3_EGU3_IRQHandler                     0x0001b4a5   Thumb Code     0  arm_startup_nrf52.o(.text)
    SWI4_EGU4_IRQHandler                     0x0001b4a5   Thumb Code     0  arm_startup_nrf52.o(.text)
    SWI5_EGU5_IRQHandler                     0x0001b4a5   Thumb Code     0  arm_startup_nrf52.o(.text)
    TEMP_IRQHandler                          0x0001b4a5   Thumb Code     0  arm_startup_nrf52.o(.text)
    TIMER0_IRQHandler                        0x0001b4a5   Thumb Code     0  arm_startup_nrf52.o(.text)
    TIMER1_IRQHandler                        0x0001b4a5   Thumb Code     0  arm_startup_nrf52.o(.text)
    TIMER2_IRQHandler                        0x0001b4a5   Thumb Code     0  arm_startup_nrf52.o(.text)
    TIMER3_IRQHandler                        0x0001b4a5   Thumb Code     0  arm_startup_nrf52.o(.text)
    TIMER4_IRQHandler                        0x0001b4a5   Thumb Code     0  arm_startup_nrf52.o(.text)
    WDT_IRQHandler                           0x0001b4a5   Thumb Code     0  arm_startup_nrf52.o(.text)
    __aeabi_memcpy                           0x0001b4b1   Thumb Code    36  memcpya.o(.text)
    __aeabi_memcpy4                          0x0001b4b1   Thumb Code     0  memcpya.o(.text)
    __aeabi_memcpy8                          0x0001b4b1   Thumb Code     0  memcpya.o(.text)
    __aeabi_memset                           0x0001b4d5   Thumb Code    14  memseta.o(.text)
    __aeabi_memset4                          0x0001b4d5   Thumb Code     0  memseta.o(.text)
    __aeabi_memset8                          0x0001b4d5   Thumb Code     0  memseta.o(.text)
    __aeabi_memclr                           0x0001b4e3   Thumb Code     4  memseta.o(.text)
    __aeabi_memclr4                          0x0001b4e3   Thumb Code     0  memseta.o(.text)
    __aeabi_memclr8                          0x0001b4e3   Thumb Code     0  memseta.o(.text)
    _memset$wrapper                          0x0001b4e7   Thumb Code    18  memseta.o(.text)
    __aeabi_uidiv                            0x0001b4f9   Thumb Code     0  uidiv.o(.text)
    __aeabi_uidivmod                         0x0001b4f9   Thumb Code    44  uidiv.o(.text)
    __aeabi_uldivmod                         0x0001b525   Thumb Code    98  uldiv.o(.text)
    __I$use$fp                               0x0001b587   Thumb Code     0  iusefp.o(.text)
    __aeabi_dadd                             0x0001b587   Thumb Code   322  dadd.o(.text)
    __aeabi_dsub                             0x0001b6c9   Thumb Code     6  dadd.o(.text)
    __aeabi_drsub                            0x0001b6cf   Thumb Code     6  dadd.o(.text)
    __aeabi_dmul                             0x0001b6d5   Thumb Code   228  dmul.o(.text)
    __aeabi_ddiv                             0x0001b7b9   Thumb Code   222  ddiv.o(.text)
    __aeabi_d2ulz                            0x0001b897   Thumb Code    48  dfixul.o(.text)
    __aeabi_cdrcmple                         0x0001b8c9   Thumb Code    48  cdrcmple.o(.text)
    __scatterload                            0x0001b8f9   Thumb Code    28  init.o(.text)
    __scatterload_rt2                        0x0001b8f9   Thumb Code     0  init.o(.text)
    __aeabi_llsl                             0x0001b91d   Thumb Code    30  llshl.o(.text)
    _ll_shift_l                              0x0001b91d   Thumb Code     0  llshl.o(.text)
    __aeabi_llsr                             0x0001b93b   Thumb Code    32  llushr.o(.text)
    _ll_ushift_r                             0x0001b93b   Thumb Code     0  llushr.o(.text)
    __aeabi_lasr                             0x0001b95b   Thumb Code    36  llsshr.o(.text)
    _ll_sshift_r                             0x0001b95b   Thumb Code     0  llsshr.o(.text)
    _double_round                            0x0001b97f   Thumb Code    30  depilogue.o(.text)
    _double_epilogue                         0x0001b99d   Thumb Code   156  depilogue.o(.text)
    GPIOTE_IRQHandler                        0x0001ba39   Thumb Code   248  nrf_drv_gpiote.o(i.GPIOTE_IRQHandler)
    RTC1_IRQHandler                          0x0001bba1   Thumb Code    32  app_timer.o(i.RTC1_IRQHandler)
    SWI0_EGU0_IRQHandler                     0x0001bbc5   Thumb Code     4  app_timer.o(i.SWI0_EGU0_IRQHandler)
    SWI2_EGU2_IRQHandler                     0x0001bbc9   Thumb Code    32  softdevice_handler.o(i.SWI2_EGU2_IRQHandler)
    SystemInit                               0x0001bbed   Thumb Code   562  system_nrf52.o(i.SystemInit)
    UARTE0_UART0_IRQHandler                  0x0001be49   Thumb Code    14  nrf_drv_uart.o(i.UARTE0_UART0_IRQHandler)
    __0printf                                0x0001be5d   Thumb Code    22  printfa.o(i.__0printf)
    __1printf                                0x0001be5d   Thumb Code     0  printfa.o(i.__0printf)
    __2printf                                0x0001be5d   Thumb Code     0  printfa.o(i.__0printf)
    __c89printf                              0x0001be5d   Thumb Code     0  printfa.o(i.__0printf)
    printf                                   0x0001be5d   Thumb Code     0  printfa.o(i.__0printf)
    __scatterload_copy                       0x0001be7d   Thumb Code    14  handlers.o(i.__scatterload_copy)
    __scatterload_null                       0x0001be8b   Thumb Code     2  handlers.o(i.__scatterload_null)
    __scatterload_zeroinit                   0x0001be8d   Thumb Code    14  handlers.o(i.__scatterload_zeroinit)
    adv_data_encode                          0x0001c72f   Thumb Code   514  ble_advdata.o(i.adv_data_encode)
    app_button_enable                        0x0001c989   Thumb Code    32  app_button.o(i.app_button_enable)
    app_button_init                          0x0001c9ad   Thumb Code    96  app_button.o(i.app_button_init)
    app_error_fault_handler                  0x0001ca1d   Thumb Code    26  app_error.o(i.app_error_fault_handler)
    app_error_handler_bare                   0x0001ca41   Thumb Code    20  app_error.o(i.app_error_handler_bare)
    app_fifo_get                             0x0001ca55   Thumb Code    22  app_fifo.o(i.app_fifo_get)
    app_fifo_init                            0x0001ca6b   Thumb Code    32  app_fifo.o(i.app_fifo_init)
    app_fifo_put                             0x0001ca8b   Thumb Code    26  app_fifo.o(i.app_fifo_put)
    app_timer_create                         0x0001caa5   Thumb Code    32  app_timer.o(i.app_timer_create)
    app_timer_init                           0x0001cac9   Thumb Code   134  app_timer.o(i.app_timer_init)
    app_timer_start                          0x0001cb59   Thumb Code   118  app_timer.o(i.app_timer_start)
    app_timer_stop                           0x0001cbd9   Thumb Code    76  app_timer.o(i.app_timer_stop)
    app_uart_get                             0x0001cc29   Thumb Code    44  app_uart_fifo.o(i.app_uart_get)
    app_uart_init                            0x0001cc5d   Thumb Code   146  app_uart_fifo.o(i.app_uart_init)
    app_uart_put                             0x0001cd01   Thumb Code    34  app_uart_fifo.o(i.app_uart_put)
    ble_advdata_set                          0x0001cda5   Thumb Code   104  ble_advdata.o(i.ble_advdata_set)
    ble_advertising_init                     0x0001ce0d   Thumb Code   274  ble_advertising.o(i.ble_advertising_init)
    ble_advertising_on_ble_evt               0x0001cf29   Thumb Code   122  ble_advertising.o(i.ble_advertising_on_ble_evt)
    ble_advertising_restart_without_whitelist 0x0001cfb9   Thumb Code    48  ble_advertising.o(i.ble_advertising_restart_without_whitelist)
    ble_advertising_start                    0x0001cff1   Thumb Code   462  ble_advertising.o(i.ble_advertising_start)
    ble_conn_params_init                     0x0001d1c9   Thumb Code    72  ble_conn_params.o(i.ble_conn_params_init)
    ble_conn_params_on_ble_evt               0x0001d221   Thumb Code   126  ble_conn_params.o(i.ble_conn_params_on_ble_evt)
    ble_nus_init                             0x0001d339   Thumb Code    94  ble_nus.o(i.ble_nus_init)
    ble_nus_on_ble_evt                       0x0001d39d   Thumb Code    82  ble_nus.o(i.ble_nus_on_ble_evt)
    ble_nus_string_send                      0x0001d3ef   Thumb Code    78  ble_nus.o(i.ble_nus_string_send)
    bsp_btn_ble_init                         0x0001d499   Thumb Code    72  bsp_btn_ble.o(i.bsp_btn_ble_init)
    bsp_btn_ble_on_ble_evt                   0x0001d4e5   Thumb Code   106  bsp_btn_ble.o(i.bsp_btn_ble_on_ble_evt)
    bsp_btn_ble_sleep_mode_prepare           0x0001d555   Thumb Code    18  bsp_btn_ble.o(i.bsp_btn_ble_sleep_mode_prepare)
    bsp_button_is_pressed                    0x0001d611   Thumb Code    34  bsp.o(i.bsp_button_is_pressed)
    bsp_event_handler                        0x0001d63d   Thumb Code    54  main.o(i.bsp_event_handler)
    bsp_event_to_button_action_assign        0x0001d679   Thumb Code    64  bsp.o(i.bsp_event_to_button_action_assign)
    bsp_indication_set                       0x0001d6bd   Thumb Code    20  bsp.o(i.bsp_indication_set)
    bsp_init                                 0x0001d6d5   Thumb Code   140  bsp.o(i.bsp_init)
    bsp_wakeup_buttons_set                   0x0001d99d   Thumb Code    54  bsp.o(i.bsp_wakeup_buttons_set)
    fputc                                    0x0001dcaf   Thumb Code    14  retarget.o(i.fputc)
    intern_softdevice_events_execute         0x0001dd15   Thumb Code   106  softdevice_handler.o(i.intern_softdevice_events_execute)
    main                                     0x0001df91   Thumb Code   370  main.o(i.main)
    nrf_drv_common_irq_enable                0x0001e251   Thumb Code    56  nrf_drv_common.o(i.nrf_drv_common_irq_enable)
    nrf_drv_gpiote_in_event_enable           0x0001e289   Thumb Code   150  nrf_drv_gpiote.o(i.nrf_drv_gpiote_in_event_enable)
    nrf_drv_gpiote_in_init                   0x0001e32d   Thumb Code   170  nrf_drv_gpiote.o(i.nrf_drv_gpiote_in_init)
    nrf_drv_gpiote_in_is_set                 0x0001e3e5   Thumb Code    16  nrf_drv_gpiote.o(i.nrf_drv_gpiote_in_is_set)
    nrf_drv_gpiote_init                      0x0001e3f9   Thumb Code    76  nrf_drv_gpiote.o(i.nrf_drv_gpiote_init)
    nrf_drv_gpiote_is_init                   0x0001e44d   Thumb Code    14  nrf_drv_gpiote.o(i.nrf_drv_gpiote_is_init)
    nrf_drv_uart_init                        0x0001e461   Thumb Code   126  nrf_drv_uart.o(i.nrf_drv_uart_init)
    nrf_drv_uart_rx                          0x0001e4f5   Thumb Code   132  nrf_drv_uart.o(i.nrf_drv_uart_rx)
    nrf_drv_uart_rx_enable                   0x0001e581   Thumb Code    26  nrf_drv_uart.o(i.nrf_drv_uart_rx_enable)
    nrf_drv_uart_tx                          0x0001e6cd   Thumb Code   128  nrf_drv_uart.o(i.nrf_drv_uart_tx)
    pstorage_access_status_get               0x0001e9b1   Thumb Code    28  pstorage.o(i.pstorage_access_status_get)
    sd_check_ram_start                       0x0001eb55   Thumb Code    10  softdevice_handler.o(i.sd_check_ram_start)
    softdevice_ble_evt_handler_set           0x0001ec15   Thumb Code    14  softdevice_handler.o(i.softdevice_ble_evt_handler_set)
    softdevice_enable                        0x0001ec29   Thumb Code    14  softdevice_handler.o(i.softdevice_enable)
    softdevice_enable_get_default_config     0x0001ec3d   Thumb Code    38  softdevice_handler.o(i.softdevice_enable_get_default_config)
    softdevice_fault_handler                 0x0001ec63   Thumb Code     4  softdevice_handler.o(i.softdevice_fault_handler)
    softdevice_handler_init                  0x0001ec69   Thumb Code    38  softdevice_handler.o(i.softdevice_handler_init)
    uart_event_handle                        0x0001eecd   Thumb Code    84  main.o(i.uart_event_handle)
    Region$$Table$$Base                      0x0001f408   Number         0  anon$$obj.o(Region$$Table)
    Region$$Table$$Limit                     0x0001f428   Number         0  anon$$obj.o(Region$$Table)
    Image$$RW_IRAM1$$Base                    0x20001f00   Number         0  anon$$obj.o ABSOLUTE
    __stdout                                 0x20001fbc   Data           4  retarget.o(.data)
    SystemCoreClock                          0x20001fd4   Data           4  system_nrf52.o(.data)
    __initial_sp                             0x20004758   Data           0  arm_startup_nrf52.o(STACK)



==============================================================================

Memory Map of the image

  Image Entry point : 0x0001b401

  Load Region LR_IROM1 (Base: 0x0001b000, Size: 0x00004500, Max: 0x00065000, ABSOLUTE)

    Execution Region ER_IROM1 (Base: 0x0001b000, Size: 0x00004428, Max: 0x00065000, ABSOLUTE)

    Base Addr    Size         Type   Attr      Idx    E Section Name        Object

    0x0001b000   0x00000400   Data   RO         2298    RESET               arm_startup_nrf52.o
    0x0001b400   0x00000000   Code   RO         2339  * .ARM.Collect$$$$00000000  mc_w.l(entry.o)
    0x0001b400   0x00000004   Code   RO         2613    .ARM.Collect$$$$00000001  mc_w.l(entry2.o)
    0x0001b404   0x00000004   Code   RO         2616    .ARM.Collect$$$$00000004  mc_w.l(entry5.o)
    0x0001b408   0x00000000   Code   RO         2618    .ARM.Collect$$$$00000008  mc_w.l(entry7b.o)
    0x0001b408   0x00000000   Code   RO         2620    .ARM.Collect$$$$0000000A  mc_w.l(entry8b.o)
    0x0001b408   0x00000008   Code   RO         2621    .ARM.Collect$$$$0000000B  mc_w.l(entry9a.o)
    0x0001b410   0x00000000   Code   RO         2623    .ARM.Collect$$$$0000000D  mc_w.l(entry10a.o)
    0x0001b410   0x00000000   Code   RO         2625    .ARM.Collect$$$$0000000F  mc_w.l(entry11a.o)
    0x0001b410   0x00000004   Code   RO         2614    .ARM.Collect$$$$00002712  mc_w.l(entry2.o)
    0x0001b414   0x00000076   Code   RO         1892    .emb_text           app_timer.o
    0x0001b48a   0x00000002   PAD
    0x0001b48c   0x00000024   Code   RO         2299    .text               arm_startup_nrf52.o
    0x0001b4b0   0x00000024   Code   RO         2342    .text               mc_w.l(memcpya.o)
    0x0001b4d4   0x00000024   Code   RO         2344    .text               mc_w.l(memseta.o)
    0x0001b4f8   0x0000002c   Code   RO         2627    .text               mc_w.l(uidiv.o)
    0x0001b524   0x00000062   Code   RO         2629    .text               mc_w.l(uldiv.o)
    0x0001b586   0x00000000   Code   RO         2631    .text               mc_w.l(iusefp.o)
    0x0001b586   0x0000014e   Code   RO         2632    .text               mf_w.l(dadd.o)
    0x0001b6d4   0x000000e4   Code   RO         2634    .text               mf_w.l(dmul.o)
    0x0001b7b8   0x000000de   Code   RO         2636    .text               mf_w.l(ddiv.o)
    0x0001b896   0x00000030   Code   RO         2638    .text               mf_w.l(dfixul.o)
    0x0001b8c6   0x00000002   PAD
    0x0001b8c8   0x00000030   Code   RO         2640    .text               mf_w.l(cdrcmple.o)
    0x0001b8f8   0x00000024   Code   RO         2642    .text               mc_w.l(init.o)
    0x0001b91c   0x0000001e   Code   RO         2644    .text               mc_w.l(llshl.o)
    0x0001b93a   0x00000020   Code   RO         2646    .text               mc_w.l(llushr.o)
    0x0001b95a   0x00000024   Code   RO         2648    .text               mc_w.l(llsshr.o)
    0x0001b97e   0x000000ba   Code   RO         2650    .text               mf_w.l(depilogue.o)
    0x0001ba38   0x00000104   Code   RO          916    i.GPIOTE_IRQHandler  nrf_drv_gpiote.o
    0x0001bb3c   0x00000016   Code   RO         1893    i.NVIC_ClearPendingIRQ  app_timer.o
    0x0001bb52   0x00000016   Code   RO         1894    i.NVIC_EnableIRQ    app_timer.o
    0x0001bb68   0x00000016   Code   RO         1895    i.NVIC_SetPendingIRQ  app_timer.o
    0x0001bb7e   0x00000020   Code   RO         1896    i.NVIC_SetPriority  app_timer.o
    0x0001bb9e   0x00000002   PAD
    0x0001bba0   0x00000024   Code   RO         1897    i.RTC1_IRQHandler   app_timer.o
    0x0001bbc4   0x00000004   Code   RO         1898    i.SWI0_EGU0_IRQHandler  app_timer.o
    0x0001bbc8   0x00000024   Code   RO         2208    i.SWI2_EGU2_IRQHandler  softdevice_handler.o
    0x0001bbec   0x0000025c   Code   RO         2307    i.SystemInit        system_nrf52.o
    0x0001be48   0x00000014   Code   RO         1115    i.UARTE0_UART0_IRQHandler  nrf_drv_uart.o
    0x0001be5c   0x00000020   Code   RO         2585    i.__0printf         mc_w.l(printfa.o)
    0x0001be7c   0x0000000e   Code   RO         2654    i.__scatterload_copy  mc_w.l(handlers.o)
    0x0001be8a   0x00000002   Code   RO         2655    i.__scatterload_null  mc_w.l(handlers.o)
    0x0001be8c   0x0000000e   Code   RO         2656    i.__scatterload_zeroinit  mc_w.l(handlers.o)
    0x0001be9a   0x00000002   PAD
    0x0001be9c   0x00000164   Code   RO         2592    i._fp_digits        mc_w.l(printfa.o)
    0x0001c000   0x000006dc   Code   RO         2593    i._printf_core      mc_w.l(printfa.o)
    0x0001c6dc   0x00000024   Code   RO         2594    i._printf_post_padding  mc_w.l(printfa.o)
    0x0001c700   0x0000002e   Code   RO         2595    i._printf_pre_padding  mc_w.l(printfa.o)
    0x0001c72e   0x00000202   Code   RO          413    i.adv_data_encode   ble_advdata.o
    0x0001c930   0x00000036   Code   RO          370    i.advertising_buttons_configure  bsp_btn_ble.o
    0x0001c966   0x00000002   PAD
    0x0001c968   0x00000020   Code   RO          259    i.alert_timer_handler  bsp.o
    0x0001c988   0x00000024   Code   RO         1707    i.app_button_enable  app_button.o
    0x0001c9ac   0x00000070   Code   RO         1708    i.app_button_init   app_button.o
    0x0001ca1c   0x00000024   Code   RO         1768    i.app_error_fault_handler  app_error.o
    0x0001ca40   0x00000014   Code   RO         1770    i.app_error_handler_bare  app_error.o
    0x0001ca54   0x00000016   Code   RO         1829    i.app_fifo_get      app_fifo.o
    0x0001ca6a   0x00000020   Code   RO         1830    i.app_fifo_init     app_fifo.o
    0x0001ca8a   0x0000001a   Code   RO         1831    i.app_fifo_put      app_fifo.o
    0x0001caa4   0x00000024   Code   RO         1901    i.app_timer_create  app_timer.o
    0x0001cac8   0x00000090   Code   RO         1902    i.app_timer_init    app_timer.o
    0x0001cb58   0x00000080   Code   RO         1903    i.app_timer_start   app_timer.o
    0x0001cbd8   0x00000050   Code   RO         1904    i.app_timer_stop    app_timer.o
    0x0001cc28   0x00000034   Code   RO          762    i.app_uart_get      app_uart_fifo.o
    0x0001cc5c   0x000000a4   Code   RO          763    i.app_uart_init     app_uart_fifo.o
    0x0001cd00   0x0000002c   Code   RO          764    i.app_uart_put      app_uart_fifo.o
    0x0001cd2c   0x00000078   Code   RO         1116    i.apply_config      nrf_drv_uart.o
    0x0001cda4   0x00000068   Code   RO          414    i.ble_advdata_set   ble_advdata.o
    0x0001ce0c   0x0000011c   Code   RO          504    i.ble_advertising_init  ble_advertising.o
    0x0001cf28   0x00000080   Code   RO          505    i.ble_advertising_on_ble_evt  ble_advertising.o
    0x0001cfa8   0x00000010   Code   RO          508    i.ble_advertising_peer_address_clear  ble_advertising.o
    0x0001cfb8   0x00000038   Code   RO          509    i.ble_advertising_restart_without_whitelist  ble_advertising.o
    0x0001cff0   0x000001d8   Code   RO          510    i.ble_advertising_start  ble_advertising.o
    0x0001d1c8   0x00000058   Code   RO          592    i.ble_conn_params_init  ble_conn_params.o
    0x0001d220   0x0000008c   Code   RO          593    i.ble_conn_params_on_ble_evt  ble_conn_params.o
    0x0001d2ac   0x0000005e   Code   RO          415    i.ble_device_addr_encode  ble_advdata.o
    0x0001d30a   0x00000002   PAD
    0x0001d30c   0x0000002c   Code   RO            5    i.ble_evt_dispatch  main.o
    0x0001d338   0x00000064   Code   RO          666    i.ble_nus_init      ble_nus.o
    0x0001d39c   0x00000052   Code   RO          667    i.ble_nus_on_ble_evt  ble_nus.o
    0x0001d3ee   0x0000004e   Code   RO          668    i.ble_nus_string_send  ble_nus.o
    0x0001d43c   0x0000005c   Code   RO            6    i.ble_stack_init    main.o
    0x0001d498   0x0000004c   Code   RO          371    i.bsp_btn_ble_init  bsp_btn_ble.o
    0x0001d4e4   0x00000070   Code   RO          372    i.bsp_btn_ble_on_ble_evt  bsp_btn_ble.o
    0x0001d554   0x00000012   Code   RO          373    i.bsp_btn_ble_sleep_mode_prepare  bsp_btn_ble.o
    0x0001d566   0x00000002   PAD
    0x0001d568   0x000000a8   Code   RO          260    i.bsp_button_event_handler  bsp.o
    0x0001d610   0x0000002c   Code   RO          261    i.bsp_button_is_pressed  bsp.o
    0x0001d63c   0x0000003c   Code   RO            7    i.bsp_event_handler  main.o
    0x0001d678   0x00000044   Code   RO          265    i.bsp_event_to_button_action_assign  bsp.o
    0x0001d6bc   0x00000018   Code   RO          266    i.bsp_indication_set  bsp.o
    0x0001d6d4   0x000000a4   Code   RO          268    i.bsp_init          bsp.o
    0x0001d778   0x00000224   Code   RO          269    i.bsp_led_indication  bsp.o
    0x0001d99c   0x0000003c   Code   RO          270    i.bsp_wakeup_buttons_set  bsp.o
    0x0001d9d8   0x00000008   Code   RO          271    i.button_timer_handler  bsp.o
    0x0001d9e0   0x0000001c   Code   RO          917    i.channel_free      nrf_drv_gpiote.o
    0x0001d9fc   0x00000048   Code   RO          918    i.channel_port_alloc  nrf_drv_gpiote.o
    0x0001da44   0x00000010   Code   RO          919    i.channel_port_get  nrf_drv_gpiote.o
    0x0001da54   0x000000ac   Code   RO         1906    i.compare_reg_update  app_timer.o
    0x0001db00   0x00000088   Code   RO          416    i.conn_int_encode   ble_advdata.o
    0x0001db88   0x00000004   Code   RO            8    i.conn_params_error_handler  main.o
    0x0001db8c   0x0000005c   Code   RO          595    i.conn_params_negotiation  ble_conn_params.o
    0x0001dbe8   0x00000060   Code   RO         1710    i.detection_delay_timeout_handler  app_button.o
    0x0001dc48   0x00000040   Code   RO         1907    i.elapsed_ticks_acquire  app_timer.o
    0x0001dc88   0x00000014   Code   RO         1834    i.fifo_get          app_fifo.o
    0x0001dc9c   0x00000012   Code   RO         1835    i.fifo_put          app_fifo.o
    0x0001dcae   0x0000000e   Code   RO         2171    i.fputc             retarget.o
    0x0001dcbc   0x00000058   Code   RO         1711    i.gpiote_event_handler  app_button.o
    0x0001dd14   0x00000070   Code   RO         2209    i.intern_softdevice_events_execute  softdevice_handler.o
    0x0001dd84   0x0000001c   Code   RO          596    i.is_conn_params_ok  ble_conn_params.o
    0x0001dda0   0x00000054   Code   RO          417    i.le_role_encode    ble_advdata.o
    0x0001ddf4   0x00000014   Code   RO          272    i.leds_timer_handler  bsp.o
    0x0001de08   0x000000bc   Code   RO         1908    i.list_deletions_handler  app_timer.o
    0x0001dec4   0x000000cc   Code   RO         1909    i.list_insertions_handler  app_timer.o
    0x0001df90   0x000001c0   Code   RO            9    i.main              main.o
    0x0001e150   0x00000064   Code   RO          418    i.manuf_specific_data_encode  ble_advdata.o
    0x0001e1b4   0x0000009c   Code   RO          419    i.name_encode       ble_advdata.o
    0x0001e250   0x00000038   Code   RO          878    i.nrf_drv_common_irq_enable  nrf_drv_common.o
    0x0001e288   0x000000a4   Code   RO          922    i.nrf_drv_gpiote_in_event_enable  nrf_drv_gpiote.o
    0x0001e32c   0x000000b8   Code   RO          923    i.nrf_drv_gpiote_in_init  nrf_drv_gpiote.o
    0x0001e3e4   0x00000014   Code   RO          924    i.nrf_drv_gpiote_in_is_set  nrf_drv_gpiote.o
    0x0001e3f8   0x00000054   Code   RO          926    i.nrf_drv_gpiote_init  nrf_drv_gpiote.o
    0x0001e44c   0x00000014   Code   RO          927    i.nrf_drv_gpiote_is_init  nrf_drv_gpiote.o
    0x0001e460   0x00000094   Code   RO         1118    i.nrf_drv_uart_init  nrf_drv_uart.o
    0x0001e4f4   0x0000008c   Code   RO         1119    i.nrf_drv_uart_rx   nrf_drv_uart.o
    0x0001e580   0x00000020   Code   RO         1122    i.nrf_drv_uart_rx_enable  nrf_drv_uart.o
    0x0001e5a0   0x0000009c   Code   RO         1123    i.nrf_drv_uart_rx_for_uart  nrf_drv_uart.o
    0x0001e63c   0x00000090   Code   RO         1124    i.nrf_drv_uart_rx_for_uarte  nrf_drv_uart.o
    0x0001e6cc   0x00000088   Code   RO         1125    i.nrf_drv_uart_tx   nrf_drv_uart.o
    0x0001e754   0x00000080   Code   RO         1127    i.nrf_drv_uart_tx_for_uart  nrf_drv_uart.o
    0x0001e7d4   0x00000022   Code   RO          939    i.nrf_gpio_cfg      nrf_drv_gpiote.o
    0x0001e7f6   0x00000022   Code   RO         1129    i.nrf_gpio_cfg      nrf_drv_uart.o
    0x0001e818   0x00000012   Code   RO         1131    i.nrf_gpio_cfg_input  nrf_drv_uart.o
    0x0001e82a   0x00000014   Code   RO         1132    i.nrf_gpio_cfg_output  nrf_drv_uart.o
    0x0001e83e   0x0000001c   Code   RO          941    i.nrf_gpio_cfg_sense_set  nrf_drv_gpiote.o
    0x0001e85a   0x00000002   PAD
    0x0001e85c   0x00000014   Code   RO          942    i.nrf_gpiote_event_clear  nrf_drv_gpiote.o
    0x0001e870   0x00000010   Code   RO          943    i.nrf_gpiote_event_is_set  nrf_drv_gpiote.o
    0x0001e880   0x0000000a   Code   RO         1133    i.nrf_uart_event_check  nrf_drv_uart.o
    0x0001e88a   0x0000000c   Code   RO         1134    i.nrf_uart_int_enable_check  nrf_drv_uart.o
    0x0001e896   0x0000000a   Code   RO         1135    i.nrf_uarte_event_check  nrf_drv_uart.o
    0x0001e8a0   0x00000026   Code   RO           10    i.nus_data_handler  main.o
    0x0001e8c6   0x00000024   Code   RO           11    i.on_adv_evt        main.o
    0x0001e8ea   0x00000002   PAD
    0x0001e8ec   0x00000064   Code   RO           12    i.on_ble_evt        main.o
    0x0001e950   0x0000001c   Code   RO           13    i.on_conn_params_evt  main.o
    0x0001e96c   0x00000014   Code   RO          512    i.peer_address_exists  ble_advertising.o
    0x0001e980   0x00000018   Code   RO          944    i.pin_in_use_by_port  nrf_drv_gpiote.o
    0x0001e998   0x00000018   Code   RO          945    i.pin_in_use_by_te  nrf_drv_gpiote.o
    0x0001e9b0   0x00000024   Code   RO         1328    i.pstorage_access_status_get  pstorage.o
    0x0001e9d4   0x0000003c   Code   RO         1910    i.rtc1_stop         app_timer.o
    0x0001ea10   0x00000030   Code   RO         1137    i.rx_byte           nrf_drv_uart.o
    0x0001ea40   0x000000dc   Code   RO          669    i.rx_char_add       ble_nus.o
    0x0001eb1c   0x00000020   Code   RO         1138    i.rx_done_event     nrf_drv_uart.o
    0x0001eb3c   0x00000018   Code   RO         1139    i.rx_enable         nrf_drv_uart.o
    0x0001eb54   0x00000010   Code   RO         2210    i.sd_check_ram_start  softdevice_handler.o
    0x0001eb64   0x00000088   Code   RO          420    i.service_data_encode  ble_advdata.o
    0x0001ebec   0x00000028   Code   RO           14    i.sleep_mode_enter  main.o
    0x0001ec14   0x00000014   Code   RO         2211    i.softdevice_ble_evt_handler_set  softdevice_handler.o
    0x0001ec28   0x00000014   Code   RO         2212    i.softdevice_enable  softdevice_handler.o
    0x0001ec3c   0x00000026   Code   RO         2213    i.softdevice_enable_get_default_config  softdevice_handler.o
    0x0001ec62   0x00000004   Code   RO         2214    i.softdevice_fault_handler  softdevice_handler.o
    0x0001ec66   0x00000002   PAD
    0x0001ec68   0x00000030   Code   RO         2215    i.softdevice_handler_init  softdevice_handler.o
    0x0001ec98   0x0000008c   Code   RO         1911    i.timer_list_handler  app_timer.o
    0x0001ed24   0x0000003c   Code   RO         1912    i.timer_list_insert  app_timer.o
    0x0001ed60   0x00000084   Code   RO         1913    i.timer_timeouts_check  app_timer.o
    0x0001ede4   0x00000024   Code   RO         1140    i.tx_byte           nrf_drv_uart.o
    0x0001ee08   0x000000a0   Code   RO          670    i.tx_char_add       ble_nus.o
    0x0001eea8   0x00000024   Code   RO         1141    i.tx_done_event     nrf_drv_uart.o
    0x0001eecc   0x0000005c   Code   RO           15    i.uart_event_handle  main.o
    0x0001ef28   0x000000a8   Code   RO          765    i.uart_event_handler  app_uart_fifo.o
    0x0001efd0   0x00000108   Code   RO         1142    i.uart_irq_handler  nrf_drv_uart.o
    0x0001f0d8   0x000000d8   Code   RO         1143    i.uarte_irq_handler  nrf_drv_uart.o
    0x0001f1b0   0x0000000a   Code   RO          421    i.uint16_encode     ble_advdata.o
    0x0001f1ba   0x00000002   PAD
    0x0001f1bc   0x00000060   Code   RO          597    i.update_timeout_handler  ble_conn_params.o
    0x0001f21c   0x00000044   Code   RO         1914    i.user_id_get       app_timer.o
    0x0001f260   0x00000028   Code   RO         1915    i.user_op_alloc     app_timer.o
    0x0001f288   0x00000030   Code   RO          422    i.uuid_list_encode  ble_advdata.o
    0x0001f2b8   0x0000009e   Code   RO          423    i.uuid_list_sized_encode  ble_advdata.o
    0x0001f356   0x0000000e   Code   RO          513    i.whitelist_has_entries  ble_advertising.o
    0x0001f364   0x0000000c   Data   RO           17    .constdata          main.o
    0x0001f370   0x0000003c   Data   RO          277    .constdata          bsp.o
    0x0001f3ac   0x00000004   Data   RO          600    .constdata          ble_conn_params.o
    0x0001f3b0   0x00000010   Data   RO          671    .constdata          ble_nus.o
    0x0001f3c0   0x00000020   Data   RO          767    .constdata          app_uart_fifo.o
    0x0001f3e0   0x00000020   Data   RO         1145    .constdata          nrf_drv_uart.o
    0x0001f400   0x00000008   Data   RO         1713    .constdata          app_button.o
    0x0001f408   0x00000020   Data   RO         2652    Region$$Table       anon$$obj.o


    Execution Region RW_IRAM1 (Base: 0x20001f00, Size: 0x00002858, Max: 0x00006100, ABSOLUTE)

    Base Addr    Size         Type   Attr      Idx    E Section Name        Object

    0x20001f00   0x00000008   Data   RW           18    .data               main.o
    0x20001f08   0x00000018   Data   RW          278    .data               bsp.o
    0x20001f20   0x00000008   Data   RW          374    .data               bsp_btn_ble.o
    0x20001f28   0x0000001f   Data   RW          515    .data               ble_advertising.o
    0x20001f47   0x00000001   PAD
    0x20001f48   0x00000014   Data   RW          601    .data               ble_conn_params.o
    0x20001f5c   0x00000008   Data   RW          768    .data               app_uart_fifo.o
    0x20001f64   0x00000024   Data   RW         1353    .data               pstorage.o
    0x20001f88   0x00000014   Data   RW         1714    .data               app_button.o
    0x20001f9c   0x00000020   Data   RW         1916    .data               app_timer.o
    0x20001fbc   0x00000004   Data   RW         2172    .data               retarget.o
    0x20001fc0   0x00000014   Data   RW         2219    .data               softdevice_handler.o
    0x20001fd4   0x00000004   Data   RW         2308    .data               system_nrf52.o
    0x20001fd8   0x00000440   Zero   RW           16    .bss                main.o
    0x20002418   0x00000020   Zero   RW          273    .bss                bsp.o
    0x20002438   0x00000020   Zero   RW          274    .bss                bsp.o
    0x20002458   0x0000000c   Zero   RW          275    .bss                bsp.o
    0x20002464   0x00000020   Zero   RW          276    .bss                bsp.o
    0x20002484   0x00000103   Zero   RW          514    .bss                ble_advertising.o
    0x20002587   0x00000001   PAD
    0x20002588   0x00000020   Zero   RW          598    .bss                ble_conn_params.o
    0x200025a8   0x0000001c   Zero   RW          599    .bss                ble_conn_params.o
    0x200025c4   0x00000020   Zero   RW          766    .bss                app_uart_fifo.o
    0x200025e4   0x00000058   Zero   RW          946    .bss                nrf_drv_gpiote.o
    0x2000263c   0x00000020   Zero   RW         1144    .bss                nrf_drv_uart.o
    0x2000265c   0x000000d8   Zero   RW         1351    .bss                pstorage.o
    0x20002734   0x00000020   Zero   RW         1712    .bss                app_button.o
    0x20002754   0x00000004   PAD
    0x20002758   0x00002000   Zero   RW         2296    STACK               arm_startup_nrf52.o


==============================================================================

Image component sizes


      Code (inc. data)   RO Data    RW Data    ZI Data      Debug   Object Name

       332         34          8         20         32      10126   app_button.o
        56         10          0          0          0      29554   app_error.o
       118          0          0          0          0       4478   app_fifo.o
      1772        100          0         32          0      51555   app_timer.o
       428         44         32          8         32      10894   app_uart_fifo.o
        36         10       1024          0       8192        904   arm_startup_nrf52.o
      1540          0          0          0          0      19916   ble_advdata.o
       990         38          0         31        259       8604   ble_advertising.o
       444         56          4         20         60      13532   ble_conn_params.o
       640          6         16          0          0       5990   ble_nus.o
      1136        108         60         24        108      10605   bsp.o
       260         10          0          8          0       4949   bsp_btn_ble.o
       982        120         12          8       1088     113039   main.o
        56          0          0          0          0      28891   nrf_drv_common.o
       994         92          0          0         88      24348   nrf_drv_gpiote.o
      1784        144         32          0         32      36291   nrf_drv_uart.o
        36          8          0         36        216      10521   pstorage.o
        14          0          0          4          0       2918   retarget.o
       294         38          0         20          0       9556   softdevice_handler.o
       604         42          0          4          0       2555   system_nrf52.o

    ----------------------------------------------------------------------
     12534        860       1220        216      10112     399226   Object Totals
         0          0         32          0          0          0   (incl. Generated)
        18          0          0          1          5          0   (incl. Padding)

    ----------------------------------------------------------------------

      Code (inc. data)   RO Data    RW Data    ZI Data      Debug   Library Member Name

         0          0          0          0          0          0   entry.o
         0          0          0          0          0          0   entry10a.o
         0          0          0          0          0          0   entry11a.o
         8          4          0          0          0          0   entry2.o
         4          0          0          0          0          0   entry5.o
         0          0          0          0          0          0   entry7b.o
         0          0          0          0          0          0   entry8b.o
         8          4          0          0          0          0   entry9a.o
        30          0          0          0          0          0   handlers.o
        36          8          0          0          0         68   init.o
         0          0          0          0          0          0   iusefp.o
        30          0          0          0          0         68   llshl.o
        36          0          0          0          0         68   llsshr.o
        32          0          0          0          0         68   llushr.o
        36          0          0          0          0         68   memcpya.o
        36          0          0          0          0        108   memseta.o
      2226         90          0          0          0        444   printfa.o
        44          0          0          0          0         80   uidiv.o
        98          0          0          0          0         92   uldiv.o
        48          0          0          0          0         68   cdrcmple.o
       334          0          0          0          0        148   dadd.o
       222          0          0          0          0        100   ddiv.o
       186          0          0          0          0        176   depilogue.o
        48          0          0          0          0         68   dfixul.o
       228          0          0          0          0         96   dmul.o

    ----------------------------------------------------------------------
      3694        106          0          0          0       1720   Library Totals
         4          0          0          0          0          0   (incl. Padding)

    ----------------------------------------------------------------------

      Code (inc. data)   RO Data    RW Data    ZI Data      Debug   Library Name

      2624        106          0          0          0       1064   mc_w.l
      1066          0          0          0          0        656   mf_w.l

    ----------------------------------------------------------------------
      3694        106          0          0          0       1720   Library Totals

    ----------------------------------------------------------------------

==============================================================================


      Code (inc. data)   RO Data    RW Data    ZI Data      Debug   

     16228        966       1220        216      10112     387066   Grand Totals
     16228        966       1220        216      10112     387066   ELF Image Totals
     16228        966       1220        216          0          0   ROM Totals

==============================================================================

    Total RO  Size (Code + RO Data)                17448 (  17.04kB)
    Total RW  Size (RW Data + ZI Data)             10328 (  10.09kB)
    Total ROM Size (Code + RO Data + RW Data)      17664 (  17.25kB)

==============================================================================

