<html>
<body>
<pre>
<h1>µVision Build Log</h1>
<h2>Tool Versions:</h2>
IDE-Version: µVision V5.17.0.0
Copyright (C) 2015 ARM Ltd and ARM Germany GmbH. All rights reserved.
License Information: Julian Gao, Rice University, LIC=----
 
Tool Versions:
Toolchain:       MDK-Lite  Version: 5.17
Toolchain Path:  C:\Keil_v5\ARM\ARMCC\Bin
C Compiler:      Armcc.exe V5.06 update 1 (build 61)
Assembler:       Armasm.exe V5.06 update 1 (build 61)
Linker/Locator:  ArmLink.exe V5.06 update 1 (build 61)
Library Manager: ArmAr.exe V5.06 update 1 (build 61)
Hex Converter:   FromElf.exe V5.06 update 1 (build 61)
CPU DLL:         SARMCM3.DLL V5.17
Dialog DLL:      DCM.DLL V1.13.4.0
Target DLL:      Segger\JL2CM3.dll V2.99.16.0
Dialog DLL:      TCM.DLL V1.14.6.0
 
<h2>Project:</h2>
E:\ELEC 494\WNR\nRF52_SDK_0.9.2_dbc28c9\examples\peripheral\ptx\arm\micro_esb_ptx.uvprojx
Project File Date:  03/30/2016

<h2>Output:</h2>
*** Using Compiler 'V5.06 update 1 (build 61)', folder: 'C:\Keil_v5\ARM\ARMCC\Bin'
Rebuild target 'nrf51822_xxaa (256K)'
Clean started - Project: 'micro_esb_ptx'
   deleting intermediate output files for target 'nrf51822_xxaa (256K)'
compiling main.c...
C:\Keil_v5\ARM\Pack\ARM\CMSIS\4.2.0\CMSIS\Include\core_cm0.h(118): warning:  #1215-D: #warning directive: "Compiler generates FPU instructions for a device without an FPU (check __FPU_PRESENT)"
      #warning "Compiler generates FPU instructions for a device without an FPU (check __FPU_PRESENT)"
..\main.c: 1 warning, 0 errors
compiling micro_esb.c...
C:\Keil_v5\ARM\Pack\ARM\CMSIS\4.2.0\CMSIS\Include\core_cm0.h(118): warning:  #1215-D: #warning directive: "Compiler generates FPU instructions for a device without an FPU (check __FPU_PRESENT)"
      #warning "Compiler generates FPU instructions for a device without an FPU (check __FPU_PRESENT)"
..\..\..\..\components\libraries\esb\micro_esb.c: 1 warning, 0 errors
compiling system_nrf51.c...
C:\Keil_v5\ARM\Pack\ARM\CMSIS\4.2.0\CMSIS\Include\core_cm0.h(118): warning:  #1215-D: #warning directive: "Compiler generates FPU instructions for a device without an FPU (check __FPU_PRESENT)"
      #warning "Compiler generates FPU instructions for a device without an FPU (check __FPU_PRESENT)"
..\..\..\..\components\toolchain\system_nrf51.c: 1 warning, 0 errors
assembling arm_startup_nrf51.s...
linking...
Program Size: Code=4300 RO-data=268 RW-data=64 ZI-data=2896  
".\_build\tiny_esb_ptx.axf" - 0 Error(s), 3 Warning(s).

*** Performing Cross-Module-Optimization:
compiling main.c...
C:\Keil_v5\ARM\Pack\ARM\CMSIS\4.2.0\CMSIS\Include\core_cm0.h(118): warning:  #1215-D: #warning directive: "Compiler generates FPU instructions for a device without an FPU (check __FPU_PRESENT)"
      #warning "Compiler generates FPU instructions for a device without an FPU (check __FPU_PRESENT)"
..\main.c: 1 warning, 0 errors
compiling micro_esb.c...
C:\Keil_v5\ARM\Pack\ARM\CMSIS\4.2.0\CMSIS\Include\core_cm0.h(118): warning:  #1215-D: #warning directive: "Compiler generates FPU instructions for a device without an FPU (check __FPU_PRESENT)"
      #warning "Compiler generates FPU instructions for a device without an FPU (check __FPU_PRESENT)"
..\..\..\..\components\libraries\esb\micro_esb.c: 1 warning, 0 errors
compiling system_nrf51.c...
C:\Keil_v5\ARM\Pack\ARM\CMSIS\4.2.0\CMSIS\Include\core_cm0.h(118): warning:  #1215-D: #warning directive: "Compiler generates FPU instructions for a device without an FPU (check __FPU_PRESENT)"
      #warning "Compiler generates FPU instructions for a device without an FPU (check __FPU_PRESENT)"
..\..\..\..\components\toolchain\system_nrf51.c: 1 warning, 0 errors
linking...
Program Size: Code=4300 RO-data=268 RW-data=64 ZI-data=2896  
FromELF: creating hex file...
".\_build\tiny_esb_ptx.axf" - 0 Error(s), 3 Warning(s).
*** Completed Cross-Module-Optimization after 2 iteration(s).

<h2>Collection of Component include folders:</h2>
  E:\ELEC 494\WNR\nRF52_SDK_0.9.2_dbc28c9\examples\peripheral\ptx\arm\RTE
  C:\Keil_v5\ARM\PACK\NordicSemiconductor\nRF_DeviceFamilyPack\8.3.2\Device\Include

<h2>Collection of Component Files used:</h2>
Build Time Elapsed:  00:00:03
</pre>
</body>
</html>
