<html>
<body>
<pre>
<h1>µVision Build Log</h1>
<h2>Tool Versions:</h2>
IDE-Version: µVision V5.17.0.0
Copyright (C) 2015 ARM Ltd and ARM Germany GmbH. All rights reserved.
License Information: Stephen Xia, student, LIC=----
 
Tool Versions:
Toolchain:       MDK-Lite  Version: 5.17
Toolchain Path:  C:\Keil_v5\ARM\ARMCC\Bin
C Compiler:      Armcc.exe V5.06 update 1 (build 61)
Assembler:       Armasm.exe V5.06 update 1 (build 61)
Linker/Locator:  ArmLink.exe V5.06 update 1 (build 61)
Library Manager: ArmAr.exe V5.06 update 1 (build 61)
Hex Converter:   FromElf.exe V5.06 update 1 (build 61)
CPU DLL:         
Dialog DLL:      
Target DLL:      Segger\JL2CM3.dll V2.99.16.0
Dialog DLL:      TCM.DLL V1.14.6.0
 
<h2>Project:</h2>
C:\Users\stephen\Desktop\spring_2016\senior_design\ble\WNR\nRF5_complete\examples\ble_central\complete_peripheral\pca10040\s132\arm5_no_packs\ble_app_multilink_peripheral_s132_pca10040.uvprojx
Project File Date:  04/05/2016

<h2>Output:</h2>
*** Using Compiler 'V5.06 update 1 (build 61)', folder: 'C:\Keil_v5\ARM\ARMCC\Bin'
Build target 'nrf52832_xxaa_s132'
compiling main.c...
..\..\..\main.c(101): warning:  #68-D: integer conversion resulted in a change of sign
  static uint8_t last_tx_buf = -1;
..\..\..\main.c(357): warning:  #177-D: variable "err_code" was declared but never referenced
      uint32_t err_code = NRF_SUCCESS;
..\..\..\main.c(456): warning:  #177-D: variable "err_code" was declared but never referenced
      uint32_t err_code = NRF_SUCCESS;
..\..\..\main.c(574): warning:  #167-D: argument of type "void (*)(nrf_drv_spi_evt_type_t *)" is incompatible with parameter of type "nrf_drv_spi_handler_t"
  				spi_master_0_event_handler);    // EDIT: data collection spi handler
..\..\..\main.c(618): warning:  #177-D: variable "err_code" was declared but never referenced
      uint32_t err_code = NRF_SUCCESS;
..\..\..\main.c(672): warning:  #1294-D: Old-style function ASSERTC
  int ASSERTC(COND){
..\..\..\main.c(672): warning:  #1079-D: standard requires that parameter "COND" be given a type by a subsequent declaration ("int" assumed)
  int ASSERTC(COND){
..\..\..\main.c(674): warning:  #940-D: missing return statement at end of non-void function "ASSERTC"
  }
..\..\..\main.c(676): warning:  #1294-D: Old-style function ASSERT_EQ
  int ASSERT_EQ(COND1,COND2){
..\..\..\main.c(676): warning:  #1079-D: standard requires that parameter "COND1" be given a type by a subsequent declaration ("int" assumed)
  int ASSERT_EQ(COND1,COND2){
..\..\..\main.c(676): warning:  #1079-D: standard requires that parameter "COND2" be given a type by a subsequent declaration ("int" assumed)
  int ASSERT_EQ(COND1,COND2){
..\..\..\main.c(678): warning:  #940-D: missing return statement at end of non-void function "ASSERT_EQ"
  }
..\..\..\main.c(1206): warning:  #177-D: variable "err_code" was declared but never referenced
  	uint32_t err_code;
..\..\..\main.c(1207): warning:  #177-D: variable "counter" was declared but never referenced
  	uint32_t counter = 0;
..\..\..\main.c(1287): warning:  #177-D: variable "err_code" was declared but never referenced
      uint32_t err_code;
..\..\..\main.c(1561): warning:  #177-D: variable "err_code" was declared but never referenced
  {   uint32_t err_code;
..\..\..\main.c(1751): warning:  #111-D: statement is unreachable
  		power_manage();
..\..\..\main.c(95): warning:  #550-D: variable "clear_to_send" was set but never used
  static bool clear_to_send = false;
..\..\..\main.c(146): warning:  #550-D: variable "m_intan_function" was set but never used
  static intan_function m_intan_function = DUMMY; //initialize state for DUMMY
..\..\..\main.c(153): warning:  #177-D: variable "m_spi_master_ex_state" was declared but never referenced
  static spi_master_ex_state_t m_spi_master_ex_state = (spi_master_ex_state_t)0;
..\..\..\main.c(159): warning:  #177-D: variable "sine_wave" was declared but never referenced
  static uint8_t sine_wave[100] = {22,36,24,26,36,29,44,45,45,34,45,44,54,48,52,45,46,54,40,41,42,47,56,56,41,47,50,47,52,51,44,46,37,56,39,37,42,37,42,38,49,48,29,42,31,33,34,41,29,39,24,31,29,25,27,25,15,12,29,11,7,17,23,17,7,10,11,21,4,18,13,7,3,8,9,2,11,4,8,12,6,7,14,8,20,24,20,13,18,10,27,27,27,17,25,15,24,23,21,23};
..\..\..\main.c(190): warning:  #177-D: variable "t_length" was declared but never referenced
  static char t_length[4];
..\..\..\main.c(191): warning:  #177-D: variable "data_to_send" was declared but never referenced
  static uint8_t data_to_send = 65;
..\..\..\main.c(260): warning:  #177-D: function "intan_calibrate" was declared but never referenced
  static void intan_calibrate(uint8_t * const p_tx_buf,
..\..\..\main.c(271): warning:  #177-D: function "intan_clear" was declared but never referenced
  static void intan_clear(uint8_t * const p_tx_buf,
..\..\..\main.c(798): warning:  #177-D: function "spi_intan_id_handler" was declared but never referenced
  static void spi_intan_id_handler(void *pvParameter)
..\..\..\main.c(909): warning:  #177-D: function "test_callback" was declared but never referenced
  static void test_callback (void *pvParameter)
..\..\..\main.c(1632): warning:  #177-D: function "ble_init_handler" was declared but never referenced
  static void ble_init_handler(void* p_context)
..\..\..\main.c: 28 warnings, 0 errors
linking...
Program Size: Code=25488 RO-data=1384 RW-data=472 ZI-data=31904  
FromELF: creating hex file...
".\_build\nrf52832_xxaa_s132.axf" - 0 Error(s), 28 Warning(s).

<h2>Software Packages used:</h2>

Package Vendor: ARM
                http://www.keil.com/pack/ARM.CMSIS.4.5.0.pack
                ARM::CMSIS:CORE:4.3.0
                CMSIS (Cortex Microcontroller Software Interface Standard)
   * Component: CORE Version: 4.3.0

Package Vendor: NordicSemiconductor
                http://developer.nordicsemi.com/nRF51_SDK/pieces/nRF_DeviceFamilyPack/NordicSemiconductor.nRF_DeviceFamilyPack.8.3.1.pack
                NordicSemiconductor::Device:Startup:8.3.1
                Nordic Semiconductor nRF ARM devices Device Family Pack.
   * Component: Startup Version: 8.3.1

<h2>Collection of Component include folders:</h2>
  C:\Users\stephen\Desktop\spring_2016\senior_design\ble\WNR\nRF5_complete\examples\ble_central\complete_peripheral\pca10040\s132\arm5_no_packs\RTE
  C:\Keil_v5\ARM\PACK\ARM\CMSIS\4.5.0\CMSIS\Include
  C:\Keil_v5\ARM\PACK\NordicSemiconductor\nRF_DeviceFamilyPack\8.3.1\Device\Include
  C:\Keil_v5\ARM\PACK\NordicSemiconductor\nRF_DeviceFamilyPack\8.3.2\Device\Include

<h2>Collection of Component Files used:</h2>

   * Component: ARM::CMSIS:CORE:4.3.0

   * Component: NordicSemiconductor::Device:Startup:8.3.1
      Source file:   Device\Source\system_nrf52.c
      Include file:  Device\Include\system_nrf52.h
      Source file:   Device\Source\arm\arm_startup_nrf52.s
Build Time Elapsed:  00:00:02
</pre>
</body>
</html>
