Component: ARM Compiler 5.06 update 1 (build 61) Tool: armlink [4d35a8]

==============================================================================

Section Cross References

    main.o(i.assert_nrf_callback) refers to app_error.o(i.app_error_handler) for app_error_handler
    main.o(i.ble_evt_dispatch) refers to main.o(i.on_ble_evt) for on_ble_evt
    main.o(i.ble_evt_dispatch) refers to ble_conn_params.o(i.ble_conn_params_on_ble_evt) for ble_conn_params_on_ble_evt
    main.o(i.ble_evt_dispatch) refers to ble_advertising.o(i.ble_advertising_on_ble_evt) for ble_advertising_on_ble_evt
    main.o(i.ble_stack_init) refers to softdevice_handler.o(i.softdevice_handler_init) for softdevice_handler_init
    main.o(i.ble_stack_init) refers to app_error.o(i.app_error_handler) for app_error_handler
    main.o(i.ble_stack_init) refers to softdevice_handler.o(i.softdevice_ble_evt_handler_set) for softdevice_ble_evt_handler_set
    main.o(i.ble_stack_init) refers to softdevice_handler.o(i.softdevice_sys_evt_handler_set) for softdevice_sys_evt_handler_set
    main.o(i.ble_stack_init) refers to main.o(.bss) for .bss
    main.o(i.ble_stack_init) refers to main.o(i.ble_evt_dispatch) for ble_evt_dispatch
    main.o(i.ble_stack_init) refers to main.o(i.sys_evt_dispatch) for sys_evt_dispatch
    main.o(i.conn_params_error_handler) refers to app_error.o(i.app_error_handler) for app_error_handler
    main.o(i.main) refers to app_timer.o(i.app_timer_init) for app_timer_init
    main.o(i.main) refers to app_error.o(i.app_error_handler) for app_error_handler
    main.o(i.main) refers to main.o(i.ble_stack_init) for ble_stack_init
    main.o(i.main) refers to bsp.o(i.bsp_init) for bsp_init
    main.o(i.main) refers to app_scheduler.o(i.app_sched_init) for app_sched_init
    main.o(i.main) refers to memseta.o(.text) for __aeabi_memclr4
    main.o(i.main) refers to ble_advertising.o(i.ble_advertising_init) for ble_advertising_init
    main.o(i.main) refers to ble_conn_params.o(i.ble_conn_params_init) for ble_conn_params_init
    main.o(i.main) refers to ble_advertising.o(i.ble_advertising_start) for ble_advertising_start
    main.o(i.main) refers to app_scheduler.o(i.app_sched_execute) for app_sched_execute
    main.o(i.main) refers to app_timer_appsh.o(i.app_timer_evt_schedule) for app_timer_evt_schedule
    main.o(i.main) refers to main.o(.bss) for .bss
    main.o(i.main) refers to main.o(.data) for .data
    main.o(i.main) refers to main.o(i.on_adv_evt) for on_adv_evt
    main.o(i.main) refers to main.o(i.on_conn_params_evt) for on_conn_params_evt
    main.o(i.main) refers to main.o(i.conn_params_error_handler) for conn_params_error_handler
    main.o(i.on_adv_evt) refers to bsp.o(i.bsp_indication_set) for bsp_indication_set
    main.o(i.on_adv_evt) refers to app_error.o(i.app_error_handler) for app_error_handler
    main.o(i.on_adv_evt) refers to bsp.o(i.bsp_wakeup_buttons_set) for bsp_wakeup_buttons_set
    main.o(i.on_ble_evt) refers to app_error.o(i.app_error_handler) for app_error_handler
    main.o(i.on_ble_evt) refers to bsp.o(i.bsp_indication_set) for bsp_indication_set
    main.o(i.on_ble_evt) refers to memcmp.o(.text) for memcmp
    main.o(i.on_ble_evt) refers to main.o(.data) for .data
    main.o(i.on_ble_evt) refers to main.o(.bss) for .bss
    main.o(i.on_conn_params_evt) refers to app_error.o(i.app_error_handler) for app_error_handler
    main.o(i.on_conn_params_evt) refers to main.o(.data) for .data
    main.o(i.sys_evt_dispatch) refers to ble_advertising.o(i.ble_advertising_on_sys_evt) for ble_advertising_on_sys_evt
    main.o(.data) refers to main.o(.bss) for m_enc_key
    bsp.o(i.bsp_button_event_handler) refers to app_timer.o(i.app_timer_start) for app_timer_start
    bsp.o(i.bsp_button_event_handler) refers to app_timer.o(i.app_timer_stop) for app_timer_stop
    bsp.o(i.bsp_button_event_handler) refers to bsp.o(.constdata) for .constdata
    bsp.o(i.bsp_button_event_handler) refers to bsp.o(.data) for .data
    bsp.o(i.bsp_button_event_handler) refers to bsp.o(.bss) for .bss
    bsp.o(i.bsp_button_is_pressed) refers to bsp.o(.constdata) for .constdata
    bsp.o(i.bsp_buttons_disable) refers to app_button.o(i.app_button_disable) for app_button_disable
    bsp.o(i.bsp_buttons_enable) refers to app_button.o(i.app_button_enable) for app_button_enable
    bsp.o(i.bsp_buttons_state_get) refers to bsp.o(.constdata) for .constdata
    bsp.o(i.bsp_event_to_button_action_assign) refers to bsp.o(.bss) for .bss
    bsp.o(i.bsp_indication_set) refers to bsp.o(i.bsp_led_indication) for bsp_led_indication
    bsp.o(i.bsp_indication_set) refers to bsp.o(.data) for .data
    bsp.o(i.bsp_indication_text_set) refers to bsp.o(i.bsp_indication_set) for bsp_indication_set
    bsp.o(i.bsp_init) refers to bsp.o(i.bsp_event_to_button_action_assign) for bsp_event_to_button_action_assign
    bsp.o(i.bsp_init) refers to app_button.o(i.app_button_init) for app_button_init
[...]
    pstorage.o(i.state_restore_tail_entry_run) refers to pstorage.o(i.pstorage_flash_page_size) for pstorage_flash_page_size
    pstorage.o(i.state_restore_tail_entry_run) refers to pstorage.o(i.flash_write) for flash_write
    pstorage.o(i.state_restore_tail_entry_run) refers to pstorage.o(.bss) for .bss
    pstorage.o(i.state_restore_tail_entry_run) refers to pstorage.o(.data) for .data
    pstorage.o(i.state_swap_erase_entry_run) refers to pstorage.o(i.pstorage_flash_page_size) for pstorage_flash_page_size
    pstorage.o(i.state_swap_erase_entry_run) refers to pstorage.o(i.flash_page_erase) for flash_page_erase
    pstorage.o(i.state_write_data_swap_entry_run) refers to pstorage.o(i.pstorage_flash_page_size) for pstorage_flash_page_size
    pstorage.o(i.state_write_data_swap_entry_run) refers to pstorage.o(i.flash_write) for flash_write
    pstorage.o(i.state_write_data_swap_entry_run) refers to pstorage.o(.data) for .data
    pstorage.o(i.store_cmd_flash_write_execute) refers to pstorage.o(i.pstorage_flash_page_size) for pstorage_flash_page_size
    pstorage.o(i.store_cmd_flash_write_execute) refers to pstorage.o(i.flash_write) for flash_write
    pstorage.o(i.store_cmd_flash_write_execute) refers to pstorage.o(.bss) for .bss
    pstorage.o(i.store_cmd_flash_write_execute) refers to pstorage.o(.data) for .data
    pstorage.o(i.swap_erase_state_run) refers to pstorage.o(i.swap_sub_state_state_change) for swap_sub_state_state_change
    pstorage.o(i.swap_erase_state_run) refers to pstorage.o(i.swap_sub_state_err_busy_process) for swap_sub_state_err_busy_process
    pstorage.o(i.swap_erase_state_run) refers to pstorage.o(.data) for .data
    pstorage.o(i.swap_sub_state_err_busy_process) refers to pstorage.o(i.swap_sub_state_state_change) for swap_sub_state_state_change
    pstorage.o(i.swap_sub_state_err_busy_process) refers to pstorage.o(.data) for .data
    pstorage.o(i.swap_sub_state_state_change) refers to pstorage.o(.data) for .data
    pstorage.o(i.swap_sub_state_state_change) refers to pstorage.o(.constdata) for .constdata
    pstorage.o(i.tail_restore_state_run) refers to pstorage.o(i.clear_post_processing_run) for clear_post_processing_run
    pstorage.o(i.tail_restore_state_run) refers to pstorage.o(i.swap_sub_state_err_busy_process) for swap_sub_state_err_busy_process
    pstorage.o(i.tail_restore_state_run) refers to pstorage.o(.data) for .data
    pstorage.o(.constdata) refers to pstorage.o(i.state_swap_erase_entry_run) for state_swap_erase_entry_run
    pstorage.o(.constdata) refers to pstorage.o(i.state_write_data_swap_entry_run) for state_write_data_swap_entry_run
    pstorage.o(.constdata) refers to pstorage.o(i.state_erase_data_page_entry_run) for state_erase_data_page_entry_run
    pstorage.o(.constdata) refers to pstorage.o(i.state_restore_tail_entry_run) for state_restore_tail_entry_run
    pstorage.o(.constdata) refers to pstorage.o(i.state_restore_head_entry_run) for state_restore_head_entry_run
    pstorage.o(.constdata) refers to pstorage.o(i.swap_erase_state_run) for swap_erase_state_run
    pstorage.o(.constdata) refers to pstorage.o(i.data_to_swap_write_state_run) for data_to_swap_write_state_run
    pstorage.o(.constdata) refers to pstorage.o(i.data_page_erase_state_run) for data_page_erase_state_run
    pstorage.o(.constdata) refers to pstorage.o(i.tail_restore_state_run) for tail_restore_state_run
    pstorage.o(.constdata) refers to pstorage.o(i.head_restore_state_run) for head_restore_state_run
    app_button.o(i.app_button_disable) refers to nrf_drv_gpiote.o(i.nrf_drv_gpiote_in_event_disable) for nrf_drv_gpiote_in_event_disable
    app_button.o(i.app_button_disable) refers to app_timer.o(i.app_timer_stop) for app_timer_stop
    app_button.o(i.app_button_disable) refers to app_button.o(.data) for .data
    app_button.o(i.app_button_enable) refers to nrf_drv_gpiote.o(i.nrf_drv_gpiote_in_event_enable) for nrf_drv_gpiote_in_event_enable
    app_button.o(i.app_button_enable) refers to app_button.o(.data) for .data
    app_button.o(i.app_button_init) refers to nrf_drv_gpiote.o(i.nrf_drv_gpiote_is_init) for nrf_drv_gpiote_is_init
    app_button.o(i.app_button_init) refers to nrf_drv_gpiote.o(i.nrf_drv_gpiote_init) for nrf_drv_gpiote_init
    app_button.o(i.app_button_init) refers to nrf_drv_gpiote.o(i.nrf_drv_gpiote_in_init) for nrf_drv_gpiote_in_init
    app_button.o(i.app_button_init) refers to app_timer.o(i.app_timer_create) for app_timer_create
    app_button.o(i.app_button_init) refers to app_button.o(.data) for .data
    app_button.o(i.app_button_init) refers to app_button.o(.constdata) for .constdata
    app_button.o(i.app_button_init) refers to app_button.o(i.gpiote_event_handler) for gpiote_event_handler
    app_button.o(i.app_button_init) refers to app_button.o(i.detection_delay_timeout_handler) for detection_delay_timeout_handler
    app_button.o(i.app_button_is_pushed) refers to nrf_drv_gpiote.o(i.nrf_drv_gpiote_in_is_set) for nrf_drv_gpiote_in_is_set
    app_button.o(i.app_button_is_pushed) refers to app_button.o(.data) for .data
    app_button.o(i.detection_delay_timeout_handler) refers to nrf_drv_gpiote.o(i.nrf_drv_gpiote_in_is_set) for nrf_drv_gpiote_in_is_set
    app_button.o(i.detection_delay_timeout_handler) refers to app_button.o(.data) for .data
    app_button.o(i.gpiote_event_handler) refers to app_timer.o(i.app_timer_stop) for app_timer_stop
    app_button.o(i.gpiote_event_handler) refers to nrf_drv_gpiote.o(i.nrf_drv_gpiote_in_is_set) for nrf_drv_gpiote_in_is_set
    app_button.o(i.gpiote_event_handler) refers to app_timer.o(i.app_timer_start) for app_timer_start
    app_button.o(i.gpiote_event_handler) refers to app_button.o(.data) for .data
    app_scheduler.o(i.app_sched_event_get) refers to app_scheduler.o(.data) for .data
    app_scheduler.o(i.app_sched_event_put) refers to app_error.o(i.app_error_handler) for app_error_handler
    app_scheduler.o(i.app_sched_event_put) refers to memcpya.o(.text) for __aeabi_memcpy
    app_scheduler.o(i.app_sched_event_put) refers to app_scheduler.o(.data) for .data
    app_scheduler.o(i.app_sched_execute) refers to app_scheduler.o(i.app_sched_event_get) for app_sched_event_get
    app_scheduler.o(i.app_sched_init) refers to app_scheduler.o(.data) for .data
    app_timer.o(i.RTC1_IRQHandler) refers to app_timer.o(i.timer_timeouts_check) for timer_timeouts_check
    app_timer.o(i.SWI0_EGU0_IRQHandler) refers to app_timer.o(i.elapsed_ticks_acquire) for elapsed_ticks_acquire
    app_timer.o(i.SWI0_EGU0_IRQHandler) refers to app_timer.o(i.list_deletions_handler) for list_deletions_handler
    app_timer.o(i.SWI0_EGU0_IRQHandler) refers to app_timer.o(i.expired_timers_handler) for expired_timers_handler
    app_timer.o(i.SWI0_EGU0_IRQHandler) refers to app_timer.o(i.list_insertions_handler) for list_insertions_handler
    app_timer.o(i.SWI0_EGU0_IRQHandler) refers to app_timer.o(i.compare_reg_update) for compare_reg_update
    app_timer.o(i.SWI0_EGU0_IRQHandler) refers to app_timer.o(.data) for .data
    app_timer.o(i.app_timer_create) refers to app_timer.o(.data) for .data
    app_timer.o(i.app_timer_init) refers to app_timer.o(i.rtc1_stop) for rtc1_stop
    app_timer.o(i.app_timer_init) refers to app_timer.o(i.NVIC_ClearPendingIRQ) for NVIC_ClearPendingIRQ
    app_timer.o(i.app_timer_init) refers to app_timer.o(i.NVIC_SetPriority) for NVIC_SetPriority
    app_timer.o(i.app_timer_init) refers to app_timer.o(i.NVIC_EnableIRQ) for NVIC_EnableIRQ
    app_timer.o(i.app_timer_init) refers to app_timer.o(.data) for .data
    app_timer.o(i.app_timer_start) refers to app_timer.o(i.user_id_get) for user_id_get
    app_timer.o(i.app_timer_start) refers to app_timer.o(i.user_op_alloc) for user_op_alloc
    app_timer.o(i.app_timer_start) refers to app_timer.o(i.NVIC_SetPendingIRQ) for NVIC_SetPendingIRQ
    app_timer.o(i.app_timer_start) refers to app_timer.o(.data) for .data
    app_timer.o(i.app_timer_stop) refers to app_timer.o(i.user_id_get) for user_id_get
    app_timer.o(i.app_timer_stop) refers to app_timer.o(i.user_op_alloc) for user_op_alloc
    app_timer.o(i.app_timer_stop) refers to app_timer.o(i.NVIC_SetPendingIRQ) for NVIC_SetPendingIRQ
    app_timer.o(i.app_timer_stop) refers to app_timer.o(.data) for .data
    app_timer.o(i.app_timer_stop_all) refers to app_timer.o(i.user_id_get) for user_id_get
    app_timer.o(i.app_timer_stop_all) refers to app_timer.o(i.user_op_alloc) for user_op_alloc
    app_timer.o(i.app_timer_stop_all) refers to app_timer.o(i.NVIC_SetPendingIRQ) for NVIC_SetPendingIRQ
    app_timer.o(i.app_timer_stop_all) refers to app_timer.o(.data) for .data
    app_timer.o(i.compare_reg_update) refers to app_timer.o(i.NVIC_ClearPendingIRQ) for NVIC_ClearPendingIRQ
    app_timer.o(i.compare_reg_update) refers to app_timer.o(i.NVIC_EnableIRQ) for NVIC_EnableIRQ
    app_timer.o(i.compare_reg_update) refers to app_timer.o(.emb_text) for __asm___11_app_timer_c_cd27f9c3__nrf_delay_us
    app_timer.o(i.compare_reg_update) refers to app_timer.o(i.NVIC_SetPendingIRQ) for NVIC_SetPendingIRQ
    app_timer.o(i.compare_reg_update) refers to app_timer.o(i.rtc1_stop) for rtc1_stop
    app_timer.o(i.compare_reg_update) refers to app_timer.o(.data) for .data
    app_timer.o(i.elapsed_ticks_acquire) refers to app_timer.o(.data) for .data
    app_timer.o(i.expired_timers_handler) refers to app_timer.o(.data) for .data
    app_timer.o(i.list_deletions_handler) refers to app_timer.o(i.timer_list_remove) for timer_list_remove
    app_timer.o(i.list_deletions_handler) refers to app_timer.o(.data) for .data
    app_timer.o(i.list_insertions_handler) refers to app_timer.o(i.timer_list_insert) for timer_list_insert
    app_timer.o(i.list_insertions_handler) refers to app_timer.o(.data) for .data
    app_timer.o(i.rtc1_stop) refers to app_timer.o(.emb_text) for __asm___11_app_timer_c_cd27f9c3__nrf_delay_us
    app_timer.o(i.rtc1_stop) refers to app_timer.o(.data) for .data
    app_timer.o(i.timer_list_insert) refers to app_timer.o(.data) for .data
    app_timer.o(i.timer_list_remove) refers to app_timer.o(.data) for .data
    app_timer.o(i.timer_timeouts_check) refers to app_error.o(i.app_error_handler) for app_error_handler
    app_timer.o(i.timer_timeouts_check) refers to app_timer.o(i.NVIC_SetPendingIRQ) for NVIC_SetPendingIRQ
    app_timer.o(i.timer_timeouts_check) refers to app_timer.o(.data) for .data
    app_timer_appsh.o(i.app_timer_evt_get) refers to app_error.o(i.app_error_handler) for app_error_handler
    app_timer_appsh.o(i.app_timer_evt_schedule) refers to app_scheduler.o(i.app_sched_event_put) for app_sched_event_put
    app_timer_appsh.o(i.app_timer_evt_schedule) refers to app_timer_appsh.o(i.app_timer_evt_get) for app_timer_evt_get
    retarget.o(i.fgetc) refers to app_uart.o(i.app_uart_get) for app_uart_get
    retarget.o(i.fputc) refers to app_uart.o(i.app_uart_put) for app_uart_put
    softdevice_handler.o(i.SWI2_EGU2_IRQHandler) refers to app_error.o(i.app_error_handler) for app_error_handler
    softdevice_handler.o(i.SWI2_EGU2_IRQHandler) refers to softdevice_handler.o(i.intern_softdevice_events_execute) for intern_softdevice_events_execute
    softdevice_handler.o(i.SWI2_EGU2_IRQHandler) refers to softdevice_handler.o(.data) for .data
    softdevice_handler.o(i.intern_softdevice_events_execute) refers to app_error.o(i.app_error_handler) for app_error_handler
    softdevice_handler.o(i.intern_softdevice_events_execute) refers to softdevice_handler.o(.data) for .data
    softdevice_handler.o(i.softdevice_assertion_handler) refers (Weak) to main.o(i.assert_nrf_callback) for assert_nrf_callback
    softdevice_handler.o(i.softdevice_ble_evt_handler_set) refers to softdevice_handler.o(.data) for .data
    softdevice_handler.o(i.softdevice_handler_init) refers to softdevice_handler.o(.data) for .data
    softdevice_handler.o(i.softdevice_handler_init) refers to softdevice_handler.o(i.softdevice_assertion_handler) for softdevice_assertion_handler
    softdevice_handler.o(i.softdevice_handler_sd_disable) refers to softdevice_handler.o(.data) for .data
    softdevice_handler.o(i.softdevice_sys_evt_handler_set) refers to softdevice_handler.o(.data) for .data
    arm_startup_nrf52.o(RESET) refers to arm_startup_nrf52.o(STACK) for __initial_sp
    arm_startup_nrf52.o(RESET) refers to arm_startup_nrf52.o(.text) for Reset_Handler
    arm_startup_nrf52.o(RESET) refers to nrf_drv_uart.o(i.UARTE0_UART0_IRQHandler) for UARTE0_UART0_IRQHandler
    arm_startup_nrf52.o(RESET) refers to nrf_drv_gpiote.o(i.GPIOTE_IRQHandler) for GPIOTE_IRQHandler
    arm_startup_nrf52.o(RESET) refers to app_timer.o(i.RTC1_IRQHandler) for RTC1_IRQHandler
    arm_startup_nrf52.o(RESET) refers to app_timer.o(i.SWI0_EGU0_IRQHandler) for SWI0_EGU0_IRQHandler
    arm_startup_nrf52.o(RESET) refers to softdevice_handler.o(i.SWI2_EGU2_IRQHandler) for SWI2_EGU2_IRQHandler
    arm_startup_nrf52.o(.text) refers to system_nrf52.o(i.SystemInit) for SystemInit
    arm_startup_nrf52.o(.text) refers to entry.o(.ARM.Collect$$$$00000000) for __main
    system_nrf52.o(i.SystemCoreClockUpdate) refers to system_nrf52.o(.data) for .data
    system_nrf52.o(i.SystemInit) refers to system_nrf52.o(.data) for .data
    entry.o(.ARM.Collect$$$$00000000) refers (Special) to entry10a.o(.ARM.Collect$$$$0000000D) for __rt_final_cpp
    entry.o(.ARM.Collect$$$$00000000) refers (Special) to entry11a.o(.ARM.Collect$$$$0000000F) for __rt_final_exit
    entry.o(.ARM.Collect$$$$00000000) refers (Special) to entry7b.o(.ARM.Collect$$$$00000008) for _main_clock
    entry.o(.ARM.Collect$$$$00000000) refers (Special) to entry8b.o(.ARM.Collect$$$$0000000A) for _main_cpp_init
    entry.o(.ARM.Collect$$$$00000000) refers (Special) to entry9a.o(.ARM.Collect$$$$0000000B) for _main_init
    entry.o(.ARM.Collect$$$$00000000) refers (Special) to entry5.o(.ARM.Collect$$$$00000004) for _main_scatterload
    entry.o(.ARM.Collect$$$$00000000) refers (Special) to entry2.o(.ARM.Collect$$$$00000001) for _main_stk
    entry2.o(.ARM.Collect$$$$00000001) refers to entry2.o(.ARM.Collect$$$$00002712) for __lit__00000000
    entry2.o(.ARM.Collect$$$$00002712) refers to arm_startup_nrf52.o(STACK) for __initial_sp
    entry2.o(__vectab_stack_and_reset_area) refers to arm_startup_nrf52.o(STACK) for __initial_sp
    entry2.o(__vectab_stack_and_reset_area) refers to entry.o(.ARM.Collect$$$$00000000) for __main
    entry5.o(.ARM.Collect$$$$00000004) refers to init.o(.text) for __scatterload
    entry9a.o(.ARM.Collect$$$$0000000B) refers to main.o(i.main) for main
    entry9b.o(.ARM.Collect$$$$0000000C) refers to main.o(i.main) for main
    init.o(.text) refers to entry5.o(.ARM.Collect$$$$00000004) for __main_after_scatterload


==============================================================================

Removing Unused input sections from the image.

    Removing main.o(.rev16_text), (4 bytes).
    Removing main.o(.revsh_text), (4 bytes).
    Removing main.o(.rrx_text), (6 bytes).
    Removing main.o(i.assert_nrf_callback), (16 bytes).
    Removing bsp.o(.rev16_text), (4 bytes).
    Removing bsp.o(.revsh_text), (4 bytes).
    Removing bsp.o(.rrx_text), (6 bytes).
    Removing bsp.o(i.bsp_button_is_pressed), (44 bytes).
    Removing bsp.o(i.bsp_buttons_disable), (4 bytes).
    Removing bsp.o(i.bsp_buttons_enable), (4 bytes).
    Removing bsp.o(i.bsp_buttons_state_get), (60 bytes).
    Removing bsp.o(i.bsp_indication_text_set), (4 bytes).
    Removing ble_advertising.o(.rev16_text), (4 bytes).
    Removing ble_advertising.o(.revsh_text), (4 bytes).
    Removing ble_advertising.o(.rrx_text), (6 bytes).
    Removing ble_advertising.o(i.ble_advertising_peer_addr_reply), (48 bytes).
    Removing ble_advertising.o(i.ble_advertising_restart_without_whitelist), (56 bytes).
    Removing ble_advertising.o(i.ble_advertising_whitelist_reply), (84 bytes).
    Removing ble_conn_params.o(i.ble_conn_params_change_conn_params), (76 bytes).
    Removing ble_conn_params.o(i.ble_conn_params_stop), (12 bytes).
    Removing ble_srv_common.o(i.ble_srv_ascii_to_utf8), (18 bytes).
    Removing ble_srv_common.o(i.ble_srv_report_ref_encode), (12 bytes).
    Removing app_uart.o(.rev16_text), (4 bytes).
    Removing app_uart.o(.revsh_text), (4 bytes).
    Removing app_uart.o(.rrx_text), (6 bytes).
    Removing app_uart.o(i.app_uart_close), (10 bytes).
    Removing app_uart.o(i.app_uart_flush), (4 bytes).
    Removing app_uart.o(i.app_uart_get), (28 bytes).
    Removing app_uart.o(i.app_uart_init), (124 bytes).
    Removing app_uart.o(i.app_uart_put), (32 bytes).
    Removing app_uart.o(i.uart_event_handler), (84 bytes).
    Removing app_uart.o(.constdata), (32 bytes).
    Removing app_uart.o(.data), (8 bytes).
    Removing nrf_delay.o(.rev16_text), (4 bytes).
    Removing nrf_delay.o(.revsh_text), (4 bytes).
    Removing nrf_delay.o(.rrx_text), (6 bytes).
    Removing nrf_delay.o(.emb_text), (118 bytes).
    Removing nrf_delay.o(i.nrf_delay_ms), (26 bytes).
    Removing nrf_drv_common.o(.rev16_text), (4 bytes).
    Removing nrf_drv_common.o(.revsh_text), (4 bytes).
    Removing nrf_drv_common.o(.rrx_text), (6 bytes).
    Removing nrf_drv_gpiote.o(.rev16_text), (4 bytes).
    Removing nrf_drv_gpiote.o(.revsh_text), (4 bytes).
    Removing nrf_drv_gpiote.o(.rrx_text), (6 bytes).
    Removing nrf_drv_gpiote.o(i.nrf_drv_gpiote_in_event_addr_get), (28 bytes).
    Removing nrf_drv_gpiote.o(i.nrf_drv_gpiote_in_event_disable), (80 bytes).
    Removing nrf_drv_gpiote.o(i.nrf_drv_gpiote_in_uninit), (72 bytes).
    Removing nrf_drv_gpiote.o(i.nrf_drv_gpiote_out_clear), (16 bytes).
    Removing nrf_drv_gpiote.o(i.nrf_drv_gpiote_out_init), (184 bytes).
    Removing nrf_drv_gpiote.o(i.nrf_drv_gpiote_out_set), (16 bytes).
    Removing nrf_drv_gpiote.o(i.nrf_drv_gpiote_out_task_addr_get), (20 bytes).
    Removing nrf_drv_gpiote.o(i.nrf_drv_gpiote_out_task_disable), (36 bytes).
    Removing nrf_drv_gpiote.o(i.nrf_drv_gpiote_out_task_enable), (52 bytes).
    Removing nrf_drv_gpiote.o(i.nrf_drv_gpiote_out_task_force), (60 bytes).
    Removing nrf_drv_gpiote.o(i.nrf_drv_gpiote_out_task_trigger), (24 bytes).
    Removing nrf_drv_gpiote.o(i.nrf_drv_gpiote_out_toggle), (36 bytes).
    Removing nrf_drv_gpiote.o(i.nrf_drv_gpiote_out_uninit), (44 bytes).
    Removing nrf_drv_gpiote.o(i.nrf_drv_gpiote_uninit), (52 bytes).
    Removing nrf_drv_gpiote.o(i.nrf_gpio_cfg_default), (18 bytes).
    Removing nrf_drv_uart.o(.rev16_text), (4 bytes).
    Removing nrf_drv_uart.o(.revsh_text), (4 bytes).
    Removing nrf_drv_uart.o(.rrx_text), (6 bytes).
    Removing nrf_drv_uart.o(i.apply_config), (120 bytes).
    Removing nrf_drv_uart.o(i.nrf_drv_uart_errorsrc_get), (32 bytes).
    Removing nrf_drv_uart.o(i.nrf_drv_uart_init), (112 bytes).
    Removing nrf_drv_uart.o(i.nrf_drv_uart_rx), (292 bytes).
    Removing nrf_drv_uart.o(i.nrf_drv_uart_rx_abort), (32 bytes).
    Removing nrf_drv_uart.o(i.nrf_drv_uart_rx_disable), (24 bytes).
    Removing nrf_drv_uart.o(i.nrf_drv_uart_rx_enable), (24 bytes).
    Removing nrf_drv_uart.o(i.nrf_drv_uart_tx), (232 bytes).
    Removing nrf_drv_uart.o(i.nrf_drv_uart_tx_abort), (80 bytes).
    Removing nrf_drv_uart.o(i.nrf_drv_uart_uninit), (64 bytes).
    Removing nrf_drv_uart.o(i.nrf_gpio_cfg), (34 bytes).
    Removing nrf_drv_uart.o(i.nrf_gpio_cfg_default), (18 bytes).
    Removing nrf_drv_uart.o(i.nrf_gpio_cfg_input), (18 bytes).
    Removing nrf_drv_uart.o(i.nrf_gpio_cfg_output), (20 bytes).
    Removing nrf_drv_uart.o(i.pins_to_default), (84 bytes).
    Removing nrf_drv_uart.o(i.rx_enable), (24 bytes).
    Removing nrf_drv_uart.o(.constdata), (32 bytes).
    Removing pstorage.o(.rev16_text), (4 bytes).
    Removing pstorage.o(.revsh_text), (4 bytes).
    Removing pstorage.o(.rrx_text), (6 bytes).
    Removing pstorage.o(i.app_notify), (44 bytes).
    Removing pstorage.o(i.app_notify_error_state_transit), (36 bytes).
    Removing pstorage.o(i.clear_operation_execute), (252 bytes).
    Removing pstorage.o(i.clear_post_processing_run), (32 bytes).
    Removing pstorage.o(i.cmd_process), (52 bytes).
    Removing pstorage.o(i.cmd_queue_element_init), (32 bytes).
    Removing pstorage.o(i.cmd_queue_enqueue), (84 bytes).
    Removing pstorage.o(i.command_end_procedure_run), (64 bytes).
    Removing pstorage.o(i.data_page_erase_state_run), (84 bytes).
    Removing pstorage.o(i.data_to_swap_write_state_run), (32 bytes).
    Removing pstorage.o(i.flash_api_err_code_process), (28 bytes).
    Removing pstorage.o(i.flash_operation_success_run), (140 bytes).
    Removing pstorage.o(i.flash_page_erase), (6 bytes).
    Removing pstorage.o(i.flash_write), (6 bytes).
    Removing pstorage.o(i.head_restore_state_run), (120 bytes).
    Removing pstorage.o(i.is_page_erase_required), (68 bytes).
    Removing pstorage.o(i.is_word_aligned), (12 bytes).
    Removing pstorage.o(i.main_state_err_busy_process), (20 bytes).
    Removing pstorage.o(i.pstorage_block_identifier_get), (84 bytes).
    Removing pstorage.o(i.pstorage_clear), (156 bytes).
    Removing pstorage.o(i.pstorage_flash_page_size), (10 bytes).
    Removing pstorage.o(i.pstorage_init), (100 bytes).
    Removing pstorage.o(i.pstorage_load), (168 bytes).
    Removing pstorage.o(i.pstorage_register), (180 bytes).
    Removing pstorage.o(i.pstorage_store), (136 bytes).
    Removing pstorage.o(i.pstorage_sys_event_handler), (72 bytes).
    Removing pstorage.o(i.pstorage_update), (136 bytes).
    Removing pstorage.o(i.sm_state_change), (60 bytes).
    Removing pstorage.o(i.state_data_erase_swap_entry_run), (104 bytes).
    Removing pstorage.o(i.state_erase_data_page_entry_run), (12 bytes).
    Removing pstorage.o(i.state_restore_head_entry_run), (48 bytes).
    Removing pstorage.o(i.state_restore_tail_entry_run), (80 bytes).
    Removing pstorage.o(i.state_swap_erase_entry_run), (34 bytes).
    Removing pstorage.o(i.state_write_data_swap_entry_run), (52 bytes).
    Removing pstorage.o(i.store_cmd_flash_write_execute), (92 bytes).
    Removing pstorage.o(i.swap_erase_state_run), (24 bytes).
    Removing pstorage.o(i.swap_sub_state_err_busy_process), (20 bytes).
    Removing pstorage.o(i.swap_sub_state_state_change), (20 bytes).
    Removing pstorage.o(i.tail_restore_state_run), (20 bytes).
    Removing pstorage.o(.constdata), (40 bytes).
    Removing app_button.o(.rev16_text), (4 bytes).
    Removing app_button.o(.revsh_text), (4 bytes).
    Removing app_button.o(.rrx_text), (6 bytes).
    Removing app_button.o(i.app_button_disable), (40 bytes).
    Removing app_button.o(i.app_button_is_pushed), (44 bytes).
    Removing app_error.o(.rev16_text), (4 bytes).
    Removing app_error.o(.revsh_text), (4 bytes).
    Removing app_error.o(.rrx_text), (6 bytes).
    Removing app_scheduler.o(.rev16_text), (4 bytes).
    Removing app_scheduler.o(.revsh_text), (4 bytes).
    Removing app_scheduler.o(.rrx_text), (6 bytes).
    Removing app_timer.o(.rev16_text), (4 bytes).
    Removing app_timer.o(.revsh_text), (4 bytes).
    Removing app_timer.o(.rrx_text), (6 bytes).
    Removing app_timer.o(i.app_timer_cnt_diff_compute), (12 bytes).
    Removing app_timer.o(i.app_timer_cnt_get), (16 bytes).
    Removing app_timer.o(i.app_timer_stop_all), (68 bytes).
    Removing retarget.o(.rev16_text), (4 bytes).
    Removing retarget.o(.revsh_text), (4 bytes).
    Removing retarget.o(.rrx_text), (6 bytes).
    Removing retarget.o(i.fgetc), (18 bytes).
    Removing retarget.o(i.fputc), (14 bytes).
    Removing retarget.o(.data), (4 bytes).
    Removing retarget.o(.data), (4 bytes).
    Removing softdevice_handler.o(.rev16_text), (4 bytes).
    Removing softdevice_handler.o(.revsh_text), (4 bytes).
    Removing softdevice_handler.o(.rrx_text), (6 bytes).
    Removing softdevice_handler.o(i.softdevice_handler_sd_disable), (20 bytes).
    Removing arm_startup_nrf52.o(HEAP), (8192 bytes).
    Removing system_nrf52.o(.rev16_text), (4 bytes).
    Removing system_nrf52.o(.revsh_text), (4 bytes).
    Removing system_nrf52.o(.rrx_text), (6 bytes).
    Removing system_nrf52.o(i.SystemCoreClockUpdate), (16 bytes).

155 unused section(s) (total 14316 bytes) removed from the image.

==============================================================================

Image Symbol Table

    Local Symbols

    Symbol Name                              Value     Ov Type        Size  Object(Section)

    ../clib/microlib/init/entry.s            0x00000000   Number         0  entry8a.o ABSOLUTE
    ../clib/microlib/init/entry.s            0x00000000   Number         0  entry.o ABSOLUTE
    ../clib/microlib/init/entry.s            0x00000000   Number         0  entry9a.o ABSOLUTE
    ../clib/microlib/init/entry.s            0x00000000   Number         0  entry10a.o ABSOLUTE
    ../clib/microlib/init/entry.s            0x00000000   Number         0  entry8b.o ABSOLUTE
    ../clib/microlib/init/entry.s            0x00000000   Number         0  entry10b.o ABSOLUTE
    ../clib/microlib/init/entry.s            0x00000000   Number         0  entry7b.o ABSOLUTE
    ../clib/microlib/init/entry.s            0x00000000   Number         0  entry7a.o ABSOLUTE
    ../clib/microlib/init/entry.s            0x00000000   Number         0  entry11a.o ABSOLUTE
    ../clib/microlib/init/entry.s            0x00000000   Number         0  entry5.o ABSOLUTE
    ../clib/microlib/init/entry.s            0x00000000   Number         0  entry11b.o ABSOLUTE
    ../clib/microlib/init/entry.s            0x00000000   Number         0  entry2.o ABSOLUTE
    ../clib/microlib/init/entry.s            0x00000000   Number         0  entry9b.o ABSOLUTE
    ../clib/microlib/string/memcmp.c         0x00000000   Number         0  memcmp.o ABSOLUTE
    ../clib/microlib/string/memcpy.c         0x00000000   Number         0  memcpya.o ABSOLUTE
    ../clib/microlib/string/memcpy.c         0x00000000   Number         0  memcpyb.o ABSOLUTE
    ../clib/microlib/string/memset.c         0x00000000   Number         0  memseta.o ABSOLUTE
    ../clib/microlib/string/strlen.c         0x00000000   Number         0  strlen.o ABSOLUTE
    ..\..\..\..\..\..\components\ble\ble_advertising\ble_advertising.c 0x00000000   Number         0  ble_advertising.o ABSOLUTE
    ..\..\..\..\..\..\components\ble\common\ble_advdata.c 0x00000000   Number         0  ble_advdata.o ABSOLUTE
    ..\..\..\..\..\..\components\ble\common\ble_conn_params.c 0x00000000   Number         0  ble_conn_params.o ABSOLUTE
    ..\..\..\..\..\..\components\ble\common\ble_srv_common.c 0x00000000   Number         0  ble_srv_common.o ABSOLUTE
    ..\..\..\..\..\..\components\drivers_nrf\common\nrf_drv_common.c 0x00000000   Number         0  nrf_drv_common.o ABSOLUTE
    ..\..\..\..\..\..\components\drivers_nrf\delay\nrf_delay.c 0x00000000   Number         0  nrf_delay.o ABSOLUTE
    ..\..\..\..\..\..\components\drivers_nrf\gpiote\nrf_drv_gpiote.c 0x00000000   Number         0  nrf_drv_gpiote.o ABSOLUTE
    ..\..\..\..\..\..\components\drivers_nrf\pstorage\pstorage.c 0x00000000   Number         0  pstorage.o ABSOLUTE
    ..\..\..\..\..\..\components\drivers_nrf\uart\nrf_drv_uart.c 0x00000000   Number         0  nrf_drv_uart.o ABSOLUTE
    ..\..\..\..\..\..\components\libraries\button\app_button.c 0x00000000   Number         0  app_button.o ABSOLUTE
    ..\..\..\..\..\..\components\libraries\scheduler\app_scheduler.c 0x00000000   Number         0  app_scheduler.o ABSOLUTE
    ..\..\..\..\..\..\components\libraries\timer\app_timer.c 0x00000000   Number         0  app_timer.o ABSOLUTE
    ..\..\..\..\..\..\components\libraries\timer\app_timer_appsh.c 0x00000000   Number         0  app_timer_appsh.o ABSOLUTE
    ..\..\..\..\..\..\components\libraries\trace\app_trace.c 0x00000000   Number         0  app_trace.o ABSOLUTE
    ..\..\..\..\..\..\components\libraries\uart\app_uart.c 0x00000000   Number         0  app_uart.o ABSOLUTE
    ..\..\..\..\..\..\components\libraries\uart\retarget.c 0x00000000   Number         0  retarget.o ABSOLUTE
    ..\..\..\..\..\..\components\libraries\util\app_error.c 0x00000000   Number         0  app_error.o ABSOLUTE
    ..\..\..\..\..\..\components\libraries\util\nrf_assert.c 0x00000000   Number         0  nrf_assert.o ABSOLUTE
    ..\..\..\..\..\..\components\softdevice\common\softdevice_handler\softdevice_handler.c 0x00000000   Number         0  softdevice_handler.o ABSOLUTE
    ..\..\..\..\..\bsp\bsp.c                 0x00000000   Number         0  bsp.o ABSOLUTE
    ..\..\..\main.c                          0x00000000   Number         0  main.o ABSOLUTE
    ..\\..\\..\\..\\..\\..\\components\\ble\\ble_advertising\\ble_advertising.c 0x00000000   Number         0  ble_advertising.o ABSOLUTE
    ..\\..\\..\\..\\..\\..\\components\\drivers_nrf\\common\\nrf_drv_common.c 0x00000000   Number         0  nrf_drv_common.o ABSOLUTE
    ..\\..\\..\\..\\..\\..\\components\\drivers_nrf\\delay\\nrf_delay.c 0x00000000   Number         0  nrf_delay.o ABSOLUTE
    ..\\..\\..\\..\\..\\..\\components\\drivers_nrf\\gpiote\\nrf_drv_gpiote.c 0x00000000   Number         0  nrf_drv_gpiote.o ABSOLUTE
    ..\\..\\..\\..\\..\\..\\components\\drivers_nrf\\pstorage\\pstorage.c 0x00000000   Number         0  pstorage.o ABSOLUTE
    ..\\..\\..\\..\\..\\..\\components\\drivers_nrf\\uart\\nrf_drv_uart.c 0x00000000   Number         0  nrf_drv_uart.o ABSOLUTE
    ..\\..\\..\\..\\..\\..\\components\\libraries\\button\\app_button.c 0x00000000   Number         0  app_button.o ABSOLUTE
    ..\\..\\..\\..\\..\\..\\components\\libraries\\scheduler\\app_scheduler.c 0x00000000   Number         0  app_scheduler.o ABSOLUTE
    ..\\..\\..\\..\\..\\..\\components\\libraries\\timer\\app_timer.c 0x00000000   Number         0  app_timer.o ABSOLUTE
    ..\\..\\..\\..\\..\\..\\components\\libraries\\uart\\app_uart.c 0x00000000   Number         0  app_uart.o ABSOLUTE
    ..\\..\\..\\..\\..\\..\\components\\libraries\\uart\\retarget.c 0x00000000   Number         0  retarget.o ABSOLUTE
    ..\\..\\..\\..\\..\\..\\components\\libraries\\util\\app_error.c 0x00000000   Number         0  app_error.o ABSOLUTE
    ..\\..\\..\\..\\..\\..\\components\\softdevice\\common\\softdevice_handler\\softdevice_handler.c 0x00000000   Number         0  softdevice_handler.o ABSOLUTE
    ..\\..\\..\\..\\..\\bsp\\bsp.c           0x00000000   Number         0  bsp.o ABSOLUTE
    ..\\..\\..\\main.c                       0x00000000   Number         0  main.o ABSOLUTE
    RTE\Device\nRF52832_xxAA\arm_startup_nrf52.s 0x00000000   Number         0  arm_startup_nrf52.o ABSOLUTE
    RTE\Device\nRF52832_xxAA\system_nrf52.c  0x00000000   Number         0  system_nrf52.o ABSOLUTE
    RTE\\Device\\nRF52832_xxAA\\system_nrf52.c 0x00000000   Number         0  system_nrf52.o ABSOLUTE
    dc.s                                     0x00000000   Number         0  dc.o ABSOLUTE
    handlers.s                               0x00000000   Number         0  handlers.o ABSOLUTE
    init.s                                   0x00000000   Number         0  init.o ABSOLUTE
    RESET                                    0x0001f000   Section     1024  arm_startup_nrf52.o(RESET)
    .ARM.Collect$$$$00000000                 0x0001f400   Section        0  entry.o(.ARM.Collect$$$$00000000)
    .ARM.Collect$$$$00000001                 0x0001f400   Section        4  entry2.o(.ARM.Collect$$$$00000001)
    .ARM.Collect$$$$00000004                 0x0001f404   Section        4  entry5.o(.ARM.Collect$$$$00000004)
    .ARM.Collect$$$$00000008                 0x0001f408   Section        0  entry7b.o(.ARM.Collect$$$$00000008)
    .ARM.Collect$$$$0000000A                 0x0001f408   Section        0  entry8b.o(.ARM.Collect$$$$0000000A)
    .ARM.Collect$$$$0000000B                 0x0001f408   Section        8  entry9a.o(.ARM.Collect$$$$0000000B)
    .ARM.Collect$$$$0000000D                 0x0001f410   Section        0  entry10a.o(.ARM.Collect$$$$0000000D)
    .ARM.Collect$$$$0000000F                 0x0001f410   Section        0  entry11a.o(.ARM.Collect$$$$0000000F)
    .ARM.Collect$$$$00002712                 0x0001f410   Section        4  entry2.o(.ARM.Collect$$$$00002712)
    __lit__00000000                          0x0001f410   Data           4  entry2.o(.ARM.Collect$$$$00002712)
    .emb_text                                0x0001f414   Section      118  app_timer.o(.emb_text)
    $v0                                      0x0001f414   Number         0  app_timer.o(.emb_text)
    .text                                    0x0001f48c   Section       36  arm_startup_nrf52.o(.text)
    $v0                                      0x0001f48c   Number         0  arm_startup_nrf52.o(.text)
    .text                                    0x0001f4b0   Section        0  memcpya.o(.text)
    .text                                    0x0001f4d4   Section        0  memseta.o(.text)
    .text                                    0x0001f4f8   Section        0  memcmp.o(.text)
    .text                                    0x0001f514   Section       36  init.o(.text)
    i.GPIOTE_IRQHandler                      0x0001f538   Section        0  nrf_drv_gpiote.o(i.GPIOTE_IRQHandler)
    i.NVIC_ClearPendingIRQ                   0x0001f64c   Section        0  app_timer.o(i.NVIC_ClearPendingIRQ)
    NVIC_ClearPendingIRQ                     0x0001f64d   Thumb Code    22  app_timer.o(i.NVIC_ClearPendingIRQ)
    i.NVIC_EnableIRQ                         0x0001f662   Section        0  app_timer.o(i.NVIC_EnableIRQ)
    NVIC_EnableIRQ                           0x0001f663   Thumb Code    22  app_timer.o(i.NVIC_EnableIRQ)
    i.NVIC_SetPendingIRQ                     0x0001f678   Section        0  app_timer.o(i.NVIC_SetPendingIRQ)
    NVIC_SetPendingIRQ                       0x0001f679   Thumb Code    22  app_timer.o(i.NVIC_SetPendingIRQ)
    i.NVIC_SetPriority                       0x0001f68e   Section        0  app_timer.o(i.NVIC_SetPriority)
    NVIC_SetPriority                         0x0001f68f   Thumb Code    32  app_timer.o(i.NVIC_SetPriority)
    i.RTC1_IRQHandler                        0x0001f6b0   Section        0  app_timer.o(i.RTC1_IRQHandler)
    i.SWI0_EGU0_IRQHandler                   0x0001f6d4   Section        0  app_timer.o(i.SWI0_EGU0_IRQHandler)
    i.SWI2_EGU2_IRQHandler                   0x0001f728   Section        0  softdevice_handler.o(i.SWI2_EGU2_IRQHandler)
    i.SystemInit                             0x0001f750   Section        0  system_nrf52.o(i.SystemInit)
    i.UARTE0_UART0_IRQHandler                0x0001f9a8   Section        0  nrf_drv_uart.o(i.UARTE0_UART0_IRQHandler)
    i.__scatterload_copy                     0x0001fb18   Section       14  handlers.o(i.__scatterload_copy)
    i.__scatterload_null                     0x0001fb26   Section        2  handlers.o(i.__scatterload_null)
    i.__scatterload_zeroinit                 0x0001fb28   Section       14  handlers.o(i.__scatterload_zeroinit)
    i.adv_data_encode                        0x0001fb36   Section        0  ble_advdata.o(i.adv_data_encode)
    i.alert_timer_handler                    0x0001fd38   Section        0  bsp.o(i.alert_timer_handler)
    alert_timer_handler                      0x0001fd39   Thumb Code    26  bsp.o(i.alert_timer_handler)
    i.app_button_enable                      0x0001fd58   Section        0  app_button.o(i.app_button_enable)
    i.app_button_init                        0x0001fd7c   Section        0  app_button.o(i.app_button_init)
    i.app_error_handler                      0x0001fdf0   Section        0  app_error.o(i.app_error_handler)
    i.app_sched_event_get                    0x0001fe10   Section        0  app_scheduler.o(i.app_sched_event_get)
    app_sched_event_get                      0x0001fe11   Thumb Code    64  app_scheduler.o(i.app_sched_event_get)
    i.app_sched_event_put                    0x0001fe54   Section        0  app_scheduler.o(i.app_sched_event_put)
    i.app_sched_execute                      0x0001ff48   Section        0  app_scheduler.o(i.app_sched_execute)
    i.app_sched_init                         0x0001ff68   Section        0  app_scheduler.o(i.app_sched_init)
    i.app_timer_create                       0x0001ff94   Section        0  app_timer.o(i.app_timer_create)
    i.app_timer_evt_get                      0x0001ffe0   Section        0  app_timer_appsh.o(i.app_timer_evt_get)
    app_timer_evt_get                        0x0001ffe1   Thumb Code    28  app_timer_appsh.o(i.app_timer_evt_get)
    i.app_timer_evt_schedule                 0x0001fffc   Section        0  app_timer_appsh.o(i.app_timer_evt_schedule)
    i.app_timer_init                         0x00020014   Section        0  app_timer.o(i.app_timer_init)
    i.app_timer_start                        0x000200cc   Section        0  app_timer.o(i.app_timer_start)
    i.app_timer_stop                         0x00020158   Section        0  app_timer.o(i.app_timer_stop)
    i.ble_advdata_set                        0x000201b4   Section        0  ble_advdata.o(i.ble_advdata_set)
    i.ble_advertising_init                   0x0002021c   Section        0  ble_advertising.o(i.ble_advertising_init)
    i.ble_advertising_on_ble_evt             0x00020338   Section        0  ble_advertising.o(i.ble_advertising_on_ble_evt)
    i.ble_advertising_on_sys_evt             0x000203b8   Section        0  ble_advertising.o(i.ble_advertising_on_sys_evt)
    i.ble_advertising_peer_address_clear     0x000203ec   Section        0  ble_advertising.o(i.ble_advertising_peer_address_clear)
    ble_advertising_peer_address_clear       0x000203ed   Thumb Code    12  ble_advertising.o(i.ble_advertising_peer_address_clear)
    i.ble_advertising_start                  0x000203fc   Section        0  ble_advertising.o(i.ble_advertising_start)
    i.ble_conn_params_init                   0x000205d4   Section        0  ble_conn_params.o(i.ble_conn_params_init)
    i.ble_conn_params_on_ble_evt             0x0002062c   Section        0  ble_conn_params.o(i.ble_conn_params_on_ble_evt)
    i.ble_device_addr_encode                 0x000206b4   Section        0  ble_advdata.o(i.ble_device_addr_encode)
    ble_device_addr_encode                   0x000206b5   Thumb Code    94  ble_advdata.o(i.ble_device_addr_encode)
    i.ble_evt_dispatch                       0x00020712   Section        0  main.o(i.ble_evt_dispatch)
    ble_evt_dispatch                         0x00020713   Thumb Code    24  main.o(i.ble_evt_dispatch)
    i.ble_stack_init                         0x0002072c   Section        0  main.o(i.ble_stack_init)
    ble_stack_init                           0x0002072d   Thumb Code    84  main.o(i.ble_stack_init)
    i.bsp_button_event_handler               0x0002078c   Section        0  bsp.o(i.bsp_button_event_handler)
    bsp_button_event_handler                 0x0002078d   Thumb Code   150  bsp.o(i.bsp_button_event_handler)
    i.bsp_event_to_button_action_assign      0x00020830   Section        0  bsp.o(i.bsp_event_to_button_action_assign)
    i.bsp_indication_set                     0x00020874   Section        0  bsp.o(i.bsp_indication_set)
    i.bsp_init                               0x0002088c   Section        0  bsp.o(i.bsp_init)
    i.bsp_led_indication                     0x00020930   Section        0  bsp.o(i.bsp_led_indication)
    bsp_led_indication                       0x00020931   Thumb Code   468  bsp.o(i.bsp_led_indication)
    i.bsp_wakeup_buttons_set                 0x00020b0c   Section        0  bsp.o(i.bsp_wakeup_buttons_set)
    i.button_timer_handler                   0x00020b48   Section        0  bsp.o(i.button_timer_handler)
    button_timer_handler                     0x00020b49   Thumb Code     8  bsp.o(i.button_timer_handler)
    i.channel_free                           0x00020b50   Section        0  nrf_drv_gpiote.o(i.channel_free)
    channel_free                             0x00020b51   Thumb Code    24  nrf_drv_gpiote.o(i.channel_free)
    i.channel_port_alloc                     0x00020b6c   Section        0  nrf_drv_gpiote.o(i.channel_port_alloc)
    channel_port_alloc                       0x00020b6d   Thumb Code    70  nrf_drv_gpiote.o(i.channel_port_alloc)
    i.channel_port_get                       0x00020bb8   Section        0  nrf_drv_gpiote.o(i.channel_port_get)
    channel_port_get                         0x00020bb9   Thumb Code    10  nrf_drv_gpiote.o(i.channel_port_get)
    i.compare_reg_update                     0x00020bc8   Section        0  app_timer.o(i.compare_reg_update)
    compare_reg_update                       0x00020bc9   Thumb Code   156  app_timer.o(i.compare_reg_update)
    i.conn_int_encode                        0x00020c70   Section        0  ble_advdata.o(i.conn_int_encode)
    conn_int_encode                          0x00020c71   Thumb Code   136  ble_advdata.o(i.conn_int_encode)
    i.conn_params_error_handler              0x00020cf8   Section        0  main.o(i.conn_params_error_handler)
    conn_params_error_handler                0x00020cf9   Thumb Code     8  main.o(i.conn_params_error_handler)
    i.conn_params_negotiation                0x00020d00   Section        0  ble_conn_params.o(i.conn_params_negotiation)
    conn_params_negotiation                  0x00020d01   Thumb Code    76  ble_conn_params.o(i.conn_params_negotiation)
    i.detection_delay_timeout_handler        0x00020d54   Section        0  app_button.o(i.detection_delay_timeout_handler)
    detection_delay_timeout_handler          0x00020d55   Thumb Code    92  app_button.o(i.detection_delay_timeout_handler)
    i.elapsed_ticks_acquire                  0x00020db4   Section        0  app_timer.o(i.elapsed_ticks_acquire)
    elapsed_ticks_acquire                    0x00020db5   Thumb Code    58  app_timer.o(i.elapsed_ticks_acquire)
    i.expired_timers_handler                 0x00020df4   Section        0  app_timer.o(i.expired_timers_handler)
    expired_timers_handler                   0x00020df5   Thumb Code    92  app_timer.o(i.expired_timers_handler)
    i.gpiote_event_handler                   0x00020e54   Section        0  app_button.o(i.gpiote_event_handler)
    gpiote_event_handler                     0x00020e55   Thumb Code    72  app_button.o(i.gpiote_event_handler)
    i.intern_softdevice_events_execute       0x00020ea0   Section        0  softdevice_handler.o(i.intern_softdevice_events_execute)
    i.is_conn_params_ok                      0x00020f18   Section        0  ble_conn_params.o(i.is_conn_params_ok)
    is_conn_params_ok                        0x00020f19   Thumb Code    24  ble_conn_params.o(i.is_conn_params_ok)
    i.le_role_encode                         0x00020f34   Section        0  ble_advdata.o(i.le_role_encode)
    le_role_encode                           0x00020f35   Thumb Code    84  ble_advdata.o(i.le_role_encode)
    i.leds_timer_handler                     0x00020f88   Section        0  bsp.o(i.leds_timer_handler)
    leds_timer_handler                       0x00020f89   Thumb Code    16  bsp.o(i.leds_timer_handler)
    i.list_deletions_handler                 0x00020f9c   Section        0  app_timer.o(i.list_deletions_handler)
    list_deletions_handler                   0x00020f9d   Thumb Code   158  app_timer.o(i.list_deletions_handler)
    i.list_insertions_handler                0x00021040   Section        0  app_timer.o(i.list_insertions_handler)
    list_insertions_handler                  0x00021041   Thumb Code   252  app_timer.o(i.list_insertions_handler)
    i.main                                   0x00021144   Section        0  main.o(i.main)
    i.manuf_specific_data_encode             0x000212d0   Section        0  ble_advdata.o(i.manuf_specific_data_encode)
    manuf_specific_data_encode               0x000212d1   Thumb Code   100  ble_advdata.o(i.manuf_specific_data_encode)
    i.name_encode                            0x00021334   Section        0  ble_advdata.o(i.name_encode)
    name_encode                              0x00021335   Thumb Code   156  ble_advdata.o(i.name_encode)
    i.nrf_drv_common_irq_enable              0x000213d0   Section        0  nrf_drv_common.o(i.nrf_drv_common_irq_enable)
    i.nrf_drv_gpiote_in_event_enable         0x00021408   Section        0  nrf_drv_gpiote.o(i.nrf_drv_gpiote_in_event_enable)
    i.nrf_drv_gpiote_in_init                 0x0002149c   Section        0  nrf_drv_gpiote.o(i.nrf_drv_gpiote_in_init)
    i.nrf_drv_gpiote_in_is_set               0x00021554   Section        0  nrf_drv_gpiote.o(i.nrf_drv_gpiote_in_is_set)
    i.nrf_drv_gpiote_init                    0x00021568   Section        0  nrf_drv_gpiote.o(i.nrf_drv_gpiote_init)
    i.nrf_drv_gpiote_is_init                 0x000215b8   Section        0  nrf_drv_gpiote.o(i.nrf_drv_gpiote_is_init)
    i.nrf_gpio_cfg                           0x000215c8   Section        0  nrf_drv_gpiote.o(i.nrf_gpio_cfg)
    nrf_gpio_cfg                             0x000215c9   Thumb Code    34  nrf_drv_gpiote.o(i.nrf_gpio_cfg)
    i.nrf_gpio_cfg_sense_set                 0x000215ea   Section        0  nrf_drv_gpiote.o(i.nrf_gpio_cfg_sense_set)
    nrf_gpio_cfg_sense_set                   0x000215eb   Thumb Code    28  nrf_drv_gpiote.o(i.nrf_gpio_cfg_sense_set)
    i.nrf_gpiote_event_clear                 0x00021608   Section        0  nrf_drv_gpiote.o(i.nrf_gpiote_event_clear)
    nrf_gpiote_event_clear                   0x00021609   Thumb Code    16  nrf_drv_gpiote.o(i.nrf_gpiote_event_clear)
    i.nrf_gpiote_event_is_set                0x0002161c   Section        0  nrf_drv_gpiote.o(i.nrf_gpiote_event_is_set)
    nrf_gpiote_event_is_set                  0x0002161d   Thumb Code    12  nrf_drv_gpiote.o(i.nrf_gpiote_event_is_set)
    i.nrf_uart_event_check                   0x0002162c   Section        0  nrf_drv_uart.o(i.nrf_uart_event_check)
    nrf_uart_event_check                     0x0002162d   Thumb Code    10  nrf_drv_uart.o(i.nrf_uart_event_check)
    i.nrf_uarte_event_check                  0x00021636   Section        0  nrf_drv_uart.o(i.nrf_uarte_event_check)
    nrf_uarte_event_check                    0x00021637   Thumb Code    10  nrf_drv_uart.o(i.nrf_uarte_event_check)
    i.on_adv_evt                             0x00021640   Section        0  main.o(i.on_adv_evt)
    on_adv_evt                               0x00021641   Thumb Code    68  main.o(i.on_adv_evt)
    i.on_ble_evt                             0x00021684   Section        0  main.o(i.on_ble_evt)
    on_ble_evt                               0x00021685   Thumb Code   180  main.o(i.on_ble_evt)
    i.on_conn_params_evt                     0x00021740   Section        0  main.o(i.on_conn_params_evt)
    on_conn_params_evt                       0x00021741   Thumb Code    28  main.o(i.on_conn_params_evt)
    i.peer_address_exists                    0x00021760   Section        0  ble_advertising.o(i.peer_address_exists)
    peer_address_exists                      0x00021761   Thumb Code    20  ble_advertising.o(i.peer_address_exists)
    i.pin_in_use_by_port                     0x00021774   Section        0  nrf_drv_gpiote.o(i.pin_in_use_by_port)
    pin_in_use_by_port                       0x00021775   Thumb Code    20  nrf_drv_gpiote.o(i.pin_in_use_by_port)
    i.pin_in_use_by_te                       0x0002178c   Section        0  nrf_drv_gpiote.o(i.pin_in_use_by_te)
    pin_in_use_by_te                         0x0002178d   Thumb Code    20  nrf_drv_gpiote.o(i.pin_in_use_by_te)
    i.pstorage_access_status_get             0x000217a4   Section        0  pstorage.o(i.pstorage_access_status_get)
    i.rtc1_stop                              0x000217c8   Section        0  app_timer.o(i.rtc1_stop)
    rtc1_stop                                0x000217c9   Thumb Code    52  app_timer.o(i.rtc1_stop)
    i.rx_byte                                0x00021804   Section        0  nrf_drv_uart.o(i.rx_byte)
    rx_byte                                  0x00021805   Thumb Code    28  nrf_drv_uart.o(i.rx_byte)
    i.rx_done_event                          0x00021828   Section        0  nrf_drv_uart.o(i.rx_done_event)
    rx_done_event                            0x00021829   Thumb Code    32  nrf_drv_uart.o(i.rx_done_event)
    i.service_data_encode                    0x0002184c   Section        0  ble_advdata.o(i.service_data_encode)
    service_data_encode                      0x0002184d   Thumb Code   136  ble_advdata.o(i.service_data_encode)
    i.softdevice_assertion_handler           0x000218d4   Section        0  softdevice_handler.o(i.softdevice_assertion_handler)
    i.softdevice_ble_evt_handler_set         0x000218e0   Section        0  softdevice_handler.o(i.softdevice_ble_evt_handler_set)
    i.softdevice_handler_init                0x000218f4   Section        0  softdevice_handler.o(i.softdevice_handler_init)
    i.softdevice_sys_evt_handler_set         0x00021924   Section        0  softdevice_handler.o(i.softdevice_sys_evt_handler_set)
    i.sys_evt_dispatch                       0x00021938   Section        0  main.o(i.sys_evt_dispatch)
    sys_evt_dispatch                         0x00021939   Thumb Code     4  main.o(i.sys_evt_dispatch)
    i.timer_list_insert                      0x0002193c   Section        0  app_timer.o(i.timer_list_insert)
    timer_list_insert                        0x0002193d   Thumb Code   104  app_timer.o(i.timer_list_insert)
    i.timer_list_remove                      0x000219a8   Section        0  app_timer.o(i.timer_list_remove)
    timer_list_remove                        0x000219a9   Thumb Code   114  app_timer.o(i.timer_list_remove)
    i.timer_timeouts_check                   0x00021a24   Section        0  app_timer.o(i.timer_timeouts_check)
    timer_timeouts_check                     0x00021a25   Thumb Code   128  app_timer.o(i.timer_timeouts_check)
    i.tx_byte                                0x00021aac   Section        0  nrf_drv_uart.o(i.tx_byte)
    tx_byte                                  0x00021aad   Thumb Code    28  nrf_drv_uart.o(i.tx_byte)
    i.tx_done_event                          0x00021ad0   Section        0  nrf_drv_uart.o(i.tx_done_event)
    tx_done_event                            0x00021ad1   Thumb Code    30  nrf_drv_uart.o(i.tx_done_event)
    i.uint16_encode                          0x00021af4   Section        0  ble_advdata.o(i.uint16_encode)
    uint16_encode                            0x00021af5   Thumb Code    10  ble_advdata.o(i.uint16_encode)
    i.update_timeout_handler                 0x00021b00   Section        0  ble_conn_params.o(i.update_timeout_handler)
    update_timeout_handler                   0x00021b01   Thumb Code    88  ble_conn_params.o(i.update_timeout_handler)
    i.user_id_get                            0x00021b60   Section        0  app_timer.o(i.user_id_get)
    user_id_get                              0x00021b61   Thumb Code    62  app_timer.o(i.user_id_get)
    i.user_op_alloc                          0x00021ba4   Section        0  app_timer.o(i.user_op_alloc)
    user_op_alloc                            0x00021ba5   Thumb Code    38  app_timer.o(i.user_op_alloc)
    i.uuid_list_encode                       0x00021bca   Section        0  ble_advdata.o(i.uuid_list_encode)
    uuid_list_encode                         0x00021bcb   Thumb Code    48  ble_advdata.o(i.uuid_list_encode)
    i.uuid_list_sized_encode                 0x00021bfa   Section        0  ble_advdata.o(i.uuid_list_sized_encode)
    uuid_list_sized_encode                   0x00021bfb   Thumb Code   158  ble_advdata.o(i.uuid_list_sized_encode)
    i.whitelist_has_entries                  0x00021c98   Section        0  ble_advertising.o(i.whitelist_has_entries)
    whitelist_has_entries                    0x00021c99   Thumb Code    14  ble_advertising.o(i.whitelist_has_entries)
    .constdata                               0x00021ca8   Section       48  bsp.o(.constdata)
    m_buttons_list                           0x00021ca8   Data          16  bsp.o(.constdata)
    app_buttons                              0x00021cb8   Data          32  bsp.o(.constdata)
    .constdata                               0x00021cd8   Section        4  app_button.o(.constdata)
    .data                                    0x20002800   Section       44  main.o(.data)
    m_conn_handle                            0x20002800   Data           2  main.o(.data)
    m_sec_params                             0x20002806   Data           5  main.o(.data)
    m_auth_status                            0x2000280b   Data           6  main.o(.data)
    m_keys                                   0x20002814   Data          24  main.o(.data)
    .data                                    0x2000282c   Section       32  bsp.o(.data)
    m_stable_state                           0x2000282c   Data           1  bsp.o(.data)
    current_long_push_pin_no                 0x2000282d   Data           1  bsp.o(.data)
    m_app_ticks_per_100ms                    0x20002830   Data           4  bsp.o(.data)
    m_indication_type                        0x20002834   Data           4  bsp.o(.data)
    m_registered_callback                    0x20002838   Data           4  bsp.o(.data)
    release_event_at_push                    0x2000283c   Data           4  bsp.o(.data)
    m_leds_timer_id                          0x20002840   Data           4  bsp.o(.data)
    m_alert_timer_id                         0x20002844   Data           4  bsp.o(.data)
    m_button_timer_id                        0x20002848   Data           4  bsp.o(.data)
    .data                                    0x2000284c   Section       31  ble_advertising.o(.data)
    m_advertising_start_pending              0x2000284c   Data           1  ble_advertising.o(.data)
    m_whitelist_temporarily_disabled         0x2000284d   Data           1  ble_advertising.o(.data)
    m_whitelist_reply_expected               0x2000284e   Data           1  ble_advertising.o(.data)
    m_peer_addr_reply_expected               0x2000284f   Data           1  ble_advertising.o(.data)
    m_adv_evt                                0x20002850   Data           1  ble_advertising.o(.data)
    m_adv_mode_current                       0x20002851   Data           1  ble_advertising.o(.data)
    m_tx_power_level                         0x20002852   Data           1  ble_advertising.o(.data)
    current_slave_link_conn_handle           0x20002854   Data           2  ble_advertising.o(.data)
    m_evt_handler                            0x20002858   Data           4  ble_advertising.o(.data)
    m_error_handler                          0x2000285c   Data           4  ble_advertising.o(.data)
    m_slave_conn_int                         0x20002860   Data           4  ble_advertising.o(.data)
    m_peer_address                           0x20002864   Data           7  ble_advertising.o(.data)
    .data                                    0x2000286c   Section       24  ble_conn_params.o(.data)
    m_change_param                           0x2000286c   Data           1  ble_conn_params.o(.data)
    m_update_count                           0x2000286d   Data           1  ble_conn_params.o(.data)
    m_conn_handle                            0x2000286e   Data           2  ble_conn_params.o(.data)
    m_conn_params_timer_id                   0x20002870   Data           4  ble_conn_params.o(.data)
    m_preferred_conn_params                  0x20002874   Data           8  ble_conn_params.o(.data)
    m_current_conn_params                    0x2000287c   Data           8  ble_conn_params.o(.data)
    .data                                    0x20002884   Section       36  pstorage.o(.data)
    m_state                                  0x20002884   Data           1  pstorage.o(.data)
    m_swap_sub_state                         0x20002885   Data           1  pstorage.o(.data)
    m_next_app_instance                      0x20002886   Data           2  pstorage.o(.data)
    m_flags                                  0x20002888   Data           4  pstorage.o(.data)
    m_next_page_addr                         0x2000288c   Data           4  pstorage.o(.data)
    m_head_word_size                         0x20002890   Data           4  pstorage.o(.data)
    m_tail_word_size                         0x20002894   Data           4  pstorage.o(.data)
    m_current_page_id                        0x20002898   Data           4  pstorage.o(.data)
    m_num_of_command_retries                 0x2000289c   Data           4  pstorage.o(.data)
    m_num_of_bytes_written                   0x200028a0   Data           4  pstorage.o(.data)
    m_app_data_size                          0x200028a4   Data           4  pstorage.o(.data)
    .data                                    0x200028a8   Section       24  app_button.o(.data)
    m_button_count                           0x200028a8   Data           1  app_button.o(.data)
    mp_buttons                               0x200028ac   Data           4  app_button.o(.data)
    m_detection_delay                        0x200028b0   Data           4  app_button.o(.data)
    m_detection_delay_timer_id               0x200028b4   Data           4  app_button.o(.data)
    m_pin_state                              0x200028b8   Data           4  app_button.o(.data)
    m_pin_transition                         0x200028bc   Data           4  app_button.o(.data)
    .data                                    0x200028c0   Section       16  app_scheduler.o(.data)
    m_queue_start_index                      0x200028c0   Data           1  app_scheduler.o(.data)
    m_queue_end_index                        0x200028c1   Data           1  app_scheduler.o(.data)
    m_queue_event_size                       0x200028c2   Data           2  app_scheduler.o(.data)
    m_queue_size                             0x200028c4   Data           2  app_scheduler.o(.data)
    m_queue_event_headers                    0x200028c8   Data           4  app_scheduler.o(.data)
    m_queue_event_data                       0x200028cc   Data           4  app_scheduler.o(.data)
    .data                                    0x200028d0   Section       36  app_timer.o(.data)
    m_node_array_size                        0x200028d0   Data           1  app_timer.o(.data)
    m_user_array_size                        0x200028d1   Data           1  app_timer.o(.data)
    m_ticks_elapsed_q_read_ind               0x200028d2   Data           1  app_timer.o(.data)
    m_ticks_elapsed_q_write_ind              0x200028d3   Data           1  app_timer.o(.data)
    m_rtc1_running                           0x200028d4   Data           1  app_timer.o(.data)
    m_rtc1_reset                             0x200028d5   Data           1  app_timer.o(.data)
    mp_nodes                                 0x200028d8   Data           4  app_timer.o(.data)
    mp_users                                 0x200028dc   Data           4  app_timer.o(.data)
    m_timer_id_head                          0x200028e0   Data           4  app_timer.o(.data)
    m_ticks_latest                           0x200028e4   Data           4  app_timer.o(.data)
    m_evt_schedule_func                      0x200028e8   Data           4  app_timer.o(.data)
    m_ticks_elapsed                          0x200028ec   Data           8  app_timer.o(.data)
    .data                                    0x200028f4   Section       20  softdevice_handler.o(.data)
    m_softdevice_enabled                     0x200028f4   Data           1  softdevice_handler.o(.data)
    m_ble_evt_buffer_size                    0x200028f6   Data           2  softdevice_handler.o(.data)
    m_evt_schedule_func                      0x200028f8   Data           4  softdevice_handler.o(.data)
    mp_ble_evt_buffer                        0x200028fc   Data           4  softdevice_handler.o(.data)
    m_ble_evt_handler                        0x20002900   Data           4  softdevice_handler.o(.data)
    m_sys_evt_handler                        0x20002904   Data           4  softdevice_handler.o(.data)
    .data                                    0x20002908   Section        4  system_nrf52.o(.data)
    __tagsym$$used                           0x20002908   Number         0  system_nrf52.o(.data)
    .bss                                     0x2000290c   Section      972  main.o(.bss)
    APP_TIMER_BUF                            0x2000290c   Data         656  main.o(.bss)
    m_enc_key                                0x20002b9c   Data          28  main.o(.bss)
    m_id_key                                 0x20002bb8   Data          23  main.o(.bss)
    m_sign_key                               0x20002bcf   Data          16  main.o(.bss)
    BLE_EVT_BUFFER                           0x20002be0   Data          72  main.o(.bss)
    APP_SCHED_BUF                            0x20002c28   Data         176  main.o(.bss)
    .bss                                     0x20002cd8   Section       12  bsp.o(.bss)
    m_events_list                            0x20002cd8   Data          12  bsp.o(.bss)
    .bss                                     0x20002ce4   Section      259  ble_advertising.o(.bss)
    m_advdata                                0x20002ce4   Data          56  ble_advertising.o(.bss)
    m_adv_modes_config                       0x20002d1c   Data          36  ble_advertising.o(.bss)
    m_whitelist                              0x20002d40   Data          16  ble_advertising.o(.bss)
    mp_whitelist_addr                        0x20002d50   Data          32  ble_advertising.o(.bss)
    mp_whitelist_irk                         0x20002d70   Data          32  ble_advertising.o(.bss)
    m_manuf_specific_data                    0x20002d90   Data          12  ble_advertising.o(.bss)
    m_manuf_data_array                       0x20002d9c   Data          31  ble_advertising.o(.bss)
    m_service_data                           0x20002dbc   Data          12  ble_advertising.o(.bss)
    m_service_data_array                     0x20002dc8   Data          31  ble_advertising.o(.bss)
    .bss                                     0x20002de8   Section       28  ble_conn_params.o(.bss)
    m_conn_params_config                     0x20002de8   Data          28  ble_conn_params.o(.bss)
    .bss                                     0x20002e04   Section       88  nrf_drv_gpiote.o(.bss)
    m_cb                                     0x20002e04   Data          88  nrf_drv_gpiote.o(.bss)
    .bss                                     0x20002e5c   Section       24  nrf_drv_uart.o(.bss)
    m_cb                                     0x20002e5c   Data          24  nrf_drv_uart.o(.bss)
    .bss                                     0x20002e74   Section      628  pstorage.o(.bss)
    m_cmd_queue                              0x20002e74   Data         604  pstorage.o(.bss)
    m_app_table                              0x200030d0   Data          24  pstorage.o(.bss)
    STACK                                    0x200030e8   Section     8192  arm_startup_nrf52.o(STACK)

    Global Symbols

    Symbol Name                              Value     Ov Type        Size  Object(Section)

    BuildAttributes$$THM_ISAv4$E$P$D$K$B$S$7EM$VFPi3$EXTD16$VFPS$VFMA$PE$A:L22UL41UL21$X:L11$S22US41US21$IEEE1$IW$USESV6$~STKCKD$USESV7$~SHL$OSPACE$EBA8$MICROLIB$REQ8$PRES8$EABIv2 0x00000000   Number         0  anon$$obj.o ABSOLUTE
    __ARM_use_no_argv                        0x00000000   Number         0  main.o ABSOLUTE
    __cpp_initialize__aeabi_                  - Undefined Weak Reference
    __cxa_finalize                            - Undefined Weak Reference
    __decompress                              - Undefined Weak Reference
    _clock_init                               - Undefined Weak Reference
    _microlib_exit                            - Undefined Weak Reference
    __Vectors_Size                           0x00000400   Number         0  arm_startup_nrf52.o ABSOLUTE
    __Vectors                                0x0001f000   Data           4  arm_startup_nrf52.o(RESET)
    __Vectors_End                            0x0001f400   Data           0  arm_startup_nrf52.o(RESET)
    __main                                   0x0001f401   Thumb Code     0  entry.o(.ARM.Collect$$$$00000000)
    _main_stk                                0x0001f401   Thumb Code     0  entry2.o(.ARM.Collect$$$$00000001)
    _main_scatterload                        0x0001f405   Thumb Code     0  entry5.o(.ARM.Collect$$$$00000004)
    __main_after_scatterload                 0x0001f409   Thumb Code     0  entry5.o(.ARM.Collect$$$$00000004)
    _main_clock                              0x0001f409   Thumb Code     0  entry7b.o(.ARM.Collect$$$$00000008)
    _main_cpp_init                           0x0001f409   Thumb Code     0  entry8b.o(.ARM.Collect$$$$0000000A)
    _main_init                               0x0001f409   Thumb Code     0  entry9a.o(.ARM.Collect$$$$0000000B)
    __rt_final_cpp                           0x0001f411   Thumb Code     0  entry10a.o(.ARM.Collect$$$$0000000D)
    __rt_final_exit                          0x0001f411   Thumb Code     0  entry11a.o(.ARM.Collect$$$$0000000F)
    __asm___11_app_timer_c_cd27f9c3__nrf_delay_us 0x0001f415   Thumb Code   118  app_timer.o(.emb_text)
    Reset_Handler                            0x0001f48d   Thumb Code     8  arm_startup_nrf52.o(.text)
    NMI_Handler                              0x0001f495   Thumb Code     2  arm_startup_nrf52.o(.text)
    HardFault_Handler                        0x0001f497   Thumb Code     2  arm_startup_nrf52.o(.text)
    MemoryManagement_Handler                 0x0001f499   Thumb Code     2  arm_startup_nrf52.o(.text)
    BusFault_Handler                         0x0001f49b   Thumb Code     2  arm_startup_nrf52.o(.text)
    UsageFault_Handler                       0x0001f49d   Thumb Code     2  arm_startup_nrf52.o(.text)
    SVC_Handler                              0x0001f49f   Thumb Code     2  arm_startup_nrf52.o(.text)
    PendSV_Handler                           0x0001f4a1   Thumb Code     2  arm_startup_nrf52.o(.text)
    SysTick_Handler                          0x0001f4a3   Thumb Code     2  arm_startup_nrf52.o(.text)
    CCM_AAR_IRQHandler                       0x0001f4a5   Thumb Code     0  arm_startup_nrf52.o(.text)
    COMP_LPCOMP_IRQHandler                   0x0001f4a5   Thumb Code     0  arm_startup_nrf52.o(.text)
    ECB_IRQHandler                           0x0001f4a5   Thumb Code     0  arm_startup_nrf52.o(.text)
    I2S_IRQHandler                           0x0001f4a5   Thumb Code     0  arm_startup_nrf52.o(.text)
    MWU_IRQHandler                           0x0001f4a5   Thumb Code     0  arm_startup_nrf52.o(.text)
    NFCT_IRQHandler                          0x0001f4a5   Thumb Code     0  arm_startup_nrf52.o(.text)
    PDM_IRQHandler                           0x0001f4a5   Thumb Code     0  arm_startup_nrf52.o(.text)
    POWER_CLOCK_IRQHandler                   0x0001f4a5   Thumb Code     0  arm_startup_nrf52.o(.text)
    PWM0_IRQHandler                          0x0001f4a5   Thumb Code     0  arm_startup_nrf52.o(.text)
    PWM1_IRQHandler                          0x0001f4a5   Thumb Code     0  arm_startup_nrf52.o(.text)
    PWM2_IRQHandler                          0x0001f4a5   Thumb Code     0  arm_startup_nrf52.o(.text)
    QDEC_IRQHandler                          0x0001f4a5   Thumb Code     0  arm_startup_nrf52.o(.text)
    RADIO_IRQHandler                         0x0001f4a5   Thumb Code     0  arm_startup_nrf52.o(.text)
    RNG_IRQHandler                           0x0001f4a5   Thumb Code     0  arm_startup_nrf52.o(.text)
    RTC0_IRQHandler                          0x0001f4a5   Thumb Code     0  arm_startup_nrf52.o(.text)
    RTC2_IRQHandler                          0x0001f4a5   Thumb Code     0  arm_startup_nrf52.o(.text)
    SAADC_IRQHandler                         0x0001f4a5   Thumb Code     0  arm_startup_nrf52.o(.text)
    SPIM0_SPIS0_TWIM0_TWIS0_SPI0_TWI0_IRQHandler 0x0001f4a5   Thumb Code     0  arm_startup_nrf52.o(.text)
    SPIM1_SPIS1_TWIM1_TWIS1_SPI1_TWI1_IRQHandler 0x0001f4a5   Thumb Code     0  arm_startup_nrf52.o(.text)
    SPIM2_SPIS2_SPI2_IRQHandler              0x0001f4a5   Thumb Code     0  arm_startup_nrf52.o(.text)
    SWI1_EGU1_IRQHandler                     0x0001f4a5   Thumb Code     0  arm_startup_nrf52.o(.text)
    SWI3_EGU3_IRQHandler                     0x0001f4a5   Thumb Code     0  arm_startup_nrf52.o(.text)
    SWI4_EGU4_IRQHandler                     0x0001f4a5   Thumb Code     0  arm_startup_nrf52.o(.text)
    SWI5_EGU5_IRQHandler                     0x0001f4a5   Thumb Code     0  arm_startup_nrf52.o(.text)
    TEMP_IRQHandler                          0x0001f4a5   Thumb Code     0  arm_startup_nrf52.o(.text)
    TIMER0_IRQHandler                        0x0001f4a5   Thumb Code     0  arm_startup_nrf52.o(.text)
    TIMER1_IRQHandler                        0x0001f4a5   Thumb Code     0  arm_startup_nrf52.o(.text)
    TIMER2_IRQHandler                        0x0001f4a5   Thumb Code     0  arm_startup_nrf52.o(.text)
    TIMER3_IRQHandler                        0x0001f4a5   Thumb Code     0  arm_startup_nrf52.o(.text)
    TIMER4_IRQHandler                        0x0001f4a5   Thumb Code     0  arm_startup_nrf52.o(.text)
    WDT_IRQHandler                           0x0001f4a5   Thumb Code     0  arm_startup_nrf52.o(.text)
    __aeabi_memcpy                           0x0001f4b1   Thumb Code    36  memcpya.o(.text)
    __aeabi_memcpy4                          0x0001f4b1   Thumb Code     0  memcpya.o(.text)
    __aeabi_memcpy8                          0x0001f4b1   Thumb Code     0  memcpya.o(.text)
    __aeabi_memset                           0x0001f4d5   Thumb Code    14  memseta.o(.text)
    __aeabi_memset4                          0x0001f4d5   Thumb Code     0  memseta.o(.text)
    __aeabi_memset8                          0x0001f4d5   Thumb Code     0  memseta.o(.text)
    __aeabi_memclr                           0x0001f4e3   Thumb Code     4  memseta.o(.text)
    __aeabi_memclr4                          0x0001f4e3   Thumb Code     0  memseta.o(.text)
    __aeabi_memclr8                          0x0001f4e3   Thumb Code     0  memseta.o(.text)
    _memset$wrapper                          0x0001f4e7   Thumb Code    18  memseta.o(.text)
    memcmp                                   0x0001f4f9   Thumb Code    26  memcmp.o(.text)
    __scatterload                            0x0001f515   Thumb Code    28  init.o(.text)
    __scatterload_rt2                        0x0001f515   Thumb Code     0  init.o(.text)
    GPIOTE_IRQHandler                        0x0001f539   Thumb Code   262  nrf_drv_gpiote.o(i.GPIOTE_IRQHandler)
    RTC1_IRQHandler                          0x0001f6b1   Thumb Code    32  app_timer.o(i.RTC1_IRQHandler)
    SWI0_EGU0_IRQHandler                     0x0001f6d5   Thumb Code    78  app_timer.o(i.SWI0_EGU0_IRQHandler)
    SWI2_EGU2_IRQHandler                     0x0001f729   Thumb Code    36  softdevice_handler.o(i.SWI2_EGU2_IRQHandler)
    SystemInit                               0x0001f751   Thumb Code   560  system_nrf52.o(i.SystemInit)
    UARTE0_UART0_IRQHandler                  0x0001f9a9   Thumb Code   360  nrf_drv_uart.o(i.UARTE0_UART0_IRQHandler)
    __scatterload_copy                       0x0001fb19   Thumb Code    14  handlers.o(i.__scatterload_copy)
    __scatterload_null                       0x0001fb27   Thumb Code     2  handlers.o(i.__scatterload_null)
    __scatterload_zeroinit                   0x0001fb29   Thumb Code    14  handlers.o(i.__scatterload_zeroinit)
    adv_data_encode                          0x0001fb37   Thumb Code   514  ble_advdata.o(i.adv_data_encode)
    app_button_enable                        0x0001fd59   Thumb Code    32  app_button.o(i.app_button_enable)
    app_button_init                          0x0001fd7d   Thumb Code    98  app_button.o(i.app_button_init)
    app_error_handler                        0x0001fdf1   Thumb Code    24  app_error.o(i.app_error_handler)
    app_sched_event_put                      0x0001fe55   Thumb Code   234  app_scheduler.o(i.app_sched_event_put)
    app_sched_execute                        0x0001ff49   Thumb Code    30  app_scheduler.o(i.app_sched_execute)
    app_sched_init                           0x0001ff69   Thumb Code    40  app_scheduler.o(i.app_sched_init)
    app_timer_create                         0x0001ff95   Thumb Code    72  app_timer.o(i.app_timer_create)
    app_timer_evt_schedule                   0x0001fffd   Thumb Code    18  app_timer_appsh.o(i.app_timer_evt_schedule)
    app_timer_init                           0x00020015   Thumb Code   174  app_timer.o(i.app_timer_init)
    app_timer_start                          0x000200cd   Thumb Code   132  app_timer.o(i.app_timer_start)
    app_timer_stop                           0x00020159   Thumb Code    86  app_timer.o(i.app_timer_stop)
    ble_advdata_set                          0x000201b5   Thumb Code   104  ble_advdata.o(i.ble_advdata_set)
    ble_advertising_init                     0x0002021d   Thumb Code   274  ble_advertising.o(i.ble_advertising_init)
    ble_advertising_on_ble_evt               0x00020339   Thumb Code   122  ble_advertising.o(i.ble_advertising_on_ble_evt)
    ble_advertising_on_sys_evt               0x000203b9   Thumb Code    46  ble_advertising.o(i.ble_advertising_on_sys_evt)
    ble_advertising_start                    0x000203fd   Thumb Code   462  ble_advertising.o(i.ble_advertising_start)
    ble_conn_params_init                     0x000205d5   Thumb Code    76  ble_conn_params.o(i.ble_conn_params_init)
    ble_conn_params_on_ble_evt               0x0002062d   Thumb Code   128  ble_conn_params.o(i.ble_conn_params_on_ble_evt)
    bsp_event_to_button_action_assign        0x00020831   Thumb Code    64  bsp.o(i.bsp_event_to_button_action_assign)
    bsp_indication_set                       0x00020875   Thumb Code    20  bsp.o(i.bsp_indication_set)
    bsp_init                                 0x0002088d   Thumb Code   140  bsp.o(i.bsp_init)
    bsp_wakeup_buttons_set                   0x00020b0d   Thumb Code    54  bsp.o(i.bsp_wakeup_buttons_set)
    intern_softdevice_events_execute         0x00020ea1   Thumb Code   114  softdevice_handler.o(i.intern_softdevice_events_execute)
    main                                     0x00021145   Thumb Code   352  main.o(i.main)
    nrf_drv_common_irq_enable                0x000213d1   Thumb Code    56  nrf_drv_common.o(i.nrf_drv_common_irq_enable)
    nrf_drv_gpiote_in_event_enable           0x00021409   Thumb Code   134  nrf_drv_gpiote.o(i.nrf_drv_gpiote_in_event_enable)
    nrf_drv_gpiote_in_init                   0x0002149d   Thumb Code   170  nrf_drv_gpiote.o(i.nrf_drv_gpiote_in_init)
    nrf_drv_gpiote_in_is_set                 0x00021555   Thumb Code    16  nrf_drv_gpiote.o(i.nrf_drv_gpiote_in_is_set)
    nrf_drv_gpiote_init                      0x00021569   Thumb Code    72  nrf_drv_gpiote.o(i.nrf_drv_gpiote_init)
    nrf_drv_gpiote_is_init                   0x000215b9   Thumb Code    12  nrf_drv_gpiote.o(i.nrf_drv_gpiote_is_init)
    pstorage_access_status_get               0x000217a5   Thumb Code    28  pstorage.o(i.pstorage_access_status_get)
    softdevice_assertion_handler             0x000218d5   Thumb Code    12  softdevice_handler.o(i.softdevice_assertion_handler)
    softdevice_ble_evt_handler_set           0x000218e1   Thumb Code    14  softdevice_handler.o(i.softdevice_ble_evt_handler_set)
    softdevice_handler_init                  0x000218f5   Thumb Code    38  softdevice_handler.o(i.softdevice_handler_init)
    softdevice_sys_evt_handler_set           0x00021925   Thumb Code    14  softdevice_handler.o(i.softdevice_sys_evt_handler_set)
    Region$$Table$$Base                      0x00021cdc   Number         0  anon$$obj.o(Region$$Table)
    Region$$Table$$Limit                     0x00021cfc   Number         0  anon$$obj.o(Region$$Table)
    m_adv_uuids                              0x20002802   Data           4  main.o(.data)
    SystemCoreClock                          0x20002908   Data           4  system_nrf52.o(.data)
    __initial_sp                             0x200050e8   Data           0  arm_startup_nrf52.o(STACK)



==============================================================================

Memory Map of the image

  Image Entry point : 0x0001f401

  Load Region LR_IROM1 (Base: 0x0001f000, Size: 0x00002e08, Max: 0x00061000, ABSOLUTE)

    Execution Region ER_IROM1 (Base: 0x0001f000, Size: 0x00002cfc, Max: 0x00061000, ABSOLUTE)

    Base Addr    Size         Type   Attr      Idx    E Section Name        Object

    0x0001f000   0x00000400   Data   RO         1772    RESET               arm_startup_nrf52.o
    0x0001f400   0x00000000   Code   RO         1813  * .ARM.Collect$$$$00000000  mc_w.l(entry.o)
    0x0001f400   0x00000004   Code   RO         1826    .ARM.Collect$$$$00000001  mc_w.l(entry2.o)
    0x0001f404   0x00000004   Code   RO         1829    .ARM.Collect$$$$00000004  mc_w.l(entry5.o)
    0x0001f408   0x00000000   Code   RO         1831    .ARM.Collect$$$$00000008  mc_w.l(entry7b.o)
    0x0001f408   0x00000000   Code   RO         1833    .ARM.Collect$$$$0000000A  mc_w.l(entry8b.o)
    0x0001f408   0x00000008   Code   RO         1834    .ARM.Collect$$$$0000000B  mc_w.l(entry9a.o)
    0x0001f410   0x00000000   Code   RO         1836    .ARM.Collect$$$$0000000D  mc_w.l(entry10a.o)
    0x0001f410   0x00000000   Code   RO         1838    .ARM.Collect$$$$0000000F  mc_w.l(entry11a.o)
    0x0001f410   0x00000004   Code   RO         1827    .ARM.Collect$$$$00002712  mc_w.l(entry2.o)
    0x0001f414   0x00000076   Code   RO         1474    .emb_text           app_timer.o
    0x0001f48a   0x00000002   PAD
    0x0001f48c   0x00000024   Code   RO         1773    .text               arm_startup_nrf52.o
    0x0001f4b0   0x00000024   Code   RO         1816    .text               mc_w.l(memcpya.o)
    0x0001f4d4   0x00000024   Code   RO         1818    .text               mc_w.l(memseta.o)
    0x0001f4f8   0x0000001a   Code   RO         1822    .text               mc_w.l(memcmp.o)
    0x0001f512   0x00000002   PAD
    0x0001f514   0x00000024   Code   RO         1840    .text               mc_w.l(init.o)
    0x0001f538   0x00000114   Code   RO          725    i.GPIOTE_IRQHandler  nrf_drv_gpiote.o
    0x0001f64c   0x00000016   Code   RO         1475    i.NVIC_ClearPendingIRQ  app_timer.o
    0x0001f662   0x00000016   Code   RO         1476    i.NVIC_EnableIRQ    app_timer.o
    0x0001f678   0x00000016   Code   RO         1477    i.NVIC_SetPendingIRQ  app_timer.o
    0x0001f68e   0x00000020   Code   RO         1478    i.NVIC_SetPriority  app_timer.o
    0x0001f6ae   0x00000002   PAD
    0x0001f6b0   0x00000024   Code   RO         1479    i.RTC1_IRQHandler   app_timer.o
    0x0001f6d4   0x00000054   Code   RO         1480    i.SWI0_EGU0_IRQHandler  app_timer.o
    0x0001f728   0x00000028   Code   RO         1711    i.SWI2_EGU2_IRQHandler  softdevice_handler.o
    0x0001f750   0x00000258   Code   RO         1781    i.SystemInit        system_nrf52.o
    0x0001f9a8   0x00000170   Code   RO          924    i.UARTE0_UART0_IRQHandler  nrf_drv_uart.o
    0x0001fb18   0x0000000e   Code   RO         1844    i.__scatterload_copy  mc_w.l(handlers.o)
    0x0001fb26   0x00000002   Code   RO         1845    i.__scatterload_null  mc_w.l(handlers.o)
    0x0001fb28   0x0000000e   Code   RO         1846    i.__scatterload_zeroinit  mc_w.l(handlers.o)
    0x0001fb36   0x00000202   Code   RO          334    i.adv_data_encode   ble_advdata.o
    0x0001fd38   0x00000020   Code   RO          229    i.alert_timer_handler  bsp.o
    0x0001fd58   0x00000024   Code   RO         1333    i.app_button_enable  app_button.o
    0x0001fd7c   0x00000074   Code   RO         1334    i.app_button_init   app_button.o
    0x0001fdf0   0x00000020   Code   RO         1396    i.app_error_handler  app_error.o
    0x0001fe10   0x00000044   Code   RO         1424    i.app_sched_event_get  app_scheduler.o
    0x0001fe54   0x000000f4   Code   RO         1425    i.app_sched_event_put  app_scheduler.o
    0x0001ff48   0x0000001e   Code   RO         1426    i.app_sched_execute  app_scheduler.o
    0x0001ff66   0x00000002   PAD
    0x0001ff68   0x0000002c   Code   RO         1427    i.app_sched_init    app_scheduler.o
    0x0001ff94   0x0000004c   Code   RO         1483    i.app_timer_create  app_timer.o
    0x0001ffe0   0x0000001c   Code   RO         1631    i.app_timer_evt_get  app_timer_appsh.o
    0x0001fffc   0x00000018   Code   RO         1632    i.app_timer_evt_schedule  app_timer_appsh.o
    0x00020014   0x000000b8   Code   RO         1484    i.app_timer_init    app_timer.o
    0x000200cc   0x0000008c   Code   RO         1485    i.app_timer_start   app_timer.o
    0x00020158   0x0000005c   Code   RO         1486    i.app_timer_stop    app_timer.o
    0x000201b4   0x00000068   Code   RO          335    i.ble_advdata_set   ble_advdata.o
    0x0002021c   0x0000011c   Code   RO          409    i.ble_advertising_init  ble_advertising.o
    0x00020338   0x00000080   Code   RO          410    i.ble_advertising_on_ble_evt  ble_advertising.o
    0x000203b8   0x00000034   Code   RO          411    i.ble_advertising_on_sys_evt  ble_advertising.o
    0x000203ec   0x00000010   Code   RO          413    i.ble_advertising_peer_address_clear  ble_advertising.o
    0x000203fc   0x000001d8   Code   RO          415    i.ble_advertising_start  ble_advertising.o
    0x000205d4   0x00000058   Code   RO          494    i.ble_conn_params_init  ble_conn_params.o
    0x0002062c   0x00000088   Code   RO          495    i.ble_conn_params_on_ble_evt  ble_conn_params.o
    0x000206b4   0x0000005e   Code   RO          336    i.ble_device_addr_encode  ble_advdata.o
    0x00020712   0x00000018   Code   RO            5    i.ble_evt_dispatch  main.o
    0x0002072a   0x00000002   PAD
    0x0002072c   0x00000060   Code   RO            6    i.ble_stack_init    main.o
    0x0002078c   0x000000a4   Code   RO          230    i.bsp_button_event_handler  bsp.o
    0x00020830   0x00000044   Code   RO          235    i.bsp_event_to_button_action_assign  bsp.o
    0x00020874   0x00000018   Code   RO          236    i.bsp_indication_set  bsp.o
    0x0002088c   0x000000a4   Code   RO          238    i.bsp_init          bsp.o
    0x00020930   0x000001dc   Code   RO          239    i.bsp_led_indication  bsp.o
    0x00020b0c   0x0000003c   Code   RO          240    i.bsp_wakeup_buttons_set  bsp.o
    0x00020b48   0x00000008   Code   RO          241    i.button_timer_handler  bsp.o
    0x00020b50   0x0000001c   Code   RO          726    i.channel_free      nrf_drv_gpiote.o
    0x00020b6c   0x0000004c   Code   RO          727    i.channel_port_alloc  nrf_drv_gpiote.o
    0x00020bb8   0x00000010   Code   RO          728    i.channel_port_get  nrf_drv_gpiote.o
    0x00020bc8   0x000000a8   Code   RO         1488    i.compare_reg_update  app_timer.o
    0x00020c70   0x00000088   Code   RO          337    i.conn_int_encode   ble_advdata.o
    0x00020cf8   0x00000008   Code   RO            7    i.conn_params_error_handler  main.o
    0x00020d00   0x00000054   Code   RO          497    i.conn_params_negotiation  ble_conn_params.o
    0x00020d54   0x00000060   Code   RO         1336    i.detection_delay_timeout_handler  app_button.o
    0x00020db4   0x00000040   Code   RO         1489    i.elapsed_ticks_acquire  app_timer.o
    0x00020df4   0x00000060   Code   RO         1490    i.expired_timers_handler  app_timer.o
    0x00020e54   0x0000004c   Code   RO         1337    i.gpiote_event_handler  app_button.o
    0x00020ea0   0x00000078   Code   RO         1712    i.intern_softdevice_events_execute  softdevice_handler.o
    0x00020f18   0x0000001c   Code   RO          498    i.is_conn_params_ok  ble_conn_params.o
    0x00020f34   0x00000054   Code   RO          338    i.le_role_encode    ble_advdata.o
    0x00020f88   0x00000014   Code   RO          242    i.leds_timer_handler  bsp.o
    0x00020f9c   0x000000a4   Code   RO         1491    i.list_deletions_handler  app_timer.o
    0x00021040   0x00000104   Code   RO         1492    i.list_insertions_handler  app_timer.o
    0x00021144   0x0000018c   Code   RO            8    i.main              main.o
    0x000212d0   0x00000064   Code   RO          339    i.manuf_specific_data_encode  ble_advdata.o
    0x00021334   0x0000009c   Code   RO          340    i.name_encode       ble_advdata.o
    0x000213d0   0x00000038   Code   RO          691    i.nrf_drv_common_irq_enable  nrf_drv_common.o
    0x00021408   0x00000094   Code   RO          731    i.nrf_drv_gpiote_in_event_enable  nrf_drv_gpiote.o
    0x0002149c   0x000000b8   Code   RO          732    i.nrf_drv_gpiote_in_init  nrf_drv_gpiote.o
    0x00021554   0x00000014   Code   RO          733    i.nrf_drv_gpiote_in_is_set  nrf_drv_gpiote.o
    0x00021568   0x00000050   Code   RO          735    i.nrf_drv_gpiote_init  nrf_drv_gpiote.o
    0x000215b8   0x00000010   Code   RO          736    i.nrf_drv_gpiote_is_init  nrf_drv_gpiote.o
    0x000215c8   0x00000022   Code   RO          748    i.nrf_gpio_cfg      nrf_drv_gpiote.o
    0x000215ea   0x0000001c   Code   RO          750    i.nrf_gpio_cfg_sense_set  nrf_drv_gpiote.o
    0x00021606   0x00000002   PAD
    0x00021608   0x00000014   Code   RO          751    i.nrf_gpiote_event_clear  nrf_drv_gpiote.o
    0x0002161c   0x00000010   Code   RO          752    i.nrf_gpiote_event_is_set  nrf_drv_gpiote.o
    0x0002162c   0x0000000a   Code   RO          939    i.nrf_uart_event_check  nrf_drv_uart.o
    0x00021636   0x0000000a   Code   RO          940    i.nrf_uarte_event_check  nrf_drv_uart.o
    0x00021640   0x00000044   Code   RO            9    i.on_adv_evt        main.o
    0x00021684   0x000000bc   Code   RO           10    i.on_ble_evt        main.o
    0x00021740   0x00000020   Code   RO           11    i.on_conn_params_evt  main.o
    0x00021760   0x00000014   Code   RO          417    i.peer_address_exists  ble_advertising.o
    0x00021774   0x00000018   Code   RO          753    i.pin_in_use_by_port  nrf_drv_gpiote.o
    0x0002178c   0x00000018   Code   RO          754    i.pin_in_use_by_te  nrf_drv_gpiote.o
    0x000217a4   0x00000024   Code   RO         1107    i.pstorage_access_status_get  pstorage.o
    0x000217c8   0x0000003c   Code   RO         1493    i.rtc1_stop         app_timer.o
    0x00021804   0x00000024   Code   RO          942    i.rx_byte           nrf_drv_uart.o
    0x00021828   0x00000024   Code   RO          943    i.rx_done_event     nrf_drv_uart.o
    0x0002184c   0x00000088   Code   RO          341    i.service_data_encode  ble_advdata.o
    0x000218d4   0x0000000c   Code   RO         1713    i.softdevice_assertion_handler  softdevice_handler.o
    0x000218e0   0x00000014   Code   RO         1714    i.softdevice_ble_evt_handler_set  softdevice_handler.o
    0x000218f4   0x00000030   Code   RO         1715    i.softdevice_handler_init  softdevice_handler.o
    0x00021924   0x00000014   Code   RO         1717    i.softdevice_sys_evt_handler_set  softdevice_handler.o
    0x00021938   0x00000004   Code   RO           12    i.sys_evt_dispatch  main.o
    0x0002193c   0x0000006c   Code   RO         1494    i.timer_list_insert  app_timer.o
    0x000219a8   0x0000007c   Code   RO         1495    i.timer_list_remove  app_timer.o
    0x00021a24   0x00000088   Code   RO         1496    i.timer_timeouts_check  app_timer.o
    0x00021aac   0x00000024   Code   RO          945    i.tx_byte           nrf_drv_uart.o
    0x00021ad0   0x00000024   Code   RO          946    i.tx_done_event     nrf_drv_uart.o
    0x00021af4   0x0000000a   Code   RO          342    i.uint16_encode     ble_advdata.o
    0x00021afe   0x00000002   PAD
    0x00021b00   0x00000060   Code   RO          499    i.update_timeout_handler  ble_conn_params.o
    0x00021b60   0x00000044   Code   RO         1497    i.user_id_get       app_timer.o
    0x00021ba4   0x00000026   Code   RO         1498    i.user_op_alloc     app_timer.o
    0x00021bca   0x00000030   Code   RO          343    i.uuid_list_encode  ble_advdata.o
    0x00021bfa   0x0000009e   Code   RO          344    i.uuid_list_sized_encode  ble_advdata.o
    0x00021c98   0x0000000e   Code   RO          418    i.whitelist_has_entries  ble_advertising.o
    0x00021ca6   0x00000002   PAD
    0x00021ca8   0x00000030   Data   RO          244    .constdata          bsp.o
    0x00021cd8   0x00000004   Data   RO         1338    .constdata          app_button.o
    0x00021cdc   0x00000020   Data   RO         1842    Region$$Table       anon$$obj.o


    Execution Region RW_IRAM1 (Base: 0x20002800, Size: 0x000028e8, Max: 0x00005800, ABSOLUTE)

    Base Addr    Size         Type   Attr      Idx    E Section Name        Object

    0x20002800   0x0000002c   Data   RW           14    .data               main.o
    0x2000282c   0x00000020   Data   RW          245    .data               bsp.o
    0x2000284c   0x0000001f   Data   RW          420    .data               ble_advertising.o
    0x2000286b   0x00000001   PAD
    0x2000286c   0x00000018   Data   RW          501    .data               ble_conn_params.o
    0x20002884   0x00000024   Data   RW         1131    .data               pstorage.o
    0x200028a8   0x00000018   Data   RW         1339    .data               app_button.o
    0x200028c0   0x00000010   Data   RW         1428    .data               app_scheduler.o
    0x200028d0   0x00000024   Data   RW         1499    .data               app_timer.o
    0x200028f4   0x00000014   Data   RW         1718    .data               softdevice_handler.o
    0x20002908   0x00000004   Data   RW         1782    .data               system_nrf52.o
    0x2000290c   0x000003cc   Zero   RW           13    .bss                main.o
    0x20002cd8   0x0000000c   Zero   RW          243    .bss                bsp.o
    0x20002ce4   0x00000103   Zero   RW          419    .bss                ble_advertising.o
    0x20002de7   0x00000001   PAD
    0x20002de8   0x0000001c   Zero   RW          500    .bss                ble_conn_params.o
    0x20002e04   0x00000058   Zero   RW          755    .bss                nrf_drv_gpiote.o
    0x20002e5c   0x00000018   Zero   RW          947    .bss                nrf_drv_uart.o
    0x20002e74   0x00000274   Zero   RW         1129    .bss                pstorage.o
    0x200030e8   0x00002000   Zero   RW         1770    STACK               arm_startup_nrf52.o


==============================================================================

Image component sizes


      Code (inc. data)   RO Data    RW Data    ZI Data      Debug   Object Name

       324         30          4         24          0       9190   app_button.o
        32          8          0          0          0      27731   app_error.o
       386         18          0         16          0      34234   app_scheduler.o
      2114        110          0         36          0      50751   app_timer.o
        52          6          0          0          0       2173   app_timer_appsh.o
         0          0          0          0          0       1412   app_uart.o
        36         10       1024          0       8192        896   arm_startup_nrf52.o
      1540          0          0          0          0      18788   ble_advdata.o
       986         36          0         31        259       8589   ble_advertising.o
       432         40          0         24         28      12196   ble_conn_params.o
      1016         94         48         32         12       9405   bsp.o
       816         68          0         44        972     101385   main.o
        56          0          0          0          0      28467   nrf_drv_common.o
       990         90          0          0         88      23032   nrf_drv_gpiote.o
       532         34          0          0         24      17878   nrf_drv_uart.o
        36          8          0         36        628       9329   pstorage.o
       260         32          0         20          0       7061   softdevice_handler.o
       600         40          0          4          0       2455   system_nrf52.o

    ----------------------------------------------------------------------
     10222        624       1108        268      10204     364972   Object Totals
         0          0         32          0          0          0   (incl. Generated)
        14          0          0          1          1          0   (incl. Padding)

    ----------------------------------------------------------------------

      Code (inc. data)   RO Data    RW Data    ZI Data      Debug   Library Member Name

         0          0          0          0          0          0   entry.o
         0          0          0          0          0          0   entry10a.o
         0          0          0          0          0          0   entry11a.o
         8          4          0          0          0          0   entry2.o
         4          0          0          0          0          0   entry5.o
         0          0          0          0          0          0   entry7b.o
         0          0          0          0          0          0   entry8b.o
         8          4          0          0          0          0   entry9a.o
        30          0          0          0          0          0   handlers.o
        36          8          0          0          0         68   init.o
        26          0          0          0          0         80   memcmp.o
        36          0          0          0          0         68   memcpya.o
        36          0          0          0          0        108   memseta.o

    ----------------------------------------------------------------------
       186         16          0          0          0        324   Library Totals
         2          0          0          0          0          0   (incl. Padding)

    ----------------------------------------------------------------------

      Code (inc. data)   RO Data    RW Data    ZI Data      Debug   Library Name

       184         16          0          0          0        324   mc_w.l

    ----------------------------------------------------------------------
       186         16          0          0          0        324   Library Totals

    ----------------------------------------------------------------------

==============================================================================


      Code (inc. data)   RO Data    RW Data    ZI Data      Debug   

     10408        640       1108        268      10204     355496   Grand Totals
     10408        640       1108        268      10204     355496   ELF Image Totals
     10408        640       1108        268          0          0   ROM Totals

==============================================================================

    Total RO  Size (Code + RO Data)                11516 (  11.25kB)
    Total RW  Size (RW Data + ZI Data)             10472 (  10.23kB)
    Total ROM Size (Code + RO Data + RW Data)      11784 (  11.51kB)

==============================================================================

