Component: ARM Compiler 5.06 update 1 (build 61) Tool: armlink [4d35a8]

==============================================================================

Section Cross References

    main.o(i.application_timers_start) refers to app_timer.o(i.app_timer_start) for app_timer_start
    main.o(i.application_timers_start) refers to app_error.o(i.app_error_handler) for app_error_handler
    main.o(i.application_timers_start) refers to main.o(.data) for .data
    main.o(i.assert_nrf_callback) refers to app_error.o(i.app_error_handler) for app_error_handler
    main.o(i.battery_level_meas_timeout_handler) refers to sensorsim.o(i.sensorsim_measure) for sensorsim_measure
    main.o(i.battery_level_meas_timeout_handler) refers to ble_bas.o(i.ble_bas_battery_level_update) for ble_bas_battery_level_update
    main.o(i.battery_level_meas_timeout_handler) refers to app_error.o(i.app_error_handler) for app_error_handler
    main.o(i.battery_level_meas_timeout_handler) refers to main.o(.bss) for .bss
    main.o(i.battery_level_meas_timeout_handler) refers to main.o(.data) for .data
    main.o(i.ble_evt_dispatch) refers to device_manager_peripheral.o(i.dm_ble_evt_handler) for dm_ble_evt_handler
    main.o(i.ble_evt_dispatch) refers to ble_hrs.o(i.ble_hrs_on_ble_evt) for ble_hrs_on_ble_evt
    main.o(i.ble_evt_dispatch) refers to ble_bas.o(i.ble_bas_on_ble_evt) for ble_bas_on_ble_evt
    main.o(i.ble_evt_dispatch) refers to ble_conn_params.o(i.ble_conn_params_on_ble_evt) for ble_conn_params_on_ble_evt
    main.o(i.ble_evt_dispatch) refers to bsp_btn_ble.o(i.bsp_btn_ble_on_ble_evt) for bsp_btn_ble_on_ble_evt
    main.o(i.ble_evt_dispatch) refers to bsp.o(i.bsp_indication_set) for bsp_indication_set
    main.o(i.ble_evt_dispatch) refers to app_error.o(i.app_error_handler) for app_error_handler
    main.o(i.ble_evt_dispatch) refers to ble_advertising.o(i.ble_advertising_on_ble_evt) for ble_advertising_on_ble_evt
    main.o(i.ble_evt_dispatch) refers to main.o(.bss) for .bss
    main.o(i.ble_evt_dispatch) refers to main.o(.data) for .data
    main.o(i.ble_stack_init) refers to softdevice_handler.o(i.softdevice_handler_init) for softdevice_handler_init
    main.o(i.ble_stack_init) refers to app_error.o(i.app_error_handler) for app_error_handler
    main.o(i.ble_stack_init) refers to softdevice_handler.o(i.softdevice_ble_evt_handler_set) for softdevice_ble_evt_handler_set
    main.o(i.ble_stack_init) refers to softdevice_handler.o(i.softdevice_sys_evt_handler_set) for softdevice_sys_evt_handler_set
    main.o(i.ble_stack_init) refers to main.o(.bss) for .bss
    main.o(i.ble_stack_init) refers to main.o(i.ble_evt_dispatch) for ble_evt_dispatch
    main.o(i.ble_stack_init) refers to main.o(i.sys_evt_dispatch) for sys_evt_dispatch
    main.o(i.bsp_event_handler) refers to main.o(i.sleep_mode_enter) for sleep_mode_enter
    main.o(i.bsp_event_handler) refers to app_error.o(i.app_error_handler) for app_error_handler
    main.o(i.bsp_event_handler) refers to ble_advertising.o(i.ble_advertising_restart_without_whitelist) for ble_advertising_restart_without_whitelist
    main.o(i.bsp_event_handler) refers to main.o(.data) for .data
    main.o(i.conn_params_error_handler) refers to app_error.o(i.app_error_handler) for app_error_handler
    main.o(i.device_manager_evt_handler) refers to app_error.o(i.app_error_handler) for app_error_handler
    main.o(i.device_manager_init) refers to pstorage.o(i.pstorage_init) for pstorage_init
    main.o(i.device_manager_init) refers to app_error.o(i.app_error_handler) for app_error_handler
    main.o(i.device_manager_init) refers to device_manager_peripheral.o(i.dm_init) for dm_init
    main.o(i.device_manager_init) refers to device_manager_peripheral.o(i.dm_register) for dm_register
    main.o(i.device_manager_init) refers to main.o(i.device_manager_evt_handler) for device_manager_evt_handler
    main.o(i.device_manager_init) refers to main.o(.data) for .data
    main.o(i.gap_params_init) refers to app_error.o(i.app_error_handler) for app_error_handler
    main.o(i.heart_rate_meas_timeout_handler) refers to sensorsim.o(i.sensorsim_measure) for sensorsim_measure
    main.o(i.heart_rate_meas_timeout_handler) refers to ble_hrs.o(i.ble_hrs_heart_rate_measurement_send) for ble_hrs_heart_rate_measurement_send
    main.o(i.heart_rate_meas_timeout_handler) refers to app_error.o(i.app_error_handler) for app_error_handler
    main.o(i.heart_rate_meas_timeout_handler) refers to main.o(.bss) for .bss
    main.o(i.heart_rate_meas_timeout_handler) refers to main.o(.data) for .data
    main.o(i.main) refers to main.o(i.timers_init) for timers_init
    main.o(i.main) refers to bsp.o(i.bsp_init) for bsp_init
    main.o(i.main) refers to app_error.o(i.app_error_handler) for app_error_handler
    main.o(i.main) refers to bsp_btn_ble.o(i.bsp_btn_ble_init) for bsp_btn_ble_init
    main.o(i.main) refers to main.o(i.ble_stack_init) for ble_stack_init
[...]
    i.ble_bas_init                           0x000207b8   Section        0  ble_bas.o(i.ble_bas_init)
    i.ble_bas_on_ble_evt                     0x000207f4   Section        0  ble_bas.o(i.ble_bas_on_ble_evt)
    i.ble_conn_params_init                   0x00020844   Section        0  ble_conn_params.o(i.ble_conn_params_init)
    i.ble_conn_params_on_ble_evt             0x0002089c   Section        0  ble_conn_params.o(i.ble_conn_params_on_ble_evt)
    i.ble_device_addr_encode                 0x00020924   Section        0  ble_advdata.o(i.ble_device_addr_encode)
    ble_device_addr_encode                   0x00020925   Thumb Code    94  ble_advdata.o(i.ble_device_addr_encode)
    i.ble_dis_init                           0x00020984   Section        0  ble_dis.o(i.ble_dis_init)
    i.ble_evt_dispatch                       0x00020ab0   Section        0  main.o(i.ble_evt_dispatch)
    ble_evt_dispatch                         0x00020ab1   Thumb Code    88  main.o(i.ble_evt_dispatch)
    i.ble_hrs_heart_rate_measurement_send    0x00020b10   Section        0  ble_hrs.o(i.ble_hrs_heart_rate_measurement_send)
    i.ble_hrs_init                           0x00020b6c   Section        0  ble_hrs.o(i.ble_hrs_init)
    i.ble_hrs_on_ble_evt                     0x00020bc4   Section        0  ble_hrs.o(i.ble_hrs_on_ble_evt)
    i.ble_hrs_rr_interval_add                0x00020c0e   Section        0  ble_hrs.o(i.ble_hrs_rr_interval_add)
    i.ble_hrs_sensor_contact_detected_update 0x00020c44   Section        0  ble_hrs.o(i.ble_hrs_sensor_contact_detected_update)
    i.ble_srv_ascii_to_utf8                  0x00020c4a   Section        0  ble_srv_common.o(i.ble_srv_ascii_to_utf8)
    i.ble_srv_report_ref_encode              0x00020c5c   Section        0  ble_srv_common.o(i.ble_srv_report_ref_encode)
    i.ble_stack_init                         0x00020c68   Section        0  main.o(i.ble_stack_init)
    ble_stack_init                           0x00020c69   Thumb Code    86  main.o(i.ble_stack_init)
    i.body_sensor_location_char_add          0x00020ccc   Section        0  ble_hrs.o(i.body_sensor_location_char_add)
    body_sensor_location_char_add            0x00020ccd   Thumb Code   134  ble_hrs.o(i.body_sensor_location_char_add)
    i.bond_data_load                         0x00020d54   Section        0  device_manager_peripheral.o(i.bond_data_load)
    i.bsp_btn_ble_init                       0x00020d9c   Section        0  bsp_btn_ble.o(i.bsp_btn_ble_init)
    i.bsp_btn_ble_on_ble_evt                 0x00020de8   Section        0  bsp_btn_ble.o(i.bsp_btn_ble_on_ble_evt)
    i.bsp_btn_ble_sleep_mode_prepare         0x00020e58   Section        0  bsp_btn_ble.o(i.bsp_btn_ble_sleep_mode_prepare)
    i.bsp_button_event_handler               0x00020e6c   Section        0  bsp.o(i.bsp_button_event_handler)
    bsp_button_event_handler                 0x00020e6d   Thumb Code   150  bsp.o(i.bsp_button_event_handler)
    i.bsp_button_is_pressed                  0x00020f10   Section        0  bsp.o(i.bsp_button_is_pressed)
    i.bsp_event_handler                      0x00020f3c   Section        0  main.o(i.bsp_event_handler)
    i.bsp_event_to_button_action_assign      0x00020f7c   Section        0  bsp.o(i.bsp_event_to_button_action_assign)
    i.bsp_indication_set                     0x00020fc0   Section        0  bsp.o(i.bsp_indication_set)
    i.bsp_init                               0x00020fd8   Section        0  bsp.o(i.bsp_init)
    i.bsp_led_indication                     0x0002107c   Section        0  bsp.o(i.bsp_led_indication)
    bsp_led_indication                       0x0002107d   Thumb Code   468  bsp.o(i.bsp_led_indication)
    i.bsp_wakeup_buttons_set                 0x00021258   Section        0  bsp.o(i.bsp_wakeup_buttons_set)
    i.button_timer_handler                   0x00021294   Section        0  bsp.o(i.button_timer_handler)
    button_timer_handler                     0x00021295   Thumb Code     8  bsp.o(i.button_timer_handler)
    i.channel_free                           0x0002129c   Section        0  nrf_drv_gpiote.o(i.channel_free)
    channel_free                             0x0002129d   Thumb Code    24  nrf_drv_gpiote.o(i.channel_free)
    i.channel_port_alloc                     0x000212b8   Section        0  nrf_drv_gpiote.o(i.channel_port_alloc)
    channel_port_alloc                       0x000212b9   Thumb Code    70  nrf_drv_gpiote.o(i.channel_port_alloc)
    i.channel_port_get                       0x00021304   Section        0  nrf_drv_gpiote.o(i.channel_port_get)
    channel_port_get                         0x00021305   Thumb Code    10  nrf_drv_gpiote.o(i.channel_port_get)
    i.char_add                               0x00021314   Section        0  ble_dis.o(i.char_add)
    char_add                                 0x00021315   Thumb Code   164  ble_dis.o(i.char_add)
    i.clear_operation_execute                0x000213bc   Section        0  pstorage.o(i.clear_operation_execute)
    clear_operation_execute                  0x000213bd   Thumb Code   244  pstorage.o(i.clear_operation_execute)
    i.clear_post_processing_run              0x000214b8   Section        0  pstorage.o(i.clear_post_processing_run)
    clear_post_processing_run                0x000214b9   Thumb Code    28  pstorage.o(i.clear_post_processing_run)
    i.cmd_process                            0x000214d8   Section        0  pstorage.o(i.cmd_process)
    cmd_process                              0x000214d9   Thumb Code    44  pstorage.o(i.cmd_process)
    i.cmd_queue_element_init                 0x0002150c   Section        0  pstorage.o(i.cmd_queue_element_init)
    cmd_queue_element_init                   0x0002150d   Thumb Code    28  pstorage.o(i.cmd_queue_element_init)
    i.cmd_queue_enqueue                      0x0002152c   Section        0  pstorage.o(i.cmd_queue_enqueue)
    cmd_queue_enqueue                        0x0002152d   Thumb Code    74  pstorage.o(i.cmd_queue_enqueue)
    i.command_end_procedure_run              0x00021580   Section        0  pstorage.o(i.command_end_procedure_run)
    command_end_procedure_run                0x00021581   Thumb Code    60  pstorage.o(i.command_end_procedure_run)
    i.compare_reg_update                     0x000215c0   Section        0  app_timer.o(i.compare_reg_update)
    compare_reg_update                       0x000215c1   Thumb Code   156  app_timer.o(i.compare_reg_update)
    i.conn_int_encode                        0x00021668   Section        0  ble_advdata.o(i.conn_int_encode)
    conn_int_encode                          0x00021669   Thumb Code   136  ble_advdata.o(i.conn_int_encode)
    i.conn_params_error_handler              0x000216f0   Section        0  main.o(i.conn_params_error_handler)
    conn_params_error_handler                0x000216f1   Thumb Code     8  main.o(i.conn_params_error_handler)
    i.conn_params_negotiation                0x000216f8   Section        0  ble_conn_params.o(i.conn_params_negotiation)
    conn_params_negotiation                  0x000216f9   Thumb Code    76  ble_conn_params.o(i.conn_params_negotiation)
    i.connection_instance_find               0x0002174c   Section        0  device_manager_peripheral.o(i.connection_instance_find)
    connection_instance_find                 0x0002174d   Thumb Code    40  device_manager_peripheral.o(i.connection_instance_find)
    i.connection_instance_init               0x00021778   Section        0  device_manager_peripheral.o(i.connection_instance_init)
    connection_instance_init                 0x00021779   Thumb Code    34  device_manager_peripheral.o(i.connection_instance_init)
    i.data_page_erase_state_run              0x000217a0   Section        0  pstorage.o(i.data_page_erase_state_run)
    data_page_erase_state_run                0x000217a1   Thumb Code    80  pstorage.o(i.data_page_erase_state_run)
    i.data_to_swap_write_state_run           0x000217f4   Section        0  pstorage.o(i.data_to_swap_write_state_run)
    data_to_swap_write_state_run             0x000217f5   Thumb Code    28  pstorage.o(i.data_to_swap_write_state_run)
    i.detection_delay_timeout_handler        0x00021814   Section        0  app_button.o(i.detection_delay_timeout_handler)
    detection_delay_timeout_handler          0x00021815   Thumb Code    92  app_button.o(i.detection_delay_timeout_handler)
    i.device_context_store                   0x00021874   Section        0  device_manager_peripheral.o(i.device_context_store)
    device_context_store                     0x00021875   Thumb Code   162  device_manager_peripheral.o(i.device_context_store)
    i.device_instance_find                   0x00021934   Section        0  device_manager_peripheral.o(i.device_instance_find)
    device_instance_find                     0x00021935   Thumb Code    66  device_manager_peripheral.o(i.device_instance_find)
    i.device_instance_free                   0x0002197c   Section        0  device_manager_peripheral.o(i.device_instance_free)
    device_instance_free                     0x0002197d   Thumb Code    40  device_manager_peripheral.o(i.device_instance_free)
    i.device_manager_evt_handler             0x000219a8   Section        0  main.o(i.device_manager_evt_handler)
    device_manager_evt_handler               0x000219a9   Thumb Code    18  main.o(i.device_manager_evt_handler)
    i.device_manager_init                    0x000219bc   Section        0  main.o(i.device_manager_init)
    device_manager_init                      0x000219bd   Thumb Code   112  main.o(i.device_manager_init)
    i.dm_ble_evt_handler                     0x00021a34   Section        0  device_manager_peripheral.o(i.dm_ble_evt_handler)
    i.dm_handle_initialize                   0x00021e90   Section        0  device_manager_peripheral.o(i.dm_handle_initialize)
    i.dm_init                                0x00021ea8   Section        0  device_manager_peripheral.o(i.dm_init)
    i.dm_pstorage_cb_handler                 0x00021f70   Section        0  device_manager_peripheral.o(i.dm_pstorage_cb_handler)
    dm_pstorage_cb_handler                   0x00021f71   Thumb Code   382  device_manager_peripheral.o(i.dm_pstorage_cb_handler)
    i.dm_register                            0x00022100   Section        0  device_manager_peripheral.o(i.dm_register)
    i.elapsed_ticks_acquire                  0x00022168   Section        0  app_timer.o(i.elapsed_ticks_acquire)
    elapsed_ticks_acquire                    0x00022169   Thumb Code    58  app_timer.o(i.elapsed_ticks_acquire)
    i.expired_timers_handler                 0x000221a8   Section        0  app_timer.o(i.expired_timers_handler)
    expired_timers_handler                   0x000221a9   Thumb Code    92  app_timer.o(i.expired_timers_handler)
    i.flash_api_err_code_process             0x00022208   Section        0  pstorage.o(i.flash_api_err_code_process)
    flash_api_err_code_process               0x00022209   Thumb Code    24  pstorage.o(i.flash_api_err_code_process)
    i.flash_operation_success_run            0x00022224   Section        0  pstorage.o(i.flash_operation_success_run)
    flash_operation_success_run              0x00022225   Thumb Code   126  pstorage.o(i.flash_operation_success_run)
    i.flash_page_erase                       0x000222b0   Section        0  pstorage.o(i.flash_page_erase)
    flash_page_erase                         0x000222b1   Thumb Code     6  pstorage.o(i.flash_page_erase)
    i.flash_write                            0x000222b6   Section        0  pstorage.o(i.flash_write)
    flash_write                              0x000222b7   Thumb Code     6  pstorage.o(i.flash_write)
    i.gap_params_init                        0x000222bc   Section        0  main.o(i.gap_params_init)
    gap_params_init                          0x000222bd   Thumb Code   108  main.o(i.gap_params_init)
    i.gattc_context_apply                    0x00022334   Section        0  device_manager_peripheral.o(i.gattc_context_apply)
    gattc_context_apply                      0x00022335   Thumb Code     4  device_manager_peripheral.o(i.gattc_context_apply)
    i.gattc_context_load                     0x00022338   Section        0  device_manager_peripheral.o(i.gattc_context_load)
    gattc_context_load                       0x00022339   Thumb Code     4  device_manager_peripheral.o(i.gattc_context_load)
    i.gattc_context_store                    0x0002233c   Section        0  device_manager_peripheral.o(i.gattc_context_store)
    gattc_context_store                      0x0002233d   Thumb Code     4  device_manager_peripheral.o(i.gattc_context_store)
    i.gatts_context_apply                    0x00022340   Section        0  device_manager_peripheral.o(i.gatts_context_apply)
    gatts_context_apply                      0x00022341   Thumb Code   172  device_manager_peripheral.o(i.gatts_context_apply)
    i.gatts_context_load                     0x000223f0   Section        0  device_manager_peripheral.o(i.gatts_context_load)
    gatts_context_load                       0x000223f1   Thumb Code    50  device_manager_peripheral.o(i.gatts_context_load)
    i.gatts_context_store                    0x00022428   Section        0  device_manager_peripheral.o(i.gatts_context_store)
    gatts_context_store                      0x00022429   Thumb Code   186  device_manager_peripheral.o(i.gatts_context_store)
    i.gattsc_context_apply                   0x000224f0   Section        0  device_manager_peripheral.o(i.gattsc_context_apply)
    gattsc_context_apply                     0x000224f1   Thumb Code     4  device_manager_peripheral.o(i.gattsc_context_apply)
    i.gattsc_context_load                    0x000224f4   Section        0  device_manager_peripheral.o(i.gattsc_context_load)
    gattsc_context_load                      0x000224f5   Thumb Code     4  device_manager_peripheral.o(i.gattsc_context_load)
    i.gattsc_context_store                   0x000224f8   Section        0  device_manager_peripheral.o(i.gattsc_context_store)
    gattsc_context_store                     0x000224f9   Thumb Code     4  device_manager_peripheral.o(i.gattsc_context_store)
    i.gpiote_event_handler                   0x000224fc   Section        0  app_button.o(i.gpiote_event_handler)
    gpiote_event_handler                     0x000224fd   Thumb Code    72  app_button.o(i.gpiote_event_handler)
    i.head_restore_state_run                 0x00022548   Section        0  pstorage.o(i.head_restore_state_run)
    head_restore_state_run                   0x00022549   Thumb Code   110  pstorage.o(i.head_restore_state_run)
    i.heart_rate_meas_timeout_handler        0x000225c0   Section        0  main.o(i.heart_rate_meas_timeout_handler)
    heart_rate_meas_timeout_handler          0x000225c1   Thumb Code    80  main.o(i.heart_rate_meas_timeout_handler)
    i.heart_rate_measurement_char_add        0x00022618   Section        0  ble_hrs.o(i.heart_rate_measurement_char_add)
    heart_rate_measurement_char_add          0x00022619   Thumb Code   194  ble_hrs.o(i.heart_rate_measurement_char_add)
    i.hrm_encode                             0x000226da   Section        0  ble_hrs.o(i.hrm_encode)
    hrm_encode                               0x000226db   Thumb Code   146  ble_hrs.o(i.hrm_encode)
    i.intern_softdevice_events_execute       0x0002276c   Section        0  softdevice_handler.o(i.intern_softdevice_events_execute)
    i.is_conn_params_ok                      0x000227e4   Section        0  ble_conn_params.o(i.is_conn_params_ok)
    is_conn_params_ok                        0x000227e5   Thumb Code    24  ble_conn_params.o(i.is_conn_params_ok)
    i.is_page_erase_required                 0x00022800   Section        0  pstorage.o(i.is_page_erase_required)
    is_page_erase_required                   0x00022801   Thumb Code    60  pstorage.o(i.is_page_erase_required)
    i.is_word_aligned                        0x00022844   Section        0  pstorage.o(i.is_word_aligned)
    is_word_aligned                          0x00022845   Thumb Code    12  pstorage.o(i.is_word_aligned)
    i.le_role_encode                         0x00022850   Section        0  ble_advdata.o(i.le_role_encode)
    le_role_encode                           0x00022851   Thumb Code    84  ble_advdata.o(i.le_role_encode)
    i.leds_timer_handler                     0x000228a4   Section        0  bsp.o(i.leds_timer_handler)
    leds_timer_handler                       0x000228a5   Thumb Code    16  bsp.o(i.leds_timer_handler)
    i.list_deletions_handler                 0x000228b8   Section        0  app_timer.o(i.list_deletions_handler)
    list_deletions_handler                   0x000228b9   Thumb Code   158  app_timer.o(i.list_deletions_handler)
    i.list_insertions_handler                0x0002295c   Section        0  app_timer.o(i.list_insertions_handler)
    list_insertions_handler                  0x0002295d   Thumb Code   252  app_timer.o(i.list_insertions_handler)
    i.main                                   0x00022a60   Section        0  main.o(i.main)
    i.main_state_err_busy_process            0x00022b78   Section        0  pstorage.o(i.main_state_err_busy_process)
    main_state_err_busy_process              0x00022b79   Thumb Code    16  pstorage.o(i.main_state_err_busy_process)
    i.manuf_specific_data_encode             0x00022b8c   Section        0  ble_advdata.o(i.manuf_specific_data_encode)
    manuf_specific_data_encode               0x00022b8d   Thumb Code   100  ble_advdata.o(i.manuf_specific_data_encode)
    i.name_encode                            0x00022bf0   Section        0  ble_advdata.o(i.name_encode)
    name_encode                              0x00022bf1   Thumb Code   156  ble_advdata.o(i.name_encode)
    i.no_service_context_apply               0x00022c8c   Section        0  device_manager_peripheral.o(i.no_service_context_apply)
    no_service_context_apply                 0x00022c8d   Thumb Code     4  device_manager_peripheral.o(i.no_service_context_apply)
    i.no_service_context_load                0x00022c90   Section        0  device_manager_peripheral.o(i.no_service_context_load)
    no_service_context_load                  0x00022c91   Thumb Code     4  device_manager_peripheral.o(i.no_service_context_load)
    i.no_service_context_store               0x00022c94   Section        0  device_manager_peripheral.o(i.no_service_context_store)
    no_service_context_store                 0x00022c95   Thumb Code     4  device_manager_peripheral.o(i.no_service_context_store)
    i.nrf_drv_common_irq_enable              0x00022c98   Section        0  nrf_drv_common.o(i.nrf_drv_common_irq_enable)
    i.nrf_drv_gpiote_in_event_enable         0x00022cd0   Section        0  nrf_drv_gpiote.o(i.nrf_drv_gpiote_in_event_enable)
    i.nrf_drv_gpiote_in_init                 0x00022d64   Section        0  nrf_drv_gpiote.o(i.nrf_drv_gpiote_in_init)
    i.nrf_drv_gpiote_in_is_set               0x00022e1c   Section        0  nrf_drv_gpiote.o(i.nrf_drv_gpiote_in_is_set)
    i.nrf_drv_gpiote_init                    0x00022e30   Section        0  nrf_drv_gpiote.o(i.nrf_drv_gpiote_init)
    i.nrf_drv_gpiote_is_init                 0x00022e80   Section        0  nrf_drv_gpiote.o(i.nrf_drv_gpiote_is_init)
    i.nrf_gpio_cfg                           0x00022e90   Section        0  nrf_drv_gpiote.o(i.nrf_gpio_cfg)
    nrf_gpio_cfg                             0x00022e91   Thumb Code    34  nrf_drv_gpiote.o(i.nrf_gpio_cfg)
    i.nrf_gpio_cfg_sense_set                 0x00022eb2   Section        0  nrf_drv_gpiote.o(i.nrf_gpio_cfg_sense_set)
    nrf_gpio_cfg_sense_set                   0x00022eb3   Thumb Code    28  nrf_drv_gpiote.o(i.nrf_gpio_cfg_sense_set)
    i.nrf_gpiote_event_clear                 0x00022ed0   Section        0  nrf_drv_gpiote.o(i.nrf_gpiote_event_clear)
    nrf_gpiote_event_clear                   0x00022ed1   Thumb Code    16  nrf_drv_gpiote.o(i.nrf_gpiote_event_clear)
    i.nrf_gpiote_event_is_set                0x00022ee4   Section        0  nrf_drv_gpiote.o(i.nrf_gpiote_event_is_set)
    nrf_gpiote_event_is_set                  0x00022ee5   Thumb Code    12  nrf_drv_gpiote.o(i.nrf_gpiote_event_is_set)
    i.nrf_uart_event_check                   0x00022ef4   Section        0  nrf_drv_uart.o(i.nrf_uart_event_check)
    nrf_uart_event_check                     0x00022ef5   Thumb Code    10  nrf_drv_uart.o(i.nrf_uart_event_check)
    i.nrf_uarte_event_check                  0x00022efe   Section        0  nrf_drv_uart.o(i.nrf_uarte_event_check)
    nrf_uarte_event_check                    0x00022eff   Thumb Code    10  nrf_drv_uart.o(i.nrf_uarte_event_check)
    i.on_adv_evt                             0x00022f08   Section        0  main.o(i.on_adv_evt)
    on_adv_evt                               0x00022f09   Thumb Code    40  main.o(i.on_adv_evt)
    i.on_conn_params_evt                     0x00022f30   Section        0  main.o(i.on_conn_params_evt)
    on_conn_params_evt                       0x00022f31   Thumb Code    28  main.o(i.on_conn_params_evt)
    i.peer_address_exists                    0x00022f50   Section        0  ble_advertising.o(i.peer_address_exists)
    peer_address_exists                      0x00022f51   Thumb Code    20  ble_advertising.o(i.peer_address_exists)
    i.peer_instance_init                     0x00022f64   Section        0  device_manager_peripheral.o(i.peer_instance_init)
    peer_instance_init                       0x00022f65   Thumb Code    60  device_manager_peripheral.o(i.peer_instance_init)
    i.pin_in_use_by_port                     0x00022fa4   Section        0  nrf_drv_gpiote.o(i.pin_in_use_by_port)
    pin_in_use_by_port                       0x00022fa5   Thumb Code    20  nrf_drv_gpiote.o(i.pin_in_use_by_port)
    i.pin_in_use_by_te                       0x00022fbc   Section        0  nrf_drv_gpiote.o(i.pin_in_use_by_te)
    pin_in_use_by_te                         0x00022fbd   Thumb Code    20  nrf_drv_gpiote.o(i.pin_in_use_by_te)
    i.pnp_id_encode                          0x00022fd4   Section        0  ble_dis.o(i.pnp_id_encode)
    pnp_id_encode                            0x00022fd5   Thumb Code    60  ble_dis.o(i.pnp_id_encode)
    i.pstorage_access_status_get             0x00023010   Section        0  pstorage.o(i.pstorage_access_status_get)
    i.pstorage_block_identifier_get          0x00023034   Section        0  pstorage.o(i.pstorage_block_identifier_get)
    i.pstorage_clear                         0x00023080   Section        0  pstorage.o(i.pstorage_clear)
    i.pstorage_flash_page_end                0x00023114   Section        0  pstorage.o(i.pstorage_flash_page_end)
    pstorage_flash_page_end                  0x00023115   Thumb Code     8  pstorage.o(i.pstorage_flash_page_end)
    i.pstorage_flash_page_size               0x0002311c   Section        0  pstorage.o(i.pstorage_flash_page_size)
    pstorage_flash_page_size                 0x0002311d   Thumb Code    10  pstorage.o(i.pstorage_flash_page_size)
    i.pstorage_init                          0x00023128   Section        0  pstorage.o(i.pstorage_init)
    i.pstorage_load                          0x00023174   Section        0  pstorage.o(i.pstorage_load)
    i.pstorage_register                      0x00023210   Section        0  pstorage.o(i.pstorage_register)
    i.pstorage_store                         0x000232c4   Section        0  pstorage.o(i.pstorage_store)
    i.pstorage_sys_event_handler             0x00023344   Section        0  pstorage.o(i.pstorage_sys_event_handler)
    i.pstorage_update                        0x0002338c   Section        0  pstorage.o(i.pstorage_update)
    i.rr_interval_timeout_handler            0x0002340c   Section        0  main.o(i.rr_interval_timeout_handler)
    rr_interval_timeout_handler              0x0002340d   Thumb Code    36  main.o(i.rr_interval_timeout_handler)
    i.rtc1_stop                              0x00023438   Section        0  app_timer.o(i.rtc1_stop)
    rtc1_stop                                0x00023439   Thumb Code    52  app_timer.o(i.rtc1_stop)
    i.rx_byte                                0x00023474   Section        0  nrf_drv_uart.o(i.rx_byte)
    rx_byte                                  0x00023475   Thumb Code    28  nrf_drv_uart.o(i.rx_byte)
    i.rx_done_event                          0x00023498   Section        0  nrf_drv_uart.o(i.rx_done_event)
    rx_done_event                            0x00023499   Thumb Code    32  nrf_drv_uart.o(i.rx_done_event)
    i.sensor_contact_detected_timeout_handler 0x000234bc   Section        0  main.o(i.sensor_contact_detected_timeout_handler)
    sensor_contact_detected_timeout_handler  0x000234bd   Thumb Code    16  main.o(i.sensor_contact_detected_timeout_handler)
    i.sensor_simulator_init                  0x000234d4   Section        0  main.o(i.sensor_simulator_init)
    sensor_simulator_init                    0x000234d5   Thumb Code    88  main.o(i.sensor_simulator_init)
    i.sensorsim_init                         0x00023534   Section        0  sensorsim.o(i.sensorsim_init)
    i.sensorsim_measure                      0x0002354a   Section        0  sensorsim.o(i.sensorsim_measure)
    i.service_data_encode                    0x00023580   Section        0  ble_advdata.o(i.service_data_encode)
    service_data_encode                      0x00023581   Thumb Code   136  ble_advdata.o(i.service_data_encode)
    i.services_init                          0x00023608   Section        0  main.o(i.services_init)
    services_init                            0x00023609   Thumb Code   310  main.o(i.services_init)
    i.sleep_mode_enter                       0x00023758   Section        0  main.o(i.sleep_mode_enter)
    sleep_mode_enter                         0x00023759   Thumb Code    52  main.o(i.sleep_mode_enter)
    i.sm_state_change                        0x0002378c   Section        0  pstorage.o(i.sm_state_change)
    sm_state_change                          0x0002378d   Thumb Code    52  pstorage.o(i.sm_state_change)
    i.softdevice_assertion_handler           0x000237c8   Section        0  softdevice_handler.o(i.softdevice_assertion_handler)
    i.softdevice_ble_evt_handler_set         0x000237d4   Section        0  softdevice_handler.o(i.softdevice_ble_evt_handler_set)
    i.softdevice_handler_init                0x000237e8   Section        0  softdevice_handler.o(i.softdevice_handler_init)
    i.softdevice_sys_evt_handler_set         0x00023818   Section        0  softdevice_handler.o(i.softdevice_sys_evt_handler_set)
    i.state_data_erase_swap_entry_run        0x0002382c   Section        0  pstorage.o(i.state_data_erase_swap_entry_run)
    state_data_erase_swap_entry_run          0x0002382d   Thumb Code    96  pstorage.o(i.state_data_erase_swap_entry_run)
    i.state_erase_data_page_entry_run        0x00023894   Section        0  pstorage.o(i.state_erase_data_page_entry_run)
    state_erase_data_page_entry_run          0x00023895   Thumb Code     8  pstorage.o(i.state_erase_data_page_entry_run)
    i.state_restore_head_entry_run           0x000238a0   Section        0  pstorage.o(i.state_restore_head_entry_run)
    state_restore_head_entry_run             0x000238a1   Thumb Code    38  pstorage.o(i.state_restore_head_entry_run)
    i.state_restore_tail_entry_run           0x000238cc   Section        0  pstorage.o(i.state_restore_tail_entry_run)
    state_restore_tail_entry_run             0x000238cd   Thumb Code    72  pstorage.o(i.state_restore_tail_entry_run)
    i.state_swap_erase_entry_run             0x0002391c   Section        0  pstorage.o(i.state_swap_erase_entry_run)
    state_swap_erase_entry_run               0x0002391d   Thumb Code    30  pstorage.o(i.state_swap_erase_entry_run)
    i.state_write_data_swap_entry_run        0x0002393c   Section        0  pstorage.o(i.state_write_data_swap_entry_run)
    state_write_data_swap_entry_run          0x0002393d   Thumb Code    44  pstorage.o(i.state_write_data_swap_entry_run)
    i.storage_operation_dummy_handler        0x0002396c   Section        0  device_manager_peripheral.o(i.storage_operation_dummy_handler)
    storage_operation_dummy_handler          0x0002396d   Thumb Code     4  device_manager_peripheral.o(i.storage_operation_dummy_handler)
    i.store_cmd_flash_write_execute          0x00023970   Section        0  pstorage.o(i.store_cmd_flash_write_execute)
    store_cmd_flash_write_execute            0x00023971   Thumb Code    84  pstorage.o(i.store_cmd_flash_write_execute)
    i.swap_erase_state_run                   0x000239cc   Section        0  pstorage.o(i.swap_erase_state_run)
    swap_erase_state_run                     0x000239cd   Thumb Code    18  pstorage.o(i.swap_erase_state_run)
    i.swap_sub_state_err_busy_process        0x000239e4   Section        0  pstorage.o(i.swap_sub_state_err_busy_process)
    swap_sub_state_err_busy_process          0x000239e5   Thumb Code    16  pstorage.o(i.swap_sub_state_err_busy_process)
    i.swap_sub_state_state_change            0x000239f8   Section        0  pstorage.o(i.swap_sub_state_state_change)
    swap_sub_state_state_change              0x000239f9   Thumb Code    12  pstorage.o(i.swap_sub_state_state_change)
    i.sys_evt_dispatch                       0x00023a0c   Section        0  main.o(i.sys_evt_dispatch)
    sys_evt_dispatch                         0x00023a0d   Thumb Code    18  main.o(i.sys_evt_dispatch)
    i.sys_id_encode                          0x00023a1e   Section        0  ble_dis.o(i.sys_id_encode)
    sys_id_encode                            0x00023a1f   Thumb Code    74  ble_dis.o(i.sys_id_encode)
    i.tail_restore_state_run                 0x00023a68   Section        0  pstorage.o(i.tail_restore_state_run)
    tail_restore_state_run                   0x00023a69   Thumb Code    16  pstorage.o(i.tail_restore_state_run)
    i.timer_list_insert                      0x00023a7c   Section        0  app_timer.o(i.timer_list_insert)
    timer_list_insert                        0x00023a7d   Thumb Code   104  app_timer.o(i.timer_list_insert)
    i.timer_list_remove                      0x00023ae8   Section        0  app_timer.o(i.timer_list_remove)
    timer_list_remove                        0x00023ae9   Thumb Code   114  app_timer.o(i.timer_list_remove)
    i.timer_timeouts_check                   0x00023b64   Section        0  app_timer.o(i.timer_timeouts_check)
    timer_timeouts_check                     0x00023b65   Thumb Code   128  app_timer.o(i.timer_timeouts_check)
    i.timers_init                            0x00023bec   Section        0  main.o(i.timers_init)
    timers_init                              0x00023bed   Thumb Code   120  main.o(i.timers_init)
    i.tx_byte                                0x00023c7c   Section        0  nrf_drv_uart.o(i.tx_byte)
    tx_byte                                  0x00023c7d   Thumb Code    28  nrf_drv_uart.o(i.tx_byte)
    i.tx_done_event                          0x00023ca0   Section        0  nrf_drv_uart.o(i.tx_done_event)
    tx_done_event                            0x00023ca1   Thumb Code    30  nrf_drv_uart.o(i.tx_done_event)
    i.uint16_encode                          0x00023cc4   Section        0  ble_advdata.o(i.uint16_encode)
    uint16_encode                            0x00023cc5   Thumb Code    10  ble_advdata.o(i.uint16_encode)
    i.update_status_bit_reset                0x00023cd0   Section        0  device_manager_peripheral.o(i.update_status_bit_reset)
    update_status_bit_reset                  0x00023cd1   Thumb Code    14  device_manager_peripheral.o(i.update_status_bit_reset)
    i.update_timeout_handler                 0x00023ce4   Section        0  ble_conn_params.o(i.update_timeout_handler)
    update_timeout_handler                   0x00023ce5   Thumb Code    88  ble_conn_params.o(i.update_timeout_handler)
    i.user_id_get                            0x00023d44   Section        0  app_timer.o(i.user_id_get)
    user_id_get                              0x00023d45   Thumb Code    62  app_timer.o(i.user_id_get)
    i.user_op_alloc                          0x00023d88   Section        0  app_timer.o(i.user_op_alloc)
    user_op_alloc                            0x00023d89   Thumb Code    38  app_timer.o(i.user_op_alloc)
    i.uuid_list_encode                       0x00023dae   Section        0  ble_advdata.o(i.uuid_list_encode)
    uuid_list_encode                         0x00023daf   Thumb Code    48  ble_advdata.o(i.uuid_list_encode)
    i.uuid_list_sized_encode                 0x00023dde   Section        0  ble_advdata.o(i.uuid_list_sized_encode)
    uuid_list_sized_encode                   0x00023ddf   Thumb Code   158  ble_advdata.o(i.uuid_list_sized_encode)
    i.whitelist_has_entries                  0x00023e7c   Section        0  ble_advertising.o(i.whitelist_has_entries)
    whitelist_has_entries                    0x00023e7d   Thumb Code    14  ble_advertising.o(i.whitelist_has_entries)
    .constdata                               0x00023e8c   Section       48  bsp.o(.constdata)
    m_buttons_list                           0x00023e8c   Data          16  bsp.o(.constdata)
    app_buttons                              0x00023e9c   Data          32  bsp.o(.constdata)
    .constdata                               0x00023ebc   Section       52  device_manager_peripheral.o(.constdata)
    .constdata                               0x00023ef0   Section       40  pstorage.o(.constdata)
    swap_sub_state_sm_lut                    0x00023ef0   Data          20  pstorage.o(.constdata)
    swap_sub_state_sm_lut                    0x00023f04   Data          20  pstorage.o(.constdata)
    .constdata                               0x00023f18   Section        4  app_button.o(.constdata)
    .data                                    0x20002800   Section       64  main.o(.data)
    m_rr_interval_enabled                    0x20002800   Data           1  main.o(.data)
    sensor_contact_detected                  0x20002801   Data           1  main.o(.data)
    m_app_handle                             0x20002802   Data           1  main.o(.data)
    m_conn_handle                            0x20002804   Data           2  main.o(.data)
    cnt                                      0x20002808   Data           4  main.o(.data)
    m_battery_timer_id                       0x2000280c   Data           4  main.o(.data)
    m_heart_rate_timer_id                    0x20002810   Data           4  main.o(.data)
    m_rr_interval_timer_id                   0x20002814   Data           4  main.o(.data)
    m_sensor_contact_timer_id                0x20002818   Data           4  main.o(.data)
    m_battery_sim_state                      0x2000281c   Data           8  main.o(.data)
    m_heart_rate_sim_state                   0x20002824   Data           8  main.o(.data)
    m_rr_interval_sim_state                  0x2000282c   Data           8  main.o(.data)
    m_adv_uuids                              0x20002834   Data          12  main.o(.data)
    .data                                    0x20002840   Section       32  bsp.o(.data)
    m_stable_state                           0x20002840   Data           1  bsp.o(.data)
    current_long_push_pin_no                 0x20002841   Data           1  bsp.o(.data)
    m_app_ticks_per_100ms                    0x20002844   Data           4  bsp.o(.data)
    m_indication_type                        0x20002848   Data           4  bsp.o(.data)
    m_registered_callback                    0x2000284c   Data           4  bsp.o(.data)
    release_event_at_push                    0x20002850   Data           4  bsp.o(.data)
    m_leds_timer_id                          0x20002854   Data           4  bsp.o(.data)
    m_alert_timer_id                         0x20002858   Data           4  bsp.o(.data)
    m_button_timer_id                        0x2000285c   Data           4  bsp.o(.data)
    .data                                    0x20002860   Section        8  bsp_btn_ble.o(.data)
    m_error_handler                          0x20002860   Data           4  bsp_btn_ble.o(.data)
    m_num_connections                        0x20002864   Data           4  bsp_btn_ble.o(.data)
    .data                                    0x20002868   Section       31  ble_advertising.o(.data)
    m_advertising_start_pending              0x20002868   Data           1  ble_advertising.o(.data)
    m_whitelist_temporarily_disabled         0x20002869   Data           1  ble_advertising.o(.data)
    m_whitelist_reply_expected               0x2000286a   Data           1  ble_advertising.o(.data)
    m_peer_addr_reply_expected               0x2000286b   Data           1  ble_advertising.o(.data)
    m_adv_evt                                0x2000286c   Data           1  ble_advertising.o(.data)
    m_adv_mode_current                       0x2000286d   Data           1  ble_advertising.o(.data)
    m_tx_power_level                         0x2000286e   Data           1  ble_advertising.o(.data)
    current_slave_link_conn_handle           0x20002870   Data           2  ble_advertising.o(.data)
    m_evt_handler                            0x20002874   Data           4  ble_advertising.o(.data)
    m_error_handler                          0x20002878   Data           4  ble_advertising.o(.data)
    m_slave_conn_int                         0x2000287c   Data           4  ble_advertising.o(.data)
    m_peer_address                           0x20002880   Data           7  ble_advertising.o(.data)
    .data                                    0x20002888   Section       24  ble_conn_params.o(.data)
    m_change_param                           0x20002888   Data           1  ble_conn_params.o(.data)
    m_update_count                           0x20002889   Data           1  ble_conn_params.o(.data)
    m_conn_handle                            0x2000288a   Data           2  ble_conn_params.o(.data)
    m_conn_params_timer_id                   0x2000288c   Data           4  ble_conn_params.o(.data)
    m_preferred_conn_params                  0x20002890   Data           8  ble_conn_params.o(.data)
    m_current_conn_params                    0x20002898   Data           8  ble_conn_params.o(.data)
    .data                                    0x200028a0   Section       74  ble_dis.o(.data)
    service_handle                           0x200028a0   Data           2  ble_dis.o(.data)
    manufact_name_handles                    0x200028a2   Data           8  ble_dis.o(.data)
    model_num_handles                        0x200028aa   Data           8  ble_dis.o(.data)
    serial_num_handles                       0x200028b2   Data           8  ble_dis.o(.data)
    hw_rev_handles                           0x200028ba   Data           8  ble_dis.o(.data)
    fw_rev_handles                           0x200028c2   Data           8  ble_dis.o(.data)
    sw_rev_handles                           0x200028ca   Data           8  ble_dis.o(.data)
    sys_id_handles                           0x200028d2   Data           8  ble_dis.o(.data)
    reg_cert_data_list_handles               0x200028da   Data           8  ble_dis.o(.data)
    pnp_id_handles                           0x200028e2   Data           8  ble_dis.o(.data)
    .data                                    0x200028ec   Section       24  device_manager_peripheral.o(.data)
    m_module_initialized                     0x200028ec   Data           1  device_manager_peripheral.o(.data)
    m_peer_addr_update                       0x200028f0   Data           4  device_manager_peripheral.o(.data)
    m_irk_index_table                        0x200028f4   Data           7  device_manager_peripheral.o(.data)
    m_storage_handle                         0x200028fc   Data           8  device_manager_peripheral.o(.data)
    .data                                    0x20002904   Section       36  pstorage.o(.data)
    m_state                                  0x20002904   Data           1  pstorage.o(.data)
    m_swap_sub_state                         0x20002905   Data           1  pstorage.o(.data)
    m_next_app_instance                      0x20002906   Data           2  pstorage.o(.data)
    m_flags                                  0x20002908   Data           4  pstorage.o(.data)
    m_next_page_addr                         0x2000290c   Data           4  pstorage.o(.data)
    m_head_word_size                         0x20002910   Data           4  pstorage.o(.data)
    m_tail_word_size                         0x20002914   Data           4  pstorage.o(.data)
    m_current_page_id                        0x20002918   Data           4  pstorage.o(.data)
    m_num_of_command_retries                 0x2000291c   Data           4  pstorage.o(.data)
    m_num_of_bytes_written                   0x20002920   Data           4  pstorage.o(.data)
    m_app_data_size                          0x20002924   Data           4  pstorage.o(.data)
    .data                                    0x20002928   Section       24  app_button.o(.data)
    m_button_count                           0x20002928   Data           1  app_button.o(.data)
    mp_buttons                               0x2000292c   Data           4  app_button.o(.data)
    m_detection_delay                        0x20002930   Data           4  app_button.o(.data)
    m_detection_delay_timer_id               0x20002934   Data           4  app_button.o(.data)
    m_pin_state                              0x20002938   Data           4  app_button.o(.data)
    m_pin_transition                         0x2000293c   Data           4  app_button.o(.data)
    .data                                    0x20002940   Section       36  app_timer.o(.data)
    m_node_array_size                        0x20002940   Data           1  app_timer.o(.data)
    m_user_array_size                        0x20002941   Data           1  app_timer.o(.data)
    m_ticks_elapsed_q_read_ind               0x20002942   Data           1  app_timer.o(.data)
    m_ticks_elapsed_q_write_ind              0x20002943   Data           1  app_timer.o(.data)
    m_rtc1_running                           0x20002944   Data           1  app_timer.o(.data)
    m_rtc1_reset                             0x20002945   Data           1  app_timer.o(.data)
    mp_nodes                                 0x20002948   Data           4  app_timer.o(.data)
    mp_users                                 0x2000294c   Data           4  app_timer.o(.data)
    m_timer_id_head                          0x20002950   Data           4  app_timer.o(.data)
    m_ticks_latest                           0x20002954   Data           4  app_timer.o(.data)
    m_evt_schedule_func                      0x20002958   Data           4  app_timer.o(.data)
    m_ticks_elapsed                          0x2000295c   Data           8  app_timer.o(.data)
    .data                                    0x20002964   Section       20  softdevice_handler.o(.data)
    m_softdevice_enabled                     0x20002964   Data           1  softdevice_handler.o(.data)
    m_ble_evt_buffer_size                    0x20002966   Data           2  softdevice_handler.o(.data)
    m_evt_schedule_func                      0x20002968   Data           4  softdevice_handler.o(.data)
    mp_ble_evt_buffer                        0x2000296c   Data           4  softdevice_handler.o(.data)
    m_ble_evt_handler                        0x20002970   Data           4  softdevice_handler.o(.data)
    m_sys_evt_handler                        0x20002974   Data           4  softdevice_handler.o(.data)
    .data                                    0x20002978   Section        4  system_nrf52.o(.data)
    __tagsym$$used                           0x20002978   Number         0  system_nrf52.o(.data)
    .bss                                     0x2000297c   Section     1040  main.o(.bss)
    APP_TIMER_BUF                            0x2000297c   Data         816  main.o(.bss)
    BLE_EVT_BUFFER                           0x20002cac   Data          72  main.o(.bss)
    m_bas                                    0x20002cf4   Data          24  main.o(.bss)
    m_hrs                                    0x20002d0c   Data          80  main.o(.bss)
    m_battery_sim_cfg                        0x20002d5c   Data          16  main.o(.bss)
    m_heart_rate_sim_cfg                     0x20002d6c   Data          16  main.o(.bss)
    m_rr_interval_sim_cfg                    0x20002d7c   Data          16  main.o(.bss)
    .bss                                     0x20002d8c   Section       12  bsp.o(.bss)
    m_events_list                            0x20002d8c   Data          12  bsp.o(.bss)
    .bss                                     0x20002d98   Section      259  ble_advertising.o(.bss)
    m_advdata                                0x20002d98   Data          56  ble_advertising.o(.bss)
    m_adv_modes_config                       0x20002dd0   Data          36  ble_advertising.o(.bss)
    m_whitelist                              0x20002df4   Data          16  ble_advertising.o(.bss)
    mp_whitelist_addr                        0x20002e04   Data          32  ble_advertising.o(.bss)
    mp_whitelist_irk                         0x20002e24   Data          32  ble_advertising.o(.bss)
    m_manuf_specific_data                    0x20002e44   Data          12  ble_advertising.o(.bss)
    m_manuf_data_array                       0x20002e50   Data          31  ble_advertising.o(.bss)
    m_service_data                           0x20002e70   Data          12  ble_advertising.o(.bss)
    m_service_data_array                     0x20002e7c   Data          31  ble_advertising.o(.bss)
    .bss                                     0x20002e9c   Section       28  ble_conn_params.o(.bss)
    m_conn_params_config                     0x20002e9c   Data          28  ble_conn_params.o(.bss)
    .bss                                     0x20002eb8   Section      335  device_manager_peripheral.o(.bss)
    m_app_context_table                      0x20002eb8   Data          28  device_manager_peripheral.o(.bss)
    m_peer_table                             0x20002ed4   Data         196  device_manager_peripheral.o(.bss)
    m_bond_table                             0x20002f98   Data          28  device_manager_peripheral.o(.bss)
    m_gatts_table                            0x20002fb4   Data          36  device_manager_peripheral.o(.bss)
    m_connection_table                       0x20002fd8   Data          12  device_manager_peripheral.o(.bss)
    m_application_table                      0x20002fe4   Data          12  device_manager_peripheral.o(.bss)
    m_local_id_info                          0x20002ff0   Data          23  device_manager_peripheral.o(.bss)
    .bss                                     0x20003008   Section       88  nrf_drv_gpiote.o(.bss)
    m_cb                                     0x20003008   Data          88  nrf_drv_gpiote.o(.bss)
    .bss                                     0x20003060   Section       24  nrf_drv_uart.o(.bss)
    m_cb                                     0x20003060   Data          24  nrf_drv_uart.o(.bss)
    .bss                                     0x20003078   Section      216  pstorage.o(.bss)
    m_cmd_queue                              0x20003078   Data         204  pstorage.o(.bss)
    m_app_table                              0x20003144   Data          12  pstorage.o(.bss)
    STACK                                    0x20003150   Section     8192  arm_startup_nrf52.o(STACK)

    Global Symbols

    Symbol Name                              Value     Ov Type        Size  Object(Section)

    BuildAttributes$$THM_ISAv4$E$P$D$K$B$S$7EM$VFPi3$EXTD16$VFPS$VFMA$PE$A:L22UL41UL21$X:L11$S22US41US21$IEEE1$IW$USESV6$~STKCKD$USESV7$~SHL$OSPACE$EBA8$MICROLIB$REQ8$PRES8$EABIv2 0x00000000   Number         0  anon$$obj.o ABSOLUTE
    __ARM_use_no_argv                        0x00000000   Number         0  main.o ABSOLUTE
    __cpp_initialize__aeabi_                  - Undefined Weak Reference
    __cxa_finalize                            - Undefined Weak Reference
    _clock_init                               - Undefined Weak Reference
    _microlib_exit                            - Undefined Weak Reference
    __Vectors_Size                           0x00000400   Number         0  arm_startup_nrf52.o ABSOLUTE
    __Vectors                                0x0001f000   Data           4  arm_startup_nrf52.o(RESET)
    __Vectors_End                            0x0001f400   Data           0  arm_startup_nrf52.o(RESET)
    __main                                   0x0001f401   Thumb Code     0  entry.o(.ARM.Collect$$$$00000000)
    _main_stk                                0x0001f401   Thumb Code     0  entry2.o(.ARM.Collect$$$$00000001)
    _main_scatterload                        0x0001f405   Thumb Code     0  entry5.o(.ARM.Collect$$$$00000004)
    __main_after_scatterload                 0x0001f409   Thumb Code     0  entry5.o(.ARM.Collect$$$$00000004)
    _main_clock                              0x0001f409   Thumb Code     0  entry7b.o(.ARM.Collect$$$$00000008)
    _main_cpp_init                           0x0001f409   Thumb Code     0  entry8b.o(.ARM.Collect$$$$0000000A)
    _main_init                               0x0001f409   Thumb Code     0  entry9a.o(.ARM.Collect$$$$0000000B)
    __rt_final_cpp                           0x0001f411   Thumb Code     0  entry10a.o(.ARM.Collect$$$$0000000D)
    __rt_final_exit                          0x0001f411   Thumb Code     0  entry11a.o(.ARM.Collect$$$$0000000F)
    __asm___11_app_timer_c_cd27f9c3__nrf_delay_us 0x0001f415   Thumb Code   118  app_timer.o(.emb_text)
    Reset_Handler                            0x0001f48d   Thumb Code     8  arm_startup_nrf52.o(.text)
    NMI_Handler                              0x0001f495   Thumb Code     2  arm_startup_nrf52.o(.text)
    HardFault_Handler                        0x0001f497   Thumb Code     2  arm_startup_nrf52.o(.text)
    MemoryManagement_Handler                 0x0001f499   Thumb Code     2  arm_startup_nrf52.o(.text)
    BusFault_Handler                         0x0001f49b   Thumb Code     2  arm_startup_nrf52.o(.text)
    UsageFault_Handler                       0x0001f49d   Thumb Code     2  arm_startup_nrf52.o(.text)
    SVC_Handler                              0x0001f49f   Thumb Code     2  arm_startup_nrf52.o(.text)
    PendSV_Handler                           0x0001f4a1   Thumb Code     2  arm_startup_nrf52.o(.text)
    SysTick_Handler                          0x0001f4a3   Thumb Code     2  arm_startup_nrf52.o(.text)
    CCM_AAR_IRQHandler                       0x0001f4a5   Thumb Code     0  arm_startup_nrf52.o(.text)
    COMP_LPCOMP_IRQHandler                   0x0001f4a5   Thumb Code     0  arm_startup_nrf52.o(.text)
    ECB_IRQHandler                           0x0001f4a5   Thumb Code     0  arm_startup_nrf52.o(.text)
    I2S_IRQHandler                           0x0001f4a5   Thumb Code     0  arm_startup_nrf52.o(.text)
    MWU_IRQHandler                           0x0001f4a5   Thumb Code     0  arm_startup_nrf52.o(.text)
    NFCT_IRQHandler                          0x0001f4a5   Thumb Code     0  arm_startup_nrf52.o(.text)
    PDM_IRQHandler                           0x0001f4a5   Thumb Code     0  arm_startup_nrf52.o(.text)
    POWER_CLOCK_IRQHandler                   0x0001f4a5   Thumb Code     0  arm_startup_nrf52.o(.text)
    PWM0_IRQHandler                          0x0001f4a5   Thumb Code     0  arm_startup_nrf52.o(.text)
    PWM1_IRQHandler                          0x0001f4a5   Thumb Code     0  arm_startup_nrf52.o(.text)
    PWM2_IRQHandler                          0x0001f4a5   Thumb Code     0  arm_startup_nrf52.o(.text)
    QDEC_IRQHandler                          0x0001f4a5   Thumb Code     0  arm_startup_nrf52.o(.text)
    RADIO_IRQHandler                         0x0001f4a5   Thumb Code     0  arm_startup_nrf52.o(.text)
    RNG_IRQHandler                           0x0001f4a5   Thumb Code     0  arm_startup_nrf52.o(.text)
    RTC0_IRQHandler                          0x0001f4a5   Thumb Code     0  arm_startup_nrf52.o(.text)
    RTC2_IRQHandler                          0x0001f4a5   Thumb Code     0  arm_startup_nrf52.o(.text)
    SAADC_IRQHandler                         0x0001f4a5   Thumb Code     0  arm_startup_nrf52.o(.text)
    SPIM0_SPIS0_TWIM0_TWIS0_SPI0_TWI0_IRQHandler 0x0001f4a5   Thumb Code     0  arm_startup_nrf52.o(.text)
    SPIM1_SPIS1_TWIM1_TWIS1_SPI1_TWI1_IRQHandler 0x0001f4a5   Thumb Code     0  arm_startup_nrf52.o(.text)
    SPIM2_SPIS2_SPI2_IRQHandler              0x0001f4a5   Thumb Code     0  arm_startup_nrf52.o(.text)
    SWI1_EGU1_IRQHandler                     0x0001f4a5   Thumb Code     0  arm_startup_nrf52.o(.text)
    SWI3_EGU3_IRQHandler                     0x0001f4a5   Thumb Code     0  arm_startup_nrf52.o(.text)
    SWI4_EGU4_IRQHandler                     0x0001f4a5   Thumb Code     0  arm_startup_nrf52.o(.text)
    SWI5_EGU5_IRQHandler                     0x0001f4a5   Thumb Code     0  arm_startup_nrf52.o(.text)
    TEMP_IRQHandler                          0x0001f4a5   Thumb Code     0  arm_startup_nrf52.o(.text)
    TIMER0_IRQHandler                        0x0001f4a5   Thumb Code     0  arm_startup_nrf52.o(.text)
    TIMER1_IRQHandler                        0x0001f4a5   Thumb Code     0  arm_startup_nrf52.o(.text)
    TIMER2_IRQHandler                        0x0001f4a5   Thumb Code     0  arm_startup_nrf52.o(.text)
    TIMER3_IRQHandler                        0x0001f4a5   Thumb Code     0  arm_startup_nrf52.o(.text)
    TIMER4_IRQHandler                        0x0001f4a5   Thumb Code     0  arm_startup_nrf52.o(.text)
    WDT_IRQHandler                           0x0001f4a5   Thumb Code     0  arm_startup_nrf52.o(.text)
    ___aeabi_memcpy8$move                    0x0001f4b1   Thumb Code     0  memmovea.o(.text)
    __aeabi_memcpy                           0x0001f4b1   Thumb Code    64  memmovea.o(.text)
    __aeabi_memcpy4                          0x0001f4b1   Thumb Code     0  memmovea.o(.text)
    __aeabi_memmove                          0x0001f4b1   Thumb Code     0  memmovea.o(.text)
    __aeabi_memmove4                         0x0001f4b1   Thumb Code     0  memmovea.o(.text)
    __aeabi_memmove8                         0x0001f4b1   Thumb Code     0  memmovea.o(.text)
    __aeabi_memset                           0x0001f4f1   Thumb Code    14  memseta.o(.text)
    __aeabi_memset4                          0x0001f4f1   Thumb Code     0  memseta.o(.text)
    __aeabi_memset8                          0x0001f4f1   Thumb Code     0  memseta.o(.text)
    __aeabi_memclr                           0x0001f4ff   Thumb Code     4  memseta.o(.text)
    __aeabi_memclr4                          0x0001f4ff   Thumb Code     0  memseta.o(.text)
    __aeabi_memclr8                          0x0001f4ff   Thumb Code     0  memseta.o(.text)
    _memset$wrapper                          0x0001f503   Thumb Code    18  memseta.o(.text)
    strlen                                   0x0001f515   Thumb Code    14  strlen.o(.text)
    memcmp                                   0x0001f523   Thumb Code    26  memcmp.o(.text)
    __scatterload                            0x0001f53d   Thumb Code    28  init.o(.text)
    __scatterload_rt2                        0x0001f53d   Thumb Code     0  init.o(.text)
    __decompress                             0x0001f561   Thumb Code     0  __dczerorl.o(.text)
    __decompress0                            0x0001f561   Thumb Code    58  __dczerorl.o(.text)
    GPIOTE_IRQHandler                        0x0001f59d   Thumb Code   262  nrf_drv_gpiote.o(i.GPIOTE_IRQHandler)
    RTC1_IRQHandler                          0x0001f715   Thumb Code    32  app_timer.o(i.RTC1_IRQHandler)
    SWI0_EGU0_IRQHandler                     0x0001f739   Thumb Code    78  app_timer.o(i.SWI0_EGU0_IRQHandler)
    SWI2_EGU2_IRQHandler                     0x0001f78d   Thumb Code    36  softdevice_handler.o(i.SWI2_EGU2_IRQHandler)
    SystemInit                               0x0001f7b5   Thumb Code   560  system_nrf52.o(i.SystemInit)
    UARTE0_UART0_IRQHandler                  0x0001fa0d   Thumb Code   360  nrf_drv_uart.o(i.UARTE0_UART0_IRQHandler)
    __scatterload_copy                       0x0001fb7d   Thumb Code    14  handlers.o(i.__scatterload_copy)
    __scatterload_null                       0x0001fb8b   Thumb Code     2  handlers.o(i.__scatterload_null)
    __scatterload_zeroinit                   0x0001fb8d   Thumb Code    14  handlers.o(i.__scatterload_zeroinit)
    adv_data_encode                          0x0001fb9b   Thumb Code   514  ble_advdata.o(i.adv_data_encode)
    app_button_enable                        0x0001fdf5   Thumb Code    32  app_button.o(i.app_button_enable)
    app_button_init                          0x0001fe19   Thumb Code    98  app_button.o(i.app_button_init)
    app_error_handler                        0x0001fe8d   Thumb Code    24  app_error.o(i.app_error_handler)
    app_timer_create                         0x0001ff09   Thumb Code    72  app_timer.o(i.app_timer_create)
    app_timer_init                           0x0001ff55   Thumb Code   174  app_timer.o(i.app_timer_init)
    app_timer_start                          0x0002000d   Thumb Code   132  app_timer.o(i.app_timer_start)
    app_timer_stop                           0x00020099   Thumb Code    86  app_timer.o(i.app_timer_stop)
    ble_advdata_set                          0x000202f1   Thumb Code   104  ble_advdata.o(i.ble_advdata_set)
    ble_advertising_init                     0x00020359   Thumb Code   274  ble_advertising.o(i.ble_advertising_init)
    ble_advertising_on_ble_evt               0x00020475   Thumb Code   122  ble_advertising.o(i.ble_advertising_on_ble_evt)
    ble_advertising_on_sys_evt               0x000204f5   Thumb Code    46  ble_advertising.o(i.ble_advertising_on_sys_evt)
    ble_advertising_restart_without_whitelist 0x00020539   Thumb Code    48  ble_advertising.o(i.ble_advertising_restart_without_whitelist)
    ble_advertising_start                    0x00020571   Thumb Code   462  ble_advertising.o(i.ble_advertising_start)
    ble_bas_battery_level_update             0x00020749   Thumb Code   112  ble_bas.o(i.ble_bas_battery_level_update)
    ble_bas_init                             0x000207b9   Thumb Code    60  ble_bas.o(i.ble_bas_init)
    ble_bas_on_ble_evt                       0x000207f5   Thumb Code    80  ble_bas.o(i.ble_bas_on_ble_evt)
    ble_conn_params_init                     0x00020845   Thumb Code    76  ble_conn_params.o(i.ble_conn_params_init)
    ble_conn_params_on_ble_evt               0x0002089d   Thumb Code   128  ble_conn_params.o(i.ble_conn_params_on_ble_evt)
    ble_dis_init                             0x00020985   Thumb Code   296  ble_dis.o(i.ble_dis_init)
    ble_hrs_heart_rate_measurement_send      0x00020b11   Thumb Code    92  ble_hrs.o(i.ble_hrs_heart_rate_measurement_send)
    ble_hrs_init                             0x00020b6d   Thumb Code    88  ble_hrs.o(i.ble_hrs_init)
    ble_hrs_on_ble_evt                       0x00020bc5   Thumb Code    74  ble_hrs.o(i.ble_hrs_on_ble_evt)
    ble_hrs_rr_interval_add                  0x00020c0f   Thumb Code    54  ble_hrs.o(i.ble_hrs_rr_interval_add)
    ble_hrs_sensor_contact_detected_update   0x00020c45   Thumb Code     6  ble_hrs.o(i.ble_hrs_sensor_contact_detected_update)
    ble_srv_ascii_to_utf8                    0x00020c4b   Thumb Code    18  ble_srv_common.o(i.ble_srv_ascii_to_utf8)
    ble_srv_report_ref_encode                0x00020c5d   Thumb Code    12  ble_srv_common.o(i.ble_srv_report_ref_encode)
    bond_data_load                           0x00020d55   Thumb Code    60  device_manager_peripheral.o(i.bond_data_load)
    bsp_btn_ble_init                         0x00020d9d   Thumb Code    72  bsp_btn_ble.o(i.bsp_btn_ble_init)
    bsp_btn_ble_on_ble_evt                   0x00020de9   Thumb Code   106  bsp_btn_ble.o(i.bsp_btn_ble_on_ble_evt)
    bsp_btn_ble_sleep_mode_prepare           0x00020e59   Thumb Code    18  bsp_btn_ble.o(i.bsp_btn_ble_sleep_mode_prepare)
    bsp_button_is_pressed                    0x00020f11   Thumb Code    34  bsp.o(i.bsp_button_is_pressed)
    bsp_event_handler                        0x00020f3d   Thumb Code    58  main.o(i.bsp_event_handler)
    bsp_event_to_button_action_assign        0x00020f7d   Thumb Code    64  bsp.o(i.bsp_event_to_button_action_assign)
    bsp_indication_set                       0x00020fc1   Thumb Code    20  bsp.o(i.bsp_indication_set)
    bsp_init                                 0x00020fd9   Thumb Code   140  bsp.o(i.bsp_init)
    bsp_wakeup_buttons_set                   0x00021259   Thumb Code    54  bsp.o(i.bsp_wakeup_buttons_set)
    dm_ble_evt_handler                       0x00021a35   Thumb Code  1116  device_manager_peripheral.o(i.dm_ble_evt_handler)
    dm_handle_initialize                     0x00021e91   Thumb Code    22  device_manager_peripheral.o(i.dm_handle_initialize)
    dm_init                                  0x00021ea9   Thumb Code   182  device_manager_peripheral.o(i.dm_init)
    dm_register                              0x00022101   Thumb Code    94  device_manager_peripheral.o(i.dm_register)
    intern_softdevice_events_execute         0x0002276d   Thumb Code   114  softdevice_handler.o(i.intern_softdevice_events_execute)
    main                                     0x00022a61   Thumb Code   256  main.o(i.main)
    nrf_drv_common_irq_enable                0x00022c99   Thumb Code    56  nrf_drv_common.o(i.nrf_drv_common_irq_enable)
    nrf_drv_gpiote_in_event_enable           0x00022cd1   Thumb Code   134  nrf_drv_gpiote.o(i.nrf_drv_gpiote_in_event_enable)
    nrf_drv_gpiote_in_init                   0x00022d65   Thumb Code   170  nrf_drv_gpiote.o(i.nrf_drv_gpiote_in_init)
    nrf_drv_gpiote_in_is_set                 0x00022e1d   Thumb Code    16  nrf_drv_gpiote.o(i.nrf_drv_gpiote_in_is_set)
    nrf_drv_gpiote_init                      0x00022e31   Thumb Code    72  nrf_drv_gpiote.o(i.nrf_drv_gpiote_init)
    nrf_drv_gpiote_is_init                   0x00022e81   Thumb Code    12  nrf_drv_gpiote.o(i.nrf_drv_gpiote_is_init)
    pstorage_access_status_get               0x00023011   Thumb Code    28  pstorage.o(i.pstorage_access_status_get)
    pstorage_block_identifier_get            0x00023035   Thumb Code    66  pstorage.o(i.pstorage_block_identifier_get)
    pstorage_clear                           0x00023081   Thumb Code   138  pstorage.o(i.pstorage_clear)
    pstorage_init                            0x00023129   Thumb Code    68  pstorage.o(i.pstorage_init)
    pstorage_load                            0x00023175   Thumb Code   148  pstorage.o(i.pstorage_load)
    pstorage_register                        0x00023211   Thumb Code   170  pstorage.o(i.pstorage_register)
    pstorage_store                           0x000232c5   Thumb Code   118  pstorage.o(i.pstorage_store)
    pstorage_sys_event_handler               0x00023345   Thumb Code    66  pstorage.o(i.pstorage_sys_event_handler)
    pstorage_update                          0x0002338d   Thumb Code   118  pstorage.o(i.pstorage_update)
    sensorsim_init                           0x00023535   Thumb Code    22  sensorsim.o(i.sensorsim_init)
    sensorsim_measure                        0x0002354b   Thumb Code    52  sensorsim.o(i.sensorsim_measure)
    softdevice_assertion_handler             0x000237c9   Thumb Code    12  softdevice_handler.o(i.softdevice_assertion_handler)
    softdevice_ble_evt_handler_set           0x000237d5   Thumb Code    14  softdevice_handler.o(i.softdevice_ble_evt_handler_set)
    softdevice_handler_init                  0x000237e9   Thumb Code    38  softdevice_handler.o(i.softdevice_handler_init)
    softdevice_sys_evt_handler_set           0x00023819   Thumb Code    14  softdevice_handler.o(i.softdevice_sys_evt_handler_set)
    m_context_init_len                       0x00023ebc   Data           4  device_manager_peripheral.o(.constdata)
    m_service_context_store                  0x00023ec0   Data          16  device_manager_peripheral.o(.constdata)
    m_service_context_load                   0x00023ed0   Data          16  device_manager_peripheral.o(.constdata)
    m_service_context_apply                  0x00023ee0   Data          16  device_manager_peripheral.o(.constdata)
    Region$$Table$$Base                      0x00023f1c   Number         0  anon$$obj.o(Region$$Table)
    Region$$Table$$Limit                     0x00023f3c   Number         0  anon$$obj.o(Region$$Table)
    SystemCoreClock                          0x20002978   Data           4  system_nrf52.o(.data)
    __initial_sp                             0x20005150   Data           0  arm_startup_nrf52.o(STACK)



==============================================================================

Memory Map of the image

  Image Entry point : 0x0001f401

  Load Region LR_IROM1 (Base: 0x0001f000, Size: 0x000050b8, Max: 0x00061000, ABSOLUTE, COMPRESSED[0x00004f58])

    Execution Region ER_IROM1 (Base: 0x0001f000, Size: 0x00004f3c, Max: 0x00061000, ABSOLUTE)

    Base Addr    Size         Type   Attr      Idx    E Section Name        Object

    0x0001f000   0x00000400   Data   RO         2297    RESET               arm_startup_nrf52.o
    0x0001f400   0x00000000   Code   RO         2338  * .ARM.Collect$$$$00000000  mc_w.l(entry.o)
    0x0001f400   0x00000004   Code   RO         2355    .ARM.Collect$$$$00000001  mc_w.l(entry2.o)
    0x0001f404   0x00000004   Code   RO         2358    .ARM.Collect$$$$00000004  mc_w.l(entry5.o)
    0x0001f408   0x00000000   Code   RO         2360    .ARM.Collect$$$$00000008  mc_w.l(entry7b.o)
    0x0001f408   0x00000000   Code   RO         2362    .ARM.Collect$$$$0000000A  mc_w.l(entry8b.o)
    0x0001f408   0x00000008   Code   RO         2363    .ARM.Collect$$$$0000000B  mc_w.l(entry9a.o)
    0x0001f410   0x00000000   Code   RO         2365    .ARM.Collect$$$$0000000D  mc_w.l(entry10a.o)
    0x0001f410   0x00000000   Code   RO         2367    .ARM.Collect$$$$0000000F  mc_w.l(entry11a.o)
    0x0001f410   0x00000004   Code   RO         2356    .ARM.Collect$$$$00002712  mc_w.l(entry2.o)
    0x0001f414   0x00000076   Code   RO         1995    .emb_text           app_timer.o
    0x0001f48a   0x00000002   PAD
    0x0001f48c   0x00000024   Code   RO         2298    .text               arm_startup_nrf52.o
    0x0001f4b0   0x00000040   Code   RO         2343    .text               mc_w.l(memmovea.o)
    0x0001f4f0   0x00000024   Code   RO         2345    .text               mc_w.l(memseta.o)
    0x0001f514   0x0000000e   Code   RO         2347    .text               mc_w.l(strlen.o)
    0x0001f522   0x0000001a   Code   RO         2349    .text               mc_w.l(memcmp.o)
    0x0001f53c   0x00000024   Code   RO         2369    .text               mc_w.l(init.o)
    0x0001f560   0x0000003a   Code   RO         2379    .text               mc_w.l(__dczerorl.o)
    0x0001f59a   0x00000002   PAD
    0x0001f59c   0x00000114   Code   RO         1264    i.GPIOTE_IRQHandler  nrf_drv_gpiote.o
    0x0001f6b0   0x00000016   Code   RO         1996    i.NVIC_ClearPendingIRQ  app_timer.o
    0x0001f6c6   0x00000016   Code   RO         1997    i.NVIC_EnableIRQ    app_timer.o
    0x0001f6dc   0x00000016   Code   RO         1998    i.NVIC_SetPendingIRQ  app_timer.o
    0x0001f6f2   0x00000020   Code   RO         1999    i.NVIC_SetPriority  app_timer.o
    0x0001f712   0x00000002   PAD
    0x0001f714   0x00000024   Code   RO         2000    i.RTC1_IRQHandler   app_timer.o
    0x0001f738   0x00000054   Code   RO         2001    i.SWI0_EGU0_IRQHandler  app_timer.o
    0x0001f78c   0x00000028   Code   RO         2236    i.SWI2_EGU2_IRQHandler  softdevice_handler.o
    0x0001f7b4   0x00000258   Code   RO         2306    i.SystemInit        system_nrf52.o
    0x0001fa0c   0x00000170   Code   RO         1463    i.UARTE0_UART0_IRQHandler  nrf_drv_uart.o
    0x0001fb7c   0x0000000e   Code   RO         2373    i.__scatterload_copy  mc_w.l(handlers.o)
    0x0001fb8a   0x00000002   Code   RO         2374    i.__scatterload_null  mc_w.l(handlers.o)
    0x0001fb8c   0x0000000e   Code   RO         2375    i.__scatterload_zeroinit  mc_w.l(handlers.o)
    0x0001fb9a   0x00000202   Code   RO          477    i.adv_data_encode   ble_advdata.o
    0x0001fd9c   0x00000036   Code   RO          437    i.advertising_buttons_configure  bsp_btn_ble.o
    0x0001fdd2   0x00000002   PAD
    0x0001fdd4   0x00000020   Code   RO          329    i.alert_timer_handler  bsp.o
    0x0001fdf4   0x00000024   Code   RO         1874    i.app_button_enable  app_button.o
    0x0001fe18   0x00000074   Code   RO         1875    i.app_button_init   app_button.o
    0x0001fe8c   0x00000020   Code   RO         1937    i.app_error_handler  app_error.o
    0x0001feac   0x0000000c   Code   RO          845    i.app_evt_notify    device_manager_peripheral.o
    0x0001feb8   0x0000002c   Code   RO         1628    i.app_notify        pstorage.o
    0x0001fee4   0x00000024   Code   RO         1629    i.app_notify_error_state_transit  pstorage.o
    0x0001ff08   0x0000004c   Code   RO         2004    i.app_timer_create  app_timer.o
    0x0001ff54   0x000000b8   Code   RO         2005    i.app_timer_init    app_timer.o
    0x0002000c   0x0000008c   Code   RO         2006    i.app_timer_start   app_timer.o
    0x00020098   0x0000005c   Code   RO         2007    i.app_timer_stop    app_timer.o
    0x000200f4   0x00000068   Code   RO            5    i.application_timers_start  main.o
    0x0002015c   0x0000014e   Code   RO          627    i.battery_level_char_add  ble_bas.o
    0x000202aa   0x00000002   PAD
    0x000202ac   0x00000044   Code   RO            7    i.battery_level_meas_timeout_handler  main.o
    0x000202f0   0x00000068   Code   RO          478    i.ble_advdata_set   ble_advdata.o
    0x00020358   0x0000011c   Code   RO          552    i.ble_advertising_init  ble_advertising.o
    0x00020474   0x00000080   Code   RO          553    i.ble_advertising_on_ble_evt  ble_advertising.o
    0x000204f4   0x00000034   Code   RO          554    i.ble_advertising_on_sys_evt  ble_advertising.o
    0x00020528   0x00000010   Code   RO          556    i.ble_advertising_peer_address_clear  ble_advertising.o
    0x00020538   0x00000038   Code   RO          557    i.ble_advertising_restart_without_whitelist  ble_advertising.o
    0x00020570   0x000001d8   Code   RO          558    i.ble_advertising_start  ble_advertising.o
    0x00020748   0x00000070   Code   RO          628    i.ble_bas_battery_level_update  ble_bas.o
    0x000207b8   0x0000003c   Code   RO          629    i.ble_bas_init      ble_bas.o
    0x000207f4   0x00000050   Code   RO          630    i.ble_bas_on_ble_evt  ble_bas.o
    0x00020844   0x00000058   Code   RO          663    i.ble_conn_params_init  ble_conn_params.o
    0x0002089c   0x00000088   Code   RO          664    i.ble_conn_params_on_ble_evt  ble_conn_params.o
    0x00020924   0x0000005e   Code   RO          479    i.ble_device_addr_encode  ble_advdata.o
    0x00020982   0x00000002   PAD
    0x00020984   0x0000012c   Code   RO          720    i.ble_dis_init      ble_dis.o
    0x00020ab0   0x00000060   Code   RO            8    i.ble_evt_dispatch  main.o
    0x00020b10   0x0000005c   Code   RO          753    i.ble_hrs_heart_rate_measurement_send  ble_hrs.o
    0x00020b6c   0x00000058   Code   RO          754    i.ble_hrs_init      ble_hrs.o
    0x00020bc4   0x0000004a   Code   RO          755    i.ble_hrs_on_ble_evt  ble_hrs.o
    0x00020c0e   0x00000036   Code   RO          756    i.ble_hrs_rr_interval_add  ble_hrs.o
    0x00020c44   0x00000006   Code   RO          758    i.ble_hrs_sensor_contact_detected_update  ble_hrs.o
    0x00020c4a   0x00000012   Code   RO          824    i.ble_srv_ascii_to_utf8  ble_srv_common.o
    0x00020c5c   0x0000000c   Code   RO          825    i.ble_srv_report_ref_encode  ble_srv_common.o
    0x00020c68   0x00000064   Code   RO            9    i.ble_stack_init    main.o
    0x00020ccc   0x00000086   Code   RO          760    i.body_sensor_location_char_add  ble_hrs.o
    0x00020d52   0x00000002   PAD
    0x00020d54   0x00000048   Code   RO          846    i.bond_data_load    device_manager_peripheral.o
    0x00020d9c   0x0000004c   Code   RO          438    i.bsp_btn_ble_init  bsp_btn_ble.o
    0x00020de8   0x00000070   Code   RO          439    i.bsp_btn_ble_on_ble_evt  bsp_btn_ble.o
    0x00020e58   0x00000012   Code   RO          440    i.bsp_btn_ble_sleep_mode_prepare  bsp_btn_ble.o
    0x00020e6a   0x00000002   PAD
    0x00020e6c   0x000000a4   Code   RO          330    i.bsp_button_event_handler  bsp.o
    0x00020f10   0x0000002c   Code   RO          331    i.bsp_button_is_pressed  bsp.o
    0x00020f3c   0x00000040   Code   RO           10    i.bsp_event_handler  main.o
    0x00020f7c   0x00000044   Code   RO          335    i.bsp_event_to_button_action_assign  bsp.o
    0x00020fc0   0x00000018   Code   RO          336    i.bsp_indication_set  bsp.o
    0x00020fd8   0x000000a4   Code   RO          338    i.bsp_init          bsp.o
    0x0002107c   0x000001dc   Code   RO          339    i.bsp_led_indication  bsp.o
    0x00021258   0x0000003c   Code   RO          340    i.bsp_wakeup_buttons_set  bsp.o
    0x00021294   0x00000008   Code   RO          341    i.button_timer_handler  bsp.o
    0x0002129c   0x0000001c   Code   RO         1265    i.channel_free      nrf_drv_gpiote.o
    0x000212b8   0x0000004c   Code   RO         1266    i.channel_port_alloc  nrf_drv_gpiote.o
    0x00021304   0x00000010   Code   RO         1267    i.channel_port_get  nrf_drv_gpiote.o
    0x00021314   0x000000a8   Code   RO          721    i.char_add          ble_dis.o
    0x000213bc   0x000000fc   Code   RO         1630    i.clear_operation_execute  pstorage.o
    0x000214b8   0x00000020   Code   RO         1631    i.clear_post_processing_run  pstorage.o
    0x000214d8   0x00000034   Code   RO         1632    i.cmd_process       pstorage.o
    0x0002150c   0x00000020   Code   RO         1633    i.cmd_queue_element_init  pstorage.o
    0x0002152c   0x00000054   Code   RO         1634    i.cmd_queue_enqueue  pstorage.o
    0x00021580   0x00000040   Code   RO         1635    i.command_end_procedure_run  pstorage.o
    0x000215c0   0x000000a8   Code   RO         2009    i.compare_reg_update  app_timer.o
    0x00021668   0x00000088   Code   RO          480    i.conn_int_encode   ble_advdata.o
    0x000216f0   0x00000008   Code   RO           11    i.conn_params_error_handler  main.o
    0x000216f8   0x00000054   Code   RO          666    i.conn_params_negotiation  ble_conn_params.o
    0x0002174c   0x0000002c   Code   RO          847    i.connection_instance_find  device_manager_peripheral.o
    0x00021778   0x00000028   Code   RO          848    i.connection_instance_init  device_manager_peripheral.o
    0x000217a0   0x00000054   Code   RO         1636    i.data_page_erase_state_run  pstorage.o
    0x000217f4   0x00000020   Code   RO         1637    i.data_to_swap_write_state_run  pstorage.o
    0x00021814   0x00000060   Code   RO         1877    i.detection_delay_timeout_handler  app_button.o
    0x00021874   0x000000c0   Code   RO          849    i.device_context_store  device_manager_peripheral.o
    0x00021934   0x00000048   Code   RO          850    i.device_instance_find  device_manager_peripheral.o
    0x0002197c   0x0000002c   Code   RO          851    i.device_instance_free  device_manager_peripheral.o
    0x000219a8   0x00000012   Code   RO           12    i.device_manager_evt_handler  main.o
    0x000219ba   0x00000002   PAD
    0x000219bc   0x00000078   Code   RO           13    i.device_manager_init  main.o
    0x00021a34   0x0000045c   Code   RO          856    i.dm_ble_evt_handler  device_manager_peripheral.o
    0x00021e90   0x00000016   Code   RO          862    i.dm_handle_initialize  device_manager_peripheral.o
    0x00021ea6   0x00000002   PAD
    0x00021ea8   0x000000c8   Code   RO          863    i.dm_init           device_manager_peripheral.o
    0x00021f70   0x00000190   Code   RO          866    i.dm_pstorage_cb_handler  device_manager_peripheral.o
    0x00022100   0x00000068   Code   RO          867    i.dm_register       device_manager_peripheral.o
    0x00022168   0x00000040   Code   RO         2010    i.elapsed_ticks_acquire  app_timer.o
    0x000221a8   0x00000060   Code   RO         2011    i.expired_timers_handler  app_timer.o
    0x00022208   0x0000001c   Code   RO         1638    i.flash_api_err_code_process  pstorage.o
    0x00022224   0x0000008c   Code   RO         1639    i.flash_operation_success_run  pstorage.o
    0x000222b0   0x00000006   Code   RO         1640    i.flash_page_erase  pstorage.o
    0x000222b6   0x00000006   Code   RO         1641    i.flash_write       pstorage.o
    0x000222bc   0x00000078   Code   RO           14    i.gap_params_init   main.o
    0x00022334   0x00000004   Code   RO          874    i.gattc_context_apply  device_manager_peripheral.o
    0x00022338   0x00000004   Code   RO          875    i.gattc_context_load  device_manager_peripheral.o
    0x0002233c   0x00000004   Code   RO          876    i.gattc_context_store  device_manager_peripheral.o
    0x00022340   0x000000b0   Code   RO          877    i.gatts_context_apply  device_manager_peripheral.o
    0x000223f0   0x00000038   Code   RO          878    i.gatts_context_load  device_manager_peripheral.o
    0x00022428   0x000000c8   Code   RO          879    i.gatts_context_store  device_manager_peripheral.o
    0x000224f0   0x00000004   Code   RO          880    i.gattsc_context_apply  device_manager_peripheral.o
    0x000224f4   0x00000004   Code   RO          881    i.gattsc_context_load  device_manager_peripheral.o
    0x000224f8   0x00000004   Code   RO          882    i.gattsc_context_store  device_manager_peripheral.o
    0x000224fc   0x0000004c   Code   RO         1878    i.gpiote_event_handler  app_button.o
    0x00022548   0x00000078   Code   RO         1642    i.head_restore_state_run  pstorage.o
    0x000225c0   0x00000058   Code   RO           15    i.heart_rate_meas_timeout_handler  main.o
    0x00022618   0x000000c2   Code   RO          761    i.heart_rate_measurement_char_add  ble_hrs.o
    0x000226da   0x00000092   Code   RO          762    i.hrm_encode        ble_hrs.o
    0x0002276c   0x00000078   Code   RO         2237    i.intern_softdevice_events_execute  softdevice_handler.o
    0x000227e4   0x0000001c   Code   RO          667    i.is_conn_params_ok  ble_conn_params.o
    0x00022800   0x00000044   Code   RO         1643    i.is_page_erase_required  pstorage.o
    0x00022844   0x0000000c   Code   RO         1644    i.is_word_aligned   pstorage.o
    0x00022850   0x00000054   Code   RO          481    i.le_role_encode    ble_advdata.o
    0x000228a4   0x00000014   Code   RO          342    i.leds_timer_handler  bsp.o
    0x000228b8   0x000000a4   Code   RO         2012    i.list_deletions_handler  app_timer.o
    0x0002295c   0x00000104   Code   RO         2013    i.list_insertions_handler  app_timer.o
    0x00022a60   0x00000118   Code   RO           16    i.main              main.o
    0x00022b78   0x00000014   Code   RO         1645    i.main_state_err_busy_process  pstorage.o
    0x00022b8c   0x00000064   Code   RO          482    i.manuf_specific_data_encode  ble_advdata.o
    0x00022bf0   0x0000009c   Code   RO          483    i.name_encode       ble_advdata.o
    0x00022c8c   0x00000004   Code   RO          883    i.no_service_context_apply  device_manager_peripheral.o
    0x00022c90   0x00000004   Code   RO          884    i.no_service_context_load  device_manager_peripheral.o
    0x00022c94   0x00000004   Code   RO          885    i.no_service_context_store  device_manager_peripheral.o
    0x00022c98   0x00000038   Code   RO         1230    i.nrf_drv_common_irq_enable  nrf_drv_common.o
    0x00022cd0   0x00000094   Code   RO         1270    i.nrf_drv_gpiote_in_event_enable  nrf_drv_gpiote.o
    0x00022d64   0x000000b8   Code   RO         1271    i.nrf_drv_gpiote_in_init  nrf_drv_gpiote.o
    0x00022e1c   0x00000014   Code   RO         1272    i.nrf_drv_gpiote_in_is_set  nrf_drv_gpiote.o
    0x00022e30   0x00000050   Code   RO         1274    i.nrf_drv_gpiote_init  nrf_drv_gpiote.o
    0x00022e80   0x00000010   Code   RO         1275    i.nrf_drv_gpiote_is_init  nrf_drv_gpiote.o
    0x00022e90   0x00000022   Code   RO         1287    i.nrf_gpio_cfg      nrf_drv_gpiote.o
    0x00022eb2   0x0000001c   Code   RO         1289    i.nrf_gpio_cfg_sense_set  nrf_drv_gpiote.o
    0x00022ece   0x00000002   PAD
    0x00022ed0   0x00000014   Code   RO         1290    i.nrf_gpiote_event_clear  nrf_drv_gpiote.o
    0x00022ee4   0x00000010   Code   RO         1291    i.nrf_gpiote_event_is_set  nrf_drv_gpiote.o
    0x00022ef4   0x0000000a   Code   RO         1478    i.nrf_uart_event_check  nrf_drv_uart.o
    0x00022efe   0x0000000a   Code   RO         1479    i.nrf_uarte_event_check  nrf_drv_uart.o
    0x00022f08   0x00000028   Code   RO           17    i.on_adv_evt        main.o
    0x00022f30   0x00000020   Code   RO           18    i.on_conn_params_evt  main.o
    0x00022f50   0x00000014   Code   RO          560    i.peer_address_exists  ble_advertising.o
    0x00022f64   0x00000040   Code   RO          886    i.peer_instance_init  device_manager_peripheral.o
    0x00022fa4   0x00000018   Code   RO         1292    i.pin_in_use_by_port  nrf_drv_gpiote.o
    0x00022fbc   0x00000018   Code   RO         1293    i.pin_in_use_by_te  nrf_drv_gpiote.o
    0x00022fd4   0x0000003c   Code   RO          722    i.pnp_id_encode     ble_dis.o
    0x00023010   0x00000024   Code   RO         1646    i.pstorage_access_status_get  pstorage.o
    0x00023034   0x0000004c   Code   RO         1647    i.pstorage_block_identifier_get  pstorage.o
    0x00023080   0x00000094   Code   RO         1648    i.pstorage_clear    pstorage.o
    0x00023114   0x00000008   Code   RO         1649    i.pstorage_flash_page_end  pstorage.o
    0x0002311c   0x0000000a   Code   RO         1650    i.pstorage_flash_page_size  pstorage.o
    0x00023126   0x00000002   PAD
    0x00023128   0x0000004c   Code   RO         1651    i.pstorage_init     pstorage.o
    0x00023174   0x0000009c   Code   RO         1652    i.pstorage_load     pstorage.o
    0x00023210   0x000000b4   Code   RO         1653    i.pstorage_register  pstorage.o
    0x000232c4   0x00000080   Code   RO         1654    i.pstorage_store    pstorage.o
    0x00023344   0x00000048   Code   RO         1655    i.pstorage_sys_event_handler  pstorage.o
    0x0002338c   0x00000080   Code   RO         1656    i.pstorage_update   pstorage.o
    0x0002340c   0x0000002c   Code   RO           19    i.rr_interval_timeout_handler  main.o
    0x00023438   0x0000003c   Code   RO         2014    i.rtc1_stop         app_timer.o
    0x00023474   0x00000024   Code   RO         1481    i.rx_byte           nrf_drv_uart.o
    0x00023498   0x00000024   Code   RO         1482    i.rx_done_event     nrf_drv_uart.o
    0x000234bc   0x00000018   Code   RO           20    i.sensor_contact_detected_timeout_handler  main.o
    0x000234d4   0x00000060   Code   RO           21    i.sensor_simulator_init  main.o
    0x00023534   0x00000016   Code   RO         2215    i.sensorsim_init    sensorsim.o
    0x0002354a   0x00000034   Code   RO         2216    i.sensorsim_measure  sensorsim.o
    0x0002357e   0x00000002   PAD
    0x00023580   0x00000088   Code   RO          484    i.service_data_encode  ble_advdata.o
    0x00023608   0x00000150   Code   RO           22    i.services_init     main.o
    0x00023758   0x00000034   Code   RO           23    i.sleep_mode_enter  main.o
    0x0002378c   0x0000003c   Code   RO         1657    i.sm_state_change   pstorage.o
    0x000237c8   0x0000000c   Code   RO         2238    i.softdevice_assertion_handler  softdevice_handler.o
    0x000237d4   0x00000014   Code   RO         2239    i.softdevice_ble_evt_handler_set  softdevice_handler.o
    0x000237e8   0x00000030   Code   RO         2240    i.softdevice_handler_init  softdevice_handler.o
    0x00023818   0x00000014   Code   RO         2242    i.softdevice_sys_evt_handler_set  softdevice_handler.o
    0x0002382c   0x00000068   Code   RO         1658    i.state_data_erase_swap_entry_run  pstorage.o
    0x00023894   0x0000000c   Code   RO         1659    i.state_erase_data_page_entry_run  pstorage.o
    0x000238a0   0x0000002c   Code   RO         1660    i.state_restore_head_entry_run  pstorage.o
    0x000238cc   0x00000050   Code   RO         1661    i.state_restore_tail_entry_run  pstorage.o
    0x0002391c   0x0000001e   Code   RO         1662    i.state_swap_erase_entry_run  pstorage.o
    0x0002393a   0x00000002   PAD
    0x0002393c   0x00000030   Code   RO         1663    i.state_write_data_swap_entry_run  pstorage.o
    0x0002396c   0x00000004   Code   RO          887    i.storage_operation_dummy_handler  device_manager_peripheral.o
    0x00023970   0x0000005c   Code   RO         1664    i.store_cmd_flash_write_execute  pstorage.o
    0x000239cc   0x00000018   Code   RO         1665    i.swap_erase_state_run  pstorage.o
    0x000239e4   0x00000014   Code   RO         1666    i.swap_sub_state_err_busy_process  pstorage.o
    0x000239f8   0x00000014   Code   RO         1667    i.swap_sub_state_state_change  pstorage.o
    0x00023a0c   0x00000012   Code   RO           24    i.sys_evt_dispatch  main.o
    0x00023a1e   0x0000004a   Code   RO          723    i.sys_id_encode     ble_dis.o
    0x00023a68   0x00000014   Code   RO         1668    i.tail_restore_state_run  pstorage.o
    0x00023a7c   0x0000006c   Code   RO         2015    i.timer_list_insert  app_timer.o
    0x00023ae8   0x0000007c   Code   RO         2016    i.timer_list_remove  app_timer.o
    0x00023b64   0x00000088   Code   RO         2017    i.timer_timeouts_check  app_timer.o
    0x00023bec   0x00000090   Code   RO           25    i.timers_init       main.o
    0x00023c7c   0x00000024   Code   RO         1484    i.tx_byte           nrf_drv_uart.o
    0x00023ca0   0x00000024   Code   RO         1485    i.tx_done_event     nrf_drv_uart.o
    0x00023cc4   0x0000000a   Code   RO          485    i.uint16_encode     ble_advdata.o
    0x00023cce   0x00000002   PAD
    0x00023cd0   0x00000014   Code   RO          888    i.update_status_bit_reset  device_manager_peripheral.o
    0x00023ce4   0x00000060   Code   RO          668    i.update_timeout_handler  ble_conn_params.o
    0x00023d44   0x00000044   Code   RO         2018    i.user_id_get       app_timer.o
    0x00023d88   0x00000026   Code   RO         2019    i.user_op_alloc     app_timer.o
    0x00023dae   0x00000030   Code   RO          486    i.uuid_list_encode  ble_advdata.o
    0x00023dde   0x0000009e   Code   RO          487    i.uuid_list_sized_encode  ble_advdata.o
    0x00023e7c   0x0000000e   Code   RO          561    i.whitelist_has_entries  ble_advertising.o
    0x00023e8a   0x00000002   PAD
    0x00023e8c   0x00000030   Data   RO          344    .constdata          bsp.o
    0x00023ebc   0x00000034   Data   RO          890    .constdata          device_manager_peripheral.o
    0x00023ef0   0x00000028   Data   RO         1670    .constdata          pstorage.o
    0x00023f18   0x00000004   Data   RO         1879    .constdata          app_button.o
    0x00023f1c   0x00000020   Data   RO         2371    Region$$Table       anon$$obj.o


    Execution Region RW_IRAM1 (Base: 0x20002800, Size: 0x00002950, Max: 0x00005800, ABSOLUTE, COMPRESSED[0x0000001c])

    Base Addr    Size         Type   Attr      Idx    E Section Name        Object

    0x20002800   0x00000040   Data   RW           27    .data               main.o
    0x20002840   0x00000020   Data   RW          345    .data               bsp.o
    0x20002860   0x00000008   Data   RW          441    .data               bsp_btn_ble.o
    0x20002868   0x0000001f   Data   RW          563    .data               ble_advertising.o
    0x20002887   0x00000001   PAD
    0x20002888   0x00000018   Data   RW          670    .data               ble_conn_params.o
    0x200028a0   0x0000004a   Data   RW          724    .data               ble_dis.o
    0x200028ea   0x00000002   PAD
    0x200028ec   0x00000018   Data   RW          891    .data               device_manager_peripheral.o
    0x20002904   0x00000024   Data   RW         1671    .data               pstorage.o
    0x20002928   0x00000018   Data   RW         1880    .data               app_button.o
    0x20002940   0x00000024   Data   RW         2020    .data               app_timer.o
    0x20002964   0x00000014   Data   RW         2243    .data               softdevice_handler.o
    0x20002978   0x00000004   Data   RW         2307    .data               system_nrf52.o
    0x2000297c   0x00000410   Zero   RW           26    .bss                main.o
    0x20002d8c   0x0000000c   Zero   RW          343    .bss                bsp.o
    0x20002d98   0x00000103   Zero   RW          562    .bss                ble_advertising.o
    0x20002e9b   0x00000001   PAD
    0x20002e9c   0x0000001c   Zero   RW          669    .bss                ble_conn_params.o
    0x20002eb8   0x0000014f   Zero   RW          889    .bss                device_manager_peripheral.o
    0x20003007   0x00000001   PAD
    0x20003008   0x00000058   Zero   RW         1294    .bss                nrf_drv_gpiote.o
    0x20003060   0x00000018   Zero   RW         1486    .bss                nrf_drv_uart.o
    0x20003078   0x000000d8   Zero   RW         1669    .bss                pstorage.o
    0x20003150   0x00002000   Zero   RW         2295    STACK               arm_startup_nrf52.o


==============================================================================

Image component sizes


      Code (inc. data)   RO Data    RW Data    ZI Data      Debug   Object Name

       324         30          4         24          0       9150   app_button.o
        32          8          0          0          0      27719   app_error.o
      2114        110          0         36          0      52147   app_timer.o
        36         10       1024          0       8192        892   arm_startup_nrf52.o
      1540          0          0          0          0      18712   ble_advdata.o
      1042         44          0         31        259       9341   ble_advertising.o
       586          0          0          0          0      11547   ble_bas.o
       432         40          0         24         28       6980   ble_conn_params.o
       602          8          0         74          0       5759   ble_dis.o
       788          0          0          0          0      11001   ble_hrs.o
        30          0          0          0          0       2164   ble_srv_common.o
      1060        104         48         32         12      10117   bsp.o
       260         10          0          8          0       4885   bsp_btn_ble.o
      2874        160         52         24        335      33245   device_manager_peripheral.o
      1852        172          0         64       1040     120375   main.o
        56          0          0          0          0      28459   nrf_drv_common.o
       990         90          0          0         88      22928   nrf_drv_gpiote.o
       532         34          0          0         24      17802   nrf_drv_uart.o
      2684        248         40         36        216      39242   pstorage.o
        74          0          0          0          0       1957   sensorsim.o
       260         32          0         20          0       7017   softdevice_handler.o
       600         40          0          4          0       2439   system_nrf52.o

    ----------------------------------------------------------------------
     18798       1140       1200        380      10196     443878   Object Totals
         0          0         32          0          0          0   (incl. Generated)
        30          0          0          3          2          0   (incl. Padding)

    ----------------------------------------------------------------------

      Code (inc. data)   RO Data    RW Data    ZI Data      Debug   Library Member Name

        58          0          0          0          0          0   __dczerorl.o
         0          0          0          0          0          0   entry.o
         0          0          0          0          0          0   entry10a.o
         0          0          0          0          0          0   entry11a.o
         8          4          0          0          0          0   entry2.o
         4          0          0          0          0          0   entry5.o
         0          0          0          0          0          0   entry7b.o
         0          0          0          0          0          0   entry8b.o
         8          4          0          0          0          0   entry9a.o
        30          0          0          0          0          0   handlers.o
        36          8          0          0          0         68   init.o
        26          0          0          0          0         80   memcmp.o
        64          0          0          0          0         76   memmovea.o
        36          0          0          0          0        108   memseta.o
        14          0          0          0          0         68   strlen.o

    ----------------------------------------------------------------------
       286         16          0          0          0        400   Library Totals
         2          0          0          0          0          0   (incl. Padding)

    ----------------------------------------------------------------------

      Code (inc. data)   RO Data    RW Data    ZI Data      Debug   Library Name

       284         16          0          0          0        400   mc_w.l

    ----------------------------------------------------------------------
       286         16          0          0          0        400   Library Totals

    ----------------------------------------------------------------------

==============================================================================


      Code (inc. data)   RO Data    RW Data    ZI Data      Debug   

     19084       1156       1200        380      10196     424658   Grand Totals
     19084       1156       1200         28      10196     424658   ELF Image Totals (compressed)
     19084       1156       1200         28          0          0   ROM Totals

==============================================================================

    Total RO  Size (Code + RO Data)                20284 (  19.81kB)
    Total RW  Size (RW Data + ZI Data)             10576 (  10.33kB)
    Total ROM Size (Code + RO Data + RW Data)      20312 (  19.84kB)

==============================================================================

