Component: ARM Compiler 5.06 update 1 (build 61) Tool: armlink [4d35a8]

==============================================================================

Section Cross References

    client_handling.o(i.client_find) refers to client_handling.o(.bss) for .bss
    client_handling.o(i.client_handling_ble_evt_handler) refers to client_handling.o(i.client_find) for client_find
    client_handling.o(i.client_handling_ble_evt_handler) refers to device_manager_central.o(i.dm_security_setup_req) for dm_security_setup_req
    client_handling.o(i.client_handling_ble_evt_handler) refers to app_error.o(i.app_error_handler_bare) for app_error_handler_bare
    client_handling.o(i.client_handling_ble_evt_handler) refers to printfa.o(i.__0printf) for __2printf
    client_handling.o(i.client_handling_ble_evt_handler) refers to client_handling.o(i.on_evt_hvx) for on_evt_hvx
    client_handling.o(i.client_handling_ble_evt_handler) refers to ble_db_discovery.o(i.ble_db_discovery_on_ble_evt) for ble_db_discovery_on_ble_evt
    client_handling.o(i.client_handling_ble_evt_handler) refers to client_handling.o(.bss) for .bss
    client_handling.o(i.client_handling_count) refers to client_handling.o(.data) for .data
    client_handling.o(i.client_handling_create) refers to ble_db_discovery.o(i.ble_db_discovery_start) for ble_db_discovery_start
    client_handling.o(i.client_handling_create) refers to app_error.o(i.app_error_handler_bare) for app_error_handler_bare
    client_handling.o(i.client_handling_create) refers to client_handling.o(.bss) for .bss
    client_handling.o(i.client_handling_create) refers to client_handling.o(.data) for .data
    client_handling.o(i.client_handling_destroy) refers to client_handling.o(.bss) for .bss
    client_handling.o(i.client_handling_destroy) refers to client_handling.o(.constdata) for .constdata
    client_handling.o(i.client_handling_destroy) refers to client_handling.o(.data) for .data
    client_handling.o(i.client_handling_dm_event_handler) refers to client_handling.o(i.notif_enable) for notif_enable
    client_handling.o(i.client_handling_dm_event_handler) refers to client_handling.o(.bss) for .bss
    client_handling.o(i.client_handling_init) refers to app_error.o(i.app_error_handler_bare) for app_error_handler_bare
    client_handling.o(i.client_handling_init) refers to ble_db_discovery.o(i.ble_db_discovery_init) for ble_db_discovery_init
    client_handling.o(i.client_handling_init) refers to ble_db_discovery.o(i.ble_db_discovery_evt_register) for ble_db_discovery_evt_register
    client_handling.o(i.client_handling_init) refers to client_handling.o(.constdata) for .constdata
    client_handling.o(i.client_handling_init) refers to client_handling.o(.data) for .data
    client_handling.o(i.client_handling_init) refers to client_handling.o(.bss) for .bss
    client_handling.o(i.client_handling_init) refers to client_handling.o(i.db_discovery_evt_handler) for db_discovery_evt_handler
    client_handling.o(i.db_discovery_evt_handler) refers to client_handling.o(i.client_find) for client_find
    client_handling.o(i.db_discovery_evt_handler) refers to client_handling.o(i.notif_enable) for notif_enable
    client_handling.o(i.db_discovery_evt_handler) refers to client_handling.o(.bss) for .bss
    client_handling.o(i.db_discovery_evt_handler) refers to client_handling.o(.data) for .data
    client_handling.o(i.notif_enable) refers to app_error.o(i.app_error_handler_bare) for app_error_handler_bare
    client_handling.o(i.on_evt_hvx) refers to app_uart_fifo.o(i.app_uart_put) for app_uart_put
    client_handling.o(i.on_evt_hvx) refers to main.o(.data) for counter
    main.o(i.assert_nrf_callback) refers to app_error.o(i.app_error_handler) for app_error_handler
    main.o(i.ble_evt_dispatch) refers to device_manager_central.o(i.dm_ble_evt_handler) for dm_ble_evt_handler
    main.o(i.ble_evt_dispatch) refers to client_handling.o(i.client_handling_ble_evt_handler) for client_handling_ble_evt_handler
    main.o(i.ble_evt_dispatch) refers to main.o(i.adv_report_parse) for adv_report_parse
    main.o(i.ble_evt_dispatch) refers to memcmp.o(.text) for memcmp
    main.o(i.ble_evt_dispatch) refers to main.o(.constdata) for .constdata
    main.o(i.ble_stack_init) refers to softdevice_handler.o(i.softdevice_handler_init) for softdevice_handler_init
    main.o(i.ble_stack_init) refers to app_error.o(i.app_error_handler_bare) for app_error_handler_bare
    main.o(i.ble_stack_init) refers to softdevice_handler.o(i.softdevice_enable_get_default_config) for softdevice_enable_get_default_config
    main.o(i.ble_stack_init) refers to softdevice_handler.o(i.sd_check_ram_start) for sd_check_ram_start
    main.o(i.ble_stack_init) refers to softdevice_handler.o(i.softdevice_enable) for softdevice_enable
    main.o(i.ble_stack_init) refers to softdevice_handler.o(i.softdevice_ble_evt_handler_set) for softdevice_ble_evt_handler_set
[...]
    ..\\..\\..\\..\\..\\..\\components\\libraries\\timer\\app_timer.c 0x00000000   Number         0  app_timer.o ABSOLUTE
    ..\\..\\..\\..\\..\\..\\components\\libraries\\uart\\app_uart_fifo.c 0x00000000   Number         0  app_uart_fifo.o ABSOLUTE
    ..\\..\\..\\..\\..\\..\\components\\libraries\\uart\\retarget.c 0x00000000   Number         0  retarget.o ABSOLUTE
    ..\\..\\..\\..\\..\\..\\components\\libraries\\util\\app_error.c 0x00000000   Number         0  app_error.o ABSOLUTE
    ..\\..\\..\\..\\..\\..\\components\\libraries\\util\\nrf_assert.c 0x00000000   Number         0  nrf_assert.o ABSOLUTE
    ..\\..\\..\\..\\..\\..\\components\\libraries\\util\\nrf_log.c 0x00000000   Number         0  nrf_log.o ABSOLUTE
    ..\\..\\..\\..\\..\\..\\components\\softdevice\\common\\softdevice_handler\\softdevice_handler.c 0x00000000   Number         0  softdevice_handler.o ABSOLUTE
    ..\\..\\..\\client_handling.c            0x00000000   Number         0  client_handling.o ABSOLUTE
    ..\\..\\..\\main.c                       0x00000000   Number         0  main.o ABSOLUTE
    RTE\Device\nRF52832_xxAA\arm_startup_nrf52.s 0x00000000   Number         0  arm_startup_nrf52.o ABSOLUTE
    RTE\Device\nRF52832_xxAA\system_nrf52.c  0x00000000   Number         0  system_nrf52.o ABSOLUTE
    RTE\\Device\\nRF52832_xxAA\\system_nrf52.c 0x00000000   Number         0  system_nrf52.o ABSOLUTE
    cdrcmple.s                               0x00000000   Number         0  cdrcmple.o ABSOLUTE
    dc.s                                     0x00000000   Number         0  dc.o ABSOLUTE
    handlers.s                               0x00000000   Number         0  handlers.o ABSOLUTE
    init.s                                   0x00000000   Number         0  init.o ABSOLUTE
    RESET                                    0x0001b000   Section     1024  arm_startup_nrf52.o(RESET)
    .ARM.Collect$$$$00000000                 0x0001b400   Section        0  entry.o(.ARM.Collect$$$$00000000)
    .ARM.Collect$$$$00000001                 0x0001b400   Section        4  entry2.o(.ARM.Collect$$$$00000001)
    .ARM.Collect$$$$00000004                 0x0001b404   Section        4  entry5.o(.ARM.Collect$$$$00000004)
    .ARM.Collect$$$$00000008                 0x0001b408   Section        0  entry7b.o(.ARM.Collect$$$$00000008)
    .ARM.Collect$$$$0000000A                 0x0001b408   Section        0  entry8b.o(.ARM.Collect$$$$0000000A)
    .ARM.Collect$$$$0000000B                 0x0001b408   Section        8  entry9a.o(.ARM.Collect$$$$0000000B)
    .ARM.Collect$$$$0000000D                 0x0001b410   Section        0  entry10a.o(.ARM.Collect$$$$0000000D)
    .ARM.Collect$$$$0000000F                 0x0001b410   Section        0  entry11a.o(.ARM.Collect$$$$0000000F)
    .ARM.Collect$$$$00002712                 0x0001b410   Section        4  entry2.o(.ARM.Collect$$$$00002712)
    __lit__00000000                          0x0001b410   Data           4  entry2.o(.ARM.Collect$$$$00002712)
    .emb_text                                0x0001b414   Section      118  app_timer.o(.emb_text)
    $v0                                      0x0001b414   Number         0  app_timer.o(.emb_text)
    .text                                    0x0001b48c   Section       36  arm_startup_nrf52.o(.text)
    $v0                                      0x0001b48c   Number         0  arm_startup_nrf52.o(.text)
    .text                                    0x0001b4b0   Section        0  memcpya.o(.text)
    .text                                    0x0001b4d4   Section        0  memseta.o(.text)
    .text                                    0x0001b4f8   Section        0  memcmp.o(.text)
    .text                                    0x0001b512   Section        0  uidiv.o(.text)
    .text                                    0x0001b53e   Section        0  uldiv.o(.text)
    .text                                    0x0001b5a0   Section        0  dadd.o(.text)
    .text                                    0x0001b5a0   Section        0  iusefp.o(.text)
    .text                                    0x0001b6ee   Section        0  dmul.o(.text)
    .text                                    0x0001b7d2   Section        0  ddiv.o(.text)
    .text                                    0x0001b8b0   Section        0  dfixul.o(.text)
    .text                                    0x0001b8e0   Section       48  cdrcmple.o(.text)
    .text                                    0x0001b910   Section       36  init.o(.text)
    .text                                    0x0001b934   Section        0  llshl.o(.text)
    .text                                    0x0001b952   Section        0  llushr.o(.text)
    .text                                    0x0001b972   Section        0  llsshr.o(.text)
    .text                                    0x0001b996   Section        0  depilogue.o(.text)
    i.NVIC_ClearPendingIRQ                   0x0001ba50   Section        0  app_timer.o(i.NVIC_ClearPendingIRQ)
    NVIC_ClearPendingIRQ                     0x0001ba51   Thumb Code    22  app_timer.o(i.NVIC_ClearPendingIRQ)
    i.NVIC_EnableIRQ                         0x0001ba66   Section        0  app_timer.o(i.NVIC_EnableIRQ)
    NVIC_EnableIRQ                           0x0001ba67   Thumb Code    22  app_timer.o(i.NVIC_EnableIRQ)
    i.NVIC_SetPendingIRQ                     0x0001ba7c   Section        0  app_timer.o(i.NVIC_SetPendingIRQ)
    NVIC_SetPendingIRQ                       0x0001ba7d   Thumb Code    22  app_timer.o(i.NVIC_SetPendingIRQ)
    i.NVIC_SetPriority                       0x0001ba92   Section        0  app_timer.o(i.NVIC_SetPriority)
    NVIC_SetPriority                         0x0001ba93   Thumb Code    32  app_timer.o(i.NVIC_SetPriority)
    i.RTC1_IRQHandler                        0x0001bab4   Section        0  app_timer.o(i.RTC1_IRQHandler)
    i.SWI0_EGU0_IRQHandler                   0x0001bad8   Section        0  app_timer.o(i.SWI0_EGU0_IRQHandler)
    i.SWI2_EGU2_IRQHandler                   0x0001badc   Section        0  softdevice_handler.o(i.SWI2_EGU2_IRQHandler)
    i.SystemInit                             0x0001bb00   Section        0  system_nrf52.o(i.SystemInit)
    i.UARTE0_UART0_IRQHandler                0x0001bd5c   Section        0  nrf_drv_uart.o(i.UARTE0_UART0_IRQHandler)
    i.__0printf                              0x0001bd70   Section        0  printfa.o(i.__0printf)
    i.__scatterload_copy                     0x0001bd90   Section       14  handlers.o(i.__scatterload_copy)
    i.__scatterload_null                     0x0001bd9e   Section        2  handlers.o(i.__scatterload_null)
    i.__scatterload_zeroinit                 0x0001bda0   Section       14  handlers.o(i.__scatterload_zeroinit)
    i._fp_digits                             0x0001bdb0   Section        0  printfa.o(i._fp_digits)
    _fp_digits                               0x0001bdb1   Thumb Code   334  printfa.o(i._fp_digits)
    i._printf_core                           0x0001bf14   Section        0  printfa.o(i._printf_core)
    _printf_core                             0x0001bf15   Thumb Code  1744  printfa.o(i._printf_core)
    i._printf_post_padding                   0x0001c5f0   Section        0  printfa.o(i._printf_post_padding)
    _printf_post_padding                     0x0001c5f1   Thumb Code    36  printfa.o(i._printf_post_padding)
    i._printf_pre_padding                    0x0001c614   Section        0  printfa.o(i._printf_pre_padding)
    _printf_pre_padding                      0x0001c615   Thumb Code    46  printfa.o(i._printf_pre_padding)
    i.adv_report_parse                       0x0001c642   Section        0  main.o(i.adv_report_parse)
    adv_report_parse                         0x0001c643   Thumb Code    46  main.o(i.adv_report_parse)
    i.app_error_fault_handler                0x0001c670   Section        0  app_error.o(i.app_error_fault_handler)
    i.app_error_handler_bare                 0x0001c694   Section        0  app_error.o(i.app_error_handler_bare)
    i.app_evt_notify                         0x0001c6a8   Section        0  device_manager_central.o(i.app_evt_notify)
    app_evt_notify                           0x0001c6a9   Thumb Code     6  device_manager_central.o(i.app_evt_notify)
    i.app_fifo_get                           0x0001c6b4   Section        0  app_fifo.o(i.app_fifo_get)
    i.app_fifo_init                          0x0001c6ca   Section        0  app_fifo.o(i.app_fifo_init)
    i.app_fifo_put                           0x0001c6ea   Section        0  app_fifo.o(i.app_fifo_put)
    i.app_notify                             0x0001c704   Section        0  pstorage.o(i.app_notify)
    app_notify                               0x0001c705   Thumb Code    36  pstorage.o(i.app_notify)
    i.app_notify_error_state_transit         0x0001c730   Section        0  pstorage.o(i.app_notify_error_state_transit)
    app_notify_error_state_transit           0x0001c731   Thumb Code    30  pstorage.o(i.app_notify_error_state_transit)
    i.app_timer_init                         0x0001c754   Section        0  app_timer.o(i.app_timer_init)
    i.app_uart_get                           0x0001c7e4   Section        0  app_uart_fifo.o(i.app_uart_get)
    i.app_uart_init                          0x0001c818   Section        0  app_uart_fifo.o(i.app_uart_init)
    i.app_uart_put                           0x0001c8bc   Section        0  app_uart_fifo.o(i.app_uart_put)
    i.apply_config                           0x0001c8e8   Section        0  nrf_drv_uart.o(i.apply_config)
    apply_config                             0x0001c8e9   Thumb Code   108  nrf_drv_uart.o(i.apply_config)
    i.ble_db_discovery_evt_register          0x0001c960   Section        0  ble_db_discovery.o(i.ble_db_discovery_evt_register)
    i.ble_db_discovery_init                  0x0001c9ac   Section        0  ble_db_discovery.o(i.ble_db_discovery_init)
    i.ble_db_discovery_on_ble_evt            0x0001c9c0   Section        0  ble_db_discovery.o(i.ble_db_discovery_on_ble_evt)
    i.ble_db_discovery_start                 0x0001ca70   Section        0  ble_db_discovery.o(i.ble_db_discovery_start)
    i.ble_evt_dispatch                       0x0001cac8   Section        0  main.o(i.ble_evt_dispatch)
    ble_evt_dispatch                         0x0001cac9   Thumb Code    98  main.o(i.ble_evt_dispatch)
    i.ble_stack_init                         0x0001cb3c   Section        0  main.o(i.ble_stack_init)
    ble_stack_init                           0x0001cb3d   Thumb Code   104  main.o(i.ble_stack_init)
    i.characteristics_discover               0x0001cbb4   Section        0  ble_db_discovery.o(i.characteristics_discover)
    characteristics_discover                 0x0001cbb5   Thumb Code    64  ble_db_discovery.o(i.characteristics_discover)
    i.clear_operation_execute                0x0001cbf4   Section        0  pstorage.o(i.clear_operation_execute)
    clear_operation_execute                  0x0001cbf5   Thumb Code   244  pstorage.o(i.clear_operation_execute)
    i.clear_post_processing_run              0x0001ccf0   Section        0  pstorage.o(i.clear_post_processing_run)
    clear_post_processing_run                0x0001ccf1   Thumb Code    28  pstorage.o(i.clear_post_processing_run)
    i.client_find                            0x0001cd10   Section        0  client_handling.o(i.client_find)
    client_find                              0x0001cd11   Thumb Code    34  client_handling.o(i.client_find)
    i.client_handling_ble_evt_handler        0x0001cd38   Section        0  client_handling.o(i.client_handling_ble_evt_handler)
    i.client_handling_create                 0x0001ce10   Section        0  client_handling.o(i.client_handling_create)
    i.client_handling_destroy                0x0001ce70   Section        0  client_handling.o(i.client_handling_destroy)
    i.client_handling_dm_event_handler       0x0001ced0   Section        0  client_handling.o(i.client_handling_dm_event_handler)
    i.client_handling_init                   0x0001cef4   Section        0  client_handling.o(i.client_handling_init)
    i.cmd_process                            0x0001cf68   Section        0  pstorage.o(i.cmd_process)
    cmd_process                              0x0001cf69   Thumb Code    44  pstorage.o(i.cmd_process)
    i.cmd_queue_element_init                 0x0001cf9c   Section        0  pstorage.o(i.cmd_queue_element_init)
    cmd_queue_element_init                   0x0001cf9d   Thumb Code    28  pstorage.o(i.cmd_queue_element_init)
    i.cmd_queue_enqueue                      0x0001cfbc   Section        0  pstorage.o(i.cmd_queue_enqueue)
    cmd_queue_enqueue                        0x0001cfbd   Thumb Code    74  pstorage.o(i.cmd_queue_enqueue)
    i.command_end_procedure_run              0x0001d010   Section        0  pstorage.o(i.command_end_procedure_run)
    command_end_procedure_run                0x0001d011   Thumb Code    60  pstorage.o(i.command_end_procedure_run)
    i.compare_reg_update                     0x0001d050   Section        0  app_timer.o(i.compare_reg_update)
    compare_reg_update                       0x0001d051   Thumb Code   160  app_timer.o(i.compare_reg_update)
    i.connection_instance_find               0x0001d0fc   Section        0  device_manager_central.o(i.connection_instance_find)
    connection_instance_find                 0x0001d0fd   Thumb Code    60  device_manager_central.o(i.connection_instance_find)
    i.connection_instance_init               0x0001d13c   Section        0  device_manager_central.o(i.connection_instance_init)
    connection_instance_init                 0x0001d13d   Thumb Code    34  device_manager_central.o(i.connection_instance_init)
    i.data_page_erase_state_run              0x0001d164   Section        0  pstorage.o(i.data_page_erase_state_run)
    data_page_erase_state_run                0x0001d165   Thumb Code    80  pstorage.o(i.data_page_erase_state_run)
    i.data_to_swap_write_state_run           0x0001d1b8   Section        0  pstorage.o(i.data_to_swap_write_state_run)
    data_to_swap_write_state_run             0x0001d1b9   Thumb Code    28  pstorage.o(i.data_to_swap_write_state_run)
    i.db_discovery_evt_handler               0x0001d1d8   Section        0  client_handling.o(i.db_discovery_evt_handler)
    db_discovery_evt_handler                 0x0001d1d9   Thumb Code    92  client_handling.o(i.db_discovery_evt_handler)
    i.descriptors_discover                   0x0001d23c   Section        0  ble_db_discovery.o(i.descriptors_discover)
    descriptors_discover                     0x0001d23d   Thumb Code   140  ble_db_discovery.o(i.descriptors_discover)
    i.device_context_store                   0x0001d2c8   Section        0  device_manager_central.o(i.device_context_store)
    device_context_store                     0x0001d2c9   Thumb Code   162  device_manager_central.o(i.device_context_store)
    i.device_manager_event_handler           0x0001d388   Section        0  main.o(i.device_manager_event_handler)
    device_manager_event_handler             0x0001d389   Thumb Code   328  main.o(i.device_manager_event_handler)
    i.device_manager_init                    0x0001d7cc   Section        0  main.o(i.device_manager_init)
    device_manager_init                      0x0001d7cd   Thumb Code   134  main.o(i.device_manager_init)
    i.discovery_complete_evt_trigger         0x0001d860   Section        0  ble_db_discovery.o(i.discovery_complete_evt_trigger)
    discovery_complete_evt_trigger           0x0001d861   Thumb Code   122  ble_db_discovery.o(i.discovery_complete_evt_trigger)
    i.discovery_error_evt_trigger            0x0001d8e4   Section        0  ble_db_discovery.o(i.discovery_error_evt_trigger)
    discovery_error_evt_trigger              0x0001d8e5   Thumb Code    88  ble_db_discovery.o(i.discovery_error_evt_trigger)
    i.dm_ble_evt_handler                     0x0001d944   Section        0  device_manager_central.o(i.dm_ble_evt_handler)
    i.dm_handle_initialize                   0x0001dcc8   Section        0  device_manager_central.o(i.dm_handle_initialize)
    i.dm_init                                0x0001dce0   Section        0  device_manager_central.o(i.dm_init)
    i.dm_pstorage_cb_handler                 0x0001dda0   Section        0  device_manager_central.o(i.dm_pstorage_cb_handler)
    dm_pstorage_cb_handler                   0x0001dda1   Thumb Code   382  device_manager_central.o(i.dm_pstorage_cb_handler)
    i.dm_register                            0x0001df2c   Section        0  device_manager_central.o(i.dm_register)
    i.dm_security_setup_req                  0x0001df7c   Section        0  device_manager_central.o(i.dm_security_setup_req)
    i.elapsed_ticks_acquire                  0x0001e098   Section        0  app_timer.o(i.elapsed_ticks_acquire)
    elapsed_ticks_acquire                    0x0001e099   Thumb Code    58  app_timer.o(i.elapsed_ticks_acquire)
    i.fifo_get                               0x0001e0d8   Section        0  app_fifo.o(i.fifo_get)
    fifo_get                                 0x0001e0d9   Thumb Code    20  app_fifo.o(i.fifo_get)
    i.fifo_put                               0x0001e0ec   Section        0  app_fifo.o(i.fifo_put)
    fifo_put                                 0x0001e0ed   Thumb Code    18  app_fifo.o(i.fifo_put)
    i.flash_api_err_code_process             0x0001e100   Section        0  pstorage.o(i.flash_api_err_code_process)
    flash_api_err_code_process               0x0001e101   Thumb Code    24  pstorage.o(i.flash_api_err_code_process)
    i.flash_operation_success_run            0x0001e11c   Section        0  pstorage.o(i.flash_operation_success_run)
    flash_operation_success_run              0x0001e11d   Thumb Code   126  pstorage.o(i.flash_operation_success_run)
    i.flash_page_erase                       0x0001e1a8   Section        0  pstorage.o(i.flash_page_erase)
    flash_page_erase                         0x0001e1a9   Thumb Code     6  pstorage.o(i.flash_page_erase)
    i.flash_write                            0x0001e1ae   Section        0  pstorage.o(i.flash_write)
    flash_write                              0x0001e1af   Thumb Code     6  pstorage.o(i.flash_write)
    i.fputc                                  0x0001e1b4   Section        0  retarget.o(i.fputc)
    i.gattc_context_apply                    0x0001e1c2   Section        0  device_manager_central.o(i.gattc_context_apply)
    gattc_context_apply                      0x0001e1c3   Thumb Code     4  device_manager_central.o(i.gattc_context_apply)
    i.gattc_context_load                     0x0001e1c6   Section        0  device_manager_central.o(i.gattc_context_load)
    gattc_context_load                       0x0001e1c7   Thumb Code     4  device_manager_central.o(i.gattc_context_load)
    i.gattc_context_store                    0x0001e1ca   Section        0  device_manager_central.o(i.gattc_context_store)
    gattc_context_store                      0x0001e1cb   Thumb Code     4  device_manager_central.o(i.gattc_context_store)
    i.gatts_context_apply                    0x0001e1d0   Section        0  device_manager_central.o(i.gatts_context_apply)
    gatts_context_apply                      0x0001e1d1   Thumb Code    66  device_manager_central.o(i.gatts_context_apply)
    i.gatts_context_load                     0x0001e218   Section        0  device_manager_central.o(i.gatts_context_load)
    gatts_context_load                       0x0001e219   Thumb Code    50  device_manager_central.o(i.gatts_context_load)
    i.gatts_context_store                    0x0001e250   Section        0  device_manager_central.o(i.gatts_context_store)
    gatts_context_store                      0x0001e251   Thumb Code   156  device_manager_central.o(i.gatts_context_store)
    i.gattsc_context_apply                   0x0001e2f8   Section        0  device_manager_central.o(i.gattsc_context_apply)
    gattsc_context_apply                     0x0001e2f9   Thumb Code     4  device_manager_central.o(i.gattsc_context_apply)
    i.gattsc_context_load                    0x0001e2fc   Section        0  device_manager_central.o(i.gattsc_context_load)
    gattsc_context_load                      0x0001e2fd   Thumb Code     4  device_manager_central.o(i.gattsc_context_load)
    i.gattsc_context_store                   0x0001e300   Section        0  device_manager_central.o(i.gattsc_context_store)
    gattsc_context_store                     0x0001e301   Thumb Code     4  device_manager_central.o(i.gattsc_context_store)
    i.head_restore_state_run                 0x0001e304   Section        0  pstorage.o(i.head_restore_state_run)
    head_restore_state_run                   0x0001e305   Thumb Code   110  pstorage.o(i.head_restore_state_run)
    i.initiate_security_request              0x0001e37c   Section        0  device_manager_central.o(i.initiate_security_request)
    i.intern_softdevice_events_execute       0x0001e3e0   Section        0  softdevice_handler.o(i.intern_softdevice_events_execute)
    i.is_desc_discovery_reqd                 0x0001e450   Section        0  ble_db_discovery.o(i.is_desc_discovery_reqd)
    is_desc_discovery_reqd                   0x0001e451   Thumb Code    76  ble_db_discovery.o(i.is_desc_discovery_reqd)
    i.is_page_erase_required                 0x0001e49c   Section        0  pstorage.o(i.is_page_erase_required)
    is_page_erase_required                   0x0001e49d   Thumb Code    60  pstorage.o(i.is_page_erase_required)
    i.is_word_aligned                        0x0001e4e0   Section        0  pstorage.o(i.is_word_aligned)
    is_word_aligned                          0x0001e4e1   Thumb Code    12  pstorage.o(i.is_word_aligned)
    i.list_deletions_handler                 0x0001e4ec   Section        0  app_timer.o(i.list_deletions_handler)
    list_deletions_handler                   0x0001e4ed   Thumb Code   178  app_timer.o(i.list_deletions_handler)
    i.list_insertions_handler                0x0001e5a8   Section        0  app_timer.o(i.list_insertions_handler)
    list_insertions_handler                  0x0001e5a9   Thumb Code   196  app_timer.o(i.list_insertions_handler)
    i.main                                   0x0001e674   Section        0  main.o(i.main)
    i.main_state_err_busy_process            0x0001e72c   Section        0  pstorage.o(i.main_state_err_busy_process)
    main_state_err_busy_process              0x0001e72d   Thumb Code    16  pstorage.o(i.main_state_err_busy_process)
    i.no_service_context_apply               0x0001e740   Section        0  device_manager_central.o(i.no_service_context_apply)
    no_service_context_apply                 0x0001e741   Thumb Code     4  device_manager_central.o(i.no_service_context_apply)
    i.no_service_context_load                0x0001e744   Section        0  device_manager_central.o(i.no_service_context_load)
    no_service_context_load                  0x0001e745   Thumb Code     4  device_manager_central.o(i.no_service_context_load)
    i.no_service_context_store               0x0001e748   Section        0  device_manager_central.o(i.no_service_context_store)
    no_service_context_store                 0x0001e749   Thumb Code     4  device_manager_central.o(i.no_service_context_store)
    i.notif_enable                           0x0001e74c   Section        0  client_handling.o(i.notif_enable)
    notif_enable                             0x0001e74d   Thumb Code    72  client_handling.o(i.notif_enable)
    i.nrf_drv_common_irq_enable              0x0001e794   Section        0  nrf_drv_common.o(i.nrf_drv_common_irq_enable)
    i.nrf_drv_uart_init                      0x0001e7cc   Section        0  nrf_drv_uart.o(i.nrf_drv_uart_init)
    i.nrf_drv_uart_rx                        0x0001e860   Section        0  nrf_drv_uart.o(i.nrf_drv_uart_rx)
    i.nrf_drv_uart_rx_enable                 0x0001e8ec   Section        0  nrf_drv_uart.o(i.nrf_drv_uart_rx_enable)
    i.nrf_drv_uart_rx_for_uart               0x0001e90c   Section        0  nrf_drv_uart.o(i.nrf_drv_uart_rx_for_uart)
    nrf_drv_uart_rx_for_uart                 0x0001e90d   Thumb Code   148  nrf_drv_uart.o(i.nrf_drv_uart_rx_for_uart)
    i.nrf_drv_uart_rx_for_uarte              0x0001e9a8   Section        0  nrf_drv_uart.o(i.nrf_drv_uart_rx_for_uarte)
    nrf_drv_uart_rx_for_uarte                0x0001e9a9   Thumb Code   136  nrf_drv_uart.o(i.nrf_drv_uart_rx_for_uarte)
    i.nrf_drv_uart_tx                        0x0001ea38   Section        0  nrf_drv_uart.o(i.nrf_drv_uart_tx)
    i.nrf_drv_uart_tx_for_uart               0x0001eac0   Section        0  nrf_drv_uart.o(i.nrf_drv_uart_tx_for_uart)
    nrf_drv_uart_tx_for_uart                 0x0001eac1   Thumb Code   118  nrf_drv_uart.o(i.nrf_drv_uart_tx_for_uart)
    i.nrf_gpio_cfg                           0x0001eb40   Section        0  main.o(i.nrf_gpio_cfg)
    nrf_gpio_cfg                             0x0001eb41   Thumb Code    34  main.o(i.nrf_gpio_cfg)
    i.nrf_gpio_cfg                           0x0001eb62   Section        0  nrf_drv_uart.o(i.nrf_gpio_cfg)
    nrf_gpio_cfg                             0x0001eb63   Thumb Code    34  nrf_drv_uart.o(i.nrf_gpio_cfg)
    i.nrf_gpio_cfg_input                     0x0001eb84   Section        0  nrf_drv_uart.o(i.nrf_gpio_cfg_input)
    nrf_gpio_cfg_input                       0x0001eb85   Thumb Code    18  nrf_drv_uart.o(i.nrf_gpio_cfg_input)
    i.nrf_gpio_cfg_output                    0x0001eb96   Section        0  nrf_drv_uart.o(i.nrf_gpio_cfg_output)
    nrf_gpio_cfg_output                      0x0001eb97   Thumb Code    20  nrf_drv_uart.o(i.nrf_gpio_cfg_output)
    i.nrf_uart_event_check                   0x0001ebaa   Section        0  nrf_drv_uart.o(i.nrf_uart_event_check)
    nrf_uart_event_check                     0x0001ebab   Thumb Code    10  nrf_drv_uart.o(i.nrf_uart_event_check)
    i.nrf_uart_int_enable_check              0x0001ebb4   Section        0  nrf_drv_uart.o(i.nrf_uart_int_enable_check)
    nrf_uart_int_enable_check                0x0001ebb5   Thumb Code    12  nrf_drv_uart.o(i.nrf_uart_int_enable_check)
    i.nrf_uarte_event_check                  0x0001ebc0   Section        0  nrf_drv_uart.o(i.nrf_uarte_event_check)
    nrf_uarte_event_check                    0x0001ebc1   Thumb Code    10  nrf_drv_uart.o(i.nrf_uarte_event_check)
    i.on_characteristic_discovery_rsp        0x0001ebca   Section        0  ble_db_discovery.o(i.on_characteristic_discovery_rsp)
    on_characteristic_discovery_rsp          0x0001ebcb   Thumb Code   226  ble_db_discovery.o(i.on_characteristic_discovery_rsp)
    i.on_descriptor_discovery_rsp            0x0001ecac   Section        0  ble_db_discovery.o(i.on_descriptor_discovery_rsp)
    on_descriptor_discovery_rsp              0x0001ecad   Thumb Code   168  ble_db_discovery.o(i.on_descriptor_discovery_rsp)
    i.on_evt_hvx                             0x0001ed54   Section        0  client_handling.o(i.on_evt_hvx)
    on_evt_hvx                               0x0001ed55   Thumb Code   118  client_handling.o(i.on_evt_hvx)
    i.on_srv_disc_completion                 0x0001edd8   Section        0  ble_db_discovery.o(i.on_srv_disc_completion)
    on_srv_disc_completion                   0x0001edd9   Thumb Code    98  ble_db_discovery.o(i.on_srv_disc_completion)
    i.peer_instance_init                     0x0001ee44   Section        0  device_manager_central.o(i.peer_instance_init)
    peer_instance_init                       0x0001ee45   Thumb Code    38  device_manager_central.o(i.peer_instance_init)
    i.pending_user_evts_send                 0x0001ee70   Section        0  ble_db_discovery.o(i.pending_user_evts_send)
    pending_user_evts_send                   0x0001ee71   Thumb Code    38  ble_db_discovery.o(i.pending_user_evts_send)
    i.pstorage_access_status_get             0x0001eea0   Section        0  pstorage.o(i.pstorage_access_status_get)
    i.pstorage_block_identifier_get          0x0001eec4   Section        0  pstorage.o(i.pstorage_block_identifier_get)
    i.pstorage_clear                         0x0001ef10   Section        0  pstorage.o(i.pstorage_clear)
    i.pstorage_flash_page_end                0x0001efa4   Section        0  pstorage.o(i.pstorage_flash_page_end)
    pstorage_flash_page_end                  0x0001efa5   Thumb Code    30  pstorage.o(i.pstorage_flash_page_end)
    i.pstorage_flash_page_size               0x0001efc2   Section        0  pstorage.o(i.pstorage_flash_page_size)
    pstorage_flash_page_size                 0x0001efc3   Thumb Code    10  pstorage.o(i.pstorage_flash_page_size)
    i.pstorage_init                          0x0001efcc   Section        0  pstorage.o(i.pstorage_init)
    i.pstorage_load                          0x0001f018   Section        0  pstorage.o(i.pstorage_load)
    i.pstorage_register                      0x0001f0b4   Section        0  pstorage.o(i.pstorage_register)
    i.pstorage_store                         0x0001f168   Section        0  pstorage.o(i.pstorage_store)
    i.pstorage_sys_event_handler             0x0001f1e8   Section        0  pstorage.o(i.pstorage_sys_event_handler)
    i.pstorage_update                        0x0001f230   Section        0  pstorage.o(i.pstorage_update)
    i.registered_handler_get                 0x0001f2b0   Section        0  ble_db_discovery.o(i.registered_handler_get)
    registered_handler_get                   0x0001f2b1   Thumb Code    52  ble_db_discovery.o(i.registered_handler_get)
    i.rtc1_stop                              0x0001f2ec   Section        0  app_timer.o(i.rtc1_stop)
    rtc1_stop                                0x0001f2ed   Thumb Code    52  app_timer.o(i.rtc1_stop)
    i.rx_byte                                0x0001f328   Section        0  nrf_drv_uart.o(i.rx_byte)
    rx_byte                                  0x0001f329   Thumb Code    38  nrf_drv_uart.o(i.rx_byte)
    i.rx_done_event                          0x0001f358   Section        0  nrf_drv_uart.o(i.rx_done_event)
    rx_done_event                            0x0001f359   Thumb Code    26  nrf_drv_uart.o(i.rx_done_event)
    i.rx_enable                              0x0001f378   Section        0  nrf_drv_uart.o(i.rx_enable)
    rx_enable                                0x0001f379   Thumb Code    18  nrf_drv_uart.o(i.rx_enable)
    i.scan_start                             0x0001f390   Section        0  main.o(i.scan_start)
    scan_start                               0x0001f391   Thumb Code    40  main.o(i.scan_start)
    i.sd_check_ram_start                     0x0001f3c0   Section        0  softdevice_handler.o(i.sd_check_ram_start)
    i.sm_state_change                        0x0001f3d0   Section        0  pstorage.o(i.sm_state_change)
    sm_state_change                          0x0001f3d1   Thumb Code    52  pstorage.o(i.sm_state_change)
    i.softdevice_ble_evt_handler_set         0x0001f40c   Section        0  softdevice_handler.o(i.softdevice_ble_evt_handler_set)
    i.softdevice_enable                      0x0001f420   Section        0  softdevice_handler.o(i.softdevice_enable)
    i.softdevice_enable_get_default_config   0x0001f434   Section        0  softdevice_handler.o(i.softdevice_enable_get_default_config)
    i.softdevice_fault_handler               0x0001f45a   Section        0  softdevice_handler.o(i.softdevice_fault_handler)
    i.softdevice_handler_init                0x0001f460   Section        0  softdevice_handler.o(i.softdevice_handler_init)
    i.softdevice_sys_evt_handler_set         0x0001f490   Section        0  softdevice_handler.o(i.softdevice_sys_evt_handler_set)
    i.state_data_erase_swap_entry_run        0x0001f4a4   Section        0  pstorage.o(i.state_data_erase_swap_entry_run)
    state_data_erase_swap_entry_run          0x0001f4a5   Thumb Code    96  pstorage.o(i.state_data_erase_swap_entry_run)
    i.state_erase_data_page_entry_run        0x0001f50c   Section        0  pstorage.o(i.state_erase_data_page_entry_run)
    state_erase_data_page_entry_run          0x0001f50d   Thumb Code     8  pstorage.o(i.state_erase_data_page_entry_run)
    i.state_restore_head_entry_run           0x0001f518   Section        0  pstorage.o(i.state_restore_head_entry_run)
    state_restore_head_entry_run             0x0001f519   Thumb Code    38  pstorage.o(i.state_restore_head_entry_run)
    i.state_restore_tail_entry_run           0x0001f544   Section        0  pstorage.o(i.state_restore_tail_entry_run)
    state_restore_tail_entry_run             0x0001f545   Thumb Code    72  pstorage.o(i.state_restore_tail_entry_run)
    i.state_swap_erase_entry_run             0x0001f594   Section        0  pstorage.o(i.state_swap_erase_entry_run)
    state_swap_erase_entry_run               0x0001f595   Thumb Code    30  pstorage.o(i.state_swap_erase_entry_run)
    i.state_write_data_swap_entry_run        0x0001f5b4   Section        0  pstorage.o(i.state_write_data_swap_entry_run)
    state_write_data_swap_entry_run          0x0001f5b5   Thumb Code    44  pstorage.o(i.state_write_data_swap_entry_run)
    i.storage_operation_dummy_handler        0x0001f5e4   Section        0  device_manager_central.o(i.storage_operation_dummy_handler)
    storage_operation_dummy_handler          0x0001f5e5   Thumb Code     4  device_manager_central.o(i.storage_operation_dummy_handler)
    i.store_cmd_flash_write_execute          0x0001f5e8   Section        0  pstorage.o(i.store_cmd_flash_write_execute)
    store_cmd_flash_write_execute            0x0001f5e9   Thumb Code    84  pstorage.o(i.store_cmd_flash_write_execute)
    i.swap_erase_state_run                   0x0001f644   Section        0  pstorage.o(i.swap_erase_state_run)
    swap_erase_state_run                     0x0001f645   Thumb Code    18  pstorage.o(i.swap_erase_state_run)
    i.swap_sub_state_err_busy_process        0x0001f65c   Section        0  pstorage.o(i.swap_sub_state_err_busy_process)
    swap_sub_state_err_busy_process          0x0001f65d   Thumb Code    16  pstorage.o(i.swap_sub_state_err_busy_process)
    i.swap_sub_state_state_change            0x0001f670   Section        0  pstorage.o(i.swap_sub_state_state_change)
    swap_sub_state_state_change              0x0001f671   Thumb Code    12  pstorage.o(i.swap_sub_state_state_change)
    i.sys_evt_dispatch                       0x0001f684   Section        0  main.o(i.sys_evt_dispatch)
    sys_evt_dispatch                         0x0001f685   Thumb Code    38  main.o(i.sys_evt_dispatch)
    i.tail_restore_state_run                 0x0001f6b0   Section        0  pstorage.o(i.tail_restore_state_run)
    tail_restore_state_run                   0x0001f6b1   Thumb Code    16  pstorage.o(i.tail_restore_state_run)
    i.timer_list_handler                     0x0001f6c4   Section        0  app_timer.o(i.timer_list_handler)
    timer_list_handler                       0x0001f6c5   Thumb Code   134  app_timer.o(i.timer_list_handler)
    i.timer_list_insert                      0x0001f750   Section        0  app_timer.o(i.timer_list_insert)
    timer_list_insert                        0x0001f751   Thumb Code    56  app_timer.o(i.timer_list_insert)
    i.timer_timeouts_check                   0x0001f78c   Section        0  app_timer.o(i.timer_timeouts_check)
    timer_timeouts_check                     0x0001f78d   Thumb Code   124  app_timer.o(i.timer_timeouts_check)
    i.tx_byte                                0x0001f810   Section        0  nrf_drv_uart.o(i.tx_byte)
    tx_byte                                  0x0001f811   Thumb Code    28  nrf_drv_uart.o(i.tx_byte)
    i.tx_done_event                          0x0001f834   Section        0  nrf_drv_uart.o(i.tx_done_event)
    tx_done_event                            0x0001f835   Thumb Code    30  nrf_drv_uart.o(i.tx_done_event)
    i.uart_event_handle                      0x0001f858   Section        0  main.o(i.uart_event_handle)
    i.uart_event_handler                     0x0001f88c   Section        0  app_uart_fifo.o(i.uart_event_handler)
    uart_event_handler                       0x0001f88d   Thumb Code   160  app_uart_fifo.o(i.uart_event_handler)
    i.uart_irq_handler                       0x0001f934   Section        0  nrf_drv_uart.o(i.uart_irq_handler)
    uart_irq_handler                         0x0001f935   Thumb Code   254  nrf_drv_uart.o(i.uart_irq_handler)
    i.uarte_irq_handler                      0x0001fa3c   Section        0  nrf_drv_uart.o(i.uarte_irq_handler)
    uarte_irq_handler                        0x0001fa3d   Thumb Code   206  nrf_drv_uart.o(i.uarte_irq_handler)
    i.update_status_bit_reset                0x0001fb14   Section        0  device_manager_central.o(i.update_status_bit_reset)
    update_status_bit_reset                  0x0001fb15   Thumb Code    14  device_manager_central.o(i.update_status_bit_reset)
    .constdata                               0x0001fb28   Section       32  client_handling.o(.constdata)
    .constdata                               0x0001fb48   Section       36  main.o(.constdata)
    m_connection_param                       0x0001fb48   Data           8  main.o(.constdata)
    m_scan_param                             0x0001fb50   Data          16  main.o(.constdata)
    .constdata                               0x0001fb6c   Section       48  device_manager_central.o(.constdata)
    .constdata                               0x0001fb9c   Section       32  app_uart_fifo.o(.constdata)
    .constdata                               0x0001fbbc   Section       32  nrf_drv_uart.o(.constdata)
    m_default_config                         0x0001fbbc   Data          32  nrf_drv_uart.o(.constdata)
    .constdata                               0x0001fbdc   Section       40  pstorage.o(.constdata)
    swap_sub_state_sm_lut                    0x0001fbdc   Data          20  pstorage.o(.constdata)
    swap_sub_state_sm_lut                    0x0001fbf0   Data          20  pstorage.o(.constdata)
    .conststring                             0x0001fc04   Section      133  main.o(.conststring)
    .data                                    0x20004500   Section        2  client_handling.o(.data)
    m_client_count                           0x20004500   Data           1  client_handling.o(.data)
    m_base_uuid_type                         0x20004501   Data           1  client_handling.o(.data)
    .data                                    0x20004504   Section        8  main.o(.data)
    m_peer_count                             0x20004504   Data           1  main.o(.data)
    m_memory_access_in_progress              0x20004505   Data           1  main.o(.data)
    index                                    0x20004506   Data           1  main.o(.data)
    m_dm_app_id                              0x20004507   Data           1  main.o(.data)
    .data                                    0x2000450c   Section       12  ble_db_discovery.o(.data)
    m_initialized                            0x2000450c   Data           1  ble_db_discovery.o(.data)
    m_pending_usr_evt_index                  0x20004510   Data           4  ble_db_discovery.o(.data)
    m_num_of_handlers_reg                    0x20004514   Data           4  ble_db_discovery.o(.data)
    .data                                    0x20004518   Section       16  device_manager_central.o(.data)
    m_module_initialized                     0x20004518   Data           1  device_manager_central.o(.data)
    m_peer_addr_update                       0x2000451c   Data           4  device_manager_central.o(.data)
    m_storage_handle                         0x20004520   Data           8  device_manager_central.o(.data)
    .data                                    0x20004528   Section        8  app_uart_fifo.o(.data)
    tx_buffer                                0x20004528   Data           1  app_uart_fifo.o(.data)
    tx_tmp                                   0x20004529   Data           1  app_uart_fifo.o(.data)
    rx_buffer                                0x2000452a   Data           1  app_uart_fifo.o(.data)
    m_event_handler                          0x2000452c   Data           4  app_uart_fifo.o(.data)
    .data                                    0x20004530   Section       36  pstorage.o(.data)
    m_state                                  0x20004530   Data           1  pstorage.o(.data)
    m_swap_sub_state                         0x20004531   Data           1  pstorage.o(.data)
    m_next_app_instance                      0x20004532   Data           2  pstorage.o(.data)
    m_flags                                  0x20004534   Data           4  pstorage.o(.data)
    m_next_page_addr                         0x20004538   Data           4  pstorage.o(.data)
    m_head_word_size                         0x2000453c   Data           4  pstorage.o(.data)
    m_tail_word_size                         0x20004540   Data           4  pstorage.o(.data)
    m_current_page_id                        0x20004544   Data           4  pstorage.o(.data)
    m_num_of_command_retries                 0x20004548   Data           4  pstorage.o(.data)
    m_num_of_bytes_written                   0x2000454c   Data           4  pstorage.o(.data)
    m_app_data_size                          0x20004550   Data           4  pstorage.o(.data)
    .data                                    0x20004554   Section       32  app_timer.o(.data)
    m_user_array_size                        0x20004554   Data           1  app_timer.o(.data)
    m_ticks_elapsed_q_read_ind               0x20004555   Data           1  app_timer.o(.data)
    m_ticks_elapsed_q_write_ind              0x20004556   Data           1  app_timer.o(.data)
    m_rtc1_running                           0x20004557   Data           1  app_timer.o(.data)
    m_rtc1_reset                             0x20004558   Data           1  app_timer.o(.data)
    mp_users                                 0x2000455c   Data           4  app_timer.o(.data)
    mp_timer_id_head                         0x20004560   Data           4  app_timer.o(.data)
    m_ticks_latest                           0x20004564   Data           4  app_timer.o(.data)
    m_evt_schedule_func                      0x20004568   Data           4  app_timer.o(.data)
    m_ticks_elapsed                          0x2000456c   Data           8  app_timer.o(.data)
    .data                                    0x20004574   Section        4  retarget.o(.data)
    .data                                    0x20004578   Section       20  softdevice_handler.o(.data)
    m_softdevice_enabled                     0x20004578   Data           1  softdevice_handler.o(.data)
    m_ble_evt_buffer_size                    0x2000457a   Data           2  softdevice_handler.o(.data)
    m_evt_schedule_func                      0x2000457c   Data           4  softdevice_handler.o(.data)
    mp_ble_evt_buffer                        0x20004580   Data           4  softdevice_handler.o(.data)
    m_ble_evt_handler                        0x20004584   Data           4  softdevice_handler.o(.data)
    m_sys_evt_handler                        0x20004588   Data           4  softdevice_handler.o(.data)
    .data                                    0x2000458c   Section        4  system_nrf52.o(.data)
    __tagsym$$used                           0x2000458c   Number         0  system_nrf52.o(.data)
    .bss                                     0x20004590   Section     1040  client_handling.o(.bss)
    m_client                                 0x20004590   Data        1040  client_handling.o(.bss)
    .bss                                     0x200049a0   Section      916  main.o(.bss)
    data_array                               0x200049a0   Data          20  main.o(.bss)
    BLE_EVT_BUFFER                           0x200049b4   Data          72  main.o(.bss)
    APP_TIMER_BUF                            0x200049fc   Data         312  main.o(.bss)
    rx_buf                                   0x20004b34   Data         256  main.o(.bss)
    tx_buf                                   0x20004c34   Data         256  main.o(.bss)
    .bss                                     0x20004d34   Section      152  ble_db_discovery.o(.bss)
    m_registered_handlers                    0x20004d34   Data          16  ble_db_discovery.o(.bss)
    m_pending_user_evts                      0x20004d44   Data         136  ble_db_discovery.o(.bss)
    .bss                                     0x20004dcc   Section      643  device_manager_central.o(.bss)
    m_peer_table                             0x20004dcc   Data         192  device_manager_central.o(.bss)
    m_bond_table                             0x20004e8c   Data         224  device_manager_central.o(.bss)
    m_gatts_table                            0x20004f6c   Data          96  device_manager_central.o(.bss)
    m_connection_table                       0x20004fcc   Data          96  device_manager_central.o(.bss)
    m_application_table                      0x2000502c   Data          12  device_manager_central.o(.bss)
    m_local_id_info                          0x20005038   Data          23  device_manager_central.o(.bss)
    .bss                                     0x20005050   Section       32  app_uart_fifo.o(.bss)
    m_rx_fifo                                0x20005050   Data          16  app_uart_fifo.o(.bss)
    m_tx_fifo                                0x20005060   Data          16  app_uart_fifo.o(.bss)
    .bss                                     0x20005070   Section       32  nrf_drv_uart.o(.bss)
    m_cb                                     0x20005070   Data          32  nrf_drv_uart.o(.bss)
    .bss                                     0x20005090   Section       96  pstorage.o(.bss)
    m_cmd_queue                              0x20005090   Data          84  pstorage.o(.bss)
    m_app_table                              0x200050e4   Data          12  pstorage.o(.bss)
    STACK                                    0x200050f0   Section     8192  arm_startup_nrf52.o(STACK)

    Global Symbols

    Symbol Name                              Value     Ov Type        Size  Object(Section)

    BuildAttributes$$THM_ISAv4$E$P$D$K$B$S$7EM$VFPi3$EXTD16$VFPS$VFMA$PE$A:L22UL41UL21$X:L11$S22US41US21$IEEE1$IW$USESV6$~STKCKD$USESV7$~SHL$OSPACE$ROPI$EBA8$MICROLIB$REQ8$PRES8$EABIv2 0x00000000   Number         0  anon$$obj.o ABSOLUTE
    __ARM_use_no_argv                        0x00000000   Number         0  main.o ABSOLUTE
    _printf_a                                0x00000000   Number         0  stubs.o ABSOLUTE
    _printf_c                                0x00000000   Number         0  stubs.o ABSOLUTE
    _printf_charcount                        0x00000000   Number         0  stubs.o ABSOLUTE
    _printf_d                                0x00000000   Number         0  stubs.o ABSOLUTE
    _printf_e                                0x00000000   Number         0  stubs.o ABSOLUTE
    _printf_f                                0x00000000   Number         0  stubs.o ABSOLUTE
    _printf_flags                            0x00000000   Number         0  stubs.o ABSOLUTE
    _printf_fp_dec                           0x00000000   Number         0  stubs.o ABSOLUTE
    _printf_fp_hex                           0x00000000   Number         0  stubs.o ABSOLUTE
    _printf_g                                0x00000000   Number         0  stubs.o ABSOLUTE
    _printf_i                                0x00000000   Number         0  stubs.o ABSOLUTE
    _printf_int_dec                          0x00000000   Number         0  stubs.o ABSOLUTE
    _printf_l                                0x00000000   Number         0  stubs.o ABSOLUTE
    _printf_lc                               0x00000000   Number         0  stubs.o ABSOLUTE
    _printf_ll                               0x00000000   Number         0  stubs.o ABSOLUTE
    _printf_lld                              0x00000000   Number         0  stubs.o ABSOLUTE
    _printf_lli                              0x00000000   Number         0  stubs.o ABSOLUTE
    _printf_llo                              0x00000000   Number         0  stubs.o ABSOLUTE
    _printf_llu                              0x00000000   Number         0  stubs.o ABSOLUTE
    _printf_llx                              0x00000000   Number         0  stubs.o ABSOLUTE
    _printf_longlong_dec                     0x00000000   Number         0  stubs.o ABSOLUTE
    _printf_longlong_hex                     0x00000000   Number         0  stubs.o ABSOLUTE
    _printf_longlong_oct                     0x00000000   Number         0  stubs.o ABSOLUTE
    _printf_ls                               0x00000000   Number         0  stubs.o ABSOLUTE
    _printf_mbtowc                           0x00000000   Number         0  stubs.o ABSOLUTE
    _printf_n                                0x00000000   Number         0  stubs.o ABSOLUTE
    _printf_o                                0x00000000   Number         0  stubs.o ABSOLUTE
    _printf_p                                0x00000000   Number         0  stubs.o ABSOLUTE
    _printf_percent                          0x00000000   Number         0  stubs.o ABSOLUTE
    _printf_pre_padding                      0x00000000   Number         0  stubs.o ABSOLUTE
    _printf_return_value                     0x00000000   Number         0  stubs.o ABSOLUTE
    _printf_s                                0x00000000   Number         0  stubs.o ABSOLUTE
    _printf_sizespec                         0x00000000   Number         0  stubs.o ABSOLUTE
    _printf_str                              0x00000000   Number         0  stubs.o ABSOLUTE
    _printf_truncate_signed                  0x00000000   Number         0  stubs.o ABSOLUTE
    _printf_truncate_unsigned                0x00000000   Number         0  stubs.o ABSOLUTE
    _printf_u                                0x00000000   Number         0  stubs.o ABSOLUTE
    _printf_wc                               0x00000000   Number         0  stubs.o ABSOLUTE
    _printf_wctomb                           0x00000000   Number         0  stubs.o ABSOLUTE
    _printf_widthprec                        0x00000000   Number         0  stubs.o ABSOLUTE
    _printf_x                                0x00000000   Number         0  stubs.o ABSOLUTE
    __cpp_initialize__aeabi_                  - Undefined Weak Reference
    __cxa_finalize                            - Undefined Weak Reference
    __decompress                              - Undefined Weak Reference
    _clock_init                               - Undefined Weak Reference
    _microlib_exit                            - Undefined Weak Reference
    __Vectors_Size                           0x00000400   Number         0  arm_startup_nrf52.o ABSOLUTE
    __Vectors                                0x0001b000   Data           4  arm_startup_nrf52.o(RESET)
    __Vectors_End                            0x0001b400   Data           0  arm_startup_nrf52.o(RESET)
    __main                                   0x0001b401   Thumb Code     0  entry.o(.ARM.Collect$$$$00000000)
    _main_stk                                0x0001b401   Thumb Code     0  entry2.o(.ARM.Collect$$$$00000001)
    _main_scatterload                        0x0001b405   Thumb Code     0  entry5.o(.ARM.Collect$$$$00000004)
    __main_after_scatterload                 0x0001b409   Thumb Code     0  entry5.o(.ARM.Collect$$$$00000004)
    _main_clock                              0x0001b409   Thumb Code     0  entry7b.o(.ARM.Collect$$$$00000008)
    _main_cpp_init                           0x0001b409   Thumb Code     0  entry8b.o(.ARM.Collect$$$$0000000A)
    _main_init                               0x0001b409   Thumb Code     0  entry9a.o(.ARM.Collect$$$$0000000B)
    __rt_final_cpp                           0x0001b411   Thumb Code     0  entry10a.o(.ARM.Collect$$$$0000000D)
    __rt_final_exit                          0x0001b411   Thumb Code     0  entry11a.o(.ARM.Collect$$$$0000000F)
    __asm___11_app_timer_c_cd27f9c3__nrf_delay_us 0x0001b415   Thumb Code   118  app_timer.o(.emb_text)
    Reset_Handler                            0x0001b48d   Thumb Code     8  arm_startup_nrf52.o(.text)
    NMI_Handler                              0x0001b495   Thumb Code     2  arm_startup_nrf52.o(.text)
    HardFault_Handler                        0x0001b497   Thumb Code     2  arm_startup_nrf52.o(.text)
    MemoryManagement_Handler                 0x0001b499   Thumb Code     2  arm_startup_nrf52.o(.text)
    BusFault_Handler                         0x0001b49b   Thumb Code     2  arm_startup_nrf52.o(.text)
    UsageFault_Handler                       0x0001b49d   Thumb Code     2  arm_startup_nrf52.o(.text)
    SVC_Handler                              0x0001b49f   Thumb Code     2  arm_startup_nrf52.o(.text)
    PendSV_Handler                           0x0001b4a1   Thumb Code     2  arm_startup_nrf52.o(.text)
    SysTick_Handler                          0x0001b4a3   Thumb Code     2  arm_startup_nrf52.o(.text)
    CCM_AAR_IRQHandler                       0x0001b4a5   Thumb Code     0  arm_startup_nrf52.o(.text)
    COMP_LPCOMP_IRQHandler                   0x0001b4a5   Thumb Code     0  arm_startup_nrf52.o(.text)
    ECB_IRQHandler                           0x0001b4a5   Thumb Code     0  arm_startup_nrf52.o(.text)
    GPIOTE_IRQHandler                        0x0001b4a5   Thumb Code     0  arm_startup_nrf52.o(.text)
    I2S_IRQHandler                           0x0001b4a5   Thumb Code     0  arm_startup_nrf52.o(.text)
    MWU_IRQHandler                           0x0001b4a5   Thumb Code     0  arm_startup_nrf52.o(.text)
    NFCT_IRQHandler                          0x0001b4a5   Thumb Code     0  arm_startup_nrf52.o(.text)
    PDM_IRQHandler                           0x0001b4a5   Thumb Code     0  arm_startup_nrf52.o(.text)
    POWER_CLOCK_IRQHandler                   0x0001b4a5   Thumb Code     0  arm_startup_nrf52.o(.text)
    PWM0_IRQHandler                          0x0001b4a5   Thumb Code     0  arm_startup_nrf52.o(.text)
    PWM1_IRQHandler                          0x0001b4a5   Thumb Code     0  arm_startup_nrf52.o(.text)
    PWM2_IRQHandler                          0x0001b4a5   Thumb Code     0  arm_startup_nrf52.o(.text)
    QDEC_IRQHandler                          0x0001b4a5   Thumb Code     0  arm_startup_nrf52.o(.text)
    RADIO_IRQHandler                         0x0001b4a5   Thumb Code     0  arm_startup_nrf52.o(.text)
    RNG_IRQHandler                           0x0001b4a5   Thumb Code     0  arm_startup_nrf52.o(.text)
    RTC0_IRQHandler                          0x0001b4a5   Thumb Code     0  arm_startup_nrf52.o(.text)
    RTC2_IRQHandler                          0x0001b4a5   Thumb Code     0  arm_startup_nrf52.o(.text)
    SAADC_IRQHandler                         0x0001b4a5   Thumb Code     0  arm_startup_nrf52.o(.text)
    SPIM0_SPIS0_TWIM0_TWIS0_SPI0_TWI0_IRQHandler 0x0001b4a5   Thumb Code     0  arm_startup_nrf52.o(.text)
    SPIM1_SPIS1_TWIM1_TWIS1_SPI1_TWI1_IRQHandler 0x0001b4a5   Thumb Code     0  arm_startup_nrf52.o(.text)
    SPIM2_SPIS2_SPI2_IRQHandler              0x0001b4a5   Thumb Code     0  arm_startup_nrf52.o(.text)
    SWI1_EGU1_IRQHandler                     0x0001b4a5   Thumb Code     0  arm_startup_nrf52.o(.text)
    SWI3_EGU3_IRQHandler                     0x0001b4a5   Thumb Code     0  arm_startup_nrf52.o(.text)
    SWI4_EGU4_IRQHandler                     0x0001b4a5   Thumb Code     0  arm_startup_nrf52.o(.text)
    SWI5_EGU5_IRQHandler                     0x0001b4a5   Thumb Code     0  arm_startup_nrf52.o(.text)
    TEMP_IRQHandler                          0x0001b4a5   Thumb Code     0  arm_startup_nrf52.o(.text)
    TIMER0_IRQHandler                        0x0001b4a5   Thumb Code     0  arm_startup_nrf52.o(.text)
    TIMER1_IRQHandler                        0x0001b4a5   Thumb Code     0  arm_startup_nrf52.o(.text)
    TIMER2_IRQHandler                        0x0001b4a5   Thumb Code     0  arm_startup_nrf52.o(.text)
    TIMER3_IRQHandler                        0x0001b4a5   Thumb Code     0  arm_startup_nrf52.o(.text)
    TIMER4_IRQHandler                        0x0001b4a5   Thumb Code     0  arm_startup_nrf52.o(.text)
    WDT_IRQHandler                           0x0001b4a5   Thumb Code     0  arm_startup_nrf52.o(.text)
    __aeabi_memcpy                           0x0001b4b1   Thumb Code    36  memcpya.o(.text)
    __aeabi_memcpy4                          0x0001b4b1   Thumb Code     0  memcpya.o(.text)
    __aeabi_memcpy8                          0x0001b4b1   Thumb Code     0  memcpya.o(.text)
    __aeabi_memset                           0x0001b4d5   Thumb Code    14  memseta.o(.text)
    __aeabi_memset4                          0x0001b4d5   Thumb Code     0  memseta.o(.text)
    __aeabi_memset8                          0x0001b4d5   Thumb Code     0  memseta.o(.text)
    __aeabi_memclr                           0x0001b4e3   Thumb Code     4  memseta.o(.text)
    __aeabi_memclr4                          0x0001b4e3   Thumb Code     0  memseta.o(.text)
    __aeabi_memclr8                          0x0001b4e3   Thumb Code     0  memseta.o(.text)
    _memset$wrapper                          0x0001b4e7   Thumb Code    18  memseta.o(.text)
    memcmp                                   0x0001b4f9   Thumb Code    26  memcmp.o(.text)
    __aeabi_uidiv                            0x0001b513   Thumb Code     0  uidiv.o(.text)
    __aeabi_uidivmod                         0x0001b513   Thumb Code    44  uidiv.o(.text)
    __aeabi_uldivmod                         0x0001b53f   Thumb Code    98  uldiv.o(.text)
    __I$use$fp                               0x0001b5a1   Thumb Code     0  iusefp.o(.text)
    __aeabi_dadd                             0x0001b5a1   Thumb Code   322  dadd.o(.text)
    __aeabi_dsub                             0x0001b6e3   Thumb Code     6  dadd.o(.text)
    __aeabi_drsub                            0x0001b6e9   Thumb Code     6  dadd.o(.text)
    __aeabi_dmul                             0x0001b6ef   Thumb Code   228  dmul.o(.text)
    __aeabi_ddiv                             0x0001b7d3   Thumb Code   222  ddiv.o(.text)
    __aeabi_d2ulz                            0x0001b8b1   Thumb Code    48  dfixul.o(.text)
    __aeabi_cdrcmple                         0x0001b8e1   Thumb Code    48  cdrcmple.o(.text)
    __scatterload                            0x0001b911   Thumb Code    28  init.o(.text)
    __scatterload_rt2                        0x0001b911   Thumb Code     0  init.o(.text)
    __aeabi_llsl                             0x0001b935   Thumb Code    30  llshl.o(.text)
    _ll_shift_l                              0x0001b935   Thumb Code     0  llshl.o(.text)
    __aeabi_llsr                             0x0001b953   Thumb Code    32  llushr.o(.text)
    _ll_ushift_r                             0x0001b953   Thumb Code     0  llushr.o(.text)
    __aeabi_lasr                             0x0001b973   Thumb Code    36  llsshr.o(.text)
    _ll_sshift_r                             0x0001b973   Thumb Code     0  llsshr.o(.text)
    _double_round                            0x0001b997   Thumb Code    30  depilogue.o(.text)
    _double_epilogue                         0x0001b9b5   Thumb Code   156  depilogue.o(.text)
    RTC1_IRQHandler                          0x0001bab5   Thumb Code    32  app_timer.o(i.RTC1_IRQHandler)
    SWI0_EGU0_IRQHandler                     0x0001bad9   Thumb Code     4  app_timer.o(i.SWI0_EGU0_IRQHandler)
    SWI2_EGU2_IRQHandler                     0x0001badd   Thumb Code    32  softdevice_handler.o(i.SWI2_EGU2_IRQHandler)
    SystemInit                               0x0001bb01   Thumb Code   562  system_nrf52.o(i.SystemInit)
    UARTE0_UART0_IRQHandler                  0x0001bd5d   Thumb Code    14  nrf_drv_uart.o(i.UARTE0_UART0_IRQHandler)
    __0printf                                0x0001bd71   Thumb Code    22  printfa.o(i.__0printf)
    __1printf                                0x0001bd71   Thumb Code     0  printfa.o(i.__0printf)
    __2printf                                0x0001bd71   Thumb Code     0  printfa.o(i.__0printf)
    __c89printf                              0x0001bd71   Thumb Code     0  printfa.o(i.__0printf)
    printf                                   0x0001bd71   Thumb Code     0  printfa.o(i.__0printf)
    __scatterload_copy                       0x0001bd91   Thumb Code    14  handlers.o(i.__scatterload_copy)
    __scatterload_null                       0x0001bd9f   Thumb Code     2  handlers.o(i.__scatterload_null)
    __scatterload_zeroinit                   0x0001bda1   Thumb Code    14  handlers.o(i.__scatterload_zeroinit)
    app_error_fault_handler                  0x0001c671   Thumb Code    26  app_error.o(i.app_error_fault_handler)
    app_error_handler_bare                   0x0001c695   Thumb Code    20  app_error.o(i.app_error_handler_bare)
    app_fifo_get                             0x0001c6b5   Thumb Code    22  app_fifo.o(i.app_fifo_get)
    app_fifo_init                            0x0001c6cb   Thumb Code    32  app_fifo.o(i.app_fifo_init)
    app_fifo_put                             0x0001c6eb   Thumb Code    26  app_fifo.o(i.app_fifo_put)
    app_timer_init                           0x0001c755   Thumb Code   134  app_timer.o(i.app_timer_init)
    app_uart_get                             0x0001c7e5   Thumb Code    44  app_uart_fifo.o(i.app_uart_get)
    app_uart_init                            0x0001c819   Thumb Code   146  app_uart_fifo.o(i.app_uart_init)
    app_uart_put                             0x0001c8bd   Thumb Code    34  app_uart_fifo.o(i.app_uart_put)
    ble_db_discovery_evt_register            0x0001c961   Thumb Code    68  ble_db_discovery.o(i.ble_db_discovery_evt_register)
    ble_db_discovery_init                    0x0001c9ad   Thumb Code    16  ble_db_discovery.o(i.ble_db_discovery_init)
    ble_db_discovery_on_ble_evt              0x0001c9c1   Thumb Code   170  ble_db_discovery.o(i.ble_db_discovery_on_ble_evt)
    ble_db_discovery_start                   0x0001ca71   Thumb Code    78  ble_db_discovery.o(i.ble_db_discovery_start)
    client_handling_ble_evt_handler          0x0001cd39   Thumb Code   174  client_handling.o(i.client_handling_ble_evt_handler)
    client_handling_create                   0x0001ce11   Thumb Code    88  client_handling.o(i.client_handling_create)
    client_handling_destroy                  0x0001ce71   Thumb Code    80  client_handling.o(i.client_handling_destroy)
    client_handling_dm_event_handler         0x0001ced1   Thumb Code    30  client_handling.o(i.client_handling_dm_event_handler)
    client_handling_init                     0x0001cef5   Thumb Code   100  client_handling.o(i.client_handling_init)
    dm_ble_evt_handler                       0x0001d945   Thumb Code   884  device_manager_central.o(i.dm_ble_evt_handler)
    dm_handle_initialize                     0x0001dcc9   Thumb Code    22  device_manager_central.o(i.dm_handle_initialize)
    dm_init                                  0x0001dce1   Thumb Code   174  device_manager_central.o(i.dm_init)
    dm_register                              0x0001df2d   Thumb Code    72  device_manager_central.o(i.dm_register)
    dm_security_setup_req                    0x0001df7d   Thumb Code   272  device_manager_central.o(i.dm_security_setup_req)
    fputc                                    0x0001e1b5   Thumb Code    14  retarget.o(i.fputc)
    initiate_security_request                0x0001e37d   Thumb Code    94  device_manager_central.o(i.initiate_security_request)
    intern_softdevice_events_execute         0x0001e3e1   Thumb Code   106  softdevice_handler.o(i.intern_softdevice_events_execute)
    main                                     0x0001e675   Thumb Code   160  main.o(i.main)
    nrf_drv_common_irq_enable                0x0001e795   Thumb Code    56  nrf_drv_common.o(i.nrf_drv_common_irq_enable)
    nrf_drv_uart_init                        0x0001e7cd   Thumb Code   126  nrf_drv_uart.o(i.nrf_drv_uart_init)
    nrf_drv_uart_rx                          0x0001e861   Thumb Code   132  nrf_drv_uart.o(i.nrf_drv_uart_rx)
    nrf_drv_uart_rx_enable                   0x0001e8ed   Thumb Code    26  nrf_drv_uart.o(i.nrf_drv_uart_rx_enable)
    nrf_drv_uart_tx                          0x0001ea39   Thumb Code   128  nrf_drv_uart.o(i.nrf_drv_uart_tx)
    pstorage_access_status_get               0x0001eea1   Thumb Code    28  pstorage.o(i.pstorage_access_status_get)
    pstorage_block_identifier_get            0x0001eec5   Thumb Code    66  pstorage.o(i.pstorage_block_identifier_get)
    pstorage_clear                           0x0001ef11   Thumb Code   138  pstorage.o(i.pstorage_clear)
    pstorage_init                            0x0001efcd   Thumb Code    68  pstorage.o(i.pstorage_init)
    pstorage_load                            0x0001f019   Thumb Code   148  pstorage.o(i.pstorage_load)
    pstorage_register                        0x0001f0b5   Thumb Code   172  pstorage.o(i.pstorage_register)
    pstorage_store                           0x0001f169   Thumb Code   118  pstorage.o(i.pstorage_store)
    pstorage_sys_event_handler               0x0001f1e9   Thumb Code    66  pstorage.o(i.pstorage_sys_event_handler)
    pstorage_update                          0x0001f231   Thumb Code   118  pstorage.o(i.pstorage_update)
    sd_check_ram_start                       0x0001f3c1   Thumb Code    10  softdevice_handler.o(i.sd_check_ram_start)
    softdevice_ble_evt_handler_set           0x0001f40d   Thumb Code    14  softdevice_handler.o(i.softdevice_ble_evt_handler_set)
    softdevice_enable                        0x0001f421   Thumb Code    14  softdevice_handler.o(i.softdevice_enable)
    softdevice_enable_get_default_config     0x0001f435   Thumb Code    38  softdevice_handler.o(i.softdevice_enable_get_default_config)
    softdevice_fault_handler                 0x0001f45b   Thumb Code     4  softdevice_handler.o(i.softdevice_fault_handler)
    softdevice_handler_init                  0x0001f461   Thumb Code    38  softdevice_handler.o(i.softdevice_handler_init)
    softdevice_sys_evt_handler_set           0x0001f491   Thumb Code    14  softdevice_handler.o(i.softdevice_sys_evt_handler_set)
    uart_event_handle                        0x0001f859   Thumb Code    44  main.o(i.uart_event_handle)
    m_service_context_store                  0x0001fb6c   Data          16  device_manager_central.o(.constdata)
    m_service_context_load                   0x0001fb7c   Data          16  device_manager_central.o(.constdata)
    m_service_context_apply                  0x0001fb8c   Data          16  device_manager_central.o(.constdata)
    Region$$Table$$Base                      0x0001fc8c   Number         0  anon$$obj.o(Region$$Table)
    Region$$Table$$Limit                     0x0001fcac   Number         0  anon$$obj.o(Region$$Table)
    Image$$RW_IRAM1$$Base                    0x20004500   Number         0  anon$$obj.o ABSOLUTE
    counter                                  0x20004508   Data           4  main.o(.data)
    __stdout                                 0x20004574   Data           4  retarget.o(.data)
    SystemCoreClock                          0x2000458c   Data           4  system_nrf52.o(.data)
    __initial_sp                             0x200070f0   Data           0  arm_startup_nrf52.o(STACK)



==============================================================================

Memory Map of the image

  Image Entry point : 0x0001b401

  Load Region LR_IROM1 (Base: 0x0001b000, Size: 0x00004d3c, Max: 0x00065000, ABSOLUTE)

    Execution Region ER_IROM1 (Base: 0x0001b000, Size: 0x00004cac, Max: 0x00065000, ABSOLUTE)

    Base Addr    Size         Type   Attr      Idx    E Section Name        Object

    0x0001b000   0x00000400   Data   RO         2254    RESET               arm_startup_nrf52.o
    0x0001b400   0x00000000   Code   RO         2295  * .ARM.Collect$$$$00000000  mc_w.l(entry.o)
    0x0001b400   0x00000004   Code   RO         2571    .ARM.Collect$$$$00000001  mc_w.l(entry2.o)
    0x0001b404   0x00000004   Code   RO         2574    .ARM.Collect$$$$00000004  mc_w.l(entry5.o)
    0x0001b408   0x00000000   Code   RO         2576    .ARM.Collect$$$$00000008  mc_w.l(entry7b.o)
    0x0001b408   0x00000000   Code   RO         2578    .ARM.Collect$$$$0000000A  mc_w.l(entry8b.o)
    0x0001b408   0x00000008   Code   RO         2579    .ARM.Collect$$$$0000000B  mc_w.l(entry9a.o)
    0x0001b410   0x00000000   Code   RO         2581    .ARM.Collect$$$$0000000D  mc_w.l(entry10a.o)
    0x0001b410   0x00000000   Code   RO         2583    .ARM.Collect$$$$0000000F  mc_w.l(entry11a.o)
    0x0001b410   0x00000004   Code   RO         2572    .ARM.Collect$$$$00002712  mc_w.l(entry2.o)
    0x0001b414   0x00000076   Code   RO         1845    .emb_text           app_timer.o
    0x0001b48a   0x00000002   PAD
    0x0001b48c   0x00000024   Code   RO         2255    .text               arm_startup_nrf52.o
    0x0001b4b0   0x00000024   Code   RO         2298    .text               mc_w.l(memcpya.o)
    0x0001b4d4   0x00000024   Code   RO         2300    .text               mc_w.l(memseta.o)
    0x0001b4f8   0x0000001a   Code   RO         2304    .text               mc_w.l(memcmp.o)
    0x0001b512   0x0000002c   Code   RO         2585    .text               mc_w.l(uidiv.o)
    0x0001b53e   0x00000062   Code   RO         2587    .text               mc_w.l(uldiv.o)
    0x0001b5a0   0x00000000   Code   RO         2589    .text               mc_w.l(iusefp.o)
    0x0001b5a0   0x0000014e   Code   RO         2590    .text               mf_w.l(dadd.o)
    0x0001b6ee   0x000000e4   Code   RO         2592    .text               mf_w.l(dmul.o)
    0x0001b7d2   0x000000de   Code   RO         2594    .text               mf_w.l(ddiv.o)
    0x0001b8b0   0x00000030   Code   RO         2596    .text               mf_w.l(dfixul.o)
    0x0001b8e0   0x00000030   Code   RO         2598    .text               mf_w.l(cdrcmple.o)
    0x0001b910   0x00000024   Code   RO         2600    .text               mc_w.l(init.o)
    0x0001b934   0x0000001e   Code   RO         2602    .text               mc_w.l(llshl.o)
    0x0001b952   0x00000020   Code   RO         2604    .text               mc_w.l(llushr.o)
    0x0001b972   0x00000024   Code   RO         2606    .text               mc_w.l(llsshr.o)
    0x0001b996   0x000000ba   Code   RO         2608    .text               mf_w.l(depilogue.o)
    0x0001ba50   0x00000016   Code   RO         1846    i.NVIC_ClearPendingIRQ  app_timer.o
    0x0001ba66   0x00000016   Code   RO         1847    i.NVIC_EnableIRQ    app_timer.o
    0x0001ba7c   0x00000016   Code   RO         1848    i.NVIC_SetPendingIRQ  app_timer.o
    0x0001ba92   0x00000020   Code   RO         1849    i.NVIC_SetPriority  app_timer.o
    0x0001bab2   0x00000002   PAD
    0x0001bab4   0x00000024   Code   RO         1850    i.RTC1_IRQHandler   app_timer.o
    0x0001bad8   0x00000004   Code   RO         1851    i.SWI0_EGU0_IRQHandler  app_timer.o
    0x0001badc   0x00000024   Code   RO         2158    i.SWI2_EGU2_IRQHandler  softdevice_handler.o
    0x0001bb00   0x0000025c   Code   RO         2263    i.SystemInit        system_nrf52.o
    0x0001bd5c   0x00000014   Code   RO         1133    i.UARTE0_UART0_IRQHandler  nrf_drv_uart.o
    0x0001bd70   0x00000020   Code   RO         2543    i.__0printf         mc_w.l(printfa.o)
    0x0001bd90   0x0000000e   Code   RO         2612    i.__scatterload_copy  mc_w.l(handlers.o)
    0x0001bd9e   0x00000002   Code   RO         2613    i.__scatterload_null  mc_w.l(handlers.o)
    0x0001bda0   0x0000000e   Code   RO         2614    i.__scatterload_zeroinit  mc_w.l(handlers.o)
    0x0001bdae   0x00000002   PAD
    0x0001bdb0   0x00000164   Code   RO         2550    i._fp_digits        mc_w.l(printfa.o)
    0x0001bf14   0x000006dc   Code   RO         2551    i._printf_core      mc_w.l(printfa.o)
    0x0001c5f0   0x00000024   Code   RO         2552    i._printf_post_padding  mc_w.l(printfa.o)
    0x0001c614   0x0000002e   Code   RO         2553    i._printf_pre_padding  mc_w.l(printfa.o)
    0x0001c642   0x0000002e   Code   RO          231    i.adv_report_parse  main.o
    0x0001c670   0x00000024   Code   RO         1721    i.app_error_fault_handler  app_error.o
    0x0001c694   0x00000014   Code   RO         1723    i.app_error_handler_bare  app_error.o
    0x0001c6a8   0x0000000c   Code   RO          725    i.app_evt_notify    device_manager_central.o
    0x0001c6b4   0x00000016   Code   RO         1782    i.app_fifo_get      app_fifo.o
    0x0001c6ca   0x00000020   Code   RO         1783    i.app_fifo_init     app_fifo.o
    0x0001c6ea   0x0000001a   Code   RO         1784    i.app_fifo_put      app_fifo.o
    0x0001c704   0x0000002c   Code   RO         1328    i.app_notify        pstorage.o
    0x0001c730   0x00000024   Code   RO         1329    i.app_notify_error_state_transit  pstorage.o
    0x0001c754   0x00000090   Code   RO         1855    i.app_timer_init    app_timer.o
    0x0001c7e4   0x00000034   Code   RO          985    i.app_uart_get      app_uart_fifo.o
    0x0001c818   0x000000a4   Code   RO          986    i.app_uart_init     app_uart_fifo.o
    0x0001c8bc   0x0000002c   Code   RO          987    i.app_uart_put      app_uart_fifo.o
    0x0001c8e8   0x00000078   Code   RO         1134    i.apply_config      nrf_drv_uart.o
    0x0001c960   0x0000004c   Code   RO          572    i.ble_db_discovery_evt_register  ble_db_discovery.o
    0x0001c9ac   0x00000014   Code   RO          573    i.ble_db_discovery_init  ble_db_discovery.o
    0x0001c9c0   0x000000b0   Code   RO          574    i.ble_db_discovery_on_ble_evt  ble_db_discovery.o
    0x0001ca70   0x00000058   Code   RO          575    i.ble_db_discovery_start  ble_db_discovery.o
    0x0001cac8   0x00000074   Code   RO          233    i.ble_evt_dispatch  main.o
    0x0001cb3c   0x00000078   Code   RO          234    i.ble_stack_init    main.o
    0x0001cbb4   0x00000040   Code   RO          576    i.characteristics_discover  ble_db_discovery.o
    0x0001cbf4   0x000000fc   Code   RO         1330    i.clear_operation_execute  pstorage.o
    0x0001ccf0   0x00000020   Code   RO         1331    i.clear_post_processing_run  pstorage.o
    0x0001cd10   0x00000028   Code   RO            4    i.client_find       client_handling.o
    0x0001cd38   0x000000d8   Code   RO            5    i.client_handling_ble_evt_handler  client_handling.o
    0x0001ce10   0x00000060   Code   RO            7    i.client_handling_create  client_handling.o
    0x0001ce70   0x00000060   Code   RO            8    i.client_handling_destroy  client_handling.o
    0x0001ced0   0x00000024   Code   RO            9    i.client_handling_dm_event_handler  client_handling.o
    0x0001cef4   0x00000074   Code   RO           10    i.client_handling_init  client_handling.o
    0x0001cf68   0x00000034   Code   RO         1332    i.cmd_process       pstorage.o
    0x0001cf9c   0x00000020   Code   RO         1333    i.cmd_queue_element_init  pstorage.o
    0x0001cfbc   0x00000054   Code   RO         1334    i.cmd_queue_enqueue  pstorage.o
    0x0001d010   0x00000040   Code   RO         1335    i.command_end_procedure_run  pstorage.o
    0x0001d050   0x000000ac   Code   RO         1859    i.compare_reg_update  app_timer.o
    0x0001d0fc   0x00000040   Code   RO          726    i.connection_instance_find  device_manager_central.o
    0x0001d13c   0x00000028   Code   RO          727    i.connection_instance_init  device_manager_central.o
    0x0001d164   0x00000054   Code   RO         1336    i.data_page_erase_state_run  pstorage.o
    0x0001d1b8   0x00000020   Code   RO         1337    i.data_to_swap_write_state_run  pstorage.o
    0x0001d1d8   0x00000064   Code   RO           11    i.db_discovery_evt_handler  client_handling.o
    0x0001d23c   0x0000008c   Code   RO          577    i.descriptors_discover  ble_db_discovery.o
    0x0001d2c8   0x000000c0   Code   RO          728    i.device_context_store  device_manager_central.o
    0x0001d388   0x00000444   Code   RO          235    i.device_manager_event_handler  main.o
    0x0001d7cc   0x00000094   Code   RO          236    i.device_manager_init  main.o
    0x0001d860   0x00000084   Code   RO          578    i.discovery_complete_evt_trigger  ble_db_discovery.o
    0x0001d8e4   0x00000060   Code   RO          579    i.discovery_error_evt_trigger  ble_db_discovery.o
    0x0001d944   0x00000384   Code   RO          734    i.dm_ble_evt_handler  device_manager_central.o
    0x0001dcc8   0x00000016   Code   RO          739    i.dm_handle_initialize  device_manager_central.o
    0x0001dcde   0x00000002   PAD
    0x0001dce0   0x000000c0   Code   RO          740    i.dm_init           device_manager_central.o
    0x0001dda0   0x0000018c   Code   RO          743    i.dm_pstorage_cb_handler  device_manager_central.o
    0x0001df2c   0x00000050   Code   RO          744    i.dm_register       device_manager_central.o
    0x0001df7c   0x0000011c   Code   RO          745    i.dm_security_setup_req  device_manager_central.o
    0x0001e098   0x00000040   Code   RO         1860    i.elapsed_ticks_acquire  app_timer.o
    0x0001e0d8   0x00000014   Code   RO         1787    i.fifo_get          app_fifo.o
    0x0001e0ec   0x00000012   Code   RO         1788    i.fifo_put          app_fifo.o
    0x0001e0fe   0x00000002   PAD
    0x0001e100   0x0000001c   Code   RO         1338    i.flash_api_err_code_process  pstorage.o
    0x0001e11c   0x0000008c   Code   RO         1339    i.flash_operation_success_run  pstorage.o
    0x0001e1a8   0x00000006   Code   RO         1340    i.flash_page_erase  pstorage.o
    0x0001e1ae   0x00000006   Code   RO         1341    i.flash_write       pstorage.o
    0x0001e1b4   0x0000000e   Code   RO         2121    i.fputc             retarget.o
    0x0001e1c2   0x00000004   Code   RO          751    i.gattc_context_apply  device_manager_central.o
    0x0001e1c6   0x00000004   Code   RO          752    i.gattc_context_load  device_manager_central.o
    0x0001e1ca   0x00000004   Code   RO          753    i.gattc_context_store  device_manager_central.o
    0x0001e1ce   0x00000002   PAD
    0x0001e1d0   0x00000048   Code   RO          754    i.gatts_context_apply  device_manager_central.o
    0x0001e218   0x00000038   Code   RO          755    i.gatts_context_load  device_manager_central.o
    0x0001e250   0x000000a8   Code   RO          756    i.gatts_context_store  device_manager_central.o
    0x0001e2f8   0x00000004   Code   RO          757    i.gattsc_context_apply  device_manager_central.o
    0x0001e2fc   0x00000004   Code   RO          758    i.gattsc_context_load  device_manager_central.o
    0x0001e300   0x00000004   Code   RO          759    i.gattsc_context_store  device_manager_central.o
    0x0001e304   0x00000078   Code   RO         1342    i.head_restore_state_run  pstorage.o
    0x0001e37c   0x00000064   Code   RO          760    i.initiate_security_request  device_manager_central.o
    0x0001e3e0   0x00000070   Code   RO         2159    i.intern_softdevice_events_execute  softdevice_handler.o
    0x0001e450   0x0000004c   Code   RO          580    i.is_desc_discovery_reqd  ble_db_discovery.o
    0x0001e49c   0x00000044   Code   RO         1343    i.is_page_erase_required  pstorage.o
    0x0001e4e0   0x0000000c   Code   RO         1344    i.is_word_aligned   pstorage.o
    0x0001e4ec   0x000000bc   Code   RO         1861    i.list_deletions_handler  app_timer.o
    0x0001e5a8   0x000000cc   Code   RO         1862    i.list_insertions_handler  app_timer.o
    0x0001e674   0x000000b8   Code   RO          237    i.main              main.o
    0x0001e72c   0x00000014   Code   RO         1345    i.main_state_err_busy_process  pstorage.o
    0x0001e740   0x00000004   Code   RO          761    i.no_service_context_apply  device_manager_central.o
    0x0001e744   0x00000004   Code   RO          762    i.no_service_context_load  device_manager_central.o
    0x0001e748   0x00000004   Code   RO          763    i.no_service_context_store  device_manager_central.o
    0x0001e74c   0x00000048   Code   RO           12    i.notif_enable      client_handling.o
    0x0001e794   0x00000038   Code   RO         1095    i.nrf_drv_common_irq_enable  nrf_drv_common.o
    0x0001e7cc   0x00000094   Code   RO         1136    i.nrf_drv_uart_init  nrf_drv_uart.o
    0x0001e860   0x0000008c   Code   RO         1137    i.nrf_drv_uart_rx   nrf_drv_uart.o
    0x0001e8ec   0x00000020   Code   RO         1140    i.nrf_drv_uart_rx_enable  nrf_drv_uart.o
    0x0001e90c   0x0000009c   Code   RO         1141    i.nrf_drv_uart_rx_for_uart  nrf_drv_uart.o
    0x0001e9a8   0x00000090   Code   RO         1142    i.nrf_drv_uart_rx_for_uarte  nrf_drv_uart.o
    0x0001ea38   0x00000088   Code   RO         1143    i.nrf_drv_uart_tx   nrf_drv_uart.o
    0x0001eac0   0x00000080   Code   RO         1145    i.nrf_drv_uart_tx_for_uart  nrf_drv_uart.o
    0x0001eb40   0x00000022   Code   RO          238    i.nrf_gpio_cfg      main.o
    0x0001eb62   0x00000022   Code   RO         1147    i.nrf_gpio_cfg      nrf_drv_uart.o
    0x0001eb84   0x00000012   Code   RO         1149    i.nrf_gpio_cfg_input  nrf_drv_uart.o
    0x0001eb96   0x00000014   Code   RO         1150    i.nrf_gpio_cfg_output  nrf_drv_uart.o
    0x0001ebaa   0x0000000a   Code   RO         1151    i.nrf_uart_event_check  nrf_drv_uart.o
    0x0001ebb4   0x0000000c   Code   RO         1152    i.nrf_uart_int_enable_check  nrf_drv_uart.o
    0x0001ebc0   0x0000000a   Code   RO         1153    i.nrf_uarte_event_check  nrf_drv_uart.o
    0x0001ebca   0x000000e2   Code   RO          581    i.on_characteristic_discovery_rsp  ble_db_discovery.o
    0x0001ecac   0x000000a8   Code   RO          582    i.on_descriptor_discovery_rsp  ble_db_discovery.o
    0x0001ed54   0x00000084   Code   RO           13    i.on_evt_hvx        client_handling.o
    0x0001edd8   0x0000006c   Code   RO          583    i.on_srv_disc_completion  ble_db_discovery.o
    0x0001ee44   0x0000002c   Code   RO          764    i.peer_instance_init  device_manager_central.o
    0x0001ee70   0x00000030   Code   RO          584    i.pending_user_evts_send  ble_db_discovery.o
    0x0001eea0   0x00000024   Code   RO         1346    i.pstorage_access_status_get  pstorage.o
    0x0001eec4   0x0000004c   Code   RO         1347    i.pstorage_block_identifier_get  pstorage.o
    0x0001ef10   0x00000094   Code   RO         1348    i.pstorage_clear    pstorage.o
    0x0001efa4   0x0000001e   Code   RO         1349    i.pstorage_flash_page_end  pstorage.o
    0x0001efc2   0x0000000a   Code   RO         1350    i.pstorage_flash_page_size  pstorage.o
    0x0001efcc   0x0000004c   Code   RO         1351    i.pstorage_init     pstorage.o
    0x0001f018   0x0000009c   Code   RO         1352    i.pstorage_load     pstorage.o
    0x0001f0b4   0x000000b4   Code   RO         1353    i.pstorage_register  pstorage.o
    0x0001f168   0x00000080   Code   RO         1354    i.pstorage_store    pstorage.o
    0x0001f1e8   0x00000048   Code   RO         1355    i.pstorage_sys_event_handler  pstorage.o
    0x0001f230   0x00000080   Code   RO         1356    i.pstorage_update   pstorage.o
    0x0001f2b0   0x0000003c   Code   RO          585    i.registered_handler_get  ble_db_discovery.o
    0x0001f2ec   0x0000003c   Code   RO         1863    i.rtc1_stop         app_timer.o
    0x0001f328   0x00000030   Code   RO         1155    i.rx_byte           nrf_drv_uart.o
    0x0001f358   0x00000020   Code   RO         1156    i.rx_done_event     nrf_drv_uart.o
    0x0001f378   0x00000018   Code   RO         1157    i.rx_enable         nrf_drv_uart.o
    0x0001f390   0x00000030   Code   RO          239    i.scan_start        main.o
    0x0001f3c0   0x00000010   Code   RO         2160    i.sd_check_ram_start  softdevice_handler.o
    0x0001f3d0   0x0000003c   Code   RO         1357    i.sm_state_change   pstorage.o
    0x0001f40c   0x00000014   Code   RO         2161    i.softdevice_ble_evt_handler_set  softdevice_handler.o
    0x0001f420   0x00000014   Code   RO         2162    i.softdevice_enable  softdevice_handler.o
    0x0001f434   0x00000026   Code   RO         2163    i.softdevice_enable_get_default_config  softdevice_handler.o
    0x0001f45a   0x00000004   Code   RO         2164    i.softdevice_fault_handler  softdevice_handler.o
    0x0001f45e   0x00000002   PAD
    0x0001f460   0x00000030   Code   RO         2165    i.softdevice_handler_init  softdevice_handler.o
    0x0001f490   0x00000014   Code   RO         2168    i.softdevice_sys_evt_handler_set  softdevice_handler.o
    0x0001f4a4   0x00000068   Code   RO         1358    i.state_data_erase_swap_entry_run  pstorage.o
    0x0001f50c   0x0000000c   Code   RO         1359    i.state_erase_data_page_entry_run  pstorage.o
    0x0001f518   0x0000002c   Code   RO         1360    i.state_restore_head_entry_run  pstorage.o
    0x0001f544   0x00000050   Code   RO         1361    i.state_restore_tail_entry_run  pstorage.o
    0x0001f594   0x0000001e   Code   RO         1362    i.state_swap_erase_entry_run  pstorage.o
    0x0001f5b2   0x00000002   PAD
    0x0001f5b4   0x00000030   Code   RO         1363    i.state_write_data_swap_entry_run  pstorage.o
    0x0001f5e4   0x00000004   Code   RO          765    i.storage_operation_dummy_handler  device_manager_central.o
    0x0001f5e8   0x0000005c   Code   RO         1364    i.store_cmd_flash_write_execute  pstorage.o
    0x0001f644   0x00000018   Code   RO         1365    i.swap_erase_state_run  pstorage.o
    0x0001f65c   0x00000014   Code   RO         1366    i.swap_sub_state_err_busy_process  pstorage.o
    0x0001f670   0x00000014   Code   RO         1367    i.swap_sub_state_state_change  pstorage.o
    0x0001f684   0x0000002c   Code   RO          240    i.sys_evt_dispatch  main.o
    0x0001f6b0   0x00000014   Code   RO         1368    i.tail_restore_state_run  pstorage.o
    0x0001f6c4   0x0000008c   Code   RO         1864    i.timer_list_handler  app_timer.o
    0x0001f750   0x0000003c   Code   RO         1865    i.timer_list_insert  app_timer.o
    0x0001f78c   0x00000084   Code   RO         1866    i.timer_timeouts_check  app_timer.o
    0x0001f810   0x00000024   Code   RO         1158    i.tx_byte           nrf_drv_uart.o
    0x0001f834   0x00000024   Code   RO         1159    i.tx_done_event     nrf_drv_uart.o
    0x0001f858   0x00000034   Code   RO          241    i.uart_event_handle  main.o
    0x0001f88c   0x000000a8   Code   RO          988    i.uart_event_handler  app_uart_fifo.o
    0x0001f934   0x00000108   Code   RO         1160    i.uart_irq_handler  nrf_drv_uart.o
    0x0001fa3c   0x000000d8   Code   RO         1161    i.uarte_irq_handler  nrf_drv_uart.o
    0x0001fb14   0x00000014   Code   RO          766    i.update_status_bit_reset  device_manager_central.o
    0x0001fb28   0x00000020   Data   RO           15    .constdata          client_handling.o
    0x0001fb48   0x00000024   Data   RO          243    .constdata          main.o
    0x0001fb6c   0x00000030   Data   RO          768    .constdata          device_manager_central.o
    0x0001fb9c   0x00000020   Data   RO          990    .constdata          app_uart_fifo.o
    0x0001fbbc   0x00000020   Data   RO         1163    .constdata          nrf_drv_uart.o
    0x0001fbdc   0x00000028   Data   RO         1370    .constdata          pstorage.o
    0x0001fc04   0x00000085   Data   RO          244    .conststring        main.o
    0x0001fc89   0x00000003   PAD
    0x0001fc8c   0x00000020   Data   RO         2610    Region$$Table       anon$$obj.o


    Execution Region RW_IRAM1 (Base: 0x20004500, Size: 0x00002bf0, Max: 0x00003b00, ABSOLUTE)

    Base Addr    Size         Type   Attr      Idx    E Section Name        Object

    0x20004500   0x00000002   Data   RW           16    .data               client_handling.o
    0x20004502   0x00000002   PAD
    0x20004504   0x00000008   Data   RW          245    .data               main.o
    0x2000450c   0x0000000c   Data   RW          587    .data               ble_db_discovery.o
    0x20004518   0x00000010   Data   RW          770    .data               device_manager_central.o
    0x20004528   0x00000008   Data   RW          991    .data               app_uart_fifo.o
    0x20004530   0x00000024   Data   RW         1371    .data               pstorage.o
    0x20004554   0x00000020   Data   RW         1869    .data               app_timer.o
    0x20004574   0x00000004   Data   RW         2122    .data               retarget.o
    0x20004578   0x00000014   Data   RW         2169    .data               softdevice_handler.o
    0x2000458c   0x00000004   Data   RW         2264    .data               system_nrf52.o
    0x20004590   0x00000410   Zero   RW           14    .bss                client_handling.o
    0x200049a0   0x00000394   Zero   RW          242    .bss                main.o
    0x20004d34   0x00000098   Zero   RW          586    .bss                ble_db_discovery.o
    0x20004dcc   0x00000283   Zero   RW          767    .bss                device_manager_central.o
    0x2000504f   0x00000001   PAD
    0x20005050   0x00000020   Zero   RW          989    .bss                app_uart_fifo.o
    0x20005070   0x00000020   Zero   RW         1162    .bss                nrf_drv_uart.o
    0x20005090   0x00000060   Zero   RW         1369    .bss                pstorage.o
    0x200050f0   0x00002000   Zero   RW         2252    STACK               arm_startup_nrf52.o


==============================================================================

Image component sizes


      Code (inc. data)   RO Data    RW Data    ZI Data      Debug   Object Name

        56         10          0          0          0      29446   app_error.o
       118          0          0          0          0       4242   app_fifo.o
      1420         76          0         32          0      44233   app_timer.o
       428         44         32          8         32      10566   app_uart_fifo.o
        36         10       1024          0       8192        864   arm_startup_nrf52.o
      1478         74          0         12        152      15323   ble_db_discovery.o
       904        116         32          2       1040      83683   client_handling.o
      2682        156         48         16        643      28436   device_manager_central.o
      1884        858        169          8        916      55861   main.o
        56          0          0          0          0      27535   nrf_drv_common.o
      1784        144         32          0         32      35235   nrf_drv_uart.o
      2706        246         40         36         96      39306   pstorage.o
        14          0          0          4          0       2806   retarget.o
       314         44          0         20          0      13113   softdevice_handler.o
       604         42          0          4          0       2439   system_nrf52.o

    ----------------------------------------------------------------------
     14498       1820       1412        144      11104     393088   Object Totals
         0          0         32          0          0          0   (incl. Generated)
        14          0          3          2          1          0   (incl. Padding)

    ----------------------------------------------------------------------

      Code (inc. data)   RO Data    RW Data    ZI Data      Debug   Library Member Name

         0          0          0          0          0          0   entry.o
         0          0          0          0          0          0   entry10a.o
         0          0          0          0          0          0   entry11a.o
         8          4          0          0          0          0   entry2.o
         4          0          0          0          0          0   entry5.o
         0          0          0          0          0          0   entry7b.o
         0          0          0          0          0          0   entry8b.o
         8          4          0          0          0          0   entry9a.o
        30          0          0          0          0          0   handlers.o
        36          8          0          0          0         68   init.o
         0          0          0          0          0          0   iusefp.o
        30          0          0          0          0         68   llshl.o
        36          0          0          0          0         68   llsshr.o
        32          0          0          0          0         68   llushr.o
        26          0          0          0          0         80   memcmp.o
        36          0          0          0          0         68   memcpya.o
        36          0          0          0          0        108   memseta.o
      2226         90          0          0          0        444   printfa.o
        44          0          0          0          0         80   uidiv.o
        98          0          0          0          0         92   uldiv.o
        48          0          0          0          0         68   cdrcmple.o
       334          0          0          0          0        148   dadd.o
       222          0          0          0          0        100   ddiv.o
       186          0          0          0          0        176   depilogue.o
        48          0          0          0          0         68   dfixul.o
       228          0          0          0          0         96   dmul.o

    ----------------------------------------------------------------------
      3718        106          0          0          0       1800   Library Totals
         2          0          0          0          0          0   (incl. Padding)

    ----------------------------------------------------------------------

      Code (inc. data)   RO Data    RW Data    ZI Data      Debug   Library Name

      2650        106          0          0          0       1144   mc_w.l
      1066          0          0          0          0        656   mf_w.l

    ----------------------------------------------------------------------
      3718        106          0          0          0       1800   Library Totals

    ----------------------------------------------------------------------

==============================================================================


      Code (inc. data)   RO Data    RW Data    ZI Data      Debug   

     18216       1926       1412        144      11104     378556   Grand Totals
     18216       1926       1412        144      11104     378556   ELF Image Totals
     18216       1926       1412        144          0          0   ROM Totals

==============================================================================

    Total RO  Size (Code + RO Data)                19628 (  19.17kB)
    Total RW  Size (RW Data + ZI Data)             11248 (  10.98kB)
    Total ROM Size (Code + RO Data + RW Data)      19772 (  19.31kB)

==============================================================================

