Component: ARM Compiler 5.06 update 1 (build 61) Tool: armlink [4d35a8]

==============================================================================

Section Cross References

    main.o(i.main) refers to memcpya.o(.text) for __aeabi_memcpy4
    main.o(i.main) refers to app_pwm.o(i.app_pwm_init) for app_pwm_init
    main.o(i.main) refers to app_error.o(i.app_error_handler) for app_error_handler
    main.o(i.main) refers to app_pwm.o(i.app_pwm_enable) for app_pwm_enable
    main.o(i.main) refers to app_pwm.o(i.app_pwm_channel_duty_set) for app_pwm_channel_duty_set
    main.o(i.main) refers to nrf_delay.o(i.nrf_delay_ms) for nrf_delay_ms
    main.o(i.main) refers to main.o(.constdata) for .constdata
    main.o(i.main) refers to main.o(i.pwm_ready_callback) for pwm_ready_callback
    main.o(i.main) refers to main.o(.data) for .data
    main.o(i.pwm_ready_callback) refers to main.o(.data) for .data
    main.o(.constdata) refers to main.o(.bss) for m_pwm_PWM1_cb
    main.o(.constdata) refers to main.o(.constdata) for m_pwm_PWM1_timer
    nrf_delay.o(i.nrf_delay_ms) refers to nrf_delay.o(.emb_text) for __asm___11_nrf_delay_c_532987f3__nrf_delay_us
    nrf_drv_gpiote.o(i.GPIOTE_IRQHandler) refers to nrf_drv_gpiote.o(i.nrf_gpiote_event_is_set) for nrf_gpiote_event_is_set
    nrf_drv_gpiote.o(i.GPIOTE_IRQHandler) refers to nrf_drv_gpiote.o(i.nrf_gpiote_event_clear) for nrf_gpiote_event_clear
    nrf_drv_gpiote.o(i.GPIOTE_IRQHandler) refers to nrf_drv_gpiote.o(i.pin_in_use_by_port) for pin_in_use_by_port
    nrf_drv_gpiote.o(i.GPIOTE_IRQHandler) refers to nrf_drv_gpiote.o(i.channel_port_get) for channel_port_get
    nrf_drv_gpiote.o(i.GPIOTE_IRQHandler) refers to nrf_drv_gpiote.o(i.nrf_gpio_cfg_sense_set) for nrf_gpio_cfg_sense_set
    nrf_drv_gpiote.o(i.GPIOTE_IRQHandler) refers to nrf_drv_gpiote.o(.bss) for .bss
    nrf_drv_gpiote.o(i.channel_free) refers to nrf_drv_gpiote.o(.bss) for .bss
    nrf_drv_gpiote.o(i.channel_port_alloc) refers to nrf_drv_gpiote.o(.bss) for .bss
    nrf_drv_gpiote.o(i.channel_port_get) refers to nrf_drv_gpiote.o(.bss) for .bss
    nrf_drv_gpiote.o(i.nrf_drv_gpiote_in_event_addr_get) refers to nrf_drv_gpiote.o(i.channel_port_get) for channel_port_get
    nrf_drv_gpiote.o(i.nrf_drv_gpiote_in_event_disable) refers to nrf_drv_gpiote.o(i.pin_in_use_by_port) for pin_in_use_by_port
    nrf_drv_gpiote.o(i.nrf_drv_gpiote_in_event_disable) refers to nrf_drv_gpiote.o(i.pin_in_use_by_te) for pin_in_use_by_te
    nrf_drv_gpiote.o(i.nrf_drv_gpiote_in_event_disable) refers to nrf_drv_gpiote.o(i.channel_port_get) for channel_port_get
    nrf_drv_gpiote.o(i.nrf_drv_gpiote_in_event_enable) refers to nrf_drv_gpiote.o(i.pin_in_use_by_port) for pin_in_use_by_port
    nrf_drv_gpiote.o(i.nrf_drv_gpiote_in_event_enable) refers to nrf_drv_gpiote.o(i.channel_port_get) for channel_port_get
    nrf_drv_gpiote.o(i.nrf_drv_gpiote_in_event_enable) refers to nrf_drv_gpiote.o(i.nrf_gpio_cfg_sense_set) for nrf_gpio_cfg_sense_set
    nrf_drv_gpiote.o(i.nrf_drv_gpiote_in_event_enable) refers to nrf_drv_gpiote.o(i.pin_in_use_by_te) for pin_in_use_by_te
    nrf_drv_gpiote.o(i.nrf_drv_gpiote_in_event_enable) refers to nrf_drv_gpiote.o(i.nrf_gpiote_event_clear) for nrf_gpiote_event_clear
    nrf_drv_gpiote.o(i.nrf_drv_gpiote_in_event_enable) refers to nrf_drv_gpiote.o(.bss) for .bss
    nrf_drv_gpiote.o(i.nrf_drv_gpiote_in_init) refers to nrf_drv_gpiote.o(i.channel_port_alloc) for channel_port_alloc
    nrf_drv_gpiote.o(i.nrf_drv_gpiote_in_init) refers to nrf_drv_gpiote.o(i.nrf_gpio_cfg) for nrf_gpio_cfg
    nrf_drv_gpiote.o(i.nrf_drv_gpiote_in_init) refers to nrf_drv_gpiote.o(.bss) for .bss
    nrf_drv_gpiote.o(i.nrf_drv_gpiote_in_uninit) refers to nrf_drv_gpiote.o(i.nrf_drv_gpiote_in_event_disable) for nrf_drv_gpiote_in_event_disable
    nrf_drv_gpiote.o(i.nrf_drv_gpiote_in_uninit) refers to nrf_drv_gpiote.o(i.pin_in_use_by_te) for pin_in_use_by_te
    nrf_drv_gpiote.o(i.nrf_drv_gpiote_in_uninit) refers to nrf_drv_gpiote.o(i.channel_port_get) for channel_port_get
    nrf_drv_gpiote.o(i.nrf_drv_gpiote_in_uninit) refers to nrf_drv_gpiote.o(i.nrf_gpio_cfg_default) for nrf_gpio_cfg_default
    nrf_drv_gpiote.o(i.nrf_drv_gpiote_in_uninit) refers to nrf_drv_gpiote.o(i.channel_free) for channel_free
    nrf_drv_gpiote.o(i.nrf_drv_gpiote_in_uninit) refers to nrf_drv_gpiote.o(.bss) for .bss
    nrf_drv_gpiote.o(i.nrf_drv_gpiote_init) refers to nrf_drv_gpiote.o(i.channel_free) for channel_free
    nrf_drv_gpiote.o(i.nrf_drv_gpiote_init) refers to nrf_drv_common.o(i.nrf_drv_common_irq_enable) for nrf_drv_common_irq_enable
    nrf_drv_gpiote.o(i.nrf_drv_gpiote_init) refers to nrf_drv_gpiote.o(.bss) for .bss
    nrf_drv_gpiote.o(i.nrf_drv_gpiote_is_init) refers to nrf_drv_gpiote.o(.bss) for .bss
    nrf_drv_gpiote.o(i.nrf_drv_gpiote_out_init) refers to nrf_drv_gpiote.o(i.channel_port_alloc) for channel_port_alloc
    nrf_drv_gpiote.o(i.nrf_drv_gpiote_out_init) refers to nrf_drv_gpiote.o(i.nrf_gpio_cfg) for nrf_gpio_cfg
    nrf_drv_gpiote.o(i.nrf_drv_gpiote_out_init) refers to nrf_drv_gpiote.o(.bss) for .bss
    nrf_drv_gpiote.o(i.nrf_drv_gpiote_out_task_addr_get) refers to nrf_drv_gpiote.o(i.channel_port_get) for channel_port_get
    nrf_drv_gpiote.o(i.nrf_drv_gpiote_out_task_disable) refers to nrf_drv_gpiote.o(.bss) for .bss
    nrf_drv_gpiote.o(i.nrf_drv_gpiote_out_task_enable) refers to nrf_drv_gpiote.o(.bss) for .bss
    nrf_drv_gpiote.o(i.nrf_drv_gpiote_out_task_force) refers to nrf_drv_gpiote.o(.bss) for .bss
    nrf_drv_gpiote.o(i.nrf_drv_gpiote_out_task_trigger) refers to nrf_drv_gpiote.o(i.channel_port_get) for channel_port_get
    nrf_drv_gpiote.o(i.nrf_drv_gpiote_out_uninit) refers to nrf_drv_gpiote.o(i.pin_in_use_by_te) for pin_in_use_by_te
    nrf_drv_gpiote.o(i.nrf_drv_gpiote_out_uninit) refers to nrf_drv_gpiote.o(i.channel_free) for channel_free
    nrf_drv_gpiote.o(i.nrf_drv_gpiote_out_uninit) refers to nrf_drv_gpiote.o(i.nrf_gpio_cfg_default) for nrf_gpio_cfg_default
    nrf_drv_gpiote.o(i.nrf_drv_gpiote_out_uninit) refers to nrf_drv_gpiote.o(.bss) for .bss
    nrf_drv_gpiote.o(i.nrf_drv_gpiote_uninit) refers to nrf_drv_gpiote.o(i.nrf_drv_gpiote_in_uninit) for nrf_drv_gpiote_in_uninit
    nrf_drv_gpiote.o(i.nrf_drv_gpiote_uninit) refers to nrf_drv_gpiote.o(i.nrf_drv_gpiote_out_uninit) for nrf_drv_gpiote_out_uninit
    nrf_drv_gpiote.o(i.nrf_drv_gpiote_uninit) refers to nrf_drv_gpiote.o(.bss) for .bss
    nrf_drv_gpiote.o(i.nrf_gpio_cfg_default) refers to nrf_drv_gpiote.o(i.nrf_gpio_cfg) for nrf_gpio_cfg
    nrf_drv_gpiote.o(i.pin_in_use_by_port) refers to nrf_drv_gpiote.o(.bss) for .bss
    nrf_drv_gpiote.o(i.pin_in_use_by_te) refers to nrf_drv_gpiote.o(.bss) for .bss
    nrf_drv_ppi.o(i.is_allocated_channel) refers to nrf_drv_ppi.o(.data) for .data
    nrf_drv_ppi.o(i.is_allocated_group) refers to nrf_drv_ppi.o(.data) for .data
    nrf_drv_ppi.o(i.is_app_channel) refers to nrf_drv_ppi.o(i.are_app_channels) for are_app_channels
    nrf_drv_ppi.o(i.nrf_drv_ppi_channel_alloc) refers to app_util_platform.o(i.critical_region_enter) for critical_region_enter
    nrf_drv_ppi.o(i.nrf_drv_ppi_channel_alloc) refers to nrf_drv_ppi.o(i.is_allocated_channel) for is_allocated_channel
    nrf_drv_ppi.o(i.nrf_drv_ppi_channel_alloc) refers to app_util_platform.o(i.critical_region_exit) for critical_region_exit
    nrf_drv_ppi.o(i.nrf_drv_ppi_channel_alloc) refers to nrf_drv_ppi.o(.data) for .data
    nrf_drv_ppi.o(i.nrf_drv_ppi_channel_assign) refers to nrf_drv_ppi.o(i.is_programmable_app_channel) for is_programmable_app_channel
    nrf_drv_ppi.o(i.nrf_drv_ppi_channel_assign) refers to nrf_drv_ppi.o(i.is_allocated_channel) for is_allocated_channel
    nrf_drv_ppi.o(i.nrf_drv_ppi_channel_disable) refers to nrf_drv_ppi.o(i.is_app_channel) for is_app_channel
    nrf_drv_ppi.o(i.nrf_drv_ppi_channel_disable) refers to nrf_drv_ppi.o(i.is_programmable_app_channel) for is_programmable_app_channel
    nrf_drv_ppi.o(i.nrf_drv_ppi_channel_disable) refers to nrf_drv_ppi.o(i.is_allocated_channel) for is_allocated_channel
    nrf_drv_ppi.o(i.nrf_drv_ppi_channel_enable) refers to nrf_drv_ppi.o(i.is_app_channel) for is_app_channel
    nrf_drv_ppi.o(i.nrf_drv_ppi_channel_enable) refers to nrf_drv_ppi.o(i.is_programmable_app_channel) for is_programmable_app_channel
    nrf_drv_ppi.o(i.nrf_drv_ppi_channel_enable) refers to nrf_drv_ppi.o(i.is_allocated_channel) for is_allocated_channel
    nrf_drv_ppi.o(i.nrf_drv_ppi_channel_free) refers to nrf_drv_ppi.o(i.is_programmable_app_channel) for is_programmable_app_channel
    nrf_drv_ppi.o(i.nrf_drv_ppi_channel_free) refers to app_util_platform.o(i.critical_region_enter) for critical_region_enter
    nrf_drv_ppi.o(i.nrf_drv_ppi_channel_free) refers to app_util_platform.o(i.critical_region_exit) for critical_region_exit
    nrf_drv_ppi.o(i.nrf_drv_ppi_channel_free) refers to nrf_drv_ppi.o(.data) for .data
    nrf_drv_ppi.o(i.nrf_drv_ppi_channels_include_in_group) refers to nrf_drv_ppi.o(i.is_app_group) for is_app_group
    nrf_drv_ppi.o(i.nrf_drv_ppi_channels_include_in_group) refers to nrf_drv_ppi.o(i.is_allocated_group) for is_allocated_group
    nrf_drv_ppi.o(i.nrf_drv_ppi_channels_include_in_group) refers to nrf_drv_ppi.o(i.are_app_channels) for are_app_channels
    nrf_drv_ppi.o(i.nrf_drv_ppi_channels_include_in_group) refers to app_util_platform.o(i.critical_region_enter) for critical_region_enter
    nrf_drv_ppi.o(i.nrf_drv_ppi_channels_include_in_group) refers to app_util_platform.o(i.critical_region_exit) for critical_region_exit
    nrf_drv_ppi.o(i.nrf_drv_ppi_channels_remove_from_group) refers to nrf_drv_ppi.o(i.is_app_group) for is_app_group
    nrf_drv_ppi.o(i.nrf_drv_ppi_channels_remove_from_group) refers to nrf_drv_ppi.o(i.is_allocated_group) for is_allocated_group
    nrf_drv_ppi.o(i.nrf_drv_ppi_channels_remove_from_group) refers to nrf_drv_ppi.o(i.are_app_channels) for are_app_channels
    nrf_drv_ppi.o(i.nrf_drv_ppi_channels_remove_from_group) refers to app_util_platform.o(i.critical_region_enter) for critical_region_enter
    nrf_drv_ppi.o(i.nrf_drv_ppi_channels_remove_from_group) refers to app_util_platform.o(i.critical_region_exit) for critical_region_exit
    nrf_drv_ppi.o(i.nrf_drv_ppi_group_alloc) refers to app_util_platform.o(i.critical_region_enter) for critical_region_enter
    nrf_drv_ppi.o(i.nrf_drv_ppi_group_alloc) refers to nrf_drv_ppi.o(i.is_allocated_group) for is_allocated_group
    nrf_drv_ppi.o(i.nrf_drv_ppi_group_alloc) refers to app_util_platform.o(i.critical_region_exit) for critical_region_exit
    nrf_drv_ppi.o(i.nrf_drv_ppi_group_alloc) refers to nrf_drv_ppi.o(.data) for .data
    nrf_drv_ppi.o(i.nrf_drv_ppi_group_disable) refers to nrf_drv_ppi.o(i.is_app_group) for is_app_group
    nrf_drv_ppi.o(i.nrf_drv_ppi_group_enable) refers to nrf_drv_ppi.o(i.is_app_group) for is_app_group
    nrf_drv_ppi.o(i.nrf_drv_ppi_group_enable) refers to nrf_drv_ppi.o(i.is_allocated_group) for is_allocated_group
    nrf_drv_ppi.o(i.nrf_drv_ppi_group_free) refers to nrf_drv_ppi.o(i.is_app_group) for is_app_group
    nrf_drv_ppi.o(i.nrf_drv_ppi_group_free) refers to nrf_drv_ppi.o(i.is_allocated_group) for is_allocated_group
    nrf_drv_ppi.o(i.nrf_drv_ppi_group_free) refers to app_util_platform.o(i.critical_region_enter) for critical_region_enter
    nrf_drv_ppi.o(i.nrf_drv_ppi_group_free) refers to app_util_platform.o(i.critical_region_exit) for critical_region_exit
    nrf_drv_ppi.o(i.nrf_drv_ppi_group_free) refers to nrf_drv_ppi.o(.data) for .data
    nrf_drv_ppi.o(i.nrf_drv_ppi_init) refers to nrf_drv_ppi.o(.data) for .data
    nrf_drv_ppi.o(i.nrf_drv_ppi_uninit) refers to nrf_drv_ppi.o(.data) for .data
    nrf_drv_timer.o(i.TIMER0_IRQHandler) refers to nrf_drv_timer.o(i.nrf_drv_timer_interrupt_handle) for nrf_drv_timer_interrupt_handle
    nrf_drv_timer.o(i.TIMER1_IRQHandler) refers to nrf_drv_timer.o(i.nrf_drv_timer_interrupt_handle) for nrf_drv_timer_interrupt_handle
    nrf_drv_timer.o(i.nrf_drv_timer_disable) refers to nrf_drv_timer.o(.data) for .data
    nrf_drv_timer.o(i.nrf_drv_timer_enable) refers to nrf_drv_timer.o(.data) for .data
    nrf_drv_timer.o(i.nrf_drv_timer_extended_compare) refers to nrf_drv_timer.o(i.nrf_drv_timer_compare) for nrf_drv_timer_compare
    nrf_drv_timer.o(i.nrf_drv_timer_init) refers to nrf_drv_common.o(i.nrf_drv_common_irq_enable) for nrf_drv_common_irq_enable
    nrf_drv_timer.o(i.nrf_drv_timer_init) refers to nrf_drv_timer.o(.data) for .data
    nrf_drv_timer.o(i.nrf_drv_timer_init) refers to nrf_drv_timer.o(.constdata) for .constdata
    nrf_drv_timer.o(i.nrf_drv_timer_interrupt_handle) refers to nrf_drv_timer.o(.data) for .data
    nrf_drv_timer.o(i.nrf_drv_timer_uninit) refers to nrf_drv_timer.o(i.nrf_drv_timer_disable) for nrf_drv_timer_disable
    nrf_drv_timer.o(i.nrf_drv_timer_uninit) refers to nrf_drv_timer.o(.data) for .data
    nrf_soc.o(i.sd_nvic_critical_region_enter) refers to nrf_soc.o(.data) for .data
    nrf_soc.o(i.sd_nvic_critical_region_exit) refers to nrf_soc.o(.data) for .data
    app_pwm.o(i.app_pwm_channel_duty_get) refers to nrf_drv_timer.o(i.nrf_drv_timer_capture_get) for nrf_drv_timer_capture_get
    app_pwm.o(i.app_pwm_channel_duty_set) refers to nrf_drv_timer.o(i.nrf_drv_timer_capture_get) for nrf_drv_timer_capture_get
    app_pwm.o(i.app_pwm_channel_duty_set) refers to app_pwm.o(i.app_pwm_channel_pulsewidth_ticks_set) for app_pwm_channel_pulsewidth_ticks_set
    app_pwm.o(i.app_pwm_channel_init) refers to nrf_drv_gpiote.o(i.nrf_drv_gpiote_out_init) for nrf_drv_gpiote_out_init
    app_pwm.o(i.app_pwm_channel_init) refers to nrf_drv_gpiote.o(i.nrf_drv_gpiote_out_task_enable) for nrf_drv_gpiote_out_task_enable
    app_pwm.o(i.app_pwm_channel_init) refers to nrf_drv_ppi.o(i.nrf_drv_ppi_channel_alloc) for nrf_drv_ppi_channel_alloc
    app_pwm.o(i.app_pwm_channel_init) refers to nrf_drv_ppi.o(i.nrf_drv_ppi_channel_disable) for nrf_drv_ppi_channel_disable
    app_pwm.o(i.app_pwm_channel_init) refers to nrf_drv_gpiote.o(i.nrf_drv_gpiote_out_task_addr_get) for nrf_drv_gpiote_out_task_addr_get
    app_pwm.o(i.app_pwm_channel_init) refers to nrf_drv_timer.o(i.nrf_drv_timer_compare_event_address_get) for nrf_drv_timer_compare_event_address_get
    app_pwm.o(i.app_pwm_channel_init) refers to nrf_drv_ppi.o(i.nrf_drv_ppi_channel_assign) for nrf_drv_ppi_channel_assign
    app_pwm.o(i.app_pwm_channel_init) refers to nrf_drv_gpiote.o(i.nrf_drv_gpiote_out_task_trigger) for nrf_drv_gpiote_out_task_trigger
    app_pwm.o(i.app_pwm_channel_init) refers to app_pwm.o(.constdata) for .constdata
    app_pwm.o(i.app_pwm_channel_pulsewidth_ticks_set) refers to app_pwm.o(i.pwm_transition_0or100_to_0or100) for pwm_transition_0or100_to_0or100
    app_pwm.o(i.app_pwm_channel_pulsewidth_ticks_set) refers to app_pwm.o(i.pwm_transition_0or100_to_n) for pwm_transition_0or100_to_n
    app_pwm.o(i.app_pwm_channel_pulsewidth_ticks_set) refers to app_pwm.o(i.pwm_transition_n_to_0or100) for pwm_transition_n_to_0or100
    app_pwm.o(i.app_pwm_channel_pulsewidth_ticks_set) refers to app_pwm.o(i.pwm_transition_n_to_m) for pwm_transition_n_to_m
    app_pwm.o(i.app_pwm_channel_pulsewidth_ticks_set) refers to nrf_drv_timer.o(i.nrf_drv_timer_compare_int_enable) for nrf_drv_timer_compare_int_enable
    app_pwm.o(i.app_pwm_channel_pulsewidth_ticks_set) refers to app_pwm.o(.data) for .data
    app_pwm.o(i.app_pwm_disable) refers to nrf_drv_timer.o(i.nrf_drv_timer_disable) for nrf_drv_timer_disable
    app_pwm.o(i.app_pwm_disable) refers to nrf_drv_timer.o(i.nrf_drv_timer_compare_int_disable) for nrf_drv_timer_compare_int_disable
    app_pwm.o(i.app_pwm_enable) refers to nrf_drv_timer.o(i.nrf_drv_timer_enable) for nrf_drv_timer_enable
    app_pwm.o(i.app_pwm_init) refers to nrf_drv_ppi.o(i.nrf_drv_ppi_init) for nrf_drv_ppi_init
    app_pwm.o(i.app_pwm_init) refers to nrf_drv_gpiote.o(i.nrf_drv_gpiote_is_init) for nrf_drv_gpiote_is_init
    app_pwm.o(i.app_pwm_init) refers to nrf_drv_gpiote.o(i.nrf_drv_gpiote_init) for nrf_drv_gpiote_init
    app_pwm.o(i.app_pwm_init) refers to nrf_drv_ppi.o(i.nrf_drv_ppi_channel_alloc) for nrf_drv_ppi_channel_alloc
    app_pwm.o(i.app_pwm_init) refers to nrf_drv_ppi.o(i.nrf_drv_ppi_group_alloc) for nrf_drv_ppi_group_alloc
    app_pwm.o(i.app_pwm_init) refers to app_pwm.o(i.pwm_dealloc) for pwm_dealloc
    app_pwm.o(i.app_pwm_init) refers to app_pwm.o(i.app_pwm_channel_init) for app_pwm_channel_init
    app_pwm.o(i.app_pwm_init) refers to app_pwm.o(i.app_pwm_channel_pulsewidth_ticks_set) for app_pwm_channel_pulsewidth_ticks_set
    app_pwm.o(i.app_pwm_init) refers to nrf_drv_timer.o(i.nrf_drv_timer_init) for nrf_drv_timer_init
    app_pwm.o(i.app_pwm_init) refers to nrf_drv_timer.o(i.nrf_drv_timer_us_to_ticks) for nrf_drv_timer_us_to_ticks
    app_pwm.o(i.app_pwm_init) refers to nrf_drv_timer.o(i.nrf_drv_timer_clear) for nrf_drv_timer_clear
    app_pwm.o(i.app_pwm_init) refers to nrf_drv_timer.o(i.nrf_drv_timer_extended_compare) for nrf_drv_timer_extended_compare
    app_pwm.o(i.app_pwm_init) refers to nrf_drv_timer.o(i.nrf_drv_timer_compare_int_disable) for nrf_drv_timer_compare_int_disable
    app_pwm.o(i.app_pwm_init) refers to app_pwm.o(.constdata) for .constdata
    app_pwm.o(i.app_pwm_init) refers to app_pwm.o(i.pwm_ready_tick) for pwm_ready_tick
    app_pwm.o(i.app_pwm_init) refers to app_pwm.o(.data) for .data
    app_pwm.o(i.app_pwm_uninit) refers to app_pwm.o(i.app_pwm_disable) for app_pwm_disable
    app_pwm.o(i.app_pwm_uninit) refers to app_pwm.o(i.pwm_dealloc) for pwm_dealloc
    app_pwm.o(i.nrf_drv_ppi_channel_include_in_group) refers to nrf_drv_ppi.o(i.nrf_drv_ppi_channels_include_in_group) for nrf_drv_ppi_channels_include_in_group
    app_pwm.o(i.pwm_channel_ppi_disable) refers to nrf_drv_ppi.o(i.nrf_drv_ppi_channel_disable) for nrf_drv_ppi_channel_disable
    app_pwm.o(i.pwm_dealloc) refers to nrf_drv_ppi.o(i.nrf_drv_ppi_channel_free) for nrf_drv_ppi_channel_free
    app_pwm.o(i.pwm_dealloc) refers to nrf_drv_ppi.o(i.nrf_drv_ppi_group_free) for nrf_drv_ppi_group_free
    app_pwm.o(i.pwm_dealloc) refers to nrf_drv_gpiote.o(i.nrf_drv_gpiote_out_uninit) for nrf_drv_gpiote_out_uninit
    app_pwm.o(i.pwm_dealloc) refers to nrf_drv_timer.o(i.nrf_drv_timer_uninit) for nrf_drv_timer_uninit
    app_pwm.o(i.pwm_ppi_disable) refers to nrf_drv_ppi.o(i.nrf_drv_ppi_channel_disable) for nrf_drv_ppi_channel_disable
    app_pwm.o(i.pwm_ready_tick) refers to nrf_drv_timer.o(i.nrf_drv_timer_compare_int_disable) for nrf_drv_timer_compare_int_disable
    app_pwm.o(i.pwm_ready_tick) refers to app_pwm.o(.data) for .data
    app_pwm.o(i.pwm_transition_0or100_to_0or100) refers to app_pwm.o(i.pwm_ppi_disable) for pwm_ppi_disable
    app_pwm.o(i.pwm_transition_0or100_to_0or100) refers to app_pwm.o(i.pwm_channel_ppi_disable) for pwm_channel_ppi_disable
    app_pwm.o(i.pwm_transition_0or100_to_0or100) refers to nrf_drv_gpiote.o(i.nrf_drv_gpiote_out_task_force) for nrf_drv_gpiote_out_task_force
    app_pwm.o(i.pwm_transition_0or100_to_0or100) refers to nrf_drv_timer.o(i.nrf_drv_timer_compare) for nrf_drv_timer_compare
    app_pwm.o(i.pwm_transition_0or100_to_n) refers to app_pwm.o(i.pwm_ppi_disable) for pwm_ppi_disable
    app_pwm.o(i.pwm_transition_0or100_to_n) refers to app_pwm.o(i.pwm_channel_ppi_disable) for pwm_channel_ppi_disable
    app_pwm.o(i.pwm_transition_0or100_to_n) refers to nrf_drv_timer.o(i.nrf_drv_timer_compare) for nrf_drv_timer_compare
    app_pwm.o(i.pwm_transition_0or100_to_n) refers to nrf_drv_ppi.o(i.nrf_drv_ppi_channels_remove_from_group) for nrf_drv_ppi_channels_remove_from_group
    app_pwm.o(i.pwm_transition_0or100_to_n) refers to app_pwm.o(i.nrf_drv_ppi_channel_include_in_group) for nrf_drv_ppi_channel_include_in_group
    app_pwm.o(i.pwm_transition_0or100_to_n) refers to nrf_drv_timer.o(i.nrf_drv_timer_compare_event_address_get) for nrf_drv_timer_compare_event_address_get
    app_pwm.o(i.pwm_transition_0or100_to_n) refers to nrf_drv_ppi.o(i.nrf_drv_ppi_channel_assign) for nrf_drv_ppi_channel_assign
    app_pwm.o(i.pwm_transition_0or100_to_n) refers to nrf_drv_ppi.o(i.nrf_drv_ppi_channel_enable) for nrf_drv_ppi_channel_enable
    app_pwm.o(i.pwm_transition_n_to_0or100) refers to app_pwm.o(i.pwm_ppi_disable) for pwm_ppi_disable
    app_pwm.o(i.pwm_transition_n_to_0or100) refers to nrf_drv_ppi.o(i.nrf_drv_ppi_channels_remove_from_group) for nrf_drv_ppi_channels_remove_from_group
    app_pwm.o(i.pwm_transition_n_to_0or100) refers to app_pwm.o(i.nrf_drv_ppi_channel_include_in_group) for nrf_drv_ppi_channel_include_in_group
    app_pwm.o(i.pwm_transition_n_to_0or100) refers to nrf_drv_timer.o(i.nrf_drv_timer_compare_event_address_get) for nrf_drv_timer_compare_event_address_get
    app_pwm.o(i.pwm_transition_n_to_0or100) refers to nrf_drv_ppi.o(i.nrf_drv_ppi_channel_assign) for nrf_drv_ppi_channel_assign
    app_pwm.o(i.pwm_transition_n_to_0or100) refers to nrf_drv_ppi.o(i.nrf_drv_ppi_channel_enable) for nrf_drv_ppi_channel_enable
    app_pwm.o(i.pwm_transition_n_to_m) refers to nrf_drv_ppi.o(i.nrf_drv_ppi_channels_remove_from_group) for nrf_drv_ppi_channels_remove_from_group
    app_pwm.o(i.pwm_transition_n_to_m) refers to app_pwm.o(i.nrf_drv_ppi_channel_include_in_group) for nrf_drv_ppi_channel_include_in_group
    app_pwm.o(i.pwm_transition_n_to_m) refers to nrf_drv_ppi.o(i.nrf_drv_ppi_group_disable) for nrf_drv_ppi_group_disable
    app_pwm.o(i.pwm_transition_n_to_m) refers to nrf_drv_timer.o(i.nrf_drv_timer_compare_event_address_get) for nrf_drv_timer_compare_event_address_get
    app_pwm.o(i.pwm_transition_n_to_m) refers to nrf_drv_ppi.o(i.nrf_drv_ppi_channel_assign) for nrf_drv_ppi_channel_assign
    app_pwm.o(i.pwm_transition_n_to_m) refers to nrf_drv_gpiote.o(i.nrf_drv_gpiote_out_task_addr_get) for nrf_drv_gpiote_out_task_addr_get
    app_pwm.o(i.pwm_transition_n_to_m) refers to nrf_drv_ppi.o(i.nrf_drv_ppi_group_enable) for nrf_drv_ppi_group_enable
    app_pwm.o(i.pwm_transition_n_to_m) refers to nrf_drv_timer.o(i.nrf_drv_timer_compare) for nrf_drv_timer_compare
    app_util_platform.o(i.critical_region_enter) refers to app_util_platform.o(.data) for .data
    app_util_platform.o(i.critical_region_exit) refers to app_util_platform.o(.data) for .data
    arm_startup_nrf52.o(RESET) refers to arm_startup_nrf52.o(STACK) for __initial_sp
    arm_startup_nrf52.o(RESET) refers to arm_startup_nrf52.o(.text) for Reset_Handler
    arm_startup_nrf52.o(RESET) refers to nrf_drv_gpiote.o(i.GPIOTE_IRQHandler) for GPIOTE_IRQHandler
    arm_startup_nrf52.o(RESET) refers to nrf_drv_timer.o(i.TIMER0_IRQHandler) for TIMER0_IRQHandler
    arm_startup_nrf52.o(RESET) refers to nrf_drv_timer.o(i.TIMER1_IRQHandler) for TIMER1_IRQHandler
    arm_startup_nrf52.o(.text) refers to system_nrf52.o(i.SystemInit) for SystemInit
    arm_startup_nrf52.o(.text) refers to entry.o(.ARM.Collect$$$$00000000) for __main
    system_nrf52.o(i.SystemCoreClockUpdate) refers to system_nrf52.o(.data) for .data
    system_nrf52.o(i.SystemInit) refers to system_nrf52.o(.data) for .data
    entry.o(.ARM.Collect$$$$00000000) refers (Special) to entry10a.o(.ARM.Collect$$$$0000000D) for __rt_final_cpp
    entry.o(.ARM.Collect$$$$00000000) refers (Special) to entry11a.o(.ARM.Collect$$$$0000000F) for __rt_final_exit
    entry.o(.ARM.Collect$$$$00000000) refers (Special) to entry7b.o(.ARM.Collect$$$$00000008) for _main_clock
    entry.o(.ARM.Collect$$$$00000000) refers (Special) to entry8b.o(.ARM.Collect$$$$0000000A) for _main_cpp_init
    entry.o(.ARM.Collect$$$$00000000) refers (Special) to entry9a.o(.ARM.Collect$$$$0000000B) for _main_init
    entry.o(.ARM.Collect$$$$00000000) refers (Special) to entry5.o(.ARM.Collect$$$$00000004) for _main_scatterload
    entry.o(.ARM.Collect$$$$00000000) refers (Special) to entry2.o(.ARM.Collect$$$$00000001) for _main_stk
    entry2.o(.ARM.Collect$$$$00000001) refers to entry2.o(.ARM.Collect$$$$00002712) for __lit__00000000
    entry2.o(.ARM.Collect$$$$00002712) refers to arm_startup_nrf52.o(STACK) for __initial_sp
    entry2.o(__vectab_stack_and_reset_area) refers to arm_startup_nrf52.o(STACK) for __initial_sp
    entry2.o(__vectab_stack_and_reset_area) refers to entry.o(.ARM.Collect$$$$00000000) for __main
    entry5.o(.ARM.Collect$$$$00000004) refers to init.o(.text) for __scatterload
    entry9a.o(.ARM.Collect$$$$0000000B) refers to main.o(i.main) for main
    entry9b.o(.ARM.Collect$$$$0000000C) refers to main.o(i.main) for main
    init.o(.text) refers to entry5.o(.ARM.Collect$$$$00000004) for __main_after_scatterload


==============================================================================

Removing Unused input sections from the image.

    Removing main.o(.rev16_text), (4 bytes).
    Removing main.o(.revsh_text), (4 bytes).
    Removing main.o(.rrx_text), (6 bytes).
    Removing main.o(.emb_text), (118 bytes).
    Removing nrf_delay.o(.rev16_text), (4 bytes).
    Removing nrf_delay.o(.revsh_text), (4 bytes).
    Removing nrf_delay.o(.rrx_text), (6 bytes).
    Removing nrf_drv_common.o(.rev16_text), (4 bytes).
    Removing nrf_drv_common.o(.revsh_text), (4 bytes).
    Removing nrf_drv_common.o(.rrx_text), (6 bytes).
    Removing nrf_drv_gpiote.o(.rev16_text), (4 bytes).
    Removing nrf_drv_gpiote.o(.revsh_text), (4 bytes).
    Removing nrf_drv_gpiote.o(.rrx_text), (6 bytes).
    Removing nrf_drv_gpiote.o(i.nrf_drv_gpiote_in_event_addr_get), (28 bytes).
    Removing nrf_drv_gpiote.o(i.nrf_drv_gpiote_in_event_disable), (80 bytes).
    Removing nrf_drv_gpiote.o(i.nrf_drv_gpiote_in_event_enable), (148 bytes).
    Removing nrf_drv_gpiote.o(i.nrf_drv_gpiote_in_init), (184 bytes).
    Removing nrf_drv_gpiote.o(i.nrf_drv_gpiote_in_is_set), (20 bytes).
    Removing nrf_drv_gpiote.o(i.nrf_drv_gpiote_in_uninit), (72 bytes).
    Removing nrf_drv_gpiote.o(i.nrf_drv_gpiote_out_clear), (16 bytes).
    Removing nrf_drv_gpiote.o(i.nrf_drv_gpiote_out_set), (16 bytes).
    Removing nrf_drv_gpiote.o(i.nrf_drv_gpiote_out_task_disable), (36 bytes).
    Removing nrf_drv_gpiote.o(i.nrf_drv_gpiote_out_toggle), (36 bytes).
    Removing nrf_drv_gpiote.o(i.nrf_drv_gpiote_uninit), (52 bytes).
    Removing nrf_drv_ppi.o(.rev16_text), (4 bytes).
    Removing nrf_drv_ppi.o(.revsh_text), (4 bytes).
    Removing nrf_drv_ppi.o(.rrx_text), (6 bytes).
    Removing nrf_drv_ppi.o(i.nrf_drv_ppi_uninit), (88 bytes).
    Removing nrf_drv_timer.o(.rev16_text), (4 bytes).
    Removing nrf_drv_timer.o(.revsh_text), (4 bytes).
    Removing nrf_drv_timer.o(.rrx_text), (6 bytes).
    Removing nrf_drv_timer.o(i.nrf_drv_timer_capture), (30 bytes).
    Removing nrf_drv_timer.o(i.nrf_drv_timer_capture_task_address_get), (14 bytes).
    Removing nrf_drv_timer.o(i.nrf_drv_timer_event_address_get), (6 bytes).
    Removing nrf_drv_timer.o(i.nrf_drv_timer_increment), (8 bytes).
    Removing nrf_drv_timer.o(i.nrf_drv_timer_ms_to_ticks), (18 bytes).
    Removing nrf_drv_timer.o(i.nrf_drv_timer_pause), (8 bytes).
    Removing nrf_drv_timer.o(i.nrf_drv_timer_resume), (8 bytes).
    Removing nrf_drv_timer.o(i.nrf_drv_timer_task_address_get), (6 bytes).
    Removing nrf_soc.o(.rev16_text), (4 bytes).
    Removing nrf_soc.o(.revsh_text), (4 bytes).
    Removing nrf_soc.o(.rrx_text), (6 bytes).
    Removing nrf_soc.o(i.sd_app_evt_wait), (6 bytes).
    Removing nrf_soc.o(i.sd_nvic_ClearPendingIRQ), (24 bytes).
    Removing nrf_soc.o(i.sd_nvic_DisableIRQ), (24 bytes).
    Removing nrf_soc.o(i.sd_nvic_EnableIRQ), (24 bytes).
    Removing nrf_soc.o(i.sd_nvic_GetPendingIRQ), (42 bytes).
    Removing nrf_soc.o(i.sd_nvic_GetPriority), (40 bytes).
    Removing nrf_soc.o(i.sd_nvic_SetPendingIRQ), (24 bytes).
    Removing nrf_soc.o(i.sd_nvic_SetPriority), (34 bytes).
    Removing nrf_soc.o(i.sd_nvic_SystemReset), (32 bytes).
    Removing nrf_soc.o(i.sd_nvic_critical_region_enter), (28 bytes).
    Removing nrf_soc.o(i.sd_nvic_critical_region_exit), (24 bytes).
    Removing nrf_soc.o(.data), (1 bytes).
    Removing app_error.o(.rev16_text), (4 bytes).
    Removing app_error.o(.revsh_text), (4 bytes).
    Removing app_error.o(.rrx_text), (6 bytes).
    Removing app_pwm.o(.rev16_text), (4 bytes).
    Removing app_pwm.o(.revsh_text), (4 bytes).
    Removing app_pwm.o(.rrx_text), (6 bytes).
    Removing app_pwm.o(i.app_pwm_channel_duty_get), (32 bytes).
    Removing app_pwm.o(i.app_pwm_disable), (28 bytes).
    Removing app_pwm.o(i.app_pwm_uninit), (42 bytes).
    Removing app_util_platform.o(.rev16_text), (4 bytes).
    Removing app_util_platform.o(.revsh_text), (4 bytes).
    Removing app_util_platform.o(.rrx_text), (6 bytes).
    Removing arm_startup_nrf52.o(HEAP), (8192 bytes).
    Removing system_nrf52.o(.rev16_text), (4 bytes).
    Removing system_nrf52.o(.revsh_text), (4 bytes).
    Removing system_nrf52.o(.rrx_text), (6 bytes).
    Removing system_nrf52.o(i.SystemCoreClockUpdate), (16 bytes).

71 unused section(s) (total 9759 bytes) removed from the image.

==============================================================================

Image Symbol Table

    Local Symbols

    Symbol Name                              Value     Ov Type        Size  Object(Section)

    RESET                                    0x00000000   Section     1024  arm_startup_nrf52.o(RESET)
    ../clib/microlib/init/entry.s            0x00000000   Number         0  entry2.o ABSOLUTE
    ../clib/microlib/init/entry.s            0x00000000   Number         0  entry9b.o ABSOLUTE
    ../clib/microlib/init/entry.s            0x00000000   Number         0  entry9a.o ABSOLUTE
    ../clib/microlib/init/entry.s            0x00000000   Number         0  entry8b.o ABSOLUTE
    ../clib/microlib/init/entry.s            0x00000000   Number         0  entry5.o ABSOLUTE
    ../clib/microlib/init/entry.s            0x00000000   Number         0  entry8a.o ABSOLUTE
    ../clib/microlib/init/entry.s            0x00000000   Number         0  entry7a.o ABSOLUTE
    ../clib/microlib/init/entry.s            0x00000000   Number         0  entry7b.o ABSOLUTE
    ../clib/microlib/init/entry.s            0x00000000   Number         0  entry11b.o ABSOLUTE
    ../clib/microlib/init/entry.s            0x00000000   Number         0  entry10a.o ABSOLUTE
    ../clib/microlib/init/entry.s            0x00000000   Number         0  entry11a.o ABSOLUTE
    ../clib/microlib/init/entry.s            0x00000000   Number         0  entry10b.o ABSOLUTE
    ../clib/microlib/init/entry.s            0x00000000   Number         0  entry.o ABSOLUTE
    ../clib/microlib/string/memcpy.c         0x00000000   Number         0  memcpya.o ABSOLUTE
    ../clib/microlib/string/memcpy.c         0x00000000   Number         0  memcpyb.o ABSOLUTE
    ..\..\..\..\..\components\drivers_nrf\common\nrf_drv_common.c 0x00000000   Number         0  nrf_drv_common.o ABSOLUTE
    ..\..\..\..\..\components\drivers_nrf\delay\nrf_delay.c 0x00000000   Number         0  nrf_delay.o ABSOLUTE
    ..\..\..\..\..\components\drivers_nrf\gpiote\nrf_drv_gpiote.c 0x00000000   Number         0  nrf_drv_gpiote.o ABSOLUTE
    ..\..\..\..\..\components\drivers_nrf\nrf_soc_nosd\nrf_soc.c 0x00000000   Number         0  nrf_soc.o ABSOLUTE
    ..\..\..\..\..\components\drivers_nrf\ppi\nrf_drv_ppi.c 0x00000000   Number         0  nrf_drv_ppi.o ABSOLUTE
    ..\..\..\..\..\components\drivers_nrf\timer\nrf_drv_timer.c 0x00000000   Number         0  nrf_drv_timer.o ABSOLUTE
    ..\..\..\..\..\components\libraries\pwm\app_pwm.c 0x00000000   Number         0  app_pwm.o ABSOLUTE
    ..\..\..\..\..\components\libraries\util\app_error.c 0x00000000   Number         0  app_error.o ABSOLUTE
    ..\..\..\..\..\components\libraries\util\app_util_platform.c 0x00000000   Number         0  app_util_platform.o ABSOLUTE
    ..\..\..\..\..\components\libraries\util\nrf_assert.c 0x00000000   Number         0  nrf_assert.o ABSOLUTE
    ..\..\main.c                             0x00000000   Number         0  main.o ABSOLUTE
    ..\\..\\..\\..\\..\\components\\drivers_nrf\\common\\nrf_drv_common.c 0x00000000   Number         0  nrf_drv_common.o ABSOLUTE
    ..\\..\\..\\..\\..\\components\\drivers_nrf\\delay\\nrf_delay.c 0x00000000   Number         0  nrf_delay.o ABSOLUTE
    ..\\..\\..\\..\\..\\components\\drivers_nrf\\gpiote\\nrf_drv_gpiote.c 0x00000000   Number         0  nrf_drv_gpiote.o ABSOLUTE
    ..\\..\\..\\..\\..\\components\\drivers_nrf\\nrf_soc_nosd\\nrf_soc.c 0x00000000   Number         0  nrf_soc.o ABSOLUTE
    ..\\..\\..\\..\\..\\components\\drivers_nrf\\ppi\\nrf_drv_ppi.c 0x00000000   Number         0  nrf_drv_ppi.o ABSOLUTE
    ..\\..\\..\\..\\..\\components\\drivers_nrf\\timer\\nrf_drv_timer.c 0x00000000   Number         0  nrf_drv_timer.o ABSOLUTE
    ..\\..\\..\\..\\..\\components\\libraries\\pwm\\app_pwm.c 0x00000000   Number         0  app_pwm.o ABSOLUTE
    ..\\..\\..\\..\\..\\components\\libraries\\util\\app_error.c 0x00000000   Number         0  app_error.o ABSOLUTE
    ..\\..\\..\\..\\..\\components\\libraries\\util\\app_util_platform.c 0x00000000   Number         0  app_util_platform.o ABSOLUTE
    ..\\..\\main.c                           0x00000000   Number         0  main.o ABSOLUTE
    RTE\Device\nRF52832_xxAA\arm_startup_nrf52.s 0x00000000   Number         0  arm_startup_nrf52.o ABSOLUTE
    RTE\Device\nRF52832_xxAA\system_nrf52.c  0x00000000   Number         0  system_nrf52.o ABSOLUTE
    RTE\\Device\\nRF52832_xxAA\\system_nrf52.c 0x00000000   Number         0  system_nrf52.o ABSOLUTE
    dc.s                                     0x00000000   Number         0  dc.o ABSOLUTE
    handlers.s                               0x00000000   Number         0  handlers.o ABSOLUTE
    init.s                                   0x00000000   Number         0  init.o ABSOLUTE
    .ARM.Collect$$$$00000000                 0x00000400   Section        0  entry.o(.ARM.Collect$$$$00000000)
    .ARM.Collect$$$$00000001                 0x00000400   Section        4  entry2.o(.ARM.Collect$$$$00000001)
    .ARM.Collect$$$$00000004                 0x00000404   Section        4  entry5.o(.ARM.Collect$$$$00000004)
    .ARM.Collect$$$$00000008                 0x00000408   Section        0  entry7b.o(.ARM.Collect$$$$00000008)
    .ARM.Collect$$$$0000000A                 0x00000408   Section        0  entry8b.o(.ARM.Collect$$$$0000000A)
    .ARM.Collect$$$$0000000B                 0x00000408   Section        8  entry9a.o(.ARM.Collect$$$$0000000B)
    .ARM.Collect$$$$0000000D                 0x00000410   Section        0  entry10a.o(.ARM.Collect$$$$0000000D)
    .ARM.Collect$$$$0000000F                 0x00000410   Section        0  entry11a.o(.ARM.Collect$$$$0000000F)
    .ARM.Collect$$$$00002712                 0x00000410   Section        4  entry2.o(.ARM.Collect$$$$00002712)
    __lit__00000000                          0x00000410   Data           4  entry2.o(.ARM.Collect$$$$00002712)
    .emb_text                                0x00000414   Section      118  nrf_delay.o(.emb_text)
    $v0                                      0x00000414   Number         0  nrf_delay.o(.emb_text)
    .text                                    0x0000048c   Section       36  arm_startup_nrf52.o(.text)
    $v0                                      0x0000048c   Number         0  arm_startup_nrf52.o(.text)
    .text                                    0x000004b0   Section        0  memcpya.o(.text)
    .text                                    0x000004d4   Section       36  init.o(.text)
    i.GPIOTE_IRQHandler                      0x000004f8   Section        0  nrf_drv_gpiote.o(i.GPIOTE_IRQHandler)
    i.SystemInit                             0x000005fc   Section        0  system_nrf52.o(i.SystemInit)
    i.TIMER0_IRQHandler                      0x0000071c   Section        0  nrf_drv_timer.o(i.TIMER0_IRQHandler)
    i.TIMER1_IRQHandler                      0x00000728   Section        0  nrf_drv_timer.o(i.TIMER1_IRQHandler)
    i.__scatterload_copy                     0x00000734   Section       14  handlers.o(i.__scatterload_copy)
    i.__scatterload_null                     0x00000742   Section        2  handlers.o(i.__scatterload_null)
    i.__scatterload_zeroinit                 0x00000744   Section       14  handlers.o(i.__scatterload_zeroinit)
    i.app_error_handler                      0x00000754   Section        0  app_error.o(i.app_error_handler)
    i.app_pwm_channel_duty_set               0x00000774   Section        0  app_pwm.o(i.app_pwm_channel_duty_set)
    i.app_pwm_channel_init                   0x0000079c   Section        0  app_pwm.o(i.app_pwm_channel_init)
    app_pwm_channel_init                     0x0000079d   Thumb Code   202  app_pwm.o(i.app_pwm_channel_init)
    i.app_pwm_channel_pulsewidth_ticks_set   0x0000086c   Section        0  app_pwm.o(i.app_pwm_channel_pulsewidth_ticks_set)
    i.app_pwm_enable                         0x000008f4   Section        0  app_pwm.o(i.app_pwm_enable)
    i.app_pwm_init                           0x00000908   Section        0  app_pwm.o(i.app_pwm_init)
    i.are_app_channels                       0x00000a6c   Section        0  nrf_drv_ppi.o(i.are_app_channels)
    are_app_channels                         0x00000a6d   Thumb Code    14  nrf_drv_ppi.o(i.are_app_channels)
    i.channel_free                           0x00000a7c   Section        0  nrf_drv_gpiote.o(i.channel_free)
    channel_free                             0x00000a7d   Thumb Code    24  nrf_drv_gpiote.o(i.channel_free)
    i.channel_port_alloc                     0x00000a98   Section        0  nrf_drv_gpiote.o(i.channel_port_alloc)
    channel_port_alloc                       0x00000a99   Thumb Code    70  nrf_drv_gpiote.o(i.channel_port_alloc)
    i.channel_port_get                       0x00000ae4   Section        0  nrf_drv_gpiote.o(i.channel_port_get)
    channel_port_get                         0x00000ae5   Thumb Code    10  nrf_drv_gpiote.o(i.channel_port_get)
    i.critical_region_enter                  0x00000af4   Section        0  app_util_platform.o(i.critical_region_enter)
    i.critical_region_exit                   0x00000b04   Section        0  app_util_platform.o(i.critical_region_exit)
    i.is_allocated_channel                   0x00000b18   Section        0  nrf_drv_ppi.o(i.is_allocated_channel)
    is_allocated_channel                     0x00000b19   Thumb Code    20  nrf_drv_ppi.o(i.is_allocated_channel)
    i.is_allocated_group                     0x00000b30   Section        0  nrf_drv_ppi.o(i.is_allocated_group)
    is_allocated_group                       0x00000b31   Thumb Code    20  nrf_drv_ppi.o(i.is_allocated_group)
    i.is_app_channel                         0x00000b48   Section        0  nrf_drv_ppi.o(i.is_app_channel)
    is_app_channel                           0x00000b49   Thumb Code    10  nrf_drv_ppi.o(i.is_app_channel)
    i.is_app_group                           0x00000b52   Section        0  nrf_drv_ppi.o(i.is_app_group)
    is_app_group                             0x00000b53   Thumb Code    12  nrf_drv_ppi.o(i.is_app_group)
    i.is_programmable_app_channel            0x00000b5e   Section        0  nrf_drv_ppi.o(i.is_programmable_app_channel)
    is_programmable_app_channel              0x00000b5f   Thumb Code    14  nrf_drv_ppi.o(i.is_programmable_app_channel)
    i.main                                   0x00000b6c   Section        0  main.o(i.main)
    i.nrf_delay_ms                           0x00000c04   Section        0  nrf_delay.o(i.nrf_delay_ms)
    i.nrf_drv_common_irq_enable              0x00000c1e   Section        0  nrf_drv_common.o(i.nrf_drv_common_irq_enable)
    i.nrf_drv_gpiote_init                    0x00000c58   Section        0  nrf_drv_gpiote.o(i.nrf_drv_gpiote_init)
    i.nrf_drv_gpiote_is_init                 0x00000ca8   Section        0  nrf_drv_gpiote.o(i.nrf_drv_gpiote_is_init)
    i.nrf_drv_gpiote_out_init                0x00000cb8   Section        0  nrf_drv_gpiote.o(i.nrf_drv_gpiote_out_init)
    i.nrf_drv_gpiote_out_task_addr_get       0x00000d70   Section        0  nrf_drv_gpiote.o(i.nrf_drv_gpiote_out_task_addr_get)
    i.nrf_drv_gpiote_out_task_enable         0x00000d84   Section        0  nrf_drv_gpiote.o(i.nrf_drv_gpiote_out_task_enable)
    i.nrf_drv_gpiote_out_task_force          0x00000db8   Section        0  nrf_drv_gpiote.o(i.nrf_drv_gpiote_out_task_force)
    i.nrf_drv_gpiote_out_task_trigger        0x00000df4   Section        0  nrf_drv_gpiote.o(i.nrf_drv_gpiote_out_task_trigger)
    i.nrf_drv_gpiote_out_uninit              0x00000e0c   Section        0  nrf_drv_gpiote.o(i.nrf_drv_gpiote_out_uninit)
    i.nrf_drv_ppi_channel_alloc              0x00000e38   Section        0  nrf_drv_ppi.o(i.nrf_drv_ppi_channel_alloc)
    i.nrf_drv_ppi_channel_assign             0x00000e94   Section        0  nrf_drv_ppi.o(i.nrf_drv_ppi_channel_assign)
    i.nrf_drv_ppi_channel_disable            0x00000ed0   Section        0  nrf_drv_ppi.o(i.nrf_drv_ppi_channel_disable)
    i.nrf_drv_ppi_channel_enable             0x00000f04   Section        0  nrf_drv_ppi.o(i.nrf_drv_ppi_channel_enable)
    i.nrf_drv_ppi_channel_free               0x00000f38   Section        0  nrf_drv_ppi.o(i.nrf_drv_ppi_channel_free)
    i.nrf_drv_ppi_channel_include_in_group   0x00000f6c   Section        0  app_pwm.o(i.nrf_drv_ppi_channel_include_in_group)
    nrf_drv_ppi_channel_include_in_group     0x00000f6d   Thumb Code    10  app_pwm.o(i.nrf_drv_ppi_channel_include_in_group)
    i.nrf_drv_ppi_channels_include_in_group  0x00000f78   Section        0  nrf_drv_ppi.o(i.nrf_drv_ppi_channels_include_in_group)
    i.nrf_drv_ppi_channels_remove_from_group 0x00000fc0   Section        0  nrf_drv_ppi.o(i.nrf_drv_ppi_channels_remove_from_group)
    i.nrf_drv_ppi_group_alloc                0x00001008   Section        0  nrf_drv_ppi.o(i.nrf_drv_ppi_group_alloc)
    i.nrf_drv_ppi_group_disable              0x00001060   Section        0  nrf_drv_ppi.o(i.nrf_drv_ppi_group_disable)
    i.nrf_drv_ppi_group_enable               0x00001080   Section        0  nrf_drv_ppi.o(i.nrf_drv_ppi_group_enable)
    i.nrf_drv_ppi_group_free                 0x000010ac   Section        0  nrf_drv_ppi.o(i.nrf_drv_ppi_group_free)
    i.nrf_drv_ppi_init                       0x000010f0   Section        0  nrf_drv_ppi.o(i.nrf_drv_ppi_init)
    i.nrf_drv_timer_capture_get              0x00001108   Section        0  nrf_drv_timer.o(i.nrf_drv_timer_capture_get)
    i.nrf_drv_timer_clear                    0x00001116   Section        0  nrf_drv_timer.o(i.nrf_drv_timer_clear)
    i.nrf_drv_timer_compare                  0x0000111e   Section        0  nrf_drv_timer.o(i.nrf_drv_timer_compare)
    i.nrf_drv_timer_compare_event_address_get 0x00001140   Section        0  nrf_drv_timer.o(i.nrf_drv_timer_compare_event_address_get)
    i.nrf_drv_timer_compare_int_disable      0x00001150   Section        0  nrf_drv_timer.o(i.nrf_drv_timer_compare_int_disable)
    i.nrf_drv_timer_compare_int_enable       0x0000115e   Section        0  nrf_drv_timer.o(i.nrf_drv_timer_compare_int_enable)
    i.nrf_drv_timer_disable                  0x00001180   Section        0  nrf_drv_timer.o(i.nrf_drv_timer_disable)
    i.nrf_drv_timer_enable                   0x00001194   Section        0  nrf_drv_timer.o(i.nrf_drv_timer_enable)
    i.nrf_drv_timer_extended_compare         0x000011a8   Section        0  nrf_drv_timer.o(i.nrf_drv_timer_extended_compare)
    i.nrf_drv_timer_init                     0x000011d4   Section        0  nrf_drv_timer.o(i.nrf_drv_timer_init)
    i.nrf_drv_timer_interrupt_handle         0x0000125c   Section        0  nrf_drv_timer.o(i.nrf_drv_timer_interrupt_handle)
    nrf_drv_timer_interrupt_handle           0x0000125d   Thumb Code    68  nrf_drv_timer.o(i.nrf_drv_timer_interrupt_handle)
    i.nrf_drv_timer_uninit                   0x000012a4   Section        0  nrf_drv_timer.o(i.nrf_drv_timer_uninit)
    i.nrf_drv_timer_us_to_ticks              0x00001308   Section        0  nrf_drv_timer.o(i.nrf_drv_timer_us_to_ticks)
    i.nrf_gpio_cfg                           0x0000131a   Section        0  nrf_drv_gpiote.o(i.nrf_gpio_cfg)
    nrf_gpio_cfg                             0x0000131b   Thumb Code    34  nrf_drv_gpiote.o(i.nrf_gpio_cfg)
    i.nrf_gpio_cfg_default                   0x0000133c   Section        0  nrf_drv_gpiote.o(i.nrf_gpio_cfg_default)
    nrf_gpio_cfg_default                     0x0000133d   Thumb Code    18  nrf_drv_gpiote.o(i.nrf_gpio_cfg_default)
    i.nrf_gpio_cfg_sense_set                 0x0000134e   Section        0  nrf_drv_gpiote.o(i.nrf_gpio_cfg_sense_set)
    nrf_gpio_cfg_sense_set                   0x0000134f   Thumb Code    28  nrf_drv_gpiote.o(i.nrf_gpio_cfg_sense_set)
    i.nrf_gpiote_event_clear                 0x0000136c   Section        0  nrf_drv_gpiote.o(i.nrf_gpiote_event_clear)
    nrf_gpiote_event_clear                   0x0000136d   Thumb Code    16  nrf_drv_gpiote.o(i.nrf_gpiote_event_clear)
    i.nrf_gpiote_event_is_set                0x00001380   Section        0  nrf_drv_gpiote.o(i.nrf_gpiote_event_is_set)
    nrf_gpiote_event_is_set                  0x00001381   Thumb Code    12  nrf_drv_gpiote.o(i.nrf_gpiote_event_is_set)
    i.pin_in_use_by_port                     0x00001390   Section        0  nrf_drv_gpiote.o(i.pin_in_use_by_port)
    pin_in_use_by_port                       0x00001391   Thumb Code    20  nrf_drv_gpiote.o(i.pin_in_use_by_port)
    i.pin_in_use_by_te                       0x000013a8   Section        0  nrf_drv_gpiote.o(i.pin_in_use_by_te)
    pin_in_use_by_te                         0x000013a9   Thumb Code    20  nrf_drv_gpiote.o(i.pin_in_use_by_te)
    i.pwm_channel_ppi_disable                0x000013c0   Section        0  app_pwm.o(i.pwm_channel_ppi_disable)
    pwm_channel_ppi_disable                  0x000013c1   Thumb Code    28  app_pwm.o(i.pwm_channel_ppi_disable)
    i.pwm_dealloc                            0x000013dc   Section        0  app_pwm.o(i.pwm_dealloc)
    pwm_dealloc                              0x000013dd   Thumb Code   132  app_pwm.o(i.pwm_dealloc)
    i.pwm_ppi_disable                        0x00001460   Section        0  app_pwm.o(i.pwm_ppi_disable)
    pwm_ppi_disable                          0x00001461   Thumb Code    22  app_pwm.o(i.pwm_ppi_disable)
    i.pwm_ready_callback                     0x00001478   Section        0  main.o(i.pwm_ready_callback)
    i.pwm_ready_tick                         0x00001484   Section        0  app_pwm.o(i.pwm_ready_tick)
    i.pwm_transition_0or100_to_0or100        0x000014c4   Section        0  app_pwm.o(i.pwm_transition_0or100_to_0or100)
    pwm_transition_0or100_to_0or100          0x000014c5   Thumb Code    96  app_pwm.o(i.pwm_transition_0or100_to_0or100)
    i.pwm_transition_0or100_to_n             0x00001524   Section        0  app_pwm.o(i.pwm_transition_0or100_to_n)
    pwm_transition_0or100_to_n               0x00001525   Thumb Code   132  app_pwm.o(i.pwm_transition_0or100_to_n)
    i.pwm_transition_n_to_0or100             0x000015ac   Section        0  app_pwm.o(i.pwm_transition_n_to_0or100)
    pwm_transition_n_to_0or100               0x000015ad   Thumb Code   120  app_pwm.o(i.pwm_transition_n_to_0or100)
    i.pwm_transition_n_to_m                  0x00001628   Section        0  app_pwm.o(i.pwm_transition_n_to_m)
    pwm_transition_n_to_m                    0x00001629   Thumb Code   166  app_pwm.o(i.pwm_transition_n_to_m)
    .constdata                               0x000016d0   Section        8  main.o(.constdata)
    .constdata                               0x000016d8   Section       28  main.o(.constdata)
    .constdata                               0x000016f4   Section       16  nrf_drv_timer.o(.constdata)
    m_default_config                         0x000016f4   Data          16  nrf_drv_timer.o(.constdata)
    .constdata                               0x00001704   Section       12  app_pwm.o(.constdata)
    .data                                    0x20000000   Section        1  main.o(.data)
    ready_flag                               0x20000000   Data           1  main.o(.data)
    .data                                    0x20000004   Section        8  nrf_drv_ppi.o(.data)
    m_drv_state                              0x20000004   Data           1  nrf_drv_ppi.o(.data)
    m_groups_allocated                       0x20000005   Data           1  nrf_drv_ppi.o(.data)
    m_channels_allocated                     0x20000008   Data           4  nrf_drv_ppi.o(.data)
    .data                                    0x2000000c   Section       20  nrf_drv_timer.o(.data)
    m_cb                                     0x2000000c   Data           2  nrf_drv_timer.o(.data)
    m_timer_event_handlers                   0x20000010   Data           8  nrf_drv_timer.o(.data)
    mp_contexts                              0x20000018   Data           8  nrf_drv_timer.o(.data)
    .data                                    0x20000020   Section       12  app_pwm.o(.data)
    m_instances                              0x20000024   Data           8  app_pwm.o(.data)
    .data                                    0x2000002c   Section        4  app_util_platform.o(.data)
    m_in_critical_region                     0x2000002c   Data           4  app_util_platform.o(.data)
    .data                                    0x20000030   Section        4  system_nrf52.o(.data)
    __tagsym$$used                           0x20000030   Number         0  system_nrf52.o(.data)
    .bss                                     0x20000034   Section       36  main.o(.bss)
    .bss                                     0x20000058   Section       76  nrf_drv_gpiote.o(.bss)
    m_cb                                     0x20000058   Data          76  nrf_drv_gpiote.o(.bss)
    STACK                                    0x200000a8   Section     8192  arm_startup_nrf52.o(STACK)

    Global Symbols

    Symbol Name                              Value     Ov Type        Size  Object(Section)

    BuildAttributes$$THM_ISAv4$E$P$D$K$B$S$7EM$VFPi3$EXTD16$VFPS$VFMA$PE$A:L22UL41UL21$X:L11$S22US41US21$IEEE1$IW$USESV6$~STKCKD$USESV7$~SHL$OSPACE$EBA8$MICROLIB$REQ8$PRES8$EABIv2 0x00000000   Number         0  anon$$obj.o ABSOLUTE
    __ARM_use_no_argv                        0x00000000   Number         0  main.o ABSOLUTE
    __Vectors                                0x00000000   Data           4  arm_startup_nrf52.o(RESET)
    __cpp_initialize__aeabi_                  - Undefined Weak Reference
    __cxa_finalize                            - Undefined Weak Reference
    __decompress                              - Undefined Weak Reference
    _clock_init                               - Undefined Weak Reference
    _microlib_exit                            - Undefined Weak Reference
    __Vectors_End                            0x00000400   Data           0  arm_startup_nrf52.o(RESET)
    __Vectors_Size                           0x00000400   Number         0  arm_startup_nrf52.o ABSOLUTE
    __main                                   0x00000401   Thumb Code     0  entry.o(.ARM.Collect$$$$00000000)
    _main_stk                                0x00000401   Thumb Code     0  entry2.o(.ARM.Collect$$$$00000001)
    _main_scatterload                        0x00000405   Thumb Code     0  entry5.o(.ARM.Collect$$$$00000004)
    __main_after_scatterload                 0x00000409   Thumb Code     0  entry5.o(.ARM.Collect$$$$00000004)
    _main_clock                              0x00000409   Thumb Code     0  entry7b.o(.ARM.Collect$$$$00000008)
    _main_cpp_init                           0x00000409   Thumb Code     0  entry8b.o(.ARM.Collect$$$$0000000A)
    _main_init                               0x00000409   Thumb Code     0  entry9a.o(.ARM.Collect$$$$0000000B)
    __rt_final_cpp                           0x00000411   Thumb Code     0  entry10a.o(.ARM.Collect$$$$0000000D)
    __rt_final_exit                          0x00000411   Thumb Code     0  entry11a.o(.ARM.Collect$$$$0000000F)
    __asm___11_nrf_delay_c_532987f3__nrf_delay_us 0x00000415   Thumb Code   118  nrf_delay.o(.emb_text)
    Reset_Handler                            0x0000048d   Thumb Code     8  arm_startup_nrf52.o(.text)
    NMI_Handler                              0x00000495   Thumb Code     2  arm_startup_nrf52.o(.text)
    HardFault_Handler                        0x00000497   Thumb Code     2  arm_startup_nrf52.o(.text)
    MemoryManagement_Handler                 0x00000499   Thumb Code     2  arm_startup_nrf52.o(.text)
    BusFault_Handler                         0x0000049b   Thumb Code     2  arm_startup_nrf52.o(.text)
    UsageFault_Handler                       0x0000049d   Thumb Code     2  arm_startup_nrf52.o(.text)
    SVC_Handler                              0x0000049f   Thumb Code     2  arm_startup_nrf52.o(.text)
    PendSV_Handler                           0x000004a1   Thumb Code     2  arm_startup_nrf52.o(.text)
    SysTick_Handler                          0x000004a3   Thumb Code     2  arm_startup_nrf52.o(.text)
    CCM_AAR_IRQHandler                       0x000004a5   Thumb Code     0  arm_startup_nrf52.o(.text)
    COMP_LPCOMP_IRQHandler                   0x000004a5   Thumb Code     0  arm_startup_nrf52.o(.text)
    ECB_IRQHandler                           0x000004a5   Thumb Code     0  arm_startup_nrf52.o(.text)
    I2S_IRQHandler                           0x000004a5   Thumb Code     0  arm_startup_nrf52.o(.text)
    MWU_IRQHandler                           0x000004a5   Thumb Code     0  arm_startup_nrf52.o(.text)
    NFCT_IRQHandler                          0x000004a5   Thumb Code     0  arm_startup_nrf52.o(.text)
    PDM_IRQHandler                           0x000004a5   Thumb Code     0  arm_startup_nrf52.o(.text)
    POWER_CLOCK_IRQHandler                   0x000004a5   Thumb Code     0  arm_startup_nrf52.o(.text)
    PWM0_IRQHandler                          0x000004a5   Thumb Code     0  arm_startup_nrf52.o(.text)
    PWM1_IRQHandler                          0x000004a5   Thumb Code     0  arm_startup_nrf52.o(.text)
    PWM2_IRQHandler                          0x000004a5   Thumb Code     0  arm_startup_nrf52.o(.text)
    QDEC_IRQHandler                          0x000004a5   Thumb Code     0  arm_startup_nrf52.o(.text)
    RADIO_IRQHandler                         0x000004a5   Thumb Code     0  arm_startup_nrf52.o(.text)
    RNG_IRQHandler                           0x000004a5   Thumb Code     0  arm_startup_nrf52.o(.text)
    RTC0_IRQHandler                          0x000004a5   Thumb Code     0  arm_startup_nrf52.o(.text)
    RTC1_IRQHandler                          0x000004a5   Thumb Code     0  arm_startup_nrf52.o(.text)
    RTC2_IRQHandler                          0x000004a5   Thumb Code     0  arm_startup_nrf52.o(.text)
    SAADC_IRQHandler                         0x000004a5   Thumb Code     0  arm_startup_nrf52.o(.text)
    SPIM0_SPIS0_TWIM0_TWIS0_SPI0_TWI0_IRQHandler 0x000004a5   Thumb Code     0  arm_startup_nrf52.o(.text)
    SPIM1_SPIS1_TWIM1_TWIS1_SPI1_TWI1_IRQHandler 0x000004a5   Thumb Code     0  arm_startup_nrf52.o(.text)
    SPIM2_SPIS2_SPI2_IRQHandler              0x000004a5   Thumb Code     0  arm_startup_nrf52.o(.text)
    SWI0_EGU0_IRQHandler                     0x000004a5   Thumb Code     0  arm_startup_nrf52.o(.text)
    SWI1_EGU1_IRQHandler                     0x000004a5   Thumb Code     0  arm_startup_nrf52.o(.text)
    SWI2_EGU2_IRQHandler                     0x000004a5   Thumb Code     0  arm_startup_nrf52.o(.text)
    SWI3_EGU3_IRQHandler                     0x000004a5   Thumb Code     0  arm_startup_nrf52.o(.text)
    SWI4_EGU4_IRQHandler                     0x000004a5   Thumb Code     0  arm_startup_nrf52.o(.text)
    SWI5_EGU5_IRQHandler                     0x000004a5   Thumb Code     0  arm_startup_nrf52.o(.text)
    TEMP_IRQHandler                          0x000004a5   Thumb Code     0  arm_startup_nrf52.o(.text)
    TIMER2_IRQHandler                        0x000004a5   Thumb Code     0  arm_startup_nrf52.o(.text)
    TIMER3_IRQHandler                        0x000004a5   Thumb Code     0  arm_startup_nrf52.o(.text)
    TIMER4_IRQHandler                        0x000004a5   Thumb Code     0  arm_startup_nrf52.o(.text)
    UARTE0_UART0_IRQHandler                  0x000004a5   Thumb Code     0  arm_startup_nrf52.o(.text)
    WDT_IRQHandler                           0x000004a5   Thumb Code     0  arm_startup_nrf52.o(.text)
    __aeabi_memcpy                           0x000004b1   Thumb Code    36  memcpya.o(.text)
    __aeabi_memcpy4                          0x000004b1   Thumb Code     0  memcpya.o(.text)
    __aeabi_memcpy8                          0x000004b1   Thumb Code     0  memcpya.o(.text)
    __scatterload                            0x000004d5   Thumb Code    28  init.o(.text)
    __scatterload_rt2                        0x000004d5   Thumb Code     0  init.o(.text)
    GPIOTE_IRQHandler                        0x000004f9   Thumb Code   248  nrf_drv_gpiote.o(i.GPIOTE_IRQHandler)
    SystemInit                               0x000005fd   Thumb Code   254  system_nrf52.o(i.SystemInit)
    TIMER0_IRQHandler                        0x0000071d   Thumb Code     8  nrf_drv_timer.o(i.TIMER0_IRQHandler)
    TIMER1_IRQHandler                        0x00000729   Thumb Code     8  nrf_drv_timer.o(i.TIMER1_IRQHandler)
    __scatterload_copy                       0x00000735   Thumb Code    14  handlers.o(i.__scatterload_copy)
    __scatterload_null                       0x00000743   Thumb Code     2  handlers.o(i.__scatterload_null)
    __scatterload_zeroinit                   0x00000745   Thumb Code    14  handlers.o(i.__scatterload_zeroinit)
    app_error_handler                        0x00000755   Thumb Code    24  app_error.o(i.app_error_handler)
    app_pwm_channel_duty_set                 0x00000775   Thumb Code    38  app_pwm.o(i.app_pwm_channel_duty_set)
    app_pwm_channel_pulsewidth_ticks_set     0x0000086d   Thumb Code   130  app_pwm.o(i.app_pwm_channel_pulsewidth_ticks_set)
    app_pwm_enable                           0x000008f5   Thumb Code    18  app_pwm.o(i.app_pwm_enable)
    app_pwm_init                             0x00000909   Thumb Code   344  app_pwm.o(i.app_pwm_init)
    critical_region_enter                    0x00000af5   Thumb Code    12  app_util_platform.o(i.critical_region_enter)
    critical_region_exit                     0x00000b05   Thumb Code    14  app_util_platform.o(i.critical_region_exit)
    main                                     0x00000b6d   Thumb Code   138  main.o(i.main)
    nrf_delay_ms                             0x00000c05   Thumb Code    26  nrf_delay.o(i.nrf_delay_ms)
    nrf_drv_common_irq_enable                0x00000c1f   Thumb Code    56  nrf_drv_common.o(i.nrf_drv_common_irq_enable)
    nrf_drv_gpiote_init                      0x00000c59   Thumb Code    72  nrf_drv_gpiote.o(i.nrf_drv_gpiote_init)
    nrf_drv_gpiote_is_init                   0x00000ca9   Thumb Code    12  nrf_drv_gpiote.o(i.nrf_drv_gpiote_is_init)
    nrf_drv_gpiote_out_init                  0x00000cb9   Thumb Code   166  nrf_drv_gpiote.o(i.nrf_drv_gpiote_out_init)
    nrf_drv_gpiote_out_task_addr_get         0x00000d71   Thumb Code    16  nrf_drv_gpiote.o(i.nrf_drv_gpiote_out_task_addr_get)
    nrf_drv_gpiote_out_task_enable           0x00000d85   Thumb Code    44  nrf_drv_gpiote.o(i.nrf_drv_gpiote_out_task_enable)
    nrf_drv_gpiote_out_task_force            0x00000db9   Thumb Code    50  nrf_drv_gpiote.o(i.nrf_drv_gpiote_out_task_force)
    nrf_drv_gpiote_out_task_trigger          0x00000df5   Thumb Code    20  nrf_drv_gpiote.o(i.nrf_drv_gpiote_out_task_trigger)
    nrf_drv_gpiote_out_uninit                0x00000e0d   Thumb Code    38  nrf_drv_gpiote.o(i.nrf_drv_gpiote_out_uninit)
    nrf_drv_ppi_channel_alloc                0x00000e39   Thumb Code    86  nrf_drv_ppi.o(i.nrf_drv_ppi_channel_alloc)
    nrf_drv_ppi_channel_assign               0x00000e95   Thumb Code    56  nrf_drv_ppi.o(i.nrf_drv_ppi_channel_assign)
    nrf_drv_ppi_channel_disable              0x00000ed1   Thumb Code    46  nrf_drv_ppi.o(i.nrf_drv_ppi_channel_disable)
    nrf_drv_ppi_channel_enable               0x00000f05   Thumb Code    46  nrf_drv_ppi.o(i.nrf_drv_ppi_channel_enable)
    nrf_drv_ppi_channel_free                 0x00000f39   Thumb Code    44  nrf_drv_ppi.o(i.nrf_drv_ppi_channel_free)
    nrf_drv_ppi_channels_include_in_group    0x00000f79   Thumb Code    66  nrf_drv_ppi.o(i.nrf_drv_ppi_channels_include_in_group)
    nrf_drv_ppi_channels_remove_from_group   0x00000fc1   Thumb Code    66  nrf_drv_ppi.o(i.nrf_drv_ppi_channels_remove_from_group)
    nrf_drv_ppi_group_alloc                  0x00001009   Thumb Code    82  nrf_drv_ppi.o(i.nrf_drv_ppi_group_alloc)
    nrf_drv_ppi_group_disable                0x00001061   Thumb Code    28  nrf_drv_ppi.o(i.nrf_drv_ppi_group_disable)
    nrf_drv_ppi_group_enable                 0x00001081   Thumb Code    38  nrf_drv_ppi.o(i.nrf_drv_ppi_group_enable)
    nrf_drv_ppi_group_free                   0x000010ad   Thumb Code    60  nrf_drv_ppi.o(i.nrf_drv_ppi_group_free)
    nrf_drv_ppi_init                         0x000010f1   Thumb Code    18  nrf_drv_ppi.o(i.nrf_drv_ppi_init)
    nrf_drv_timer_capture_get                0x00001109   Thumb Code    14  nrf_drv_timer.o(i.nrf_drv_timer_capture_get)
    nrf_drv_timer_clear                      0x00001117   Thumb Code     8  nrf_drv_timer.o(i.nrf_drv_timer_clear)
    nrf_drv_timer_compare                    0x0000111f   Thumb Code    34  nrf_drv_timer.o(i.nrf_drv_timer_compare)
    nrf_drv_timer_compare_event_address_get  0x00001141   Thumb Code    16  nrf_drv_timer.o(i.nrf_drv_timer_compare_event_address_get)
    nrf_drv_timer_compare_int_disable        0x00001151   Thumb Code    14  nrf_drv_timer.o(i.nrf_drv_timer_compare_int_disable)
    nrf_drv_timer_compare_int_enable         0x0000115f   Thumb Code    32  nrf_drv_timer.o(i.nrf_drv_timer_compare_int_enable)
    nrf_drv_timer_disable                    0x00001181   Thumb Code    14  nrf_drv_timer.o(i.nrf_drv_timer_disable)
    nrf_drv_timer_enable                     0x00001195   Thumb Code    16  nrf_drv_timer.o(i.nrf_drv_timer_enable)
    nrf_drv_timer_extended_compare           0x000011a9   Thumb Code    42  nrf_drv_timer.o(i.nrf_drv_timer_extended_compare)
    nrf_drv_timer_init                       0x000011d5   Thumb Code   128  nrf_drv_timer.o(i.nrf_drv_timer_init)
    nrf_drv_timer_uninit                     0x000012a5   Thumb Code    94  nrf_drv_timer.o(i.nrf_drv_timer_uninit)
    nrf_drv_timer_us_to_ticks                0x00001309   Thumb Code    18  nrf_drv_timer.o(i.nrf_drv_timer_us_to_ticks)
    pwm_ready_callback                       0x00001479   Thumb Code     8  main.o(i.pwm_ready_callback)
    pwm_ready_tick                           0x00001485   Thumb Code    58  app_pwm.o(i.pwm_ready_tick)
    m_pwm_PWM1_timer                         0x000016d0   Data           8  main.o(.constdata)
    PWM1                                     0x000016d8   Data           8  main.o(.constdata)
    Region$$Table$$Base                      0x00001710   Number         0  anon$$obj.o(Region$$Table)
    Region$$Table$$Limit                     0x00001730   Number         0  anon$$obj.o(Region$$Table)
    m_pwm_ready_counter                      0x20000020   Data           2  app_pwm.o(.data)
    SystemCoreClock                          0x20000030   Data           4  system_nrf52.o(.data)
    m_pwm_PWM1_cb                            0x20000034   Data          36  main.o(.bss)
    __initial_sp                             0x200020a8   Data           0  arm_startup_nrf52.o(STACK)



==============================================================================

Memory Map of the image

  Image Entry point : 0x00000401

  Load Region LR_IROM1 (Base: 0x00000000, Size: 0x00001764, Max: 0x00080000, ABSOLUTE)

    Execution Region ER_IROM1 (Base: 0x00000000, Size: 0x00001730, Max: 0x00080000, ABSOLUTE)

    Base Addr    Size         Type   Attr      Idx    E Section Name        Object

    0x00000000   0x00000400   Data   RO         1011    RESET               arm_startup_nrf52.o
    0x00000400   0x00000000   Code   RO         1052  * .ARM.Collect$$$$00000000  mc_w.l(entry.o)
    0x00000400   0x00000004   Code   RO         1059    .ARM.Collect$$$$00000001  mc_w.l(entry2.o)
    0x00000404   0x00000004   Code   RO         1062    .ARM.Collect$$$$00000004  mc_w.l(entry5.o)
    0x00000408   0x00000000   Code   RO         1064    .ARM.Collect$$$$00000008  mc_w.l(entry7b.o)
    0x00000408   0x00000000   Code   RO         1066    .ARM.Collect$$$$0000000A  mc_w.l(entry8b.o)
    0x00000408   0x00000008   Code   RO         1067    .ARM.Collect$$$$0000000B  mc_w.l(entry9a.o)
    0x00000410   0x00000000   Code   RO         1069    .ARM.Collect$$$$0000000D  mc_w.l(entry10a.o)
    0x00000410   0x00000000   Code   RO         1071    .ARM.Collect$$$$0000000F  mc_w.l(entry11a.o)
    0x00000410   0x00000004   Code   RO         1060    .ARM.Collect$$$$00002712  mc_w.l(entry2.o)
    0x00000414   0x00000076   Code   RO          130    .emb_text           nrf_delay.o
    0x0000048a   0x00000002   PAD
    0x0000048c   0x00000024   Code   RO         1012    .text               arm_startup_nrf52.o
    0x000004b0   0x00000024   Code   RO         1055    .text               mc_w.l(memcpya.o)
    0x000004d4   0x00000024   Code   RO         1073    .text               mc_w.l(init.o)
    0x000004f8   0x00000104   Code   RO          199    i.GPIOTE_IRQHandler  nrf_drv_gpiote.o
    0x000005fc   0x00000120   Code   RO         1020    i.SystemInit        system_nrf52.o
    0x0000071c   0x0000000c   Code   RO          544    i.TIMER0_IRQHandler  nrf_drv_timer.o
    0x00000728   0x0000000c   Code   RO          545    i.TIMER1_IRQHandler  nrf_drv_timer.o
    0x00000734   0x0000000e   Code   RO         1077    i.__scatterload_copy  mc_w.l(handlers.o)
    0x00000742   0x00000002   Code   RO         1078    i.__scatterload_null  mc_w.l(handlers.o)
    0x00000744   0x0000000e   Code   RO         1079    i.__scatterload_zeroinit  mc_w.l(handlers.o)
    0x00000752   0x00000002   PAD
    0x00000754   0x00000020   Code   RO          807    i.app_error_handler  app_error.o
    0x00000774   0x00000026   Code   RO          836    i.app_pwm_channel_duty_set  app_pwm.o
    0x0000079a   0x00000002   PAD
    0x0000079c   0x000000d0   Code   RO          837    i.app_pwm_channel_init  app_pwm.o
    0x0000086c   0x00000088   Code   RO          838    i.app_pwm_channel_pulsewidth_ticks_set  app_pwm.o
    0x000008f4   0x00000012   Code   RO          840    i.app_pwm_enable    app_pwm.o
    0x00000906   0x00000002   PAD
    0x00000908   0x00000164   Code   RO          841    i.app_pwm_init      app_pwm.o
    0x00000a6c   0x0000000e   Code   RO          401    i.are_app_channels  nrf_drv_ppi.o
    0x00000a7a   0x00000002   PAD
    0x00000a7c   0x0000001c   Code   RO          200    i.channel_free      nrf_drv_gpiote.o
    0x00000a98   0x0000004c   Code   RO          201    i.channel_port_alloc  nrf_drv_gpiote.o
    0x00000ae4   0x00000010   Code   RO          202    i.channel_port_get  nrf_drv_gpiote.o
    0x00000af4   0x00000010   Code   RO          974    i.critical_region_enter  app_util_platform.o
    0x00000b04   0x00000014   Code   RO          975    i.critical_region_exit  app_util_platform.o
    0x00000b18   0x00000018   Code   RO          402    i.is_allocated_channel  nrf_drv_ppi.o
    0x00000b30   0x00000018   Code   RO          403    i.is_allocated_group  nrf_drv_ppi.o
    0x00000b48   0x0000000a   Code   RO          404    i.is_app_channel    nrf_drv_ppi.o
    0x00000b52   0x0000000c   Code   RO          405    i.is_app_group      nrf_drv_ppi.o
    0x00000b5e   0x0000000e   Code   RO          406    i.is_programmable_app_channel  nrf_drv_ppi.o
    0x00000b6c   0x00000098   Code   RO            5    i.main              main.o
    0x00000c04   0x0000001a   Code   RO          131    i.nrf_delay_ms      nrf_delay.o
    0x00000c1e   0x00000038   Code   RO          165    i.nrf_drv_common_irq_enable  nrf_drv_common.o
    0x00000c56   0x00000002   PAD
    0x00000c58   0x00000050   Code   RO          209    i.nrf_drv_gpiote_init  nrf_drv_gpiote.o
    0x00000ca8   0x00000010   Code   RO          210    i.nrf_drv_gpiote_is_init  nrf_drv_gpiote.o
    0x00000cb8   0x000000b8   Code   RO          212    i.nrf_drv_gpiote_out_init  nrf_drv_gpiote.o
    0x00000d70   0x00000014   Code   RO          214    i.nrf_drv_gpiote_out_task_addr_get  nrf_drv_gpiote.o
    0x00000d84   0x00000034   Code   RO          216    i.nrf_drv_gpiote_out_task_enable  nrf_drv_gpiote.o
    0x00000db8   0x0000003c   Code   RO          217    i.nrf_drv_gpiote_out_task_force  nrf_drv_gpiote.o
    0x00000df4   0x00000018   Code   RO          218    i.nrf_drv_gpiote_out_task_trigger  nrf_drv_gpiote.o
    0x00000e0c   0x0000002c   Code   RO          220    i.nrf_drv_gpiote_out_uninit  nrf_drv_gpiote.o
    0x00000e38   0x0000005c   Code   RO          407    i.nrf_drv_ppi_channel_alloc  nrf_drv_ppi.o
    0x00000e94   0x0000003c   Code   RO          408    i.nrf_drv_ppi_channel_assign  nrf_drv_ppi.o
    0x00000ed0   0x00000034   Code   RO          409    i.nrf_drv_ppi_channel_disable  nrf_drv_ppi.o
    0x00000f04   0x00000034   Code   RO          410    i.nrf_drv_ppi_channel_enable  nrf_drv_ppi.o
    0x00000f38   0x00000034   Code   RO          411    i.nrf_drv_ppi_channel_free  nrf_drv_ppi.o
    0x00000f6c   0x0000000a   Code   RO          843    i.nrf_drv_ppi_channel_include_in_group  app_pwm.o
    0x00000f76   0x00000002   PAD
    0x00000f78   0x00000048   Code   RO          412    i.nrf_drv_ppi_channels_include_in_group  nrf_drv_ppi.o
    0x00000fc0   0x00000048   Code   RO          413    i.nrf_drv_ppi_channels_remove_from_group  nrf_drv_ppi.o
    0x00001008   0x00000058   Code   RO          414    i.nrf_drv_ppi_group_alloc  nrf_drv_ppi.o
    0x00001060   0x00000020   Code   RO          415    i.nrf_drv_ppi_group_disable  nrf_drv_ppi.o
    0x00001080   0x0000002c   Code   RO          416    i.nrf_drv_ppi_group_enable  nrf_drv_ppi.o
    0x000010ac   0x00000044   Code   RO          417    i.nrf_drv_ppi_group_free  nrf_drv_ppi.o
    0x000010f0   0x00000018   Code   RO          418    i.nrf_drv_ppi_init  nrf_drv_ppi.o
    0x00001108   0x0000000e   Code   RO          547    i.nrf_drv_timer_capture_get  nrf_drv_timer.o
    0x00001116   0x00000008   Code   RO          549    i.nrf_drv_timer_clear  nrf_drv_timer.o
    0x0000111e   0x00000022   Code   RO          550    i.nrf_drv_timer_compare  nrf_drv_timer.o
    0x00001140   0x00000010   Code   RO          551    i.nrf_drv_timer_compare_event_address_get  nrf_drv_timer.o
    0x00001150   0x0000000e   Code   RO          552    i.nrf_drv_timer_compare_int_disable  nrf_drv_timer.o
    0x0000115e   0x00000020   Code   RO          553    i.nrf_drv_timer_compare_int_enable  nrf_drv_timer.o
    0x0000117e   0x00000002   PAD
    0x00001180   0x00000014   Code   RO          554    i.nrf_drv_timer_disable  nrf_drv_timer.o
    0x00001194   0x00000014   Code   RO          555    i.nrf_drv_timer_enable  nrf_drv_timer.o
    0x000011a8   0x0000002a   Code   RO          557    i.nrf_drv_timer_extended_compare  nrf_drv_timer.o
    0x000011d2   0x00000002   PAD
    0x000011d4   0x00000088   Code   RO          559    i.nrf_drv_timer_init  nrf_drv_timer.o
    0x0000125c   0x00000048   Code   RO          560    i.nrf_drv_timer_interrupt_handle  nrf_drv_timer.o
    0x000012a4   0x00000064   Code   RO          565    i.nrf_drv_timer_uninit  nrf_drv_timer.o
    0x00001308   0x00000012   Code   RO          566    i.nrf_drv_timer_us_to_ticks  nrf_drv_timer.o
    0x0000131a   0x00000022   Code   RO          222    i.nrf_gpio_cfg      nrf_drv_gpiote.o
    0x0000133c   0x00000012   Code   RO          223    i.nrf_gpio_cfg_default  nrf_drv_gpiote.o
    0x0000134e   0x0000001c   Code   RO          224    i.nrf_gpio_cfg_sense_set  nrf_drv_gpiote.o
    0x0000136a   0x00000002   PAD
    0x0000136c   0x00000014   Code   RO          225    i.nrf_gpiote_event_clear  nrf_drv_gpiote.o
    0x00001380   0x00000010   Code   RO          226    i.nrf_gpiote_event_is_set  nrf_drv_gpiote.o
    0x00001390   0x00000018   Code   RO          227    i.pin_in_use_by_port  nrf_drv_gpiote.o
    0x000013a8   0x00000018   Code   RO          228    i.pin_in_use_by_te  nrf_drv_gpiote.o
    0x000013c0   0x0000001c   Code   RO          844    i.pwm_channel_ppi_disable  app_pwm.o
    0x000013dc   0x00000084   Code   RO          845    i.pwm_dealloc       app_pwm.o
    0x00001460   0x00000016   Code   RO          846    i.pwm_ppi_disable   app_pwm.o
    0x00001476   0x00000002   PAD
    0x00001478   0x0000000c   Code   RO            6    i.pwm_ready_callback  main.o
    0x00001484   0x00000040   Code   RO          847    i.pwm_ready_tick    app_pwm.o
    0x000014c4   0x00000060   Code   RO          848    i.pwm_transition_0or100_to_0or100  app_pwm.o
    0x00001524   0x00000088   Code   RO          849    i.pwm_transition_0or100_to_n  app_pwm.o
    0x000015ac   0x0000007c   Code   RO          850    i.pwm_transition_n_to_0or100  app_pwm.o
    0x00001628   0x000000a6   Code   RO          851    i.pwm_transition_n_to_m  app_pwm.o
    0x000016ce   0x00000002   PAD
    0x000016d0   0x00000008   Data   RO            8    .constdata          main.o
    0x000016d8   0x0000001c   Data   RO            9    .constdata          main.o
    0x000016f4   0x00000010   Data   RO          567    .constdata          nrf_drv_timer.o
    0x00001704   0x0000000c   Data   RO          852    .constdata          app_pwm.o
    0x00001710   0x00000020   Data   RO         1075    Region$$Table       anon$$obj.o


    Execution Region RW_IRAM1 (Base: 0x20000000, Size: 0x000020a8, Max: 0x00008000, ABSOLUTE)

    Base Addr    Size         Type   Attr      Idx    E Section Name        Object

    0x20000000   0x00000001   Data   RW           10    .data               main.o
    0x20000001   0x00000003   PAD
    0x20000004   0x00000008   Data   RW          420    .data               nrf_drv_ppi.o
    0x2000000c   0x00000014   Data   RW          568    .data               nrf_drv_timer.o
    0x20000020   0x0000000c   Data   RW          853    .data               app_pwm.o
    0x2000002c   0x00000004   Data   RW          976    .data               app_util_platform.o
    0x20000030   0x00000004   Data   RW         1021    .data               system_nrf52.o
    0x20000034   0x00000024   Zero   RW            7    .bss                main.o
    0x20000058   0x0000004c   Zero   RW          229    .bss                nrf_drv_gpiote.o
    0x200000a4   0x00000004   PAD
    0x200000a8   0x00002000   Zero   RW         1009    STACK               arm_startup_nrf52.o


==============================================================================

Image component sizes


      Code (inc. data)   RO Data    RW Data    ZI Data      Debug   Object Name

        32          8          0          0          0      27659   app_error.o
      1534         38         12         12          0      27851   app_pwm.o
        36         10          0          4          0       1499   app_util_platform.o
        36         10       1024          0       8192        872   arm_startup_nrf52.o
       164         18         36          1         36      46886   main.o
       144          0          0          0          0       1795   nrf_delay.o
        56          0          0          0          0      28399   nrf_drv_common.o
      1024        106          0          0         76      24699   nrf_drv_gpiote.o
       806         80          0          8          0      20685   nrf_drv_ppi.o
       550         36         16         20          0      47032   nrf_drv_timer.o
       288         34          0          4          0       2079   system_nrf52.o

    ----------------------------------------------------------------------
      4692        340       1120         52       8308     229456   Object Totals
         0          0         32          0          0          0   (incl. Generated)
        22          0          0          3          4          0   (incl. Padding)

    ----------------------------------------------------------------------

      Code (inc. data)   RO Data    RW Data    ZI Data      Debug   Library Member Name

         0          0          0          0          0          0   entry.o
         0          0          0          0          0          0   entry10a.o
         0          0          0          0          0          0   entry11a.o
         8          4          0          0          0          0   entry2.o
         4          0          0          0          0          0   entry5.o
         0          0          0          0          0          0   entry7b.o
         0          0          0          0          0          0   entry8b.o
         8          4          0          0          0          0   entry9a.o
        30          0          0          0          0          0   handlers.o
        36          8          0          0          0         68   init.o
        36          0          0          0          0         68   memcpya.o

    ----------------------------------------------------------------------
       124         16          0          0          0        136   Library Totals
         2          0          0          0          0          0   (incl. Padding)

    ----------------------------------------------------------------------

      Code (inc. data)   RO Data    RW Data    ZI Data      Debug   Library Name

       122         16          0          0          0        136   mc_w.l

    ----------------------------------------------------------------------
       124         16          0          0          0        136   Library Totals

    ----------------------------------------------------------------------

==============================================================================


      Code (inc. data)   RO Data    RW Data    ZI Data      Debug   

      4816        356       1120         52       8308     222896   Grand Totals
      4816        356       1120         52       8308     222896   ELF Image Totals
      4816        356       1120         52          0          0   ROM Totals

==============================================================================

    Total RO  Size (Code + RO Data)                 5936 (   5.80kB)
    Total RW  Size (RW Data + ZI Data)              8360 (   8.16kB)
    Total ROM Size (Code + RO Data + RW Data)       5988 (   5.85kB)

==============================================================================

