<html>
<body>
<pre>
<h1>µVision Build Log</h1>
<h2>Tool Versions:</h2>
IDE-Version: µVision V5.17.0.0
Copyright (C) 2015 ARM Ltd and ARM Germany GmbH. All rights reserved.
License Information: Stephen Xia, student, LIC=----
 
Tool Versions:
Toolchain:       MDK-Lite  Version: 5.17
Toolchain Path:  C:\Keil_v5\ARM\ARMCC\Bin
C Compiler:      Armcc.exe V5.06 update 1 (build 61)
Assembler:       Armasm.exe V5.06 update 1 (build 61)
Linker/Locator:  ArmLink.exe V5.06 update 1 (build 61)
Library Manager: ArmAr.exe V5.06 update 1 (build 61)
Hex Converter:   FromElf.exe V5.06 update 1 (build 61)
CPU DLL:         
Dialog DLL:      
Target DLL:      Segger\JL2CM3.dll V2.99.16.0
Dialog DLL:      TCM.DLL V1.14.6.0
 
<h2>Project:</h2>
C:\Users\stephen\Desktop\spring_2016\senior_design\ble\sdk\examples\ble_peripheral\nRF52-Test\pca10040\s132\arm5_no_packs\ble_app_lbs_s132_pca10040.uvprojx
Project File Date:  02/06/2016

<h2>Output:</h2>
*** Using Compiler 'V5.06 update 1 (build 61)', folder: 'C:\Keil_v5\ARM\ARMCC\Bin'
Rebuild target 'nrf52832_xxaa_s132'
compiling bsp.c...
compiling ble_advdata.c...
compiling main.c...
..\..\..\ble_lbs.h(70): warning:  #64-D: declaration does not declare anything
  }; ble_lbs_t; // #CHANGE
..\..\..\main.c(219): warning:  #177-D: variable "err_code" was declared but never referenced
  	  uint32_t err_code;
..\..\..\main.c(104): warning:  #177-D: variable "m_app_id" was declared but never referenced
  static app_timer_id_t                   m_app_id; /**< app timer ID. */    // #CHANGE
..\..\..\main.c: 3 warnings, 0 errors
compiling bsp_btn_ble.c...
compiling ble_srv_common.c...
compiling ble_conn_params.c...
compiling app_uart.c...
compiling ble_advertising.c...
compiling ble_debug_assert_handler.c...
compiling nrf_delay.c...
compiling nrf_drv_common.c...
compiling nrf_drv_uart.c...
compiling nrf_drv_gpiote.c...
compiling app_button.c...
compiling pstorage.c...
compiling app_scheduler.c...
compiling app_timer.c...
compiling app_timer_appsh.c...
compiling app_error.c...
compiling app_trace.c...
compiling nrf_assert.c...
compiling retarget.c...
compiling softdevice_handler.c...
assembling arm_startup_nrf52.s...
compiling ble_lbs.c...
..\..\..\ble_lbs.h(70): warning:  #64-D: declaration does not declare anything
  }; ble_lbs_t; // #CHANGE
..\..\..\ble_lbs.c: 1 warning, 0 errors
compiling app_gpiote.c...
compiling system_nrf52.c...
linking...
Program Size: Code=17424 RO-data=1284 RW-data=320 ZI-data=10312  
FromELF: creating hex file...
".\_build\nrf52832_xxaa_s132.axf" - 0 Error(s), 4 Warning(s).

<h2>Software Packages used:</h2>

Package Vendor: ARM
                http://www.keil.com/pack/ARM.CMSIS.4.2.0.pack
                ARM::CMSIS:CORE:3.40.0
                CMSIS (Cortex Microcontroller Software Interface Standard)
   * Component: CORE Version: 3.40.0

Package Vendor: NordicSemiconductor
                http://developer.nordicsemi.com/nRF51_SDK/pieces/nRF_DeviceFamilyPack/NordicSemiconductor.nRF_DeviceFamilyPack.8.0.3.pack
                NordicSemiconductor::Device:Startup:8.0.3
                Nordic Semiconductor nRF ARM devices Device Family Pack.
   * Component: Startup Version: 8.0.3

<h2>Collection of Component include folders:</h2>
  C:\Users\stephen\Desktop\spring_2016\senior_design\ble\sdk\examples\ble_peripheral\nRF52-Test\pca10040\s132\arm5_no_packs\RTE
  C:\Keil_v5\ARM\PACK\ARM\CMSIS\4.2.0\CMSIS\Include
  C:\Keil_v5\ARM\PACK\NordicSemiconductor\nRF_DeviceFamilyPack\8.0.3\Device\Include
  C:\Keil_v5\ARM\PACK\NordicSemiconductor\nRF_DeviceFamilyPack\8.3.2\Device\Include

<h2>Collection of Component Files used:</h2>

   * Component: ARM::CMSIS:CORE:3.40.0
      Source file:   CMSIS\UserCodeTemplates\ARM\ITM_Retarget.c

   * Component: NordicSemiconductor::Device:Startup:8.0.3
      Source file:   Device\Source\arm\arm_startup_nrf52.s
      Source file:   Device\Source\system_nrf52.c
      Include file:  Device\Include\system_nrf52.h
Build Time Elapsed:  00:00:08
</pre>
</body>
</html>
