Component: ARM Compiler 5.06 update 1 (build 61) Tool: armlink [4d35a8]

==============================================================================

Section Cross References

    main.o(i.advertising_init) refers to memseta.o(.text) for __aeabi_memclr4
    main.o(i.advertising_init) refers to ble_advertising.o(i.ble_advertising_init) for ble_advertising_init
    main.o(i.advertising_init) refers to main.o(i.app_error_handler) for app_error_handler
    main.o(i.advertising_init) refers to main.o(.constdata) for .constdata
    main.o(i.advertising_init) refers to main.o(.bss) for m_lbs
    main.o(i.advertising_init) refers to main.o(i.on_adv_evt) for on_adv_evt
    main.o(i.advertising_start) refers to memseta.o(.text) for __aeabi_memclr4
    main.o(i.advertising_start) refers to main.o(i.app_error_handler) for app_error_handler
    main.o(i.assert_nrf_callback) refers to main.o(i.app_error_handler) for app_error_handler
    main.o(i.ble_evt_dispatch) refers to main.o(i.on_ble_evt) for on_ble_evt
    main.o(i.ble_evt_dispatch) refers to ble_conn_params.o(i.ble_conn_params_on_ble_evt) for ble_conn_params_on_ble_evt
    main.o(i.ble_evt_dispatch) refers to ble_lbs.o(i.ble_lbs_on_ble_evt) for ble_lbs_on_ble_evt
    main.o(i.ble_evt_dispatch) refers to main.o(.bss) for m_lbs
    main.o(i.ble_stack_init) refers to softdevice_handler.o(i.softdevice_handler_init) for softdevice_handler_init
    main.o(i.ble_stack_init) refers to main.o(i.app_error_handler) for app_error_handler
    main.o(i.ble_stack_init) refers to softdevice_handler.o(i.softdevice_ble_evt_handler_set) for softdevice_ble_evt_handler_set
    main.o(i.ble_stack_init) refers to softdevice_handler.o(i.softdevice_sys_evt_handler_set) for softdevice_sys_evt_handler_set
    main.o(i.ble_stack_init) refers to main.o(.bss) for BLE_EVT_BUFFER
    main.o(i.ble_stack_init) refers to main.o(i.ble_evt_dispatch) for ble_evt_dispatch
    main.o(i.ble_stack_init) refers to main.o(i.sys_evt_dispatch) for sys_evt_dispatch
    main.o(i.button_event_handler) refers to main.o(i.data_send) for data_send
    main.o(i.button_event_handler) refers to main.o(i.app_error_handler) for app_error_handler
    main.o(i.button_event_handler) refers to main.o(.data) for m_is_sending_data
    main.o(i.buttons_init) refers to app_button.o(i.app_button_init) for app_button_init
    main.o(i.buttons_init) refers to app_button.o(i.app_button_enable) for app_button_enable
    main.o(i.buttons_init) refers to main.o(i.app_error_handler) for app_error_handler
    main.o(i.buttons_init) refers to main.o(.data) for buttons
    main.o(i.conn_params_error_handler) refers to main.o(i.app_error_handler) for app_error_handler
    main.o(i.conn_params_init) refers to memseta.o(.text) for __aeabi_memclr4
    main.o(i.conn_params_init) refers to ble_conn_params.o(i.ble_conn_params_init) for ble_conn_params_init
    main.o(i.conn_params_init) refers to main.o(i.app_error_handler) for app_error_handler
    main.o(i.conn_params_init) refers to main.o(i.on_conn_params_evt) for on_conn_params_evt
    main.o(i.conn_params_init) refers to main.o(i.conn_params_error_handler) for conn_params_error_handler
    main.o(i.data_send) refers to ble_lbs.o(i.ble_lbs_data_send) for ble_lbs_data_send
    main.o(i.data_send) refers to main.o(i.app_error_handler) for app_error_handler
    main.o(i.data_send) refers to main.o(.data) for m_is_sending_data
    main.o(i.data_send) refers to main.o(.bss) for data
    main.o(i.gap_params_init) refers to main.o(i.app_error_handler) for app_error_handler
    main.o(i.gpiote_init) refers to app_gpiote.o(i.app_gpiote_init) for app_gpiote_init
    main.o(i.gpiote_init) refers to main.o(i.app_error_handler) for app_error_handler
    main.o(i.gpiote_init) refers to main.o(.bss) for app_gpiote_buf
    main.o(i.leds_init) refers to main.o(i.nrf_gpio_cfg_output) for nrf_gpio_cfg_output
    main.o(i.main) refers to main.o(i.leds_init) for leds_init
    main.o(i.main) refers to main.o(i.timers_init) for timers_init
    main.o(i.main) refers to main.o(i.gpiote_init) for gpiote_init
    main.o(i.main) refers to main.o(i.buttons_init) for buttons_init
    main.o(i.main) refers to main.o(i.ble_stack_init) for ble_stack_init
    main.o(i.main) refers to main.o(i.scheduler_init) for scheduler_init
    main.o(i.main) refers to main.o(i.gap_params_init) for gap_params_init
    main.o(i.main) refers to main.o(i.services_init) for services_init
    main.o(i.main) refers to main.o(i.advertising_init) for advertising_init
    main.o(i.main) refers to main.o(i.conn_params_init) for conn_params_init
    main.o(i.main) refers to main.o(i.sec_params_init) for sec_params_init
    main.o(i.main) refers to main.o(i.timers_start) for timers_start
    main.o(i.main) refers to main.o(i.advertising_start) for advertising_start
    main.o(i.main) refers to app_scheduler.o(i.app_sched_execute) for app_sched_execute
    main.o(i.main) refers to main.o(i.power_manage) for power_manage
[...]
    ../clib/microlib/init/entry.s            0x00000000   Number         0  entry.o ABSOLUTE
    ../clib/microlib/init/entry.s            0x00000000   Number         0  entry9a.o ABSOLUTE
    ../clib/microlib/init/entry.s            0x00000000   Number         0  entry8a.o ABSOLUTE
    ../clib/microlib/init/entry.s            0x00000000   Number         0  entry11b.o ABSOLUTE
    ../clib/microlib/init/entry.s            0x00000000   Number         0  entry7a.o ABSOLUTE
    ../clib/microlib/string/memcmp.c         0x00000000   Number         0  memcmp.o ABSOLUTE
    ../clib/microlib/string/memcpy.c         0x00000000   Number         0  memcpyb.o ABSOLUTE
    ../clib/microlib/string/memcpy.c         0x00000000   Number         0  memcpya.o ABSOLUTE
    ../clib/microlib/string/memset.c         0x00000000   Number         0  memseta.o ABSOLUTE
    ../clib/microlib/string/strlen.c         0x00000000   Number         0  strlen.o ABSOLUTE
    ../clib/microlib/string/strncpy.c        0x00000000   Number         0  strncpy.o ABSOLUTE
    ..\..\..\..\..\..\components\ble\ble_advertising\ble_advertising.c 0x00000000   Number         0  ble_advertising.o ABSOLUTE
    ..\..\..\..\..\..\components\ble\ble_debug_assert_handler\ble_debug_assert_handler.c 0x00000000   Number         0  ble_debug_assert_handler.o ABSOLUTE
    ..\..\..\..\..\..\components\ble\common\ble_advdata.c 0x00000000   Number         0  ble_advdata.o ABSOLUTE
    ..\..\..\..\..\..\components\ble\common\ble_conn_params.c 0x00000000   Number         0  ble_conn_params.o ABSOLUTE
    ..\..\..\..\..\..\components\ble\common\ble_srv_common.c 0x00000000   Number         0  ble_srv_common.o ABSOLUTE
    ..\..\..\..\..\..\components\drivers_nrf\common\nrf_drv_common.c 0x00000000   Number         0  nrf_drv_common.o ABSOLUTE
    ..\..\..\..\..\..\components\drivers_nrf\delay\nrf_delay.c 0x00000000   Number         0  nrf_delay.o ABSOLUTE
    ..\..\..\..\..\..\components\drivers_nrf\gpiote\nrf_drv_gpiote.c 0x00000000   Number         0  nrf_drv_gpiote.o ABSOLUTE
    ..\..\..\..\..\..\components\drivers_nrf\pstorage\pstorage.c 0x00000000   Number         0  pstorage.o ABSOLUTE
    ..\..\..\..\..\..\components\drivers_nrf\uart\nrf_drv_uart.c 0x00000000   Number         0  nrf_drv_uart.o ABSOLUTE
    ..\..\..\..\..\..\components\libraries\button\app_button.c 0x00000000   Number         0  app_button.o ABSOLUTE
    ..\..\..\..\..\..\components\libraries\gpiote\app_gpiote.c 0x00000000   Number         0  app_gpiote.o ABSOLUTE
    ..\..\..\..\..\..\components\libraries\scheduler\app_scheduler.c 0x00000000   Number         0  app_scheduler.o ABSOLUTE
    ..\..\..\..\..\..\components\libraries\timer\app_timer.c 0x00000000   Number         0  app_timer.o ABSOLUTE
    ..\..\..\..\..\..\components\libraries\timer\app_timer_appsh.c 0x00000000   Number         0  app_timer_appsh.o ABSOLUTE
    ..\..\..\..\..\..\components\libraries\trace\app_trace.c 0x00000000   Number         0  app_trace.o ABSOLUTE
    ..\..\..\..\..\..\components\libraries\uart\app_uart.c 0x00000000   Number         0  app_uart.o ABSOLUTE
    ..\..\..\..\..\..\components\libraries\uart\retarget.c 0x00000000   Number         0  retarget.o ABSOLUTE
    ..\..\..\..\..\..\components\libraries\util\app_error.c 0x00000000   Number         0  app_error.o ABSOLUTE
    ..\..\..\..\..\..\components\libraries\util\nrf_assert.c 0x00000000   Number         0  nrf_assert.o ABSOLUTE
    ..\..\..\..\..\..\components\softdevice\common\softdevice_handler\softdevice_handler.c 0x00000000   Number         0  softdevice_handler.o ABSOLUTE
    ..\..\..\..\..\bsp\bsp.c                 0x00000000   Number         0  bsp.o ABSOLUTE
    ..\..\..\..\..\bsp\bsp_btn_ble.c         0x00000000   Number         0  bsp_btn_ble.o ABSOLUTE
    ..\..\..\ble_lbs.c                       0x00000000   Number         0  ble_lbs.o ABSOLUTE
    ..\..\..\main.c                          0x00000000   Number         0  main.o ABSOLUTE
    ..\\..\\..\\..\\..\\..\\components\\ble\\ble_advertising\\ble_advertising.c 0x00000000   Number         0  ble_advertising.o ABSOLUTE
    ..\\..\\..\\..\\..\\..\\components\\ble\\ble_debug_assert_handler\\ble_debug_assert_handler.c 0x00000000   Number         0  ble_debug_assert_handler.o ABSOLUTE
    ..\\..\\..\\..\\..\\..\\components\\drivers_nrf\\common\\nrf_drv_common.c 0x00000000   Number         0  nrf_drv_common.o ABSOLUTE
    ..\\..\\..\\..\\..\\..\\components\\drivers_nrf\\delay\\nrf_delay.c 0x00000000   Number         0  nrf_delay.o ABSOLUTE
    ..\\..\\..\\..\\..\\..\\components\\drivers_nrf\\gpiote\\nrf_drv_gpiote.c 0x00000000   Number         0  nrf_drv_gpiote.o ABSOLUTE
    ..\\..\\..\\..\\..\\..\\components\\drivers_nrf\\pstorage\\pstorage.c 0x00000000   Number         0  pstorage.o ABSOLUTE
    ..\\..\\..\\..\\..\\..\\components\\drivers_nrf\\uart\\nrf_drv_uart.c 0x00000000   Number         0  nrf_drv_uart.o ABSOLUTE
    ..\\..\\..\\..\\..\\..\\components\\libraries\\button\\app_button.c 0x00000000   Number         0  app_button.o ABSOLUTE
    ..\\..\\..\\..\\..\\..\\components\\libraries\\gpiote\\app_gpiote.c 0x00000000   Number         0  app_gpiote.o ABSOLUTE
    ..\\..\\..\\..\\..\\..\\components\\libraries\\scheduler\\app_scheduler.c 0x00000000   Number         0  app_scheduler.o ABSOLUTE
    ..\\..\\..\\..\\..\\..\\components\\libraries\\timer\\app_timer.c 0x00000000   Number         0  app_timer.o ABSOLUTE
    ..\\..\\..\\..\\..\\..\\components\\libraries\\uart\\app_uart.c 0x00000000   Number         0  app_uart.o ABSOLUTE
    ..\\..\\..\\..\\..\\..\\components\\libraries\\uart\\retarget.c 0x00000000   Number         0  retarget.o ABSOLUTE
    ..\\..\\..\\..\\..\\..\\components\\libraries\\util\\app_error.c 0x00000000   Number         0  app_error.o ABSOLUTE
    ..\\..\\..\\..\\..\\..\\components\\softdevice\\common\\softdevice_handler\\softdevice_handler.c 0x00000000   Number         0  softdevice_handler.o ABSOLUTE
    ..\\..\\..\\..\\..\\bsp\\bsp.c           0x00000000   Number         0  bsp.o ABSOLUTE
    ..\\..\\..\\..\\..\\bsp\\bsp_btn_ble.c   0x00000000   Number         0  bsp_btn_ble.o ABSOLUTE
    ..\\..\\..\\main.c                       0x00000000   Number         0  main.o ABSOLUTE
    RTE\Device\nRF52832_xxAA\arm_startup_nrf52.s 0x00000000   Number         0  arm_startup_nrf52.o ABSOLUTE
    RTE\Device\nRF52832_xxAA\system_nrf52.c  0x00000000   Number         0  system_nrf52.o ABSOLUTE
    RTE\\Device\\nRF52832_xxAA\\system_nrf52.c 0x00000000   Number         0  system_nrf52.o ABSOLUTE
    dc.s                                     0x00000000   Number         0  dc.o ABSOLUTE
    handlers.s                               0x00000000   Number         0  handlers.o ABSOLUTE
    init.s                                   0x00000000   Number         0  init.o ABSOLUTE
    RESET                                    0x0001f000   Section     1024  arm_startup_nrf52.o(RESET)
    .ARM.Collect$$$$00000000                 0x0001f400   Section        0  entry.o(.ARM.Collect$$$$00000000)
    .ARM.Collect$$$$00000001                 0x0001f400   Section        4  entry2.o(.ARM.Collect$$$$00000001)
    .ARM.Collect$$$$00000004                 0x0001f404   Section        4  entry5.o(.ARM.Collect$$$$00000004)
    .ARM.Collect$$$$00000008                 0x0001f408   Section        0  entry7b.o(.ARM.Collect$$$$00000008)
    .ARM.Collect$$$$0000000A                 0x0001f408   Section        0  entry8b.o(.ARM.Collect$$$$0000000A)
    .ARM.Collect$$$$0000000B                 0x0001f408   Section        8  entry9a.o(.ARM.Collect$$$$0000000B)
    .ARM.Collect$$$$0000000D                 0x0001f410   Section        0  entry10a.o(.ARM.Collect$$$$0000000D)
    .ARM.Collect$$$$0000000F                 0x0001f410   Section        0  entry11a.o(.ARM.Collect$$$$0000000F)
    .ARM.Collect$$$$00002712                 0x0001f410   Section        4  entry2.o(.ARM.Collect$$$$00002712)
    __lit__00000000                          0x0001f410   Data           4  entry2.o(.ARM.Collect$$$$00002712)
    .emb_text                                0x0001f414   Section      118  app_timer.o(.emb_text)
    $v0                                      0x0001f414   Number         0  app_timer.o(.emb_text)
    .text                                    0x0001f48c   Section       36  arm_startup_nrf52.o(.text)
    $v0                                      0x0001f48c   Number         0  arm_startup_nrf52.o(.text)
    .text                                    0x0001f4b0   Section        0  memcpya.o(.text)
    .text                                    0x0001f4d4   Section        0  memseta.o(.text)
    .text                                    0x0001f4f8   Section        0  memcmp.o(.text)
    .text                                    0x0001f514   Section       36  init.o(.text)
    .text                                    0x0001f538   Section        0  __dczerorl.o(.text)
    i.GPIOTE_IRQHandler                      0x0001f574   Section        0  nrf_drv_gpiote.o(i.GPIOTE_IRQHandler)
    i.NVIC_ClearPendingIRQ                   0x0001f7f0   Section        0  app_timer.o(i.NVIC_ClearPendingIRQ)
    NVIC_ClearPendingIRQ                     0x0001f7f1   Thumb Code    18  app_timer.o(i.NVIC_ClearPendingIRQ)
    i.NVIC_EnableIRQ                         0x0001f808   Section        0  app_timer.o(i.NVIC_EnableIRQ)
    NVIC_EnableIRQ                           0x0001f809   Thumb Code    22  app_timer.o(i.NVIC_EnableIRQ)
    i.NVIC_SetPendingIRQ                     0x0001f820   Section        0  app_timer.o(i.NVIC_SetPendingIRQ)
    NVIC_SetPendingIRQ                       0x0001f821   Thumb Code    18  app_timer.o(i.NVIC_SetPendingIRQ)
    i.NVIC_SetPriority                       0x0001f838   Section        0  app_timer.o(i.NVIC_SetPriority)
    NVIC_SetPriority                         0x0001f839   Thumb Code    32  app_timer.o(i.NVIC_SetPriority)
    i.RTC1_IRQHandler                        0x0001f860   Section        0  app_timer.o(i.RTC1_IRQHandler)
    i.SWI0_EGU0_IRQHandler                   0x0001f894   Section        0  app_timer.o(i.SWI0_EGU0_IRQHandler)
    i.SWI2_EGU2_IRQHandler                   0x0001f89c   Section        0  softdevice_handler.o(i.SWI2_EGU2_IRQHandler)
    i.SystemCoreClockUpdate                  0x0001f8d4   Section        0  system_nrf52.o(i.SystemCoreClockUpdate)
    i.SystemInit                             0x0001f8e4   Section        0  system_nrf52.o(i.SystemInit)
    i.UARTE0_UART0_IRQHandler                0x0001f9f4   Section        0  nrf_drv_uart.o(i.UARTE0_UART0_IRQHandler)
    i.__scatterload_copy                     0x0001fbd8   Section       14  handlers.o(i.__scatterload_copy)
    i.__scatterload_null                     0x0001fbe6   Section        2  handlers.o(i.__scatterload_null)
    i.__scatterload_zeroinit                 0x0001fbe8   Section       14  handlers.o(i.__scatterload_zeroinit)
    i.adv_data_encode                        0x0001fbf6   Section        0  ble_advdata.o(i.adv_data_encode)
    i.advdata_check                          0x0001fd84   Section        0  ble_advdata.o(i.advdata_check)
    advdata_check                            0x0001fd85   Thumb Code    18  ble_advdata.o(i.advdata_check)
    i.advertising_init                       0x0001fd98   Section        0  main.o(i.advertising_init)
    advertising_init                         0x0001fd99   Thumb Code   130  main.o(i.advertising_init)
    i.advertising_start                      0x0001fe38   Section        0  main.o(i.advertising_start)
    advertising_start                        0x0001fe39   Thumb Code    82  main.o(i.advertising_start)
    i.app_button_disable                     0x0001fea0   Section        0  app_button.o(i.app_button_disable)
    i.app_button_enable                      0x0001fed4   Section        0  app_button.o(i.app_button_enable)
    i.app_button_init                        0x0001ff00   Section        0  app_button.o(i.app_button_init)
    i.app_error_handler                      0x0001ffa0   Section        0  main.o(i.app_error_handler)
    i.app_gpiote_init                        0x0001ffa4   Section        0  app_gpiote.o(i.app_gpiote_init)
    i.app_sched_event_get                    0x00020058   Section        0  app_scheduler.o(i.app_sched_event_get)
    app_sched_event_get                      0x00020059   Thumb Code    98  app_scheduler.o(i.app_sched_event_get)
    i.app_sched_event_put                    0x000200d0   Section        0  app_scheduler.o(i.app_sched_event_put)
    i.app_sched_execute                      0x00020228   Section        0  app_scheduler.o(i.app_sched_execute)
    i.app_sched_init                         0x00020248   Section        0  app_scheduler.o(i.app_sched_init)
    i.app_timer_create                       0x000202a4   Section        0  app_timer.o(i.app_timer_create)
    i.app_timer_evt_get                      0x00020318   Section        0  app_timer_appsh.o(i.app_timer_evt_get)
    app_timer_evt_get                        0x00020319   Thumb Code    52  app_timer_appsh.o(i.app_timer_evt_get)
    i.app_timer_evt_schedule                 0x0002038c   Section        0  app_timer_appsh.o(i.app_timer_evt_schedule)
    i.app_timer_init                         0x000203a8   Section        0  app_timer.o(i.app_timer_init)
    i.app_timer_start                        0x000204a0   Section        0  app_timer.o(i.app_timer_start)
    i.app_timer_stop                         0x00020510   Section        0  app_timer.o(i.app_timer_stop)
    i.appearance_encode                      0x00020554   Section        0  ble_advdata.o(i.appearance_encode)
    appearance_encode                        0x00020555   Thumb Code    78  ble_advdata.o(i.appearance_encode)
    i.ble_advdata_set                        0x000205a2   Section        0  ble_advdata.o(i.ble_advdata_set)
    i.ble_advertising_init                   0x00020628   Section        0  ble_advertising.o(i.ble_advertising_init)
    i.ble_advertising_on_sys_evt             0x00020798   Section        0  ble_advertising.o(i.ble_advertising_on_sys_evt)
    i.ble_advertising_peer_address_clear     0x000207e4   Section        0  ble_advertising.o(i.ble_advertising_peer_address_clear)
    ble_advertising_peer_address_clear       0x000207e5   Thumb Code    12  ble_advertising.o(i.ble_advertising_peer_address_clear)
    i.ble_advertising_start                  0x000207f4   Section        0  ble_advertising.o(i.ble_advertising_start)
    i.ble_conn_params_init                   0x00020a7c   Section        0  ble_conn_params.o(i.ble_conn_params_init)
    i.ble_conn_params_on_ble_evt             0x00020aec   Section        0  ble_conn_params.o(i.ble_conn_params_on_ble_evt)
    i.ble_device_addr_encode                 0x00020b2a   Section        0  ble_advdata.o(i.ble_device_addr_encode)
    ble_device_addr_encode                   0x00020b2b   Thumb Code   112  ble_advdata.o(i.ble_device_addr_encode)
    i.ble_evt_dispatch                       0x00020b9c   Section        0  main.o(i.ble_evt_dispatch)
    ble_evt_dispatch                         0x00020b9d   Thumb Code    26  main.o(i.ble_evt_dispatch)
    i.ble_lbs_data_send                      0x00020bbc   Section        0  ble_lbs.o(i.ble_lbs_data_send)
    i.ble_lbs_init                           0x00020bf0   Section        0  ble_lbs.o(i.ble_lbs_init)
    i.ble_lbs_on_ble_evt                     0x00020c64   Section        0  ble_lbs.o(i.ble_lbs_on_ble_evt)
    i.ble_stack_init                         0x00020ca0   Section        0  main.o(i.ble_stack_init)
    ble_stack_init                           0x00020ca1   Thumb Code   154  main.o(i.ble_stack_init)
    i.bsp_btn_ble_sleep_mode_prepare         0x00020d58   Section        0  bsp_btn_ble.o(i.bsp_btn_ble_sleep_mode_prepare)
    i.bsp_button_event_handler               0x00020d74   Section        0  bsp.o(i.bsp_button_event_handler)
    bsp_button_event_handler                 0x00020d75   Thumb Code   192  bsp.o(i.bsp_button_event_handler)
    i.bsp_indication_set                     0x00020e50   Section        0  bsp.o(i.bsp_indication_set)
    i.bsp_led_indication                     0x00020e70   Section        0  bsp.o(i.bsp_led_indication)
    bsp_led_indication                       0x00020e71   Thumb Code  1322  bsp.o(i.bsp_led_indication)
    i.bsp_wakeup_buttons_set                 0x000213a4   Section        0  bsp.o(i.bsp_wakeup_buttons_set)
    i.button_event_handler                   0x000213f4   Section        0  main.o(i.button_event_handler)
    button_event_handler                     0x000213f5   Thumb Code    60  main.o(i.button_event_handler)
    i.buttons_init                           0x00021444   Section        0  main.o(i.buttons_init)
    buttons_init                             0x00021445   Thumb Code    46  main.o(i.buttons_init)
    i.channel_free                           0x00021488   Section        0  nrf_drv_gpiote.o(i.channel_free)
    channel_free                             0x00021489   Thumb Code    28  nrf_drv_gpiote.o(i.channel_free)
    i.channel_handler_get                    0x000214a8   Section        0  nrf_drv_gpiote.o(i.channel_handler_get)
    channel_handler_get                      0x000214a9   Thumb Code    10  nrf_drv_gpiote.o(i.channel_handler_get)
    i.channel_port_alloc                     0x000214b8   Section        0  nrf_drv_gpiote.o(i.channel_port_alloc)
    channel_port_alloc                       0x000214b9   Thumb Code   122  nrf_drv_gpiote.o(i.channel_port_alloc)
    i.channel_port_get                       0x00021538   Section        0  nrf_drv_gpiote.o(i.channel_port_get)
    channel_port_get                         0x00021539   Thumb Code     8  nrf_drv_gpiote.o(i.channel_port_get)
    i.compare_reg_update                     0x00021544   Section        0  app_timer.o(i.compare_reg_update)
    compare_reg_update                       0x00021545   Thumb Code   132  app_timer.o(i.compare_reg_update)
    i.conn_int_check                         0x000215dc   Section        0  ble_advdata.o(i.conn_int_check)
    conn_int_check                           0x000215dd   Thumb Code    90  ble_advdata.o(i.conn_int_check)
    i.conn_int_encode                        0x00021636   Section        0  ble_advdata.o(i.conn_int_encode)
    conn_int_encode                          0x00021637   Thumb Code   100  ble_advdata.o(i.conn_int_encode)
    i.conn_params_error_handler              0x0002169c   Section        0  main.o(i.conn_params_error_handler)
    conn_params_error_handler                0x0002169d   Thumb Code    22  main.o(i.conn_params_error_handler)
    i.conn_params_init                       0x000216c4   Section        0  main.o(i.conn_params_init)
    conn_params_init                         0x000216c5   Thumb Code    88  main.o(i.conn_params_init)
    i.conn_params_negotiation                0x00021734   Section        0  ble_conn_params.o(i.conn_params_negotiation)
    conn_params_negotiation                  0x00021735   Thumb Code   112  ble_conn_params.o(i.conn_params_negotiation)
    i.data_char_add                          0x000217b8   Section        0  ble_lbs.o(i.data_char_add)
    data_char_add                            0x000217b9   Thumb Code   324  ble_lbs.o(i.data_char_add)
    i.data_send                              0x000218fc   Section        0  main.o(i.data_send)
    data_send                                0x000218fd   Thumb Code   126  main.o(i.data_send)
    i.detection_delay_timeout_handler        0x00021998   Section        0  app_button.o(i.detection_delay_timeout_handler)
    detection_delay_timeout_handler          0x00021999   Thumb Code   124  app_button.o(i.detection_delay_timeout_handler)
    i.elapsed_ticks_acquire                  0x00021a24   Section        0  app_timer.o(i.elapsed_ticks_acquire)
    elapsed_ticks_acquire                    0x00021a25   Thumb Code    82  app_timer.o(i.elapsed_ticks_acquire)
    i.errata_31                              0x00021a88   Section        0  system_nrf52.o(i.errata_31)
    errata_31                                0x00021a89   Thumb Code   114  system_nrf52.o(i.errata_31)
    i.errata_32                              0x00021b00   Section        0  system_nrf52.o(i.errata_32)
    errata_32                                0x00021b01   Thumb Code    54  system_nrf52.o(i.errata_32)
    i.errata_36                              0x00021b3c   Section        0  system_nrf52.o(i.errata_36)
    errata_36                                0x00021b3d   Thumb Code   114  system_nrf52.o(i.errata_36)
    i.errata_37                              0x00021bb4   Section        0  system_nrf52.o(i.errata_37)
    errata_37                                0x00021bb5   Thumb Code    54  system_nrf52.o(i.errata_37)
    i.errata_66                              0x00021bf0   Section        0  system_nrf52.o(i.errata_66)
    errata_66                                0x00021bf1   Thumb Code    54  system_nrf52.o(i.errata_66)
    i.expired_timers_handler                 0x00021c2c   Section        0  app_timer.o(i.expired_timers_handler)
    expired_timers_handler                   0x00021c2d   Thumb Code   100  app_timer.o(i.expired_timers_handler)
    i.flags_encode                           0x00021c98   Section        0  ble_advdata.o(i.flags_encode)
    flags_encode                             0x00021c99   Thumb Code    54  ble_advdata.o(i.flags_encode)
    i.gap_params_init                        0x00021cd0   Section        0  main.o(i.gap_params_init)
    gap_params_init                          0x00021cd1   Thumb Code   124  main.o(i.gap_params_init)
    i.gpiote_event_handler                   0x00021d6c   Section        0  app_button.o(i.gpiote_event_handler)
    gpiote_event_handler                     0x00021d6d   Thumb Code   110  app_button.o(i.gpiote_event_handler)
    i.gpiote_init                            0x00021dec   Section        0  main.o(i.gpiote_init)
    gpiote_init                              0x00021ded   Thumb Code    42  main.o(i.gpiote_init)
    i.intern_softdevice_events_execute       0x00021e2c   Section        0  softdevice_handler.o(i.intern_softdevice_events_execute)
    i.is_conn_params_ok                      0x00021edc   Section        0  ble_conn_params.o(i.is_conn_params_ok)
    is_conn_params_ok                        0x00021edd   Thumb Code    30  ble_conn_params.o(i.is_conn_params_ok)
    i.le_role_encode                         0x00021f00   Section        0  ble_advdata.o(i.le_role_encode)
    le_role_encode                           0x00021f01   Thumb Code   106  ble_advdata.o(i.le_role_encode)
    i.led_char_add                           0x00021f6a   Section        0  ble_lbs.o(i.led_char_add)
    led_char_add                             0x00021f6b   Thumb Code   240  ble_lbs.o(i.led_char_add)
    i.led_write_handler                      0x0002205c   Section        0  main.o(i.led_write_handler)
    i.leds_init                              0x00022084   Section        0  main.o(i.leds_init)
    leds_init                                0x00022085   Thumb Code    22  main.o(i.leds_init)
    i.list_deletions_handler                 0x0002209c   Section        0  app_timer.o(i.list_deletions_handler)
    list_deletions_handler                   0x0002209d   Thumb Code   182  app_timer.o(i.list_deletions_handler)
    i.list_insertions_handler                0x00022164   Section        0  app_timer.o(i.list_insertions_handler)
    list_insertions_handler                  0x00022165   Thumb Code   278  app_timer.o(i.list_insertions_handler)
    i.main                                   0x00022298   Section        0  main.o(i.main)
    i.manuf_specific_data_encode             0x000222d8   Section        0  ble_advdata.o(i.manuf_specific_data_encode)
    manuf_specific_data_encode               0x000222d9   Thumb Code   118  ble_advdata.o(i.manuf_specific_data_encode)
    i.name_encode                            0x0002234e   Section        0  ble_advdata.o(i.name_encode)
    name_encode                              0x0002234f   Thumb Code   190  ble_advdata.o(i.name_encode)
    i.next_index                             0x0002240c   Section        0  app_scheduler.o(i.next_index)
    next_index                               0x0002240d   Thumb Code    20  app_scheduler.o(i.next_index)
    i.nrf_drv_common_irq_enable              0x00022424   Section        0  nrf_drv_common.o(i.nrf_drv_common_irq_enable)
    i.nrf_drv_gpiote_in_event_disable        0x00022484   Section        0  nrf_drv_gpiote.o(i.nrf_drv_gpiote_in_event_disable)
    i.nrf_drv_gpiote_in_event_enable         0x000224f0   Section        0  nrf_drv_gpiote.o(i.nrf_drv_gpiote_in_event_enable)
    i.nrf_drv_gpiote_in_init                 0x00022598   Section        0  nrf_drv_gpiote.o(i.nrf_drv_gpiote_in_init)
    i.nrf_drv_gpiote_in_is_set               0x00022670   Section        0  nrf_drv_gpiote.o(i.nrf_drv_gpiote_in_is_set)
    i.nrf_drv_gpiote_init                    0x0002268c   Section        0  nrf_drv_gpiote.o(i.nrf_drv_gpiote_init)
    i.nrf_drv_gpiote_is_init                 0x000226dc   Section        0  nrf_drv_gpiote.o(i.nrf_drv_gpiote_is_init)
    i.nrf_gpio_cfg                           0x000226f0   Section        0  nrf_drv_gpiote.o(i.nrf_gpio_cfg)
    nrf_gpio_cfg                             0x000226f1   Thumb Code    30  nrf_drv_gpiote.o(i.nrf_gpio_cfg)
    i.nrf_gpio_cfg_output                    0x00022714   Section        0  main.o(i.nrf_gpio_cfg_output)
    nrf_gpio_cfg_output                      0x00022715   Thumb Code    38  main.o(i.nrf_gpio_cfg_output)
    i.nrf_gpio_cfg_sense_set                 0x00022740   Section        0  nrf_drv_gpiote.o(i.nrf_gpio_cfg_sense_set)
    nrf_gpio_cfg_sense_set                   0x00022741   Thumb Code    32  nrf_drv_gpiote.o(i.nrf_gpio_cfg_sense_set)
    i.nrf_gpiote_event_addr_get              0x00022764   Section        0  nrf_drv_gpiote.o(i.nrf_gpiote_event_addr_get)
    nrf_gpiote_event_addr_get                0x00022765   Thumb Code     8  nrf_drv_gpiote.o(i.nrf_gpiote_event_addr_get)
    i.nrf_gpiote_event_clear                 0x00022770   Section        0  nrf_drv_gpiote.o(i.nrf_gpiote_event_clear)
    nrf_gpiote_event_clear                   0x00022771   Thumb Code    28  nrf_drv_gpiote.o(i.nrf_gpiote_event_clear)
    i.nrf_gpiote_event_is_set                0x0002278c   Section        0  nrf_drv_gpiote.o(i.nrf_gpiote_event_is_set)
    nrf_gpiote_event_is_set                  0x0002278d   Thumb Code    22  nrf_drv_gpiote.o(i.nrf_gpiote_event_is_set)
    i.nrf_gpiote_int_enable                  0x000227a4   Section        0  nrf_drv_gpiote.o(i.nrf_gpiote_int_enable)
    nrf_gpiote_int_enable                    0x000227a5   Thumb Code     6  nrf_drv_gpiote.o(i.nrf_gpiote_int_enable)
    i.nrf_uart_errorsrc_get_and_clear        0x000227b0   Section        0  nrf_drv_uart.o(i.nrf_uart_errorsrc_get_and_clear)
    nrf_uart_errorsrc_get_and_clear          0x000227b1   Thumb Code    12  nrf_drv_uart.o(i.nrf_uart_errorsrc_get_and_clear)
    i.nrf_uart_event_check                   0x000227bc   Section        0  nrf_drv_uart.o(i.nrf_uart_event_check)
    nrf_uart_event_check                     0x000227bd   Thumb Code    14  nrf_drv_uart.o(i.nrf_uart_event_check)
    i.nrf_uart_event_clear                   0x000227ca   Section        0  nrf_drv_uart.o(i.nrf_uart_event_clear)
    nrf_uart_event_clear                     0x000227cb   Thumb Code     6  nrf_drv_uart.o(i.nrf_uart_event_clear)
    i.nrf_uart_int_disable                   0x000227d0   Section        0  nrf_drv_uart.o(i.nrf_uart_int_disable)
    nrf_uart_int_disable                     0x000227d1   Thumb Code     6  nrf_drv_uart.o(i.nrf_uart_int_disable)
    i.nrf_uart_task_trigger                  0x000227d6   Section        0  nrf_drv_uart.o(i.nrf_uart_task_trigger)
    nrf_uart_task_trigger                    0x000227d7   Thumb Code     6  nrf_drv_uart.o(i.nrf_uart_task_trigger)
    i.nrf_uarte_errorsrc_get_and_clear       0x000227dc   Section        0  nrf_drv_uart.o(i.nrf_uarte_errorsrc_get_and_clear)
    nrf_uarte_errorsrc_get_and_clear         0x000227dd   Thumb Code    12  nrf_drv_uart.o(i.nrf_uarte_errorsrc_get_and_clear)
    i.nrf_uarte_event_check                  0x000227e8   Section        0  nrf_drv_uart.o(i.nrf_uarte_event_check)
    nrf_uarte_event_check                    0x000227e9   Thumb Code    14  nrf_drv_uart.o(i.nrf_uarte_event_check)
    i.nrf_uarte_event_clear                  0x000227f6   Section        0  nrf_drv_uart.o(i.nrf_uarte_event_clear)
    nrf_uarte_event_clear                    0x000227f7   Thumb Code     6  nrf_drv_uart.o(i.nrf_uarte_event_clear)
    i.nrf_uarte_rx_amount_get                0x000227fc   Section        0  nrf_drv_uart.o(i.nrf_uarte_rx_amount_get)
    nrf_uarte_rx_amount_get                  0x000227fd   Thumb Code    10  nrf_drv_uart.o(i.nrf_uarte_rx_amount_get)
    i.on_adv_evt                             0x00022808   Section        0  main.o(i.on_adv_evt)
    on_adv_evt                               0x00022809   Thumb Code    56  main.o(i.on_adv_evt)
    i.on_ble_evt                             0x00022850   Section        0  main.o(i.on_ble_evt)
    on_ble_evt                               0x00022851   Thumb Code   376  main.o(i.on_ble_evt)
    i.on_conn_params_evt                     0x000229f4   Section        0  main.o(i.on_conn_params_evt)
    on_conn_params_evt                       0x000229f5   Thumb Code    44  main.o(i.on_conn_params_evt)
    i.on_conn_params_update                  0x00022a34   Section        0  ble_conn_params.o(i.on_conn_params_update)
    on_conn_params_update                    0x00022a35   Thumb Code    24  ble_conn_params.o(i.on_conn_params_update)
    i.on_connect                             0x00022a50   Section        0  ble_conn_params.o(i.on_connect)
    on_connect                               0x00022a51   Thumb Code    42  ble_conn_params.o(i.on_connect)
    i.on_connect                             0x00022a8c   Section        0  ble_lbs.o(i.on_connect)
    on_connect                               0x00022a8d   Thumb Code     6  ble_lbs.o(i.on_connect)
    i.on_disconnect                          0x00022a94   Section        0  ble_conn_params.o(i.on_disconnect)
    on_disconnect                            0x00022a95   Thumb Code    46  ble_conn_params.o(i.on_disconnect)
    i.on_disconnect                          0x00022ad4   Section        0  ble_lbs.o(i.on_disconnect)
    on_disconnect                            0x00022ad5   Thumb Code     8  ble_lbs.o(i.on_disconnect)
    i.on_write                               0x00022adc   Section        0  ble_conn_params.o(i.on_write)
    on_write                                 0x00022add   Thumb Code    78  ble_conn_params.o(i.on_write)
    i.on_write                               0x00022b34   Section        0  ble_lbs.o(i.on_write)
    on_write                                 0x00022b35   Thumb Code    36  ble_lbs.o(i.on_write)
    i.peer_address_exists                    0x00022b58   Section        0  ble_advertising.o(i.peer_address_exists)
    peer_address_exists                      0x00022b59   Thumb Code    24  ble_advertising.o(i.peer_address_exists)
    i.pin_in_use_by_gpiote                   0x00022b70   Section        0  nrf_drv_gpiote.o(i.pin_in_use_by_gpiote)
    pin_in_use_by_gpiote                     0x00022b71   Thumb Code    22  nrf_drv_gpiote.o(i.pin_in_use_by_gpiote)
    i.pin_in_use_by_port                     0x00022b8c   Section        0  nrf_drv_gpiote.o(i.pin_in_use_by_port)
    pin_in_use_by_port                       0x00022b8d   Thumb Code    18  nrf_drv_gpiote.o(i.pin_in_use_by_port)
    i.pin_in_use_by_te                       0x00022ba4   Section        0  nrf_drv_gpiote.o(i.pin_in_use_by_te)
    pin_in_use_by_te                         0x00022ba5   Thumb Code    26  nrf_drv_gpiote.o(i.pin_in_use_by_te)
    i.pin_in_use_clear                       0x00022bc4   Section        0  nrf_drv_gpiote.o(i.pin_in_use_clear)
    pin_in_use_clear                         0x00022bc5   Thumb Code     8  nrf_drv_gpiote.o(i.pin_in_use_clear)
    i.power_manage                           0x00022bd0   Section        0  main.o(i.power_manage)
    power_manage                             0x00022bd1   Thumb Code    32  main.o(i.power_manage)
    i.pstorage_access_status_get             0x00022c00   Section        0  pstorage.o(i.pstorage_access_status_get)
    i.rtc1_counter_get                       0x00022c2c   Section        0  app_timer.o(i.rtc1_counter_get)
    rtc1_counter_get                         0x00022c2d   Thumb Code     6  app_timer.o(i.rtc1_counter_get)
    i.rtc1_init                              0x00022c38   Section        0  app_timer.o(i.rtc1_init)
    rtc1_init                                0x00022c39   Thumb Code    18  app_timer.o(i.rtc1_init)
    i.rtc1_start                             0x00022c50   Section        0  app_timer.o(i.rtc1_start)
    rtc1_start                               0x00022c51   Thumb Code    48  app_timer.o(i.rtc1_start)
    i.rtc1_stop                              0x00022c8c   Section        0  app_timer.o(i.rtc1_stop)
    rtc1_stop                                0x00022c8d   Thumb Code    68  app_timer.o(i.rtc1_stop)
    i.rx_byte                                0x00022ce4   Section        0  nrf_drv_uart.o(i.rx_byte)
    rx_byte                                  0x00022ce5   Thumb Code    42  nrf_drv_uart.o(i.rx_byte)
    i.rx_done_event                          0x00022d1c   Section        0  nrf_drv_uart.o(i.rx_done_event)
    rx_done_event                            0x00022d1d   Thumb Code    38  nrf_drv_uart.o(i.rx_done_event)
    i.scheduler_init                         0x00022d48   Section        0  main.o(i.scheduler_init)
    scheduler_init                           0x00022d49   Thumb Code    44  main.o(i.scheduler_init)
    i.sec_mgr_oob_flags_encode               0x00022d88   Section        0  ble_advdata.o(i.sec_mgr_oob_flags_encode)
    sec_mgr_oob_flags_encode                 0x00022d89   Thumb Code    54  ble_advdata.o(i.sec_mgr_oob_flags_encode)
    i.sec_params_init                        0x00022dc0   Section        0  main.o(i.sec_params_init)
    sec_params_init                          0x00022dc1   Thumb Code    56  main.o(i.sec_params_init)
    i.sense_level_disable                    0x00022dfc   Section        0  app_gpiote.o(i.sense_level_disable)
    i.sense_level_toggle                     0x00022e38   Section        0  app_gpiote.o(i.sense_level_toggle)
    i.service_data_encode                    0x00022e94   Section        0  ble_advdata.o(i.service_data_encode)
    service_data_encode                      0x00022e95   Thumb Code   150  ble_advdata.o(i.service_data_encode)
    i.services_init                          0x00022f2c   Section        0  main.o(i.services_init)
    services_init                            0x00022f2d   Thumb Code    50  main.o(i.services_init)
    i.sleep_mode_enter                       0x00022f78   Section        0  main.o(i.sleep_mode_enter)
    sleep_mode_enter                         0x00022f79   Thumb Code    94  main.o(i.sleep_mode_enter)
    i.softdevice_assertion_handler           0x00022fe8   Section        0  softdevice_handler.o(i.softdevice_assertion_handler)
    i.softdevice_ble_evt_handler_set         0x00022ffc   Section        0  softdevice_handler.o(i.softdevice_ble_evt_handler_set)
    i.softdevice_handler_init                0x00023010   Section        0  softdevice_handler.o(i.softdevice_handler_init)
    i.softdevice_sys_evt_handler_set         0x00023074   Section        0  softdevice_handler.o(i.softdevice_sys_evt_handler_set)
    i.srdata_check                           0x00023088   Section        0  ble_advdata.o(i.srdata_check)
    srdata_check                             0x00023089   Thumb Code    14  ble_advdata.o(i.srdata_check)
    i.sys_evt_dispatch                       0x00023096   Section        0  main.o(i.sys_evt_dispatch)
    sys_evt_dispatch                         0x00023097   Thumb Code    12  main.o(i.sys_evt_dispatch)
    i.ticks_diff_get                         0x000230a2   Section        0  app_timer.o(i.ticks_diff_get)
    ticks_diff_get                           0x000230a3   Thumb Code    10  app_timer.o(i.ticks_diff_get)
    i.timeout_handler_exec                   0x000230ac   Section        0  app_timer.o(i.timeout_handler_exec)
    timeout_handler_exec                     0x000230ad   Thumb Code    56  app_timer.o(i.timeout_handler_exec)
    i.timer_list_handler                     0x00023124   Section        0  app_timer.o(i.timer_list_handler)
    timer_list_handler                       0x00023125   Thumb Code    74  app_timer.o(i.timer_list_handler)
    i.timer_list_handler_sched               0x0002317c   Section        0  app_timer.o(i.timer_list_handler_sched)
    timer_list_handler_sched                 0x0002317d   Thumb Code    10  app_timer.o(i.timer_list_handler_sched)
    i.timer_list_insert                      0x00023188   Section        0  app_timer.o(i.timer_list_insert)
    timer_list_insert                        0x00023189   Thumb Code   226  app_timer.o(i.timer_list_insert)
    i.timer_list_remove                      0x00023274   Section        0  app_timer.o(i.timer_list_remove)
    timer_list_remove                        0x00023275   Thumb Code   194  app_timer.o(i.timer_list_remove)
    i.timer_start_op_schedule                0x0002334c   Section        0  app_timer.o(i.timer_start_op_schedule)
    timer_start_op_schedule                  0x0002334d   Thumb Code    84  app_timer.o(i.timer_start_op_schedule)
    i.timer_stop_op_schedule                 0x000233a4   Section        0  app_timer.o(i.timer_stop_op_schedule)
    timer_stop_op_schedule                   0x000233a5   Thumb Code    56  app_timer.o(i.timer_stop_op_schedule)
    i.timer_timeouts_check                   0x000233e0   Section        0  app_timer.o(i.timer_timeouts_check)
    timer_timeouts_check                     0x000233e1   Thumb Code   138  app_timer.o(i.timer_timeouts_check)
    i.timer_timeouts_check_sched             0x00023484   Section        0  app_timer.o(i.timer_timeouts_check_sched)
    timer_timeouts_check_sched               0x00023485   Thumb Code    10  app_timer.o(i.timer_timeouts_check_sched)
    i.timers_init                            0x00023490   Section        0  main.o(i.timers_init)
    timers_init                              0x00023491   Thumb Code    48  main.o(i.timers_init)
    i.timers_start                           0x000234d8   Section        0  main.o(i.timers_start)
    timers_start                             0x000234d9   Thumb Code     2  main.o(i.timers_start)
    i.tk_value_encode                        0x000234da   Section        0  ble_advdata.o(i.tk_value_encode)
    tk_value_encode                          0x000234db   Thumb Code    70  ble_advdata.o(i.tk_value_encode)
    i.tx_byte                                0x00023520   Section        0  nrf_drv_uart.o(i.tx_byte)
    tx_byte                                  0x00023521   Thumb Code    42  nrf_drv_uart.o(i.tx_byte)
    i.tx_done_event                          0x00023558   Section        0  nrf_drv_uart.o(i.tx_done_event)
    tx_done_event                            0x00023559   Thumb Code    38  nrf_drv_uart.o(i.tx_done_event)
    i.tx_power_level_encode                  0x00023584   Section        0  ble_advdata.o(i.tx_power_level_encode)
    tx_power_level_encode                    0x00023585   Thumb Code    54  ble_advdata.o(i.tx_power_level_encode)
    i.uint16_encode                          0x000235ba   Section        0  ble_advdata.o(i.uint16_encode)
    uint16_encode                            0x000235bb   Thumb Code    12  ble_advdata.o(i.uint16_encode)
    i.update_timeout_handler                 0x000235c8   Section        0  ble_conn_params.o(i.update_timeout_handler)
    update_timeout_handler                   0x000235c9   Thumb Code   126  ble_conn_params.o(i.update_timeout_handler)
    i.user_id_get                            0x00023658   Section        0  app_timer.o(i.user_id_get)
    user_id_get                              0x00023659   Thumb Code    78  app_timer.o(i.user_id_get)
    i.user_op_alloc                          0x000236b0   Section        0  app_timer.o(i.user_op_alloc)
    user_op_alloc                            0x000236b1   Thumb Code    46  app_timer.o(i.user_op_alloc)
    i.user_op_enque                          0x000236de   Section        0  app_timer.o(i.user_op_enque)
    user_op_enque                            0x000236df   Thumb Code     4  app_timer.o(i.user_op_enque)
    i.uuid_list_encode                       0x000236e2   Section        0  ble_advdata.o(i.uuid_list_encode)
    uuid_list_encode                         0x000236e3   Thumb Code    70  ble_advdata.o(i.uuid_list_encode)
    i.uuid_list_sized_encode                 0x00023728   Section        0  ble_advdata.o(i.uuid_list_sized_encode)
    uuid_list_sized_encode                   0x00023729   Thumb Code   212  ble_advdata.o(i.uuid_list_sized_encode)
    i.whitelist_has_entries                  0x000237fc   Section        0  ble_advertising.o(i.whitelist_has_entries)
    whitelist_has_entries                    0x000237fd   Thumb Code    18  ble_advertising.o(i.whitelist_has_entries)
    .constdata                               0x00023810   Section        4  main.o(.constdata)
    .constdata                               0x00023814   Section       48  bsp.o(.constdata)
    m_buttons_list                           0x00023814   Data          16  bsp.o(.constdata)
    app_buttons                              0x00023824   Data          32  bsp.o(.constdata)
    .constdata                               0x00023844   Section        4  app_button.o(.constdata)
    .constdata                               0x00023848   Section       16  ble_lbs.o(.constdata)
    .conststring                             0x00023858   Section       65  app_scheduler.o(.conststring)
    .conststring                             0x0002389c   Section       87  softdevice_handler.o(.conststring)
    .data                                    0x20002800   Section       60  main.o(.data)
    m_sec_params                             0x20002800   Data           5  main.o(.data)
    m_conn_handle                            0x20002806   Data           2  main.o(.data)
    m_app_id                                 0x20002808   Data           4  main.o(.data)
    m_is_sending_data                        0x2000280c   Data           1  main.o(.data)
    m_auth_status                            0x2000280d   Data           6  main.o(.data)
    m_keys                                   0x20002814   Data          24  main.o(.data)
    buttons                                  0x2000282c   Data          16  main.o(.data)
    .data                                    0x2000283c   Section       33  bsp.o(.data)
    m_stable_state                           0x2000283c   Data           1  bsp.o(.data)
    m_app_ticks_per_100ms                    0x20002840   Data           4  bsp.o(.data)
    m_indication_type                        0x20002844   Data           4  bsp.o(.data)
    m_leds_timer_id                          0x20002848   Data           4  bsp.o(.data)
    m_alert_timer_id                         0x2000284c   Data           4  bsp.o(.data)
    m_registered_callback                    0x20002850   Data           4  bsp.o(.data)
    m_button_timer_id                        0x20002854   Data           4  bsp.o(.data)
    current_long_push_pin_no                 0x20002858   Data           1  bsp.o(.data)
    release_event_at_push                    0x20002859   Data           4  bsp.o(.data)
    .data                                    0x20002860   Section       32  ble_advertising.o(.data)
    m_advertising_start_pending              0x20002860   Data           1  ble_advertising.o(.data)
    m_peer_address                           0x20002861   Data           7  ble_advertising.o(.data)
    m_adv_evt                                0x20002868   Data           1  ble_advertising.o(.data)
    m_evt_handler                            0x2000286c   Data           4  ble_advertising.o(.data)
    m_error_handler                          0x20002870   Data           4  ble_advertising.o(.data)
    m_adv_mode_current                       0x20002874   Data           1  ble_advertising.o(.data)
    m_whitelist_temporarily_disabled         0x20002875   Data           1  ble_advertising.o(.data)
    m_whitelist_reply_expected               0x20002876   Data           1  ble_advertising.o(.data)
    m_peer_addr_reply_expected               0x20002877   Data           1  ble_advertising.o(.data)
    m_slave_conn_int                         0x20002878   Data           4  ble_advertising.o(.data)
    m_tx_power_level                         0x2000287c   Data           1  ble_advertising.o(.data)
    current_slave_link_conn_handle           0x2000287e   Data           2  ble_advertising.o(.data)
    .data                                    0x20002880   Section       25  ble_conn_params.o(.data)
    m_preferred_conn_params                  0x20002880   Data           8  ble_conn_params.o(.data)
    m_update_count                           0x20002888   Data           1  ble_conn_params.o(.data)
    m_conn_handle                            0x2000288a   Data           2  ble_conn_params.o(.data)
    m_current_conn_params                    0x2000288c   Data           8  ble_conn_params.o(.data)
    m_conn_params_timer_id                   0x20002894   Data           4  ble_conn_params.o(.data)
    m_change_param                           0x20002898   Data           1  ble_conn_params.o(.data)
    .data                                    0x2000289c   Section       40  pstorage.o(.data)
    m_next_app_instance                      0x2000289c   Data           2  pstorage.o(.data)
    m_next_page_addr                         0x200028a0   Data           4  pstorage.o(.data)
    m_state                                  0x200028a4   Data           1  pstorage.o(.data)
    m_swap_sub_state                         0x200028a5   Data           1  pstorage.o(.data)
    m_head_word_size                         0x200028a8   Data           4  pstorage.o(.data)
    m_tail_word_size                         0x200028ac   Data           4  pstorage.o(.data)
    m_current_page_id                        0x200028b0   Data           4  pstorage.o(.data)
    m_num_of_command_retries                 0x200028b4   Data           4  pstorage.o(.data)
    m_num_of_bytes_written                   0x200028b8   Data           4  pstorage.o(.data)
    m_app_data_size                          0x200028bc   Data           4  pstorage.o(.data)
    m_flags                                  0x200028c0   Data           4  pstorage.o(.data)
    .data                                    0x200028c4   Section       24  app_button.o(.data)
    mp_buttons                               0x200028c4   Data           4  app_button.o(.data)
    m_button_count                           0x200028c8   Data           1  app_button.o(.data)
    m_detection_delay                        0x200028cc   Data           4  app_button.o(.data)
    m_detection_delay_timer_id               0x200028d0   Data           4  app_button.o(.data)
    m_pin_state                              0x200028d4   Data           4  app_button.o(.data)
    m_pin_transition                         0x200028d8   Data           4  app_button.o(.data)
    .data                                    0x200028dc   Section       14  app_scheduler.o(.data)
    m_queue_event_headers                    0x200028dc   Data           4  app_scheduler.o(.data)
    m_queue_event_data                       0x200028e0   Data           4  app_scheduler.o(.data)
    m_queue_start_index                      0x200028e4   Data           1  app_scheduler.o(.data)
    m_queue_end_index                        0x200028e5   Data           1  app_scheduler.o(.data)
    m_queue_event_size                       0x200028e6   Data           2  app_scheduler.o(.data)
    m_queue_size                             0x200028e8   Data           2  app_scheduler.o(.data)
    .data                                    0x200028ec   Section       42  app_timer.o(.data)
    m_node_array_size                        0x200028ec   Data           1  app_timer.o(.data)
    mp_nodes                                 0x200028f0   Data           4  app_timer.o(.data)
    m_user_array_size                        0x200028f4   Data           1  app_timer.o(.data)
    mp_users                                 0x200028f8   Data           4  app_timer.o(.data)
    m_timer_id_head                          0x200028fc   Data           4  app_timer.o(.data)
    m_ticks_latest                           0x20002900   Data           4  app_timer.o(.data)
    m_ticks_elapsed                          0x20002904   Data           8  app_timer.o(.data)
    m_ticks_elapsed_q_read_ind               0x2000290c   Data           1  app_timer.o(.data)
    m_ticks_elapsed_q_write_ind              0x2000290d   Data           1  app_timer.o(.data)
    m_evt_schedule_func                      0x20002910   Data           4  app_timer.o(.data)
    m_rtc1_running                           0x20002914   Data           1  app_timer.o(.data)
    m_rtc1_reset                             0x20002915   Data           1  app_timer.o(.data)
    .data                                    0x20002918   Section       12  app_gpiote.o(.data)
    .data                                    0x20002924   Section       24  softdevice_handler.o(.data)
    m_evt_schedule_func                      0x20002924   Data           4  softdevice_handler.o(.data)
    m_softdevice_enabled                     0x20002928   Data           1  softdevice_handler.o(.data)
    mp_ble_evt_buffer                        0x2000292c   Data           4  softdevice_handler.o(.data)
    m_ble_evt_buffer_size                    0x20002930   Data           2  softdevice_handler.o(.data)
    m_ble_evt_handler                        0x20002934   Data           4  softdevice_handler.o(.data)
    m_sys_evt_handler                        0x20002938   Data           4  softdevice_handler.o(.data)
    .data                                    0x2000293c   Section        4  system_nrf52.o(.data)
    __tagsym$$used                           0x2000293c   Number         0  system_nrf52.o(.data)
    .bss                                     0x20002940   Section     1080  main.o(.bss)
    m_lbs                                    0x20002940   Data          28  main.o(.bss)
    data                                     0x2000295c   Data          20  main.o(.bss)
    APP_TIMER_BUF                            0x20002970   Data         696  main.o(.bss)
    m_enc_key                                0x20002c28   Data          28  main.o(.bss)
    m_id_key                                 0x20002c44   Data          23  main.o(.bss)
    m_sign_key                               0x20002c5b   Data          16  main.o(.bss)
    BLE_EVT_BUFFER                           0x20002c6c   Data          72  main.o(.bss)
    APP_SCHED_BUF                            0x20002cb4   Data         176  main.o(.bss)
    app_gpiote_buf                           0x20002d64   Data          20  main.o(.bss)
    .bss                                     0x20002d78   Section       12  bsp.o(.bss)
    m_events_list                            0x20002d78   Data          12  bsp.o(.bss)
    .bss                                     0x20002d84   Section      259  ble_advertising.o(.bss)
    m_advdata                                0x20002d84   Data          56  ble_advertising.o(.bss)
    m_adv_modes_config                       0x20002dbc   Data          36  ble_advertising.o(.bss)
    m_whitelist                              0x20002de0   Data          16  ble_advertising.o(.bss)
    mp_whitelist_addr                        0x20002df0   Data          32  ble_advertising.o(.bss)
    mp_whitelist_irk                         0x20002e10   Data          32  ble_advertising.o(.bss)
    m_manuf_specific_data                    0x20002e30   Data          12  ble_advertising.o(.bss)
    m_manuf_data_array                       0x20002e3c   Data          31  ble_advertising.o(.bss)
    m_service_data                           0x20002e5c   Data          12  ble_advertising.o(.bss)
    m_service_data_array                     0x20002e68   Data          31  ble_advertising.o(.bss)
    .bss                                     0x20002e88   Section       28  ble_conn_params.o(.bss)
    m_conn_params_config                     0x20002e88   Data          28  ble_conn_params.o(.bss)
    .bss                                     0x20002ea4   Section       24  nrf_drv_uart.o(.bss)
    m_cb                                     0x20002ea4   Data          24  nrf_drv_uart.o(.bss)
    .bss                                     0x20002ebc   Section      628  pstorage.o(.bss)
    m_cmd_queue                              0x20002ebc   Data         604  pstorage.o(.bss)
    m_app_table                              0x20003118   Data          24  pstorage.o(.bss)
    .bss                                     0x20003130   Section       88  nrf_drv_gpiote.o(.bss)
    m_cb                                     0x20003130   Data          88  nrf_drv_gpiote.o(.bss)
    STACK                                    0x20003188   Section     8192  arm_startup_nrf52.o(STACK)

    Global Symbols

    Symbol Name                              Value     Ov Type        Size  Object(Section)

    BuildAttributes$$THM_ISAv4$E$P$D$K$B$S$7EM$VFPi3$EXTD16$VFPS$VFMA$PE$A:L22UL41UL21$X:L11$S22US41US21$IEEE1$IW$USESV6$~STKCKD$USESV7$~SHL$OSPACE$EBA8$MICROLIB$REQ8$PRES8$EABIv2 0x00000000   Number         0  anon$$obj.o ABSOLUTE
    __ARM_use_no_argv                        0x00000000   Number         0  main.o ABSOLUTE
    __cpp_initialize__aeabi_                  - Undefined Weak Reference
    __cxa_finalize                            - Undefined Weak Reference
    _clock_init                               - Undefined Weak Reference
    _microlib_exit                            - Undefined Weak Reference
    __Vectors_Size                           0x00000400   Number         0  arm_startup_nrf52.o ABSOLUTE
    __Vectors                                0x0001f000   Data           4  arm_startup_nrf52.o(RESET)
    __Vectors_End                            0x0001f400   Data           0  arm_startup_nrf52.o(RESET)
    __main                                   0x0001f401   Thumb Code     0  entry.o(.ARM.Collect$$$$00000000)
    _main_stk                                0x0001f401   Thumb Code     0  entry2.o(.ARM.Collect$$$$00000001)
    _main_scatterload                        0x0001f405   Thumb Code     0  entry5.o(.ARM.Collect$$$$00000004)
    __main_after_scatterload                 0x0001f409   Thumb Code     0  entry5.o(.ARM.Collect$$$$00000004)
    _main_clock                              0x0001f409   Thumb Code     0  entry7b.o(.ARM.Collect$$$$00000008)
    _main_cpp_init                           0x0001f409   Thumb Code     0  entry8b.o(.ARM.Collect$$$$0000000A)
    _main_init                               0x0001f409   Thumb Code     0  entry9a.o(.ARM.Collect$$$$0000000B)
    __rt_final_cpp                           0x0001f411   Thumb Code     0  entry10a.o(.ARM.Collect$$$$0000000D)
    __rt_final_exit                          0x0001f411   Thumb Code     0  entry11a.o(.ARM.Collect$$$$0000000F)
    __asm___11_app_timer_c_cd27f9c3__nrf_delay_us 0x0001f415   Thumb Code   118  app_timer.o(.emb_text)
    Reset_Handler                            0x0001f48d   Thumb Code     8  arm_startup_nrf52.o(.text)
    NMI_Handler                              0x0001f495   Thumb Code     2  arm_startup_nrf52.o(.text)
    HardFault_Handler                        0x0001f497   Thumb Code     2  arm_startup_nrf52.o(.text)
    MemoryManagement_Handler                 0x0001f499   Thumb Code     2  arm_startup_nrf52.o(.text)
    BusFault_Handler                         0x0001f49b   Thumb Code     2  arm_startup_nrf52.o(.text)
    UsageFault_Handler                       0x0001f49d   Thumb Code     2  arm_startup_nrf52.o(.text)
    SVC_Handler                              0x0001f49f   Thumb Code     2  arm_startup_nrf52.o(.text)
    PendSV_Handler                           0x0001f4a1   Thumb Code     2  arm_startup_nrf52.o(.text)
    SysTick_Handler                          0x0001f4a3   Thumb Code     2  arm_startup_nrf52.o(.text)
    CCM_AAR_IRQHandler                       0x0001f4a5   Thumb Code     0  arm_startup_nrf52.o(.text)
    COMP_LPCOMP_IRQHandler                   0x0001f4a5   Thumb Code     0  arm_startup_nrf52.o(.text)
    ECB_IRQHandler                           0x0001f4a5   Thumb Code     0  arm_startup_nrf52.o(.text)
    I2S_IRQHandler                           0x0001f4a5   Thumb Code     0  arm_startup_nrf52.o(.text)
    MWU_IRQHandler                           0x0001f4a5   Thumb Code     0  arm_startup_nrf52.o(.text)
    NFCT_IRQHandler                          0x0001f4a5   Thumb Code     0  arm_startup_nrf52.o(.text)
    PDM_IRQHandler                           0x0001f4a5   Thumb Code     0  arm_startup_nrf52.o(.text)
    POWER_CLOCK_IRQHandler                   0x0001f4a5   Thumb Code     0  arm_startup_nrf52.o(.text)
    PWM0_IRQHandler                          0x0001f4a5   Thumb Code     0  arm_startup_nrf52.o(.text)
    PWM1_IRQHandler                          0x0001f4a5   Thumb Code     0  arm_startup_nrf52.o(.text)
    PWM2_IRQHandler                          0x0001f4a5   Thumb Code     0  arm_startup_nrf52.o(.text)
    QDEC_IRQHandler                          0x0001f4a5   Thumb Code     0  arm_startup_nrf52.o(.text)
    RADIO_IRQHandler                         0x0001f4a5   Thumb Code     0  arm_startup_nrf52.o(.text)
    RNG_IRQHandler                           0x0001f4a5   Thumb Code     0  arm_startup_nrf52.o(.text)
    RTC0_IRQHandler                          0x0001f4a5   Thumb Code     0  arm_startup_nrf52.o(.text)
    RTC2_IRQHandler                          0x0001f4a5   Thumb Code     0  arm_startup_nrf52.o(.text)
    SAADC_IRQHandler                         0x0001f4a5   Thumb Code     0  arm_startup_nrf52.o(.text)
    SPIM0_SPIS0_TWIM0_TWIS0_SPI0_TWI0_IRQHandler 0x0001f4a5   Thumb Code     0  arm_startup_nrf52.o(.text)
    SPIM1_SPIS1_TWIM1_TWIS1_SPI1_TWI1_IRQHandler 0x0001f4a5   Thumb Code     0  arm_startup_nrf52.o(.text)
    SPIM2_SPIS2_SPI2_IRQHandler              0x0001f4a5   Thumb Code     0  arm_startup_nrf52.o(.text)
    SWI1_EGU1_IRQHandler                     0x0001f4a5   Thumb Code     0  arm_startup_nrf52.o(.text)
    SWI3_EGU3_IRQHandler                     0x0001f4a5   Thumb Code     0  arm_startup_nrf52.o(.text)
    SWI4_EGU4_IRQHandler                     0x0001f4a5   Thumb Code     0  arm_startup_nrf52.o(.text)
    SWI5_EGU5_IRQHandler                     0x0001f4a5   Thumb Code     0  arm_startup_nrf52.o(.text)
    TEMP_IRQHandler                          0x0001f4a5   Thumb Code     0  arm_startup_nrf52.o(.text)
    TIMER0_IRQHandler                        0x0001f4a5   Thumb Code     0  arm_startup_nrf52.o(.text)
    TIMER1_IRQHandler                        0x0001f4a5   Thumb Code     0  arm_startup_nrf52.o(.text)
    TIMER2_IRQHandler                        0x0001f4a5   Thumb Code     0  arm_startup_nrf52.o(.text)
    TIMER3_IRQHandler                        0x0001f4a5   Thumb Code     0  arm_startup_nrf52.o(.text)
    TIMER4_IRQHandler                        0x0001f4a5   Thumb Code     0  arm_startup_nrf52.o(.text)
    WDT_IRQHandler                           0x0001f4a5   Thumb Code     0  arm_startup_nrf52.o(.text)
    __aeabi_memcpy                           0x0001f4b1   Thumb Code    36  memcpya.o(.text)
    __aeabi_memcpy4                          0x0001f4b1   Thumb Code     0  memcpya.o(.text)
    __aeabi_memcpy8                          0x0001f4b1   Thumb Code     0  memcpya.o(.text)
    __aeabi_memset                           0x0001f4d5   Thumb Code    14  memseta.o(.text)
    __aeabi_memset4                          0x0001f4d5   Thumb Code     0  memseta.o(.text)
    __aeabi_memset8                          0x0001f4d5   Thumb Code     0  memseta.o(.text)
    __aeabi_memclr                           0x0001f4e3   Thumb Code     4  memseta.o(.text)
    __aeabi_memclr4                          0x0001f4e3   Thumb Code     0  memseta.o(.text)
    __aeabi_memclr8                          0x0001f4e3   Thumb Code     0  memseta.o(.text)
    _memset$wrapper                          0x0001f4e7   Thumb Code    18  memseta.o(.text)
    memcmp                                   0x0001f4f9   Thumb Code    26  memcmp.o(.text)
    __scatterload                            0x0001f515   Thumb Code    28  init.o(.text)
    __scatterload_rt2                        0x0001f515   Thumb Code     0  init.o(.text)
    __decompress                             0x0001f539   Thumb Code     0  __dczerorl.o(.text)
    __decompress0                            0x0001f539   Thumb Code    58  __dczerorl.o(.text)
    GPIOTE_IRQHandler                        0x0001f575   Thumb Code   602  nrf_drv_gpiote.o(i.GPIOTE_IRQHandler)
    RTC1_IRQHandler                          0x0001f861   Thumb Code    44  app_timer.o(i.RTC1_IRQHandler)
    SWI0_EGU0_IRQHandler                     0x0001f895   Thumb Code     8  app_timer.o(i.SWI0_EGU0_IRQHandler)
    SWI2_EGU2_IRQHandler                     0x0001f89d   Thumb Code    48  softdevice_handler.o(i.SWI2_EGU2_IRQHandler)
    SystemCoreClockUpdate                    0x0001f8d5   Thumb Code     8  system_nrf52.o(i.SystemCoreClockUpdate)
    SystemInit                               0x0001f8e5   Thumb Code   240  system_nrf52.o(i.SystemInit)
    UARTE0_UART0_IRQHandler                  0x0001f9f5   Thumb Code   476  nrf_drv_uart.o(i.UARTE0_UART0_IRQHandler)
    __scatterload_copy                       0x0001fbd9   Thumb Code    14  handlers.o(i.__scatterload_copy)
    __scatterload_null                       0x0001fbe7   Thumb Code     2  handlers.o(i.__scatterload_null)
    __scatterload_zeroinit                   0x0001fbe9   Thumb Code    14  handlers.o(i.__scatterload_zeroinit)
    adv_data_encode                          0x0001fbf7   Thumb Code   398  ble_advdata.o(i.adv_data_encode)
    app_button_disable                       0x0001fea1   Thumb Code    38  app_button.o(i.app_button_disable)
    app_button_enable                        0x0001fed5   Thumb Code    34  app_button.o(i.app_button_enable)
    app_button_init                          0x0001ff01   Thumb Code   124  app_button.o(i.app_button_init)
    app_error_handler                        0x0001ffa1   Thumb Code     2  main.o(i.app_error_handler)
    app_gpiote_init                          0x0001ffa5   Thumb Code   148  app_gpiote.o(i.app_gpiote_init)
    app_sched_event_put                      0x000200d1   Thumb Code   310  app_scheduler.o(i.app_sched_event_put)
    app_sched_execute                        0x00020229   Thumb Code    30  app_scheduler.o(i.app_sched_execute)
    app_sched_init                           0x00020249   Thumb Code    66  app_scheduler.o(i.app_sched_init)
    app_timer_create                         0x000202a5   Thumb Code   108  app_timer.o(i.app_timer_create)
    app_timer_evt_schedule                   0x0002038d   Thumb Code    22  app_timer_appsh.o(i.app_timer_evt_schedule)
    app_timer_init                           0x000203a9   Thumb Code   212  app_timer.o(i.app_timer_init)
    app_timer_start                          0x000204a1   Thumb Code   104  app_timer.o(i.app_timer_start)
    app_timer_stop                           0x00020511   Thumb Code    60  app_timer.o(i.app_timer_stop)
    ble_advdata_set                          0x000205a3   Thumb Code   132  ble_advdata.o(i.ble_advdata_set)
    ble_advertising_init                     0x00020629   Thumb Code   312  ble_advertising.o(i.ble_advertising_init)
    ble_advertising_on_sys_evt               0x00020799   Thumb Code    64  ble_advertising.o(i.ble_advertising_on_sys_evt)
    ble_advertising_start                    0x000207f5   Thumb Code   604  ble_advertising.o(i.ble_advertising_start)
    ble_conn_params_init                     0x00020a7d   Thumb Code    84  ble_conn_params.o(i.ble_conn_params_init)
    ble_conn_params_on_ble_evt               0x00020aed   Thumb Code    62  ble_conn_params.o(i.ble_conn_params_on_ble_evt)
    ble_lbs_data_send                        0x00020bbd   Thumb Code    50  ble_lbs.o(i.ble_lbs_data_send)
    ble_lbs_init                             0x00020bf1   Thumb Code   110  ble_lbs.o(i.ble_lbs_init)
    ble_lbs_on_ble_evt                       0x00020c65   Thumb Code    58  ble_lbs.o(i.ble_lbs_on_ble_evt)
    bsp_btn_ble_sleep_mode_prepare           0x00020d59   Thumb Code    28  bsp_btn_ble.o(i.bsp_btn_ble_sleep_mode_prepare)
    bsp_indication_set                       0x00020e51   Thumb Code    28  bsp.o(i.bsp_indication_set)
    bsp_wakeup_buttons_set                   0x000213a5   Thumb Code    70  bsp.o(i.bsp_wakeup_buttons_set)
    intern_softdevice_events_execute         0x00021e2d   Thumb Code   150  softdevice_handler.o(i.intern_softdevice_events_execute)
    led_write_handler                        0x0002205d   Thumb Code    34  main.o(i.led_write_handler)
    main                                     0x00022299   Thumb Code    64  main.o(i.main)
    nrf_drv_common_irq_enable                0x00022425   Thumb Code    84  nrf_drv_common.o(i.nrf_drv_common_irq_enable)
    nrf_drv_gpiote_in_event_disable          0x00022485   Thumb Code    94  nrf_drv_gpiote.o(i.nrf_drv_gpiote_in_event_disable)
    nrf_drv_gpiote_in_event_enable           0x000224f1   Thumb Code   154  nrf_drv_gpiote.o(i.nrf_drv_gpiote_in_event_enable)
    nrf_drv_gpiote_in_init                   0x00022599   Thumb Code   198  nrf_drv_gpiote.o(i.nrf_drv_gpiote_in_init)
    nrf_drv_gpiote_in_is_set                 0x00022671   Thumb Code    24  nrf_drv_gpiote.o(i.nrf_drv_gpiote_in_is_set)
    nrf_drv_gpiote_init                      0x0002268d   Thumb Code    74  nrf_drv_gpiote.o(i.nrf_drv_gpiote_init)
    nrf_drv_gpiote_is_init                   0x000226dd   Thumb Code    14  nrf_drv_gpiote.o(i.nrf_drv_gpiote_is_init)
    pstorage_access_status_get               0x00022c01   Thumb Code    36  pstorage.o(i.pstorage_access_status_get)
    sense_level_disable                      0x00022dfd   Thumb Code    54  app_gpiote.o(i.sense_level_disable)
    sense_level_toggle                       0x00022e39   Thumb Code    88  app_gpiote.o(i.sense_level_toggle)
    softdevice_assertion_handler             0x00022fe9   Thumb Code    18  softdevice_handler.o(i.softdevice_assertion_handler)
    softdevice_ble_evt_handler_set           0x00022ffd   Thumb Code    16  softdevice_handler.o(i.softdevice_ble_evt_handler_set)
    softdevice_handler_init                  0x00023011   Thumb Code    78  softdevice_handler.o(i.softdevice_handler_init)
    softdevice_sys_evt_handler_set           0x00023075   Thumb Code    16  softdevice_handler.o(i.softdevice_sys_evt_handler_set)
    Region$$Table$$Base                      0x000238f4   Number         0  anon$$obj.o(Region$$Table)
    Region$$Table$$Limit                     0x00023914   Number         0  anon$$obj.o(Region$$Table)
    m_enabled_users_mask                     0x20002918   Data           4  app_gpiote.o(.data)
    m_user_array_size                        0x2000291c   Data           1  app_gpiote.o(.data)
    m_user_count                             0x2000291d   Data           1  app_gpiote.o(.data)
    mp_users                                 0x20002920   Data           4  app_gpiote.o(.data)
    SystemCoreClock                          0x2000293c   Data           4  system_nrf52.o(.data)
    __initial_sp                             0x20005188   Data           0  arm_startup_nrf52.o(STACK)



==============================================================================

Memory Map of the image

  Image Entry point : 0x0001f401

  Load Region LR_IROM1 (Base: 0x0001f000, Size: 0x00004a54, Max: 0x00061000, ABSOLUTE, COMPRESSED[0x00004938])

    Execution Region ER_IROM1 (Base: 0x0001f000, Size: 0x00004914, Max: 0x00061000, ABSOLUTE)

    Base Addr    Size         Type   Attr      Idx    E Section Name        Object

    0x0001f000   0x00000400   Data   RO         2512    RESET               arm_startup_nrf52.o
    0x0001f400   0x00000000   Code   RO         2582  * .ARM.Collect$$$$00000000  mc_w.l(entry.o)
    0x0001f400   0x00000004   Code   RO         2597    .ARM.Collect$$$$00000001  mc_w.l(entry2.o)
    0x0001f404   0x00000004   Code   RO         2600    .ARM.Collect$$$$00000004  mc_w.l(entry5.o)
    0x0001f408   0x00000000   Code   RO         2602    .ARM.Collect$$$$00000008  mc_w.l(entry7b.o)
    0x0001f408   0x00000000   Code   RO         2604    .ARM.Collect$$$$0000000A  mc_w.l(entry8b.o)
    0x0001f408   0x00000008   Code   RO         2605    .ARM.Collect$$$$0000000B  mc_w.l(entry9a.o)
    0x0001f410   0x00000000   Code   RO         2607    .ARM.Collect$$$$0000000D  mc_w.l(entry10a.o)
    0x0001f410   0x00000000   Code   RO         2609    .ARM.Collect$$$$0000000F  mc_w.l(entry11a.o)
    0x0001f410   0x00000004   Code   RO         2598    .ARM.Collect$$$$00002712  mc_w.l(entry2.o)
    0x0001f414   0x00000076   Code   RO         1997    .emb_text           app_timer.o
    0x0001f48a   0x00000002   PAD
    0x0001f48c   0x00000024   Code   RO         2513    .text               arm_startup_nrf52.o
    0x0001f4b0   0x00000024   Code   RO         2585    .text               mc_w.l(memcpya.o)
    0x0001f4d4   0x00000024   Code   RO         2587    .text               mc_w.l(memseta.o)
    0x0001f4f8   0x0000001a   Code   RO         2593    .text               mc_w.l(memcmp.o)
    0x0001f512   0x00000002   PAD
    0x0001f514   0x00000024   Code   RO         2611    .text               mc_w.l(init.o)
    0x0001f538   0x0000003a   Code   RO         2621    .text               mc_w.l(__dczerorl.o)
    0x0001f572   0x00000002   PAD
    0x0001f574   0x0000027c   Code   RO         1612    i.GPIOTE_IRQHandler  nrf_drv_gpiote.o
    0x0001f7f0   0x00000018   Code   RO         1998    i.NVIC_ClearPendingIRQ  app_timer.o
    0x0001f808   0x00000016   Code   RO         1999    i.NVIC_EnableIRQ    app_timer.o
    0x0001f81e   0x00000002   PAD
    0x0001f820   0x00000018   Code   RO         2000    i.NVIC_SetPendingIRQ  app_timer.o
    0x0001f838   0x00000028   Code   RO         2001    i.NVIC_SetPriority  app_timer.o
    0x0001f860   0x00000034   Code   RO         2002    i.RTC1_IRQHandler   app_timer.o
    0x0001f894   0x00000008   Code   RO         2003    i.SWI0_EGU0_IRQHandler  app_timer.o
    0x0001f89c   0x00000038   Code   RO         2367    i.SWI2_EGU2_IRQHandler  softdevice_handler.o
    0x0001f8d4   0x00000010   Code   RO         2520    i.SystemCoreClockUpdate  system_nrf52.o
    0x0001f8e4   0x00000110   Code   RO         2521    i.SystemInit        system_nrf52.o
    0x0001f9f4   0x000001e4   Code   RO         1049    i.UARTE0_UART0_IRQHandler  nrf_drv_uart.o
    0x0001fbd8   0x0000000e   Code   RO         2615    i.__scatterload_copy  mc_w.l(handlers.o)
    0x0001fbe6   0x00000002   Code   RO         2616    i.__scatterload_null  mc_w.l(handlers.o)
    0x0001fbe8   0x0000000e   Code   RO         2617    i.__scatterload_zeroinit  mc_w.l(handlers.o)
    0x0001fbf6   0x0000018e   Code   RO          554    i.adv_data_encode   ble_advdata.o
    0x0001fd84   0x00000012   Code   RO          555    i.advdata_check     ble_advdata.o
    0x0001fd96   0x00000002   PAD
    0x0001fd98   0x000000a0   Code   RO            4    i.advertising_init  main.o
    0x0001fe38   0x00000068   Code   RO            5    i.advertising_start  main.o
    0x0001fea0   0x00000034   Code   RO         1847    i.app_button_disable  app_button.o
    0x0001fed4   0x0000002c   Code   RO         1848    i.app_button_enable  app_button.o
    0x0001ff00   0x000000a0   Code   RO         1849    i.app_button_init   app_button.o
    0x0001ffa0   0x00000002   Code   RO            6    i.app_error_handler  main.o
    0x0001ffa2   0x00000002   PAD
    0x0001ffa4   0x000000b4   Code   RO         2296    i.app_gpiote_init   app_gpiote.o
    0x00020058   0x00000078   Code   RO         1938    i.app_sched_event_get  app_scheduler.o
    0x000200d0   0x00000158   Code   RO         1939    i.app_sched_event_put  app_scheduler.o
    0x00020228   0x0000001e   Code   RO         1940    i.app_sched_execute  app_scheduler.o
    0x00020246   0x00000002   PAD
    0x00020248   0x0000005c   Code   RO         1941    i.app_sched_init    app_scheduler.o
    0x000202a4   0x00000074   Code   RO         2006    i.app_timer_create  app_timer.o
    0x00020318   0x00000074   Code   RO         2214    i.app_timer_evt_get  app_timer_appsh.o
    0x0002038c   0x0000001c   Code   RO         2215    i.app_timer_evt_schedule  app_timer_appsh.o
    0x000203a8   0x000000f8   Code   RO         2007    i.app_timer_init    app_timer.o
    0x000204a0   0x00000070   Code   RO         2008    i.app_timer_start   app_timer.o
    0x00020510   0x00000044   Code   RO         2009    i.app_timer_stop    app_timer.o
    0x00020554   0x0000004e   Code   RO          556    i.appearance_encode  ble_advdata.o
    0x000205a2   0x00000084   Code   RO          557    i.ble_advdata_set   ble_advdata.o
    0x00020626   0x00000002   PAD
    0x00020628   0x00000170   Code   RO          672    i.ble_advertising_init  ble_advertising.o
    0x00020798   0x0000004c   Code   RO          674    i.ble_advertising_on_sys_evt  ble_advertising.o
    0x000207e4   0x00000010   Code   RO          676    i.ble_advertising_peer_address_clear  ble_advertising.o
    0x000207f4   0x00000288   Code   RO          678    i.ble_advertising_start  ble_advertising.o
    0x00020a7c   0x00000070   Code   RO          766    i.ble_conn_params_init  ble_conn_params.o
    0x00020aec   0x0000003e   Code   RO          767    i.ble_conn_params_on_ble_evt  ble_conn_params.o
    0x00020b2a   0x00000070   Code   RO          558    i.ble_device_addr_encode  ble_advdata.o
    0x00020b9a   0x00000002   PAD
    0x00020b9c   0x00000020   Code   RO            8    i.ble_evt_dispatch  main.o
    0x00020bbc   0x00000032   Code   RO         2436    i.ble_lbs_data_send  ble_lbs.o
    0x00020bee   0x00000002   PAD
    0x00020bf0   0x00000074   Code   RO         2437    i.ble_lbs_init      ble_lbs.o
    0x00020c64   0x0000003a   Code   RO         2438    i.ble_lbs_on_ble_evt  ble_lbs.o
    0x00020c9e   0x00000002   PAD
    0x00020ca0   0x000000b8   Code   RO            9    i.ble_stack_init    main.o
    0x00020d58   0x0000001c   Code   RO          483    i.bsp_btn_ble_sleep_mode_prepare  bsp_btn_ble.o
    0x00020d74   0x000000dc   Code   RO          351    i.bsp_button_event_handler  bsp.o
    0x00020e50   0x00000020   Code   RO          357    i.bsp_indication_set  bsp.o
    0x00020e70   0x00000534   Code   RO          360    i.bsp_led_indication  bsp.o
    0x000213a4   0x00000050   Code   RO          361    i.bsp_wakeup_buttons_set  bsp.o
    0x000213f4   0x00000050   Code   RO           10    i.button_event_handler  main.o
    0x00021444   0x00000044   Code   RO           11    i.buttons_init      main.o
    0x00021488   0x00000020   Code   RO         1613    i.channel_free      nrf_drv_gpiote.o
    0x000214a8   0x00000010   Code   RO         1614    i.channel_handler_get  nrf_drv_gpiote.o
    0x000214b8   0x00000080   Code   RO         1615    i.channel_port_alloc  nrf_drv_gpiote.o
    0x00021538   0x0000000c   Code   RO         1616    i.channel_port_get  nrf_drv_gpiote.o
    0x00021544   0x00000098   Code   RO         2011    i.compare_reg_update  app_timer.o
    0x000215dc   0x0000005a   Code   RO          559    i.conn_int_check    ble_advdata.o
    0x00021636   0x00000064   Code   RO          560    i.conn_int_encode   ble_advdata.o
    0x0002169a   0x00000002   PAD
    0x0002169c   0x00000028   Code   RO           12    i.conn_params_error_handler  main.o
    0x000216c4   0x00000070   Code   RO           13    i.conn_params_init  main.o
    0x00021734   0x00000084   Code   RO          769    i.conn_params_negotiation  ble_conn_params.o
    0x000217b8   0x00000144   Code   RO         2439    i.data_char_add     ble_lbs.o
    0x000218fc   0x0000009c   Code   RO           14    i.data_send         main.o
    0x00021998   0x0000008c   Code   RO         1851    i.detection_delay_timeout_handler  app_button.o
    0x00021a24   0x00000064   Code   RO         2012    i.elapsed_ticks_acquire  app_timer.o
    0x00021a88   0x00000078   Code   RO         2522    i.errata_31         system_nrf52.o
    0x00021b00   0x0000003c   Code   RO         2523    i.errata_32         system_nrf52.o
    0x00021b3c   0x00000078   Code   RO         2524    i.errata_36         system_nrf52.o
    0x00021bb4   0x0000003c   Code   RO         2525    i.errata_37         system_nrf52.o
    0x00021bf0   0x0000003c   Code   RO         2526    i.errata_66         system_nrf52.o
    0x00021c2c   0x0000006c   Code   RO         2013    i.expired_timers_handler  app_timer.o
    0x00021c98   0x00000036   Code   RO          561    i.flags_encode      ble_advdata.o
    0x00021cce   0x00000002   PAD
    0x00021cd0   0x0000009c   Code   RO           15    i.gap_params_init   main.o
    0x00021d6c   0x00000080   Code   RO         1852    i.gpiote_event_handler  app_button.o
    0x00021dec   0x00000040   Code   RO           16    i.gpiote_init       main.o
    0x00021e2c   0x000000b0   Code   RO         2368    i.intern_softdevice_events_execute  softdevice_handler.o
    0x00021edc   0x00000024   Code   RO          770    i.is_conn_params_ok  ble_conn_params.o
    0x00021f00   0x0000006a   Code   RO          562    i.le_role_encode    ble_advdata.o
    0x00021f6a   0x000000f0   Code   RO         2440    i.led_char_add      ble_lbs.o
    0x0002205a   0x00000002   PAD
    0x0002205c   0x00000028   Code   RO           17    i.led_write_handler  main.o
    0x00022084   0x00000016   Code   RO           18    i.leds_init         main.o
    0x0002209a   0x00000002   PAD
    0x0002209c   0x000000c8   Code   RO         2014    i.list_deletions_handler  app_timer.o
    0x00022164   0x00000134   Code   RO         2015    i.list_insertions_handler  app_timer.o
    0x00022298   0x00000040   Code   RO           19    i.main              main.o
    0x000222d8   0x00000076   Code   RO          563    i.manuf_specific_data_encode  ble_advdata.o
    0x0002234e   0x000000be   Code   RO          564    i.name_encode       ble_advdata.o
    0x0002240c   0x00000018   Code   RO         1942    i.next_index        app_scheduler.o
    0x00022424   0x00000060   Code   RO         1015    i.nrf_drv_common_irq_enable  nrf_drv_common.o
    0x00022484   0x0000006c   Code   RO         1618    i.nrf_drv_gpiote_in_event_disable  nrf_drv_gpiote.o
    0x000224f0   0x000000a8   Code   RO         1619    i.nrf_drv_gpiote_in_event_enable  nrf_drv_gpiote.o
    0x00022598   0x000000d8   Code   RO         1620    i.nrf_drv_gpiote_in_init  nrf_drv_gpiote.o
    0x00022670   0x0000001c   Code   RO         1621    i.nrf_drv_gpiote_in_is_set  nrf_drv_gpiote.o
    0x0002268c   0x00000050   Code   RO         1623    i.nrf_drv_gpiote_init  nrf_drv_gpiote.o
    0x000226dc   0x00000014   Code   RO         1624    i.nrf_drv_gpiote_is_init  nrf_drv_gpiote.o
    0x000226f0   0x00000024   Code   RO         1636    i.nrf_gpio_cfg      nrf_drv_gpiote.o
    0x00022714   0x0000002c   Code   RO           20    i.nrf_gpio_cfg_output  main.o
    0x00022740   0x00000024   Code   RO         1638    i.nrf_gpio_cfg_sense_set  nrf_drv_gpiote.o
    0x00022764   0x0000000c   Code   RO         1641    i.nrf_gpiote_event_addr_get  nrf_drv_gpiote.o
    0x00022770   0x0000001c   Code   RO         1642    i.nrf_gpiote_event_clear  nrf_drv_gpiote.o
    0x0002278c   0x00000016   Code   RO         1643    i.nrf_gpiote_event_is_set  nrf_drv_gpiote.o
    0x000227a2   0x00000002   PAD
    0x000227a4   0x0000000c   Code   RO         1644    i.nrf_gpiote_int_enable  nrf_drv_gpiote.o
    0x000227b0   0x0000000c   Code   RO         1065    i.nrf_uart_errorsrc_get_and_clear  nrf_drv_uart.o
    0x000227bc   0x0000000e   Code   RO         1066    i.nrf_uart_event_check  nrf_drv_uart.o
    0x000227ca   0x00000006   Code   RO         1067    i.nrf_uart_event_clear  nrf_drv_uart.o
    0x000227d0   0x00000006   Code   RO         1069    i.nrf_uart_int_disable  nrf_drv_uart.o
    0x000227d6   0x00000006   Code   RO         1071    i.nrf_uart_task_trigger  nrf_drv_uart.o
    0x000227dc   0x0000000c   Code   RO         1073    i.nrf_uarte_errorsrc_get_and_clear  nrf_drv_uart.o
    0x000227e8   0x0000000e   Code   RO         1074    i.nrf_uarte_event_check  nrf_drv_uart.o
    0x000227f6   0x00000006   Code   RO         1075    i.nrf_uarte_event_clear  nrf_drv_uart.o
    0x000227fc   0x0000000a   Code   RO         1077    i.nrf_uarte_rx_amount_get  nrf_drv_uart.o
    0x00022806   0x00000002   PAD
    0x00022808   0x00000048   Code   RO           21    i.on_adv_evt        main.o
    0x00022850   0x000001a4   Code   RO           22    i.on_ble_evt        main.o
    0x000229f4   0x00000040   Code   RO           23    i.on_conn_params_evt  main.o
    0x00022a34   0x0000001c   Code   RO          771    i.on_conn_params_update  ble_conn_params.o
    0x00022a50   0x0000003c   Code   RO          772    i.on_connect        ble_conn_params.o
    0x00022a8c   0x00000006   Code   RO         2441    i.on_connect        ble_lbs.o
    0x00022a92   0x00000002   PAD
    0x00022a94   0x00000040   Code   RO          773    i.on_disconnect     ble_conn_params.o
    0x00022ad4   0x00000008   Code   RO         2442    i.on_disconnect     ble_lbs.o
    0x00022adc   0x00000058   Code   RO          774    i.on_write          ble_conn_params.o
    0x00022b34   0x00000024   Code   RO         2443    i.on_write          ble_lbs.o
    0x00022b58   0x00000018   Code   RO          680    i.peer_address_exists  ble_advertising.o
    0x00022b70   0x0000001c   Code   RO         1645    i.pin_in_use_by_gpiote  nrf_drv_gpiote.o
    0x00022b8c   0x00000018   Code   RO         1646    i.pin_in_use_by_port  nrf_drv_gpiote.o
    0x00022ba4   0x00000020   Code   RO         1647    i.pin_in_use_by_te  nrf_drv_gpiote.o
    0x00022bc4   0x0000000c   Code   RO         1648    i.pin_in_use_clear  nrf_drv_gpiote.o
    0x00022bd0   0x00000030   Code   RO           24    i.power_manage      main.o
    0x00022c00   0x0000002c   Code   RO         1308    i.pstorage_access_status_get  pstorage.o
    0x00022c2c   0x0000000c   Code   RO         2016    i.rtc1_counter_get  app_timer.o
    0x00022c38   0x00000018   Code   RO         2017    i.rtc1_init         app_timer.o
    0x00022c50   0x0000003c   Code   RO         2018    i.rtc1_start        app_timer.o
    0x00022c8c   0x00000058   Code   RO         2019    i.rtc1_stop         app_timer.o
    0x00022ce4   0x00000038   Code   RO         1081    i.rx_byte           nrf_drv_uart.o
    0x00022d1c   0x0000002c   Code   RO         1082    i.rx_done_event     nrf_drv_uart.o
    0x00022d48   0x00000040   Code   RO           25    i.scheduler_init    main.o
    0x00022d88   0x00000036   Code   RO          565    i.sec_mgr_oob_flags_encode  ble_advdata.o
    0x00022dbe   0x00000002   PAD
    0x00022dc0   0x0000003c   Code   RO           26    i.sec_params_init   main.o
    0x00022dfc   0x0000003c   Code   RO         2302    i.sense_level_disable  app_gpiote.o
    0x00022e38   0x0000005c   Code   RO         2303    i.sense_level_toggle  app_gpiote.o
    0x00022e94   0x00000096   Code   RO          566    i.service_data_encode  ble_advdata.o
    0x00022f2a   0x00000002   PAD
    0x00022f2c   0x0000004c   Code   RO           27    i.services_init     main.o
    0x00022f78   0x00000070   Code   RO           28    i.sleep_mode_enter  main.o
    0x00022fe8   0x00000012   Code   RO         2369    i.softdevice_assertion_handler  softdevice_handler.o
    0x00022ffa   0x00000002   PAD
    0x00022ffc   0x00000014   Code   RO         2370    i.softdevice_ble_evt_handler_set  softdevice_handler.o
    0x00023010   0x00000064   Code   RO         2371    i.softdevice_handler_init  softdevice_handler.o
    0x00023074   0x00000014   Code   RO         2373    i.softdevice_sys_evt_handler_set  softdevice_handler.o
    0x00023088   0x0000000e   Code   RO          567    i.srdata_check      ble_advdata.o
    0x00023096   0x0000000c   Code   RO           29    i.sys_evt_dispatch  main.o
    0x000230a2   0x0000000a   Code   RO         2020    i.ticks_diff_get    app_timer.o
    0x000230ac   0x00000078   Code   RO         2021    i.timeout_handler_exec  app_timer.o
    0x00023124   0x00000058   Code   RO         2022    i.timer_list_handler  app_timer.o
    0x0002317c   0x0000000a   Code   RO         2023    i.timer_list_handler_sched  app_timer.o
    0x00023186   0x00000002   PAD
    0x00023188   0x000000ec   Code   RO         2024    i.timer_list_insert  app_timer.o
    0x00023274   0x000000d8   Code   RO         2025    i.timer_list_remove  app_timer.o
    0x0002334c   0x00000058   Code   RO         2026    i.timer_start_op_schedule  app_timer.o
    0x000233a4   0x0000003c   Code   RO         2028    i.timer_stop_op_schedule  app_timer.o
    0x000233e0   0x000000a4   Code   RO         2029    i.timer_timeouts_check  app_timer.o
    0x00023484   0x0000000a   Code   RO         2030    i.timer_timeouts_check_sched  app_timer.o
    0x0002348e   0x00000002   PAD
    0x00023490   0x00000048   Code   RO           30    i.timers_init       main.o
    0x000234d8   0x00000002   Code   RO           31    i.timers_start      main.o
    0x000234da   0x00000046   Code   RO          568    i.tk_value_encode   ble_advdata.o
    0x00023520   0x00000038   Code   RO         1084    i.tx_byte           nrf_drv_uart.o
    0x00023558   0x0000002c   Code   RO         1085    i.tx_done_event     nrf_drv_uart.o
    0x00023584   0x00000036   Code   RO          569    i.tx_power_level_encode  ble_advdata.o
    0x000235ba   0x0000000c   Code   RO          570    i.uint16_encode     ble_advdata.o
    0x000235c6   0x00000002   PAD
    0x000235c8   0x00000090   Code   RO          775    i.update_timeout_handler  ble_conn_params.o
    0x00023658   0x00000058   Code   RO         2031    i.user_id_get       app_timer.o
    0x000236b0   0x0000002e   Code   RO         2032    i.user_op_alloc     app_timer.o
    0x000236de   0x00000004   Code   RO         2033    i.user_op_enque     app_timer.o
    0x000236e2   0x00000046   Code   RO          571    i.uuid_list_encode  ble_advdata.o
    0x00023728   0x000000d4   Code   RO          572    i.uuid_list_sized_encode  ble_advdata.o
    0x000237fc   0x00000012   Code   RO          681    i.whitelist_has_entries  ble_advertising.o
    0x0002380e   0x00000002   PAD
    0x00023810   0x00000004   Data   RO           33    .constdata          main.o
    0x00023814   0x00000030   Data   RO          365    .constdata          bsp.o
    0x00023844   0x00000004   Data   RO         1853    .constdata          app_button.o
    0x00023848   0x00000010   Data   RO         2444    .constdata          ble_lbs.o
    0x00023858   0x00000041   Data   RO         1943    .conststring        app_scheduler.o
    0x00023899   0x00000003   PAD
    0x0002389c   0x00000057   Data   RO         2374    .conststring        softdevice_handler.o
    0x000238f3   0x00000001   PAD
    0x000238f4   0x00000020   Data   RO         2613    Region$$Table       anon$$obj.o


    Execution Region RW_IRAM1 (Base: 0x20002800, Size: 0x00002988, Max: 0x00005800, ABSOLUTE, COMPRESSED[0x00000024])

    Base Addr    Size         Type   Attr      Idx    E Section Name        Object

    0x20002800   0x0000003c   Data   RW           34    .data               main.o
    0x2000283c   0x00000021   Data   RW          366    .data               bsp.o
    0x2000285d   0x00000003   PAD
    0x20002860   0x00000020   Data   RW          683    .data               ble_advertising.o
    0x20002880   0x00000019   Data   RW          777    .data               ble_conn_params.o
    0x20002899   0x00000003   PAD
    0x2000289c   0x00000028   Data   RW         1343    .data               pstorage.o
    0x200028c4   0x00000018   Data   RW         1854    .data               app_button.o
    0x200028dc   0x0000000e   Data   RW         1944    .data               app_scheduler.o
    0x200028ea   0x00000002   PAD
    0x200028ec   0x0000002a   Data   RW         2034    .data               app_timer.o
    0x20002916   0x00000002   PAD
    0x20002918   0x0000000c   Data   RW         2304    .data               app_gpiote.o
    0x20002924   0x00000018   Data   RW         2375    .data               softdevice_handler.o
    0x2000293c   0x00000004   Data   RW         2527    .data               system_nrf52.o
    0x20002940   0x00000438   Zero   RW           32    .bss                main.o
    0x20002d78   0x0000000c   Zero   RW          364    .bss                bsp.o
    0x20002d84   0x00000103   Zero   RW          682    .bss                ble_advertising.o
    0x20002e87   0x00000001   PAD
    0x20002e88   0x0000001c   Zero   RW          776    .bss                ble_conn_params.o
    0x20002ea4   0x00000018   Zero   RW         1086    .bss                nrf_drv_uart.o
    0x20002ebc   0x00000274   Zero   RW         1341    .bss                pstorage.o
    0x20003130   0x00000058   Zero   RW         1649    .bss                nrf_drv_gpiote.o
    0x20003188   0x00002000   Zero   RW         2510    STACK               arm_startup_nrf52.o


==============================================================================

Image component sizes


      Code (inc. data)   RO Data    RW Data    ZI Data      Debug   Object Name

       524         94          4         24          0       9899   app_button.o
       332         42          0         12          0       5556   app_gpiote.o
       610         86         65         14          0      35798   app_scheduler.o
      3024        380          0         42          0      55927   app_timer.o
       144         70          0          0          0       2941   app_timer_appsh.o
         0          0          0          0          0       1408   app_uart.o
        36         10       1024          0       8192        892   arm_startup_nrf52.o
      2032          0          0          0          0      23312   ble_advdata.o
      1150        116          0         32        259      13641   ble_advertising.o
       726        122          0         25         28      15932   ble_conn_params.o
       838          6         16          0          0      22264   ble_lbs.o
      1664         98         48         33         12      45278   bsp.o
        28          0          0          0          0      30725   bsp_btn_ble.o
      2330        456          4         60       1080      76647   main.o
        96         12          0          0          0      28571   nrf_drv_common.o
      1686        158          0          0         88      27873   nrf_drv_gpiote.o
       770         48          0          0         24      21210   nrf_drv_uart.o
        44          8          0         40        628       7757   pstorage.o
       390         64         87         24          0      11345   softdevice_handler.o
       708         70          0          4          0      31270   system_nrf52.o

    ----------------------------------------------------------------------
     17178       1840       1284        320      10312     468246   Object Totals
         0          0         32          0          0          0   (incl. Generated)
        46          0          4         10          1          0   (incl. Padding)

    ----------------------------------------------------------------------

      Code (inc. data)   RO Data    RW Data    ZI Data      Debug   Library Member Name

        58          0          0          0          0          0   __dczerorl.o
         0          0          0          0          0          0   entry.o
         0          0          0          0          0          0   entry10a.o
         0          0          0          0          0          0   entry11a.o
         8          4          0          0          0          0   entry2.o
         4          0          0          0          0          0   entry5.o
         0          0          0          0          0          0   entry7b.o
         0          0          0          0          0          0   entry8b.o
         8          4          0          0          0          0   entry9a.o
        30          0          0          0          0          0   handlers.o
        36          8          0          0          0         68   init.o
        26          0          0          0          0         80   memcmp.o
        36          0          0          0          0         68   memcpya.o
        36          0          0          0          0        108   memseta.o

    ----------------------------------------------------------------------
       246         16          0          0          0        324   Library Totals
         4          0          0          0          0          0   (incl. Padding)

    ----------------------------------------------------------------------

      Code (inc. data)   RO Data    RW Data    ZI Data      Debug   Library Name

       242         16          0          0          0        324   mc_w.l

    ----------------------------------------------------------------------
       246         16          0          0          0        324   Library Totals

    ----------------------------------------------------------------------

==============================================================================


      Code (inc. data)   RO Data    RW Data    ZI Data      Debug   

     17424       1856       1284        320      10312     452050   Grand Totals
     17424       1856       1284         36      10312     452050   ELF Image Totals (compressed)
     17424       1856       1284         36          0          0   ROM Totals

==============================================================================

    Total RO  Size (Code + RO Data)                18708 (  18.27kB)
    Total RW  Size (RW Data + ZI Data)             10632 (  10.38kB)
    Total ROM Size (Code + RO Data + RW Data)      18744 (  18.30kB)

==============================================================================

