<html>
<body>
<pre>
<h1>µVision Build Log</h1>
<h2>Tool Versions:</h2>
IDE-Version: µVision V5.17.0.0
Copyright (C) 2015 ARM Ltd and ARM Germany GmbH. All rights reserved.
License Information: Stephen Xia, student, LIC=----
 
Tool Versions:
Toolchain:       MDK-Lite  Version: 5.17
Toolchain Path:  C:\Keil_v5\ARM\ARMCC\Bin
C Compiler:      Armcc.exe V5.06 update 1 (build 61)
Assembler:       Armasm.exe V5.06 update 1 (build 61)
Linker/Locator:  ArmLink.exe V5.06 update 1 (build 61)
Library Manager: ArmAr.exe V5.06 update 1 (build 61)
Hex Converter:   FromElf.exe V5.06 update 1 (build 61)
CPU DLL:         
Dialog DLL:      
Target DLL:      Segger\JL2CM3.dll V2.99.16.0
Dialog DLL:      TCM.DLL V1.14.6.0
 
<h2>Project:</h2>
C:\Users\stephen\Desktop\spring_2016\senior_design\ble\nRF5_comp_spi\examples\peripheral\blinky_freertos\pca10040\arm5_no_packs\blinky_FreeRTOS_pca10040.uvprojx
Project File Date:  03/23/2016

<h2>Output:</h2>
*** Using Compiler 'V5.06 update 1 (build 61)', folder: 'C:\Keil_v5\ARM\ARMCC\Bin'
Rebuild target 'nrf52832_xxaa'
compiling croutine.c...
compiling main.c...
..\..\main.c(71): warning:  #177-D: variable "err_code" was declared but never referenced
      uint32_t err_code = NRF_SUCCESS;
..\..\main.c: 1 warning, 0 errors
compiling event_groups.c...
compiling heap_1.c...
compiling port.c...
compiling list.c...
compiling port_cmsis.c...
compiling port_cmsis_systick.c...
compiling queue.c...
compiling nrf_drv_clock.c...
compiling timers.c...
compiling tasks.c...
compiling nrf_soc.c...
compiling nrf_drv_common.c...
compiling app_error.c...
assembling arm_startup_nrf52.s...
compiling app_util_platform.c...
compiling nrf_assert.c...
compiling system_nrf52.c...
linking...
Program Size: Code=6256 RO-data=1060 RW-data=100 ZI-data=12524  
FromELF: creating hex file...
".\_build\nrf52832_xxaa.axf" - 0 Error(s), 1 Warning(s).

<h2>Software Packages used:</h2>

Package Vendor: ARM
                http://www.keil.com/pack/ARM.CMSIS.4.5.0.pack
                ARM::CMSIS:CORE:4.3.0
                CMSIS (Cortex Microcontroller Software Interface Standard)
   * Component: CORE Version: 4.3.0

Package Vendor: NordicSemiconductor
                http://developer.nordicsemi.com/nRF51_SDK/pieces/nRF_DeviceFamilyPack/NordicSemiconductor.nRF_DeviceFamilyPack.8.3.1.pack
                NordicSemiconductor::Device:Startup:8.3.1
                Nordic Semiconductor nRF ARM devices Device Family Pack.
   * Component: Startup Version: 8.3.1

<h2>Collection of Component include folders:</h2>
  C:\Users\stephen\Desktop\spring_2016\senior_design\ble\nRF5_comp_spi\examples\peripheral\blinky_freertos\pca10040\arm5_no_packs\RTE
  C:\Keil_v5\ARM\PACK\ARM\CMSIS\4.5.0\CMSIS\Include
  C:\Keil_v5\ARM\PACK\NordicSemiconductor\nRF_DeviceFamilyPack\8.3.1\Device\Include
  C:\Keil_v5\ARM\PACK\NordicSemiconductor\nRF_DeviceFamilyPack\8.3.2\Device\Include

<h2>Collection of Component Files used:</h2>

   * Component: ARM::CMSIS:CORE:4.3.0

   * Component: NordicSemiconductor::Device:Startup:8.3.1
      Source file:   Device\Source\arm\arm_startup_nrf52.s
      Source file:   Device\Source\system_nrf52.c
      Include file:  Device\Include\system_nrf52.h
Build Time Elapsed:  00:00:23
</pre>
</body>
</html>
