<html>
<body>
<pre>
<h1>µVision Build Log</h1>
<h2>Tool Versions:</h2>
IDE-Version: µVision V5.17.0.0
Copyright (C) 2015 ARM Ltd and ARM Germany GmbH. All rights reserved.
License Information: Julian Gao, Rice University, LIC=----
 
Tool Versions:
Toolchain:       MDK-Lite  Version: 5.17
Toolchain Path:  C:\Keil_v5\ARM\ARMCC\Bin
C Compiler:      Armcc.exe V5.06 update 1 (build 61)
Assembler:       Armasm.exe V5.06 update 1 (build 61)
Linker/Locator:  ArmLink.exe V5.06 update 1 (build 61)
Library Manager: ArmAr.exe V5.06 update 1 (build 61)
Hex Converter:   FromElf.exe V5.06 update 1 (build 61)
CPU DLL:         
Dialog DLL:      
Target DLL:      Segger\JL2CM3.dll V2.99.16.0
Dialog DLL:      TCM.DLL V1.14.6.0
 
<h2>Project:</h2>
E:\ELEC 494\WNR\nRF5_comp_spi\examples\peripheral\Intan32\pca10036\arm5_no_packs\spi_master_pca10036.uvprojx
Project File Date:  03/17/2016

<h2>Output:</h2>
*** Using Compiler 'V5.06 update 1 (build 61)', folder: 'C:\Keil_v5\ARM\ARMCC\Bin'
Rebuild target 'nrf52832_xxaa'
compiling nrf_delay.c...
compiling main.c...
..\..\main.c(352): warning:  #550-D: variable "config" was set but never used
      nrf_drv_spi_config_t config =
..\..\main.c(86): warning:  #550-D: variable "m_intan_function" was set but never used
  static intan_function m_intan_function = DUMMY; //initialize state for DUMMY
..\..\main.c(173): warning:  #177-D: function "intan_calibrate" was declared but never referenced
  static void intan_calibrate(uint8_t * const p_tx_buf,
..\..\main.c(184): warning:  #177-D: function "intan_clear" was declared but never referenced
  static void intan_clear(uint8_t * const p_tx_buf,
..\..\main.c(209): warning:  #177-D: function "intan_read" was declared but never referenced
  static void intan_read(uint8_t * const p_tx_buf,
..\..\main.c: 5 warnings, 0 errors
compiling bsp.c...
compiling nrf_drv_common.c...
compiling nrf_drv_gpiote.c...
compiling nrf_drv_spi.c...
compiling nrf_drv_uart.c...
compiling app_uart_fifo.c...
compiling app_button.c...
compiling app_error.c...
compiling app_util_platform.c...
compiling app_timer.c...
compiling nrf_assert.c...
compiling heatshrink_decoder.c...
compiling app_fifo.c...
compiling heatshrink_encoder.c...
..\..\heatshrink\heatshrink\heatshrink_encoder.c(394): warning:  #111-D: statement is unreachable
      (void)hse;
..\..\heatshrink\heatshrink\heatshrink_encoder.c(399): warning:  #111-D: statement is unreachable
      (void)hse;
..\..\heatshrink\heatshrink\heatshrink_encoder.c: 2 warnings, 0 errors
compiling retarget.c...
assembling arm_startup_nrf52.s...
compiling ble_data_buffer.c...
..\..\heatshrink\heatshrink\ble_data_buffer.c(4): warning:  #1294-D: Old-style function ASSERT
  int ASSERT(COND){
..\..\heatshrink\heatshrink\ble_data_buffer.c(4): warning:  #1079-D: standard requires that parameter "COND" be given a type by a subsequent declaration ("int" assumed)
  int ASSERT(COND){
..\..\heatshrink\heatshrink\ble_data_buffer.c(6): warning:  #940-D: missing return statement at end of non-void function "ASSERT"
  }
..\..\heatshrink\heatshrink\ble_data_buffer.c(8): warning:  #1294-D: Old-style function ASSERT_EQ
  int ASSERT_EQ(COND1,COND2){
..\..\heatshrink\heatshrink\ble_data_buffer.c(8): warning:  #1079-D: standard requires that parameter "COND1" be given a type by a subsequent declaration ("int" assumed)
  int ASSERT_EQ(COND1,COND2){
..\..\heatshrink\heatshrink\ble_data_buffer.c(8): warning:  #1079-D: standard requires that parameter "COND2" be given a type by a subsequent declaration ("int" assumed)
  int ASSERT_EQ(COND1,COND2){
..\..\heatshrink\heatshrink\ble_data_buffer.c(10): warning:  #940-D: missing return statement at end of non-void function "ASSERT_EQ"
  }
..\..\heatshrink\heatshrink\ble_data_buffer.c: 7 warnings, 0 errors
compiling system_nrf52.c...
linking...
Program Size: Code=8172 RO-data=1328 RW-data=156 ZI-data=17052  
FromELF: creating hex file...
".\_build\nrf52832_xxaa.axf" - 0 Error(s), 14 Warning(s).

<h2>Software Packages used:</h2>

Package Vendor: ARM
                http://www.keil.com/pack/ARM.CMSIS.4.2.0.pack
                ARM::CMSIS:CORE:3.40.0
                CMSIS (Cortex Microcontroller Software Interface Standard)
   * Component: CORE Version: 3.40.0

Package Vendor: NordicSemiconductor
                http://developer.nordicsemi.com/nRF51_SDK/pieces/nRF_DeviceFamilyPack/NordicSemiconductor.nRF_DeviceFamilyPack.8.0.3.pack
                NordicSemiconductor::Device:Startup:8.0.3
                Nordic Semiconductor nRF ARM devices Device Family Pack.
   * Component: Startup Version: 8.0.3

<h2>Collection of Component include folders:</h2>
  E:\ELEC 494\WNR\nRF5_comp_spi\examples\peripheral\Intan32\pca10036\arm5_no_packs\RTE
  C:\Keil_v5\ARM\PACK\ARM\CMSIS\4.2.0\CMSIS\Include
  C:\Keil_v5\ARM\PACK\NordicSemiconductor\nRF_DeviceFamilyPack\8.0.3\Device\Include
  C:\Keil_v5\ARM\PACK\NordicSemiconductor\nRF_DeviceFamilyPack\8.3.2\Device\Include

<h2>Collection of Component Files used:</h2>

   * Component: ARM::CMSIS:CORE:3.40.0
      Source file:   CMSIS\UserCodeTemplates\ARM\ITM_Retarget.c

   * Component: NordicSemiconductor::Device:Startup:8.0.3
      Source file:   Device\Source\arm\arm_startup_nrf52.s
      Source file:   Device\Source\system_nrf52.c
      Include file:  Device\Include\system_nrf52.h
Build Time Elapsed:  00:00:11
</pre>
</body>
</html>
