<html>
<body>
<pre>
<h1>µVision Build Log</h1>
<h2>Tool Versions:</h2>
IDE-Version: µVision V5.17.0.0
Copyright (C) 2015 ARM Ltd and ARM Germany GmbH. All rights reserved.
License Information: Julian Gao, Rice University, LIC=----
 
Tool Versions:
Toolchain:       MDK-Lite  Version: 5.17
Toolchain Path:  C:\Keil_v5\ARM\ARMCC\Bin
C Compiler:      Armcc.exe V5.06 update 1 (build 61)
Assembler:       Armasm.exe V5.06 update 1 (build 61)
Linker/Locator:  ArmLink.exe V5.06 update 1 (build 61)
Library Manager: ArmAr.exe V5.06 update 1 (build 61)
Hex Converter:   FromElf.exe V5.06 update 1 (build 61)
CPU DLL:         
Dialog DLL:      
Target DLL:      Segger\JL2CM3.dll V2.99.16.0
Dialog DLL:      TCM.DLL V1.14.6.0
 
<h2>Project:</h2>
E:\ELEC 494\WNR\nRF5_comp_spi\examples\peripheral\uart\pca10040\arm5_no_packs\uart_pca10040.uvprojx
Project File Date:  04/05/2016

<h2>Output:</h2>
*** Using Compiler 'V5.06 update 1 (build 61)', folder: 'C:\Keil_v5\ARM\ARMCC\Bin'
Rebuild target 'nrf52832_xxaa'
compiling heatshrink_decoder.c...
compiling heatshrink_encoder.c...
..\..\heatshrink\heatshrink\heatshrink_encoder.c(394): warning:  #111-D: statement is unreachable
      (void)hse;
..\..\heatshrink\heatshrink\heatshrink_encoder.c(399): warning:  #111-D: statement is unreachable
      (void)hse;
..\..\heatshrink\heatshrink\heatshrink_encoder.c: 2 warnings, 0 errors
compiling app_uart_fifo.c...
compiling nrf_delay.c...
compiling main.c...
..\..\main.c(82): warning:  #1294-D: Old-style function ASSERT
  int ASSERT(COND){
..\..\main.c(82): warning:  #1079-D: standard requires that parameter "COND" be given a type by a subsequent declaration ("int" assumed)
  int ASSERT(COND){
..\..\main.c(84): warning:  #940-D: missing return statement at end of non-void function "ASSERT"
  }
..\..\main.c(86): warning:  #1294-D: Old-style function ASSERT_EQ
  int ASSERT_EQ(COND1,COND2){
..\..\main.c(86): warning:  #1079-D: standard requires that parameter "COND1" be given a type by a subsequent declaration ("int" assumed)
  int ASSERT_EQ(COND1,COND2){
..\..\main.c(86): warning:  #1079-D: standard requires that parameter "COND2" be given a type by a subsequent declaration ("int" assumed)
  int ASSERT_EQ(COND1,COND2){
..\..\main.c(88): warning:  #940-D: missing return statement at end of non-void function "ASSERT_EQ"
  }
..\..\main.c(136): warning:  #940-D: missing return statement at end of non-void function "compress_and_expand_and_check"
  }
..\..\main.c(196): warning:  #128-D: loop is not reachable
      while (true)
..\..\main.c: 9 warnings, 0 errors
compiling app_error.c...
compiling nrf_drv_common.c...
compiling nrf_drv_uart.c...
compiling app_util_platform.c...
compiling nrf_assert.c...
compiling app_fifo.c...
assembling arm_startup_nrf52.s...
compiling retarget.c...
compiling system_nrf52.c...
linking...
Program Size: Code=5004 RO-data=3180 RW-data=28 ZI-data=18540  
FromELF: creating hex file...
".\_build\nrf52832_xxaa.axf" - 0 Error(s), 11 Warning(s).

<h2>Software Packages used:</h2>

Package Vendor: ARM
                http://www.keil.com/pack/ARM.CMSIS.4.5.0.pack
                ARM::CMSIS:CORE:4.3.0
                CMSIS (Cortex Microcontroller Software Interface Standard)
   * Component: CORE Version: 4.3.0

Package Vendor: NordicSemiconductor
                http://developer.nordicsemi.com/nRF51_SDK/pieces/nRF_DeviceFamilyPack/NordicSemiconductor.nRF_DeviceFamilyPack.8.3.1.pack
                NordicSemiconductor::Device:Startup:8.3.1
                Nordic Semiconductor nRF ARM devices Device Family Pack.
   * Component: Startup Version: 8.3.1

<h2>Collection of Component include folders:</h2>
  E:\ELEC 494\WNR\nRF5_comp_spi\examples\peripheral\uart\pca10040\arm5_no_packs\RTE
  C:\Keil_v5\ARM\PACK\ARM\CMSIS\4.5.0\CMSIS\Include
  C:\Keil_v5\ARM\PACK\NordicSemiconductor\nRF_DeviceFamilyPack\8.3.1\Device\Include
  C:\Keil_v5\ARM\PACK\NordicSemiconductor\nRF_DeviceFamilyPack\8.3.2\Device\Include

<h2>Collection of Component Files used:</h2>

   * Component: ARM::CMSIS:CORE:4.3.0

   * Component: NordicSemiconductor::Device:Startup:8.3.1
      Source file:   Device\Source\arm\arm_startup_nrf52.s
      Source file:   Device\Source\system_nrf52.c
      Include file:  Device\Include\system_nrf52.h
Build Time Elapsed:  00:00:07
</pre>
</body>
</html>
